-- target b134ram: /tmp/mr-s8b-r6-nwy4hz9d/final-gate/lib/core/fixed_inbox_store.h (3 entries)
-- selection: IN FULL (all 3 entries)
-- workers: 3
-- scratch root: /tmp/mr_mutation_run-bh8hl539   (removed on exit; MR_MUT_KEEP_SCRATCH=1 to keep)
  [w1] -- target b134ram: /tmp/mr_mutation_run-bh8hl539/w1/lib/core/fixed_inbox_store.h (1 of 3 entries in this shard)
  [w1] -- baseline gate: THIS WORKER'S OWN clean tree must run 0 FAILED; its own counts become this shard's baseline
  [w0] -- target b134ram: /tmp/mr_mutation_run-bh8hl539/w0/lib/core/fixed_inbox_store.h (1 of 3 entries in this shard)
  [w0] -- baseline gate: THIS WORKER'S OWN clean tree must run 0 FAILED; its own counts become this shard's baseline
  [w2] -- target b134ram: /tmp/mr_mutation_run-bh8hl539/w2/lib/core/fixed_inbox_store.h (1 of 3 entries in this shard)
  [w2] -- baseline gate: THIS WORKER'S OWN clean tree must run 0 FAILED; its own counts become this shard's baseline
  [w2]   ok   clean baseline 2970 / 195942 / 0   (DERIVED from this tree)
  [w0]   ok   clean baseline 2970 / 195942 / 0   (DERIVED from this tree)
  [w1]   ok   clean baseline 2970 / 195942 / 0   (DERIVED from this tree)
  [w0]   ok   R01 ★★★ wipe() drops back to the base's successful NO-OP — `prep-restart` HALTS but does NOT reboot, so the console reports a cleared inbox while `pull_inbox` still streams every record until the operator cuts power -> RED (9 assertion(s) failed, match count 1)
  [w0] source restored: md5 39644fd2d33466f12779c92431a3dc71 (MATCHES)
  [w0] shard 0: 1 RED / 0 unusable   (of 1 entries)
  [w2]   ok   R03 ★★ wipe() also re-rolls the storage epoch — it announces a wipe to the companion that the imminent reboot makes moot, forcing a full re-pull for nothing -> RED (2 assertion(s) failed, match count 1)
  [w2] source restored: md5 39644fd2d33466f12779c92431a3dc71 (MATCHES)
  [w2] shard 2: 1 RED / 0 unusable   (of 1 entries)
  [w1]   ok   R02 ★★ wipe() empties the ring but leaves the READ CURSOR pointing at records that no longer exist — the unread badge then counts against a history that was just destroyed -> RED (1 assertion(s) failed, match count 1)
  [w1] source restored: md5 39644fd2d33466f12779c92431a3dc71 (MATCHES)
  [w1] shard 1: 1 RED / 0 unusable   (of 1 entries)

======================================================================================================================
-- MERGED REPORT — target b134ram: /tmp/mr-s8b-r6-nwy4hz9d/final-gate/lib/core/fixed_inbox_store.h
  ok   clean baseline 2970 / 195942 / 0   (DERIVED per worker tree; 3 tree(s) agree)
  ok   R01 ★★★ wipe() drops back to the base's successful NO-OP — `prep-restart` HALTS but does NOT reboot, so the console reports a cleared inbox while `pull_inbox` still streams every record until the operator cuts power -> RED (9 assertion(s) failed, match count 1)
  ok   R02 ★★ wipe() empties the ring but leaves the READ CURSOR pointing at records that no longer exist — the unread badge then counts against a history that was just destroyed -> RED (1 assertion(s) failed, match count 1)
  ok   R03 ★★ wipe() also re-rolls the storage epoch — it announces a wipe to the companion that the imminent reboot makes moot, forcing a full re-pull for nothing -> RED (2 assertion(s) failed, match count 1)
  worker 0: 1/1 entries, 1 RED / 0 worthless, wall 14.3s, rc 0, source restored: md5 39644fd2d33466f12779c92431a3dc71 (MATCHES)   /tmp/mr_mutation_run-bh8hl539/w0
  worker 1: 1/1 entries, 1 RED / 0 worthless, wall 14.6s, rc 0, source restored: md5 39644fd2d33466f12779c92431a3dc71 (MATCHES)   /tmp/mr_mutation_run-bh8hl539/w1
  worker 2: 1/1 entries, 1 RED / 0 worthless, wall 14.3s, rc 0, source restored: md5 39644fd2d33466f12779c92431a3dc71 (MATCHES)   /tmp/mr_mutation_run-bh8hl539/w2
real tree untouched: all 62 target files byte-identical to launch (md5); no build ran in /tmp/mr-s8b-r6-nwy4hz9d/final-gate
timing: copy 8.3s + battery 14.7s = 23.0s total, 3 entries over 3 worker(s)
mutations: 3 RED / 0 unusable
