-- target b161rx: /tmp/mr-s8b-r6-nwy4hz9d/final-gate/lib/core/node_mac_rx.cpp (8 entries)
-- selection: IN FULL (all 8 entries)
-- workers: 3
-- scratch root: /tmp/mr_mutation_run-17ng07nh   (removed on exit; MR_MUT_KEEP_SCRATCH=1 to keep)
  [w1] -- target b161rx: /tmp/mr_mutation_run-17ng07nh/w1/lib/core/node_mac_rx.cpp (3 of 8 entries in this shard)
  [w1] -- baseline gate: THIS WORKER'S OWN clean tree must run 0 FAILED; its own counts become this shard's baseline
  [w0] -- target b161rx: /tmp/mr_mutation_run-17ng07nh/w0/lib/core/node_mac_rx.cpp (3 of 8 entries in this shard)
  [w0] -- baseline gate: THIS WORKER'S OWN clean tree must run 0 FAILED; its own counts become this shard's baseline
  [w2] -- target b161rx: /tmp/mr_mutation_run-17ng07nh/w2/lib/core/node_mac_rx.cpp (2 of 8 entries in this shard)
  [w2] -- baseline gate: THIS WORKER'S OWN clean tree must run 0 FAILED; its own counts become this shard's baseline
  [w1]   ok   clean baseline 2970 / 195942 / 0   (DERIVED from this tree)
  [w0]   ok   clean baseline 2970 / 195942 / 0   (DERIVED from this tree)
  [w2]   ok   clean baseline 2970 / 195942 / 0   (DERIVED from this tree)
  [w1]   ok   R02 B161 type 8 restores a legacy raw fallback when canonical parsing/shape validation refuses -> RED (1 assertion(s) failed, match count 1)
  [w0]   ok   R01 B161 types 1/2 restore a legacy raw fallback when canonical parsing/shape validation refuses -> RED (4 assertion(s) failed, match count 1)
  [w2]   ok   R03 B161 destination types 1/2 pass the whole inner, reintroducing the one-byte body shift -> RED (15 assertion(s) failed, match count 1)
  [w1]   ok   R05 B161 destination type 13 passes the whole inner, reintroducing the one-byte body shift -> RED (5 assertion(s) failed, match count 1)
  [w0]   ok   R04 B161 destination type 8 passes the whole inner, reintroducing the one-byte body shift -> RED (2 assertion(s) failed, match count 1)
  [w2]   ok   R06 B161 relay snoop passes the whole inner while forwarding still carries the canonical bytes -> RED (1 assertion(s) failed, match count 1)
  [w2] source restored: md5 67d88091fb4716275beb6e9d15dec185 (MATCHES)
  [w2] shard 2: 2 RED / 0 unusable   (of 2 entries)
