-- The C compiler identification is GNU 12.2.0
-- The CXX compiler identification is GNU 12.2.0
-- Detecting C compiler ABI info
-- Detecting C compiler ABI info - done
-- Check for working C compiler: /usr/bin/cc - skipped
-- Detecting C compile features
-- Detecting C compile features - done
-- Detecting CXX compiler ABI info
-- Detecting CXX compiler ABI info - done
-- Check for working CXX compiler: /usr/bin/c++ - skipped
-- Detecting CXX compile features
-- Detecting CXX compile features - done
-- Found Lua: /usr/lib/x86_64-linux-gnu/liblua5.4.so;/usr/lib/x86_64-linux-gnu/libm.so (found suitable version "5.4.4", minimum required is "5.4") 
-- Performing Test CMAKE_HAVE_LIBC_PTHREAD
-- Performing Test CMAKE_HAVE_LIBC_PTHREAD - Success
-- Found Threads: TRUE  
-- MeshRoute found at /tmp/mr-s8b-r4-_d7gpj1e/snapshot — engine:meshroute ENABLED (faithful two-lib: normal + gateway)
-- Configuring done
-- Generating done
-- Build files have been written to: /tmp/mr-s8b-r6-nwy4hz9d/sim-base-fresh
