== §B95 console-sink probe + §0g bare help index ==
   sink md5 = deaa723f   help md5 = 0609b8c4   inventory oracle = /tmp/mr-s9-r3-mg75mxe0/iteration1/tools/gen_command_inventory.py
== §0g help index ==  profile = full_oled  help md5 = 0609b8c4
   index     445 B / 48 lines (47 names)   headroom 1603 B
   refusal   106 B /  2 lines               headroom 1942 B
   HELP-LARGEST (index) 445 B (stage 2048 B)
§B95 console-sink probe: 120 passed / 0 failed / 120 total
   profile full_oled exit=0
   primary names full_oled: 47 rendered == 47 projected (inventory oracle)
== §B95 console-sink probe ==  sink md5 = deaa723f  stage = 2048 B
   generator: 532 bytes / 8 lines, longest 117 B (ESP32 UART0 FIFO = 128 B)
   P1 legacy: 5/7 bad lines, 215 of 532 B delivered
   P2 fixed: 532 B in 40 Serial writes, 54 operator-bool calls
   P3 strict-atomic: 2 of 8 lines delivered, 6 dropped  <-- the measured cost of "one write per line"
   P9 stalled host: 315 lines counted, 0 writes

== §0g help index ==  profile = full_headless  help md5 = 0609b8c4
   index     441 B / 47 lines (46 names)   headroom 1607 B
   refusal   106 B /  2 lines               headroom 1942 B
   HELP-LARGEST (index) 441 B (stage 2048 B)
HELP-NAMES-BEGIN full_headless 47
acl
admin-id
cfg
clear_inbox
crashtest
create
debug
del_msg
duty
factory_reset
faults
gateway
hashof
help
join
joinprofile
leave
limits
lookup
mark_read
mobile
nameof
ota
peerkey
peername
peers
prep-restart
pull_inbox
reboot
regen
reqpubkey
resolve
route
routes
send
send_channel
send_layer
sleep
status
team
testch
testclear
testsend
teststatus
version
whoami
docs/manual/command-reference.md
HELP-NAMES-END
§B95 console-sink probe: 120 passed / 0 failed / 120 total
   profile full_headless exit=0
   primary names full_headless: 46 rendered == 46 projected (inventory oracle)
== §0g help index ==  profile = gateway  help md5 = 0609b8c4
   index     427 B / 45 lines (44 names)   headroom 1621 B
   refusal   106 B /  2 lines               headroom 1942 B
   HELP-LARGEST (index) 427 B (stage 2048 B)
§B95 console-sink probe: 120 passed / 0 failed / 120 total
   profile gateway exit=0
   primary names gateway: 44 rendered == 44 projected (inventory oracle)
== §0g help index ==  profile = gateway_oled  help md5 = 0609b8c4
   index     431 B / 46 lines (45 names)   headroom 1617 B
   refusal   106 B /  2 lines               headroom 1942 B
   HELP-LARGEST (index) 431 B (stage 2048 B)
§B95 console-sink probe: 120 passed / 0 failed / 120 total
   profile gateway_oled exit=0
   primary names gateway_oled: 45 rendered == 45 projected (inventory oracle)
== §0g help index ==  profile = mobile  help md5 = 0609b8c4
   index     500 B / 51 lines (50 names)   headroom 1548 B
   refusal   106 B /  2 lines               headroom 1942 B
   HELP-LARGEST (index) 500 B (stage 2048 B)
§B95 console-sink probe: 120 passed / 0 failed / 120 total
   profile mobile exit=0
   primary names mobile: 50 rendered == 50 projected (inventory oracle)
== §0g help index ==  profile = mobile_oled  help md5 = 0609b8c4
   index     504 B / 52 lines (51 names)   headroom 1544 B
   refusal   106 B /  2 lines               headroom 1942 B
   HELP-LARGEST (index) 504 B (stage 2048 B)
§B95 console-sink probe: 120 passed / 0 failed / 120 total
   profile mobile_oled exit=0
   primary names mobile_oled: 51 rendered == 51 projected (inventory oracle)
   profiles measured: 6

== MR_CONSOLE=0 compile-out ==
   MR_CONSOLE=1 : sizeof(mrcon) = 2088 B   undefined Serial-type refs = 0
   MR_CONSOLE=0 : sizeof(mrcon) = 8 B   undefined Serial-type refs = 0

== structural checks (brief tests 7, 8 and invariant 9) ==
   ok   S1 firmware_commands.cpp makes NO direct Serial call   [0 occurrence(s)]
   ok   S2 the hl() direct-Serial help bypass is gone
   ok   S3 every firmware_help.h emission goes through its Print& out sink   [55 out.print* calls]
   ok   S4 every help RESPONSE ends terminated; §0g leaves NO fragment renderer   [unterminated=none bare out.print calls=0]
   ok   S17 dispatch() calls the help router EXACTLY ONCE, before every other verb   [calls=1 router@637 first_verb_compare@1449]
   ok   S18 the help text and its recognition have LEFT firmware_commands.cpp for good
   ok   S19 firmware_help.h stays a narrow Print&-only unit (no device state, no allocation)
   ok   S5 print_sf_list is DEFINED as (Print& out, uint16_t)
   ok   S6 print_sf_list is DECLARED with the sink in the header
   ok   S7 print_sf_list writes ONLY to its sink (no mrcon/Serial)
   ok   S8 EVERY print_sf_list site passes a sink
   ok   S21 fw_main.cpp passes the boot identity formatter its sink EXPLICITLY, exactly once   [call_sites=1 explicit_mrcon=1]
   ok   S9 service_console() calls mrcon.service() once per pass
   ok   S10 BLE refuses the help family with a bounded console_only answer
   ok   S11 ... and does so BEFORE the shared execution seam can reach the router   [refusal@9644 seam@14203]
   ok   S22 service_console is a ONE-CALL adapter: one seam call, no router/parser/Node fork of its own   [seam_calls=1 residual={'dispatch': 0, 'parse_command': 0, 'on_command': 0} passes_mrcon=1]
   ok   S23 ble_dispatch_line is a ONE-CALL adapter: one seam call, its own sinks, exactly one seam flush   [seam_calls=1 residual={'dispatch': 0, 'parse_command': 0, 'on_command': 0} flush_after_seam=1 passes_linesink_and_reply=1]
   ok   S24 the seam makes the router/parser fork exactly ONCE, ROUTER-FIRST, and executes per format arm   [{'dispatch': 1, 'parse_command': 1, 'on_command': 2} router_before_parser=True]
   ok   S25 the seam NEVER names a global sink — it writes only to the Print& and the buffer it is handed   [mrcon=0 Serial=0]
   ok   S26 the seam keeps no borrowed body and no static state (LineExec carries no pointer)   [LineExec_pointers=0 static_in_seam=1]
   ok   S27 the text arm still renders dh/lp in HEX (the probe fake cannot see a radix)   [dst_hash_HEX=1 layer_path_HEX=1]
   ok   S28 [[B298]] no ACTIVE topic-help claim survives in firmware_commands.cpp (4 withdrawn, 0 stray)   [stray=none corrections=4]
   ok   S29 [[B298]] the header no longer claims the two callers are un-retrofitted, and declares the seam   [stray=none withdrawn=True seam_decl=1]
   ok   S20 the BLE refusal is a PREFIX test over the whole help family (`help <topic>` included) + the `?` alias   [((len == 4 || (len > 4 && line[4] == ' ')) && !strncmp(line, "help", 4)) || (len == 1 && line[0] == '?')]
   ok   S12 B214 mobile-reg binds its sole state variable directly to the FSM authority   [state_reads=1 state_bindings=1 as_assignments=1 home_reads=1 scanning_literals=0]
   ok   S13 B214 attachment dispatch is one exhaustive five-arm switch with no default   [switches=1 cases=attached:1,dormant:1,seeking:1,claiming:1,recovering:1 default=0]
   ok   S14 B214 REGISTERED is attached-only and still requires a nonzero home id   [registered=1 attached=1 if_h=1 println_h=1]
   ok   S15 B214 four non-attached states share UNREGISTERED plus the one state-name formatter   [labels_before_output=4/4 unregistered=1 attach_state_name=1]
   ok   S16 B214 attached without a home id emits the explicit inconsistency diagnostic   [inconsistent=1 attached=1]
   ok   S30 the target-store boot report is called EXACTLY ONCE, from setup(), under MR_FEAT_RADMIN_ACCEPT   [calls=1 in_setup=1 gated=True]
   ok   S31 ... and it runs AFTER the filesystem mount/self-heal, never before it   [mount@3070 call@[20408]]
   ok   S32 the boot report body performs NO durable write and NO entropy draw
   ok   S33 no RESIDENT administration identity, ACL, service or static record buffer exists (design §6.2)   [0 occurrence(s): []]
   ok   S34 the ACCEPT bindings touch NO legacy single-admin symbol (admin_load / g_admin_id / remote_exec)   [4 ACCEPT block(s)]
   ok   S51 store bindings keep the three session links; RemoteTarget alone owns thirteen executor links   [17 call(s): ['admin_draw_epoch', 'admin_session_commit', 'admin_session_entropy_failed', 'radmin_counters', 'radmin_next_admitted', 'radmin_next_open', 'radmin_open_append', 'radmin_open_complete', 'radmin_reserve_open', 'radmin_reserve_transcript', 'radmin_send_frame', 'radmin_send_open_frame', 'radmin_service_control', 'radmin_service_expire', 'radmin_transcript_append', 'radmin_transcript_complete', 'tx_queue_full']]
   ok   S83 ACCEPT text status owns five ordered counters and one scalar action readout before newline
   ok   S52 both target entry points construct an AdminLiveInstall and BIND it to their mutating service
   ok   S35 load/save_admin_id address kSlotAdmid and NOTHING else; load/save_acl address kSlotAcl
   ok   S36 mount_or_repair()'s self-heal probe list still names the SAME SIX files — neither store added   [6 entries]
   ok   S37 do_regen()'s write set is still exactly {/mrid} — it touches neither target store
   ok   S38 handle_leave()'s write set is still exactly {/mrcfg} — it touches neither target store
   ok   S39 factory_erase() still erases WHOLESALE (namespace clear / whole-FS format), so both new records are covered with ⛔ zero new code   [3 arm(s)]
   ok   S40 the CONTROLLER boot report is called EXACTLY ONCE, from setup(), under MR_FEAT_RADMIN_CLIENT   [calls=1 in_setup=1 gated=True]
   ok   S41 ... and it runs AFTER the filesystem mount/self-heal, never before it   [mount@3070 call@[20963]]
   ok   S42 the CONTROLLER boot report body performs NO durable write and NO entropy draw
   ok   S43 EXACTLY ONE resident controller buffer exists, and it is the PUBLIC `mrnv::TargetBlob` book   [1 resident TargetBlob(s): ['static mrnv::TargetBlob s_targets;']]
   ok   S44 ⛔ NO resident management keyring, service or seed exists — the SECRETS stay stack transients   [0 occurrence(s): []]
   ok   S45 CLIENT bindings reach only the approved controller seams and no legacy single-admin symbol   [6 CLIENT block(s)]
   ok   S46 load/save_mgmt_keys address kSlotMgmtKeys and NOTHING else; load/save_targets address kSlotTargets — ⛔ and NEITHER touches kSlotAdmid (design §6.4: the two seeds never cross)
   ok   S47 mount_or_repair()'s probe list still excludes BOTH controller records ([[B317]])   [6 entries]
   ok   S48 do_regen()'s write set is STILL exactly {/mrid} — the CLIENT arms add no store write, so the `keys and targets preserved` warning is a proven claim
   ok   S49 handle_leave()'s write set is STILL exactly {/mrcfg} — it touches neither controller store
   ok   S50 the CLIENT BLE refusal carries its OWN `admin-client` envelope, exactly once, beside — and distinct from — the target family's `admin`   [client=1 admin=1]
   ok   S53 shared seam validation precedes remote policy and the router/parser fork
   ok   S54 the real panel executor validates with the local bound before parsing
   ok   S55 only non-local authority consults the table and admission is not inverted
   ok   S56 remote refusals return typed results without writing a transport envelope
   ok   S57 local bad-line refusals use the two exact new envelopes
   ok   S58 the seam context is required, trailing and const-reference, with no default
   ok   S59 USB uses named storage and passes its derived bound in a local physical context
   ok   S60 BLE uses a local nonphysical context with the device-owned bound
   ok   S61 BLE validates immediately after the empty return, before every command arm, with bad_line
   ok   S62 typed scheduling/internal-failure come only from remote preparation; local completion stays completed
   ok   S63 activation cfg arm uses the strict parser and live pure resolver
   ok   S64 impossible activation refuses with the named live bounds
   ok   S65 both out-of-range states and malformed numbers refuse without clamping
   ok   S66 accepted raw value goes to NV and live state before the existing checked save/notification
   ok   S67 one input binding uses active PHY, the real SF accessor, both slops and derived terminal
   ok   S68 text activation readout carries effective, state, raw, floor, default and ceiling
   ok   S69 JSON extras read the same live resolution
   ok   S70 JSON writer emits both activation keys from the extras fields
   ok   S71 boot restores the raw activation value, including zero
   ok   S72 activation boot report exists exactly once, inside successful initialization
   ok   S73 activation boot report has the exact envelope and ACCEPT-only guard
   ok   S74 cfg key buffer is derived and refuses a truncated token instead of reinterpreting its suffix
   ok   S75 the newly reachable gateway announce interval keeps its live and persisted assignment
   ok   S76 the canonical config seed preserves the raw activation value
   ok   S77 the sole scope publication is in the shared seam before validation and every return
   ok   S78 scope installation and restoration use a private exchange, with copying forbidden
   ok   S79 the one executor service call belongs to the main loop after RX and before sleep
   ok   S80 the main-loop executor call is ACCEPT-only
   ok   S81 remote pull uses the active context and hides private DMs, not DM-stored diagnostics
   ok   S82 both DM mutators return before their effects under the active remote context
   structural: 83 passed / 0 failed / 83 total

== BLE help-refusal (EXECUTED: the real guard condition x the real router) + the §RADMIN-3 admin family ==
   extracted help guard: ((len == 4 || (len > 4 && line[4] == ' ')) && !strncmp(line, "help", 4)) || (len == 1 && line[0] == '?')
   BLE-GUARD rows=53 checks=212 failed=0
   extracted admin guard: mrfw::admin_verb_owns(line, len)
   ADMIN-GUARD rows=67 checks=268 failed=0
   extracted client guard: mrfw::admin_client_ble_refuses(line, len)
   CLIENT-GUARD rows=85 checks=425 failed=0

== router/parser ownership (derived from the generated inventory, all six real profiles) ==
   FAIL O-full_headless router/parser ownership is disjoint and complete   [router=39 parser=7 intersection=EMPTY union==projection=True  !! PIN expected router=43 parser=7]
   FAIL O-full_oled router/parser ownership is disjoint and complete   [router=40 parser=7 intersection=EMPTY union==projection=True  !! PIN expected router=44 parser=7]
   FAIL O-gateway router/parser ownership is disjoint and complete   [router=37 parser=7 intersection=EMPTY union==projection=True  !! PIN expected router=41 parser=7]
   FAIL O-gateway_oled router/parser ownership is disjoint and complete   [router=38 parser=7 intersection=EMPTY union==projection=True  !! PIN expected router=42 parser=7]
   FAIL O-mobile router/parser ownership is disjoint and complete   [router=43 parser=7 intersection=EMPTY union==projection=True  !! PIN expected router=44 parser=7]
   FAIL O-mobile_oled router/parser ownership is disjoint and complete   [router=44 parser=7 intersection=EMPTY union==projection=True  !! PIN expected router=45 parser=7]
   ownership: 0 passed / 6 failed / 6 total

PROBE-ONLY (negative controls SKIPPED) — this is NOT a gate result. Re-run without --no-neg.
