Initial clone assertion stopped only on 67 group-write mode differences (Git checkout normalizes 0664 to 0644). All input bytes/links matched. Restored source modes in private snapshot; shared tree untouched.
AGENTS.md
docs/2026-07-04-codebase-review-findings.md
docs/superpowers/specs/2026-06-12-companion-product-roadmap.md
docs/superpowers/specs/2026-07-02-companion-ui-redesign-and-node-directory.md
docs/superpowers/specs/archive/2026-06-11-ble-companion-phase2-scope.md
docs/superpowers/specs/archive/2026-06-12-xiao-ram-size-review.md
ios-companion/.gitignore
ios-companion/HANDOVER.md
ios-companion/INBOX_SYNC_CONTRACT.md
ios-companion/MeshRouteCompanion/Assets.xcassets/AccentColor.colorset/Contents.json
ios-companion/MeshRouteCompanion/Assets.xcassets/AppIcon.appiconset/Contents.json
ios-companion/MeshRouteCompanion/Assets.xcassets/Contents.json
ios-companion/MeshRouteCompanion/MeshRouteCompanion.xcodeproj/project.pbxproj
ios-companion/MeshRouteCompanion/MeshRouteCompanion.xcodeproj/project.xcworkspace/contents.xcworkspacedata
ios-companion/MeshRouteCompanion/Sources/App/AppModel.swift
ios-companion/MeshRouteCompanion/Sources/App/Info.plist
ios-companion/MeshRouteCompanion/Sources/App/MeshRouteCompanionApp.swift
ios-companion/MeshRouteCompanion/Sources/Persistence/Entities.swift
ios-companion/MeshRouteCompanion/Sources/Transport/BLENodeLink.swift
ios-companion/MeshRouteCompanion/Sources/Views/AddContactView.swift
ios-companion/MeshRouteCompanion/Sources/Views/Components.swift
ios-companion/MeshRouteCompanion/Sources/Views/ContactsView.swift
ios-companion/MeshRouteCompanion/Sources/Views/LocationViews.swift
ios-companion/MeshRouteCompanion/Sources/Views/MeshView.swift
ios-companion/MeshRouteCompanion/Sources/Views/MobileViews.swift
ios-companion/MeshRouteCompanion/Sources/Views/NodeInfoViews.swift
ios-companion/MeshRouteCompanion/Sources/Views/NodeView.swift
ios-companion/MeshRouteCompanion/Sources/Views/QRViews.swift
ios-companion/MeshRouteCompanion/Sources/Views/RootView.swift
ios-companion/MeshRouteCompanion/Sources/Views/SettingsView.swift
ios-companion/MeshRouteCompanion/Sources/Views/TeamQRViews.swift
ios-companion/MeshRouteCompanion/Sources/Views/ThreadView.swift
ios-companion/MeshRouteCompanion/Sources/Views/ThreadsListView.swift
ios-companion/MeshRouteCompanion/project.yml
ios-companion/MeshRouteKit/Package.swift
ios-companion/MeshRouteKit/Sources/MeshRouteCore/ContactCard.swift
ios-companion/MeshRouteKit/Sources/MeshRouteCore/ConversationStore.swift
ios-companion/MeshRouteKit/Sources/MeshRouteCore/MockNodeLink.swift
ios-companion/MeshRouteKit/Sources/MeshRouteCore/Models.swift
ios-companion/MeshRouteKit/Sources/MeshRouteCore/NodeLink.swift
ios-companion/MeshRouteKit/Sources/MeshRouteCore/NodeSession.swift
ios-companion/MeshRouteKit/Sources/MeshRouteCore/NodeTimeAnchor.swift
ios-companion/MeshRouteKit/Sources/MeshRouteCore/TeamCard.swift
ios-companion/MeshRouteKit/Sources/MeshRouteWire/Command.swift
ios-companion/MeshRouteKit/Sources/MeshRouteWire/Inbound.swift
ios-companion/MeshRouteKit/Sources/MeshRouteWire/InboxSync.swift
ios-companion/MeshRouteKit/Sources/MeshRouteWire/JSONValue.swift
ios-companion/MeshRouteKit/Sources/MeshRouteWire/KeyHash.swift
ios-companion/MeshRouteKit/Sources/MeshRouteWire/LineAccumulator.swift
ios-companion/MeshRouteKit/Sources/MeshRouteWire/WireConstants.swift
ios-companion/MeshRouteKit/Tests/MeshRouteCoreTests/ContactCardTests.swift
ios-companion/MeshRouteKit/Tests/MeshRouteCoreTests/ConversationStoreTests.swift
ios-companion/MeshRouteKit/Tests/MeshRouteCoreTests/InboxCoreTests.swift
ios-companion/MeshRouteKit/Tests/MeshRouteCoreTests/MembershipTests.swift
ios-companion/MeshRouteKit/Tests/MeshRouteCoreTests/MockNodeTests.swift
ios-companion/MeshRouteKit/Tests/MeshRouteCoreTests/TeamCardTests.swift
ios-companion/MeshRouteKit/Tests/MeshRouteWireTests/CommandEncoderTests.swift
ios-companion/MeshRouteKit/Tests/MeshRouteWireTests/InboxWireTests.swift
ios-companion/MeshRouteKit/Tests/MeshRouteWireTests/NodeInfoWireTests.swift
ios-companion/MeshRouteKit/Tests/MeshRouteWireTests/PushDecoderTests.swift
ios-companion/README.md
logo_3.png
src/device_ble.h
tools/netspec.example.yaml
tools/scenario-dm.txt
tools/scenario-oracle.txt
tools/scenario-realistic.txt
