== §B105 feature-layer probe (src/firmware_ui.cpp, host-compiled) ==
-- building the l2 support archive (lib/core + lib/hal + lib/console + monocypher) ...
-- building the v3 support archive (lib/core + lib/hal + lib/console + monocypher) ...
== §B105 probe — src/firmware_ui.cpp, host-compiled ==
  INFO strip right edge x=127, bottom y=7; BODY right edge x=119
  INFO §7.3 audit: widest ordinary body line = 19 columns, right edge x = 125 (bound 19 / 127)
  INFO §UI-17 STATUS body: [TEAM 3D9348A5] [ME T220] [6 KNOWN] [0 NEW / HOME --] [52.123,21.456]
  INFO §UI-17 TEAM rows: [ Wolfga  3m        ] [ 0x00c0  2m        ] [ id 83   1m        ] [-]
  INFO §UI-17 S5 TEAM rows: [ Alpha   1h 2.0k  N] [ Bravo   1h        ] [ Cleo    1h        ] [ Delta   1h   0m   ]

433 passed / 0 failed / 433 total
probe exit=0

== [[B225]] child-enabled arm: [env:heltec_v3] (a leaf env: MR_N_LAYERS defaults to 1, MR_FEAT_TEAM=1) ==
  ok   the child-enabled arm builds and PASSES
       868 passed / 0 failed / 868 total

== §UI-14 second arm: the BLE row's condition MET (-DMR_UI_BLE_ROW=1) ==
  ok   the BLE-row arm builds and PASSES (8 lines)
       433 passed / 0 failed / 433 total

== [[B229]] the coverage roll-up attributes a label of ANY length ==
  ok   a 91-character label is attributed to its control
  ok   ...and the WITHDRAWN 64-column parse does miss it, so the defect was real

== [[B227]] every control label is inert data ==
  ok   none of the 223 ctl labels (all 223 calls) contains a backtick or a $-substitution
  ok   ...and the detector DOES fire on a label that carries one
  ok   ...and a backtick/$-bearing label prints verbatim, executing nothing

== [[B237]] a CRASHING control is UNUSABLE, never verified ==
  ok   a real SIGSEGV (exit 139, 0 failures) classifies as UNUSABLE
  ok   ...and a genuine 1/3 stays RED, 0/0 is passes, 1/0 is silent — it still discriminates
  ok   ...and the shell's crash notice was CAPTURED, not printed to this gate

== negative controls (each MUST make the probe red — or, for C0, must fail to build) ==
  ok   C0  restoring #include "fw_context.h" breaks the host build (build fails, as required)
  ok   C1  mac_idle() -> true (no gate at all) -> RED (5 check(s) failed)
  ok   C2  mac_idle() keeps only the radio clause -> RED (1 check(s) failed)
  ok   C3  mac_idle() keeps only the queue clause -> RED (4 check(s) failed)
  ok   C10 mac_idle() -> false (suppressed for ever; the panel never paints) -> RED (249 check(s) failed)
  ok   C11 next_page()'s verdict is never fed back to the gate -> RED (17 check(s) failed)
  ok   C4  pages advance WITHOUT re-drawing the scene (7 of 8 blank) -> RED (12 check(s) failed)
  ok   C5  the idle arm forces a repaint, bypassing the 2 Hz throttle -> RED (214 check(s) failed)
  ok   C6  the ADC burst is no longer gated on a MAC-idle radio -> RED (1 check(s) failed)
  ok   C7  the cadence gates on SUCCEEDED instead of ATTEMPTED -> RED (4 check(s) failed)
  ok   C8  the 30 s period is never re-armed (sample every pass) -> RED (4 check(s) failed)
  ok   C9  the dead-panel report tests board_init() the wrong way round -> RED (1 check(s) failed)
  ok   C12 mr_ui_init no longer brings the panel up -> RED (2 check(s) failed)
  ok   C13 an unavailable read ERASES the last good value -> RED (1 check(s) failed)
  ok   C14 the battery token is invented instead of formatted (a plausible voltage for --) -> RED (4 check(s) failed)
  ok   C15 the strip renders a PERCENTAGE instead of volts (ruled out) -> RED (7 check(s) failed)
  ok   C16 the strip hardcodes a voltage instead of reading the frozen chrome -> RED (4 check(s) failed)
  ok   C17 the record lookup matches seq only (the kind clause dropped) -> RED (17 check(s) failed)
  ok   C18 the erase targets the DM store unconditionally (B133's shape) -> RED (6 check(s) failed)
  ok   C19 the preview row carries msg_id where the identity should be -> RED (16 check(s) failed)
  ok   C20 the preview row hardcodes the kind (every row reads DM) -> RED (28 check(s) failed)
  ok   C21 every erase is reported as a SUCCESS regardless of the outcome -> RED (7 check(s) failed)
  ok   C27 the erase targets the CHANNEL store unconditionally -> RED (4 check(s) failed)
  ok   C28 opening a record DELETES it (the switch arms crossed) -> RED (24 check(s) failed)
  ok   CC1 the ordinary-view gate is dropped (E2E receipts come back as inbox rows) -> RED (3 check(s) failed)
  ok   CC2 the gate is applied AFTER the budget (the row slot and the total are already spent) -> RED (3 check(s) failed)
  ok   C22 the tick never serves the inbox request (the modal cannot open) -> RED (20 check(s) failed)
  ok   C23 the body length is left for the model to measure (the strlen shape) -> RED (3 check(s) failed)
  ok   C24 draw_frame stops giving the modal the body -> RED (12 check(s) failed)
  ok   C25 the MESSAGE GONE refusal row is dropped from the list -> RED (1 check(s) failed)
  ok   C29 the SETTINGS screen is never drawn (the switch arm dropped) -> RED (58 check(s) failed)
  ok   C30 the model is never given the config service (the menu is inert) -> RED (61 check(s) failed)
  ok   C31 the draft marker renders UiState::dirty instead of config_unsaved() -> RED (2 check(s) failed)
  ok   C32 the value row shows a default instead of the DRAFT -> RED (2 check(s) failed)
  ok   C33 the SETTINGS badge always draws the clean gear (the state becomes invisible) -> RED (6 check(s) failed)
  ok   C34 the editor is indistinguishable from the browsing row (no bracket) -> RED (2 check(s) failed)
  ok   C35 RESTART NEEDED never reaches STATUS (the reboot fact is dropped) -> RED (1 check(s) failed)
  ok   C36 the BLE row is rendered unconditionally (the transport condition ignored) -> RED (1 check(s) failed)
  ok   C37 the hook never tells the service (the notification is dropped) -> RED (8 check(s) failed)
  ok   C38 the latch is raised and NOTHING asks for a repaint (INVISIBLE) -> RED (12 check(s) failed)
  ok   C39 the is_open() guard is dropped (flash is read on every cfg set) -> RED (1 check(s) failed)
  ok   C40 an unreadable record is treated as a conflict (a latch from no evidence) -> RED (2 check(s) failed)
  ok   C41 ChanState::waiting says SENT again (the pre-T3 false confirmation) -> RED (4 check(s) failed)
  ok   C42 ChanState::aired says QUEUED (the earned state never shows) -> RED (2 check(s) failed)
  ok   C43 the no-relay outcome reads SENT, no relay again -> RED (2 check(s) failed)
  ok   C44 DmState::aired_waiting is rendered as QUEUED too -> RED (1 check(s) failed)
  ok   C45 the fail-closed guard is dropped (sleeps after a hardware refusal) -> RED (1 check(s) failed)
  ok   C46 the board is never asked (the arm is answered from a constant) -> RED (4 check(s) failed)
  ok   C47 a held button is treated as a hardware failure (latches sleep off for the boot) -> RED (3 check(s) failed)
  ok   C48 the arm failure is never said on the console -> RED (2 check(s) failed)
  ok   C52 the arm report is inverted (silent on the first failure, cries later) -> RED (2 check(s) failed)
  ok   C53 the failure is said on every pass, not once (a USB-CDC flood) -> RED (1 check(s) failed)
  ok   C54 an arm is put back into mr_ui_init() (B200, literally) -> RED (1 check(s) failed)
  ok   C55 the disarm's answer is discarded (a stuck level is reported as clean) -> RED (1 check(s) failed)
  ok   C56 the policy hook arms the wake itself (a per-pass arm on a possibly-held pin) -> RED (2 check(s) failed)
  ok   C57 the boot announces a wake source again (nothing arms one there) -> RED (1 check(s) failed)
  ok   C58 a SUCCESSFUL arm is reported as a failure (the vacuity control) -> RED (3 check(s) failed)
  ok   C59 the disarm is never performed (the board is not even asked) -> RED (3 check(s) failed)
  ok   C60 a successful disarm reports a problem anyway (cries wolf) -> RED (1 check(s) failed)
  ok   C49 the hook always permits sleep (the whole policy bypassed) -> RED (3 check(s) failed)
  ok   C50 the hook never permits sleep (the panel-lit answer for ever) -> RED (3 check(s) failed)
  ok   C51 the policy is re-derived here without the input term (B197 back) -> RED (1 check(s) failed)
  ok   C26 the highlight is NOT suppressed while the refusal stands -> RED (1 check(s) failed)
  ok   C61 the strip is drawn from the LIVE chrome instead of the frozen copy -> RED (4 check(s) failed)
  ok   C62 nothing invalidates on a chrome change (the strip goes stale on a lit panel) -> RED (6 check(s) failed)
  ok   C63 the comparison reference is updated where the change is OBSERVED, not at the freeze -> RED (4 check(s) failed)
  ok   C64 every home state draws the same house (the four-state table bypassed) -> RED (2 check(s) failed)
  ok   C65 a missing team content key draws the NORMAL key (the slot claims a capability) -> RED (1 check(s) failed)
  ok   C66 the battery token's column is moved (the frozen slot redefined) -> RED (10 check(s) failed)
  ok   C67 every glyph is drawn at the same x (the layout table bypassed) -> RED (24 check(s) failed)
  ok   C68 the battery is drawn at the shared 7-px width (its 2-byte stride ignored) -> RED (1 check(s) failed)
  ok   C69 the strip is drawn after the body, so body-replacing views lose it -> RED (51 check(s) failed)
  ok   C70 the strip's icons are drawn below their y=0..8 band -> RED (29 check(s) failed)
  ok   C71 the blanked arm falls through and paints into a dark panel -> RED (5 check(s) failed)
  ok   C74 a chrome change is treated as user input (the panel never blanks) -> RED (52 check(s) failed)
  ok   C72 the live chrome is built once and cached (a stale projection for ever) -> RED (155 check(s) failed)
  ok   C73 the strip opens a frame of its own while composing -> RED (210 check(s) failed)
  ok   C75 the strip parks the panel mid-compose (a bus command from a draw) -> RED (6 check(s) failed)
  ok   C76 the emergency rail suppression is dropped entirely (§5.3) -> RED (1 check(s) failed)
  ok   C77 the rail is never drawn (the screens lose their only heading) -> RED (132 check(s) failed)
  ok   C78 every rail slot gets a selection frame (exactly-one becomes all-five) -> RED (112 check(s) failed)
  ok   C79 the selection comes from a renderer-local cursor, not the frozen nav -> RED (121 check(s) failed)
  ok   C80 the rail packs its slots consecutively (a second layout) -> RED (129 check(s) failed)
  ok   C81 the ordinary body is drawn at x=0, under the rail's icons -> RED (47 check(s) failed)
  ok   C82 the emergency headline is shifted to kBodyX (a clipped distress string) -> RED (1 check(s) failed)
  ok   C83 the STATUS identity goes back onto one 21-column row -> RED (4 check(s) failed)
  ok   C84 the withdrawn CFG marker is put back on the STATUS body (§6.1's other direction) -> RED (2 check(s) failed)
  ok   C85 SETTINGS drops its actionable marker text, leaving only the badge (§6 forbids) -> RED (5 check(s) failed)
  ok   C86 the SETTINGS marker row is drawn unconditionally (a clean draft reads UNSAVED) -> RED (8 check(s) failed)
  ok   C87 the rail's glyphs are drawn at the body's x, over the text -> RED (23 check(s) failed)
  ok   C88 the PROVISION row is rendered unconditionally (the ruling not applied) -> RED (19 check(s) failed)
  ok   C89 the child predicates are published as TRUE on a build with no children -> RED (1 check(s) failed)
  ok   C90 the closed view draws the MENU's rows anyway (the ruling not applied at the renderer) -> RED (58 check(s) failed)
  ok   C91 the closed view keeps the note/reboot row to itself (§6's icon-only error) -> RED (1 check(s) failed)
  ok   C92 the entry row's label is re-spelled at the draw site -> RED (57 check(s) failed)
  ok   C93 the list is drawn as ENTERED whatever the model says -> RED (23 check(s) failed)
  ok   C94 an entered list is drawn as PASSIVE (no marker, no exit) -> RED (93 check(s) failed)
  ok   C95 the interactive list's BACK row is never drawn -> RED (93 check(s) failed)
  ok   C96 the reserved 24x24 mark is never drawn (the slot vanishes) -> RED (2 check(s) failed)
  ok   C97 rows 0-2 are drawn at the body origin, through the reserved mark -> RED (6 check(s) failed)
  ok   C98 row 3 is drawn at the NARROWED origin (18 columns in 14) -> RED (4 check(s) failed)
  ok   C99 the mark is drawn in the chrome, so EVERY screen shows it -> RED (4 check(s) failed)
  ok   C100 STATUS row 2 is never placed (the pure row is composed and dropped) -> RED (1 check(s) failed)
  ok   C101 STATUS row 2 is placed on row 1's baseline (a misroute) -> RED (1 check(s) failed)
  ok   C102 row 4 reads the LIVE config again (the row can TEAR mid-frame) -> RED (2 check(s) failed)
  ok   C103 own_fix is published as a constant (a fix that was never configured) -> RED (1 check(s) failed)
  ok   C104 own_fix is published from ONE coordinate (the OR narrowed to lat) -> RED (1 check(s) failed)
  ok   C105 the pre-S4 row (9-column label + hops) is composed inline again -> RED (25 check(s) failed)
  ok   C106 every row is drawn from snapshot row 0 (the wrong teammate) -> RED (7 check(s) failed)
  ok   C107 the row marker is hard-wired off (no pick is ever shown) -> RED (19 check(s) failed)
  ok   C108 the team rows are ALSO drawn at the STATUS x=40 origin -> RED (3 check(s) failed)
  ok   C109 the S4 repaint invalidation is never called (F-8 re-opened) -> RED (5 check(s) failed)
  ok   C110 the invalidation compares the live snapshot with ITSELF -> RED (5 check(s) failed)
  ok   C111 the tick marks the model dirty unconditionally instead -> RED (65 check(s) failed)
  ok   C112 the roster is drawn in REVERSE order (a re-sort by any other name) -> RED (22 check(s) failed)
  ok   C113 the own fix is read LIVE in the renderer (the rows can TEAR mid-frame) -> RED (1 check(s) failed)
  ok   C114 the cache is never read, so no teammate ever has a position -> RED (6 check(s) failed)
  ok   C115 the location age is published as ZERO, so a stale position renders as current -> RED (2 check(s) failed)
  ok   C116 latitude and longitude are published crossed -> RED (5 check(s) failed)
  ok   C117 the cache miss is published as a hit (0,0 becomes a position) -> RED (1 check(s) failed)
  ok   C118 the renderer transmits a request for a peer it has no position for -> RED (168 check(s) failed)
  ok   C119 the wake is hard-wired into the device push entry (wake-on-any-push) -> RED (4 check(s) failed)
  ok   C120 the RX kinds are routed to the SEND half, so no message ever wakes the panel -> RED (22 check(s) failed)
  ok   C121 the mark is drawn at the STATUS text origin (through rows 0-2) -> RED (1 check(s) failed)
  ok   C122 the mark slot is drawn with a STRIP glyph (right place, wrong bytes) -> RED (1 check(s) failed)
  ok   C123 S6's swap is HALF DONE: the placeholder rect is still drawn behind the artwork -> RED (1 check(s) failed)
  ok   C124 the leftover placeholder drifts into the chrome (every screen shows an empty reserved box) -> RED (4 check(s) failed)
  ok   C125 the duty gauge's slot is moved (the amendment's frozen x redefined) -> RED (18 check(s) failed)
  ok   C126 a node with no duty limit draws the EMPTY gauge (no limit collapsed into 0 % used) -> RED (5 check(s) failed)
  ok   C127 the duty-BLOCKED state loses its warning mark (100 % looks like 99 %) -> RED (3 check(s) failed)
  ok   C128 every fill level draws the same picture (the bucket's level ignored) -> RED (11 check(s) failed)
  ok   C129 the gauge is read live from the node instead of the frozen bucket -> RED (2 check(s) failed)
  ok   C130 the utilization is never published (the gauge is empty at every percentage) -> RED (14 check(s) failed)
  ok   C131 the duty limit is published as always-on (an unlimited node claims a utilization) -> RED (5 check(s) failed)
  ok   C132 the gauge is driven by the five-minute anti-spam budget, not duty_status() -> RED (13 check(s) failed)
  ok   C133 the home slot keeps its superseded x (the re-anchoring only half done) -> RED (4 check(s) failed)
  ok   C134 an ARMED alarm is not treated as busy (the fire has not happened yet) -> RED (1 check(s) failed)
  ok   C135 a FIRING alarm is not treated as busy (the attempt series is editable mid-flight) -> RED (3 check(s) failed)
  ok   C136 an IDLE node answers busy (every preset verb dead with no alarm at all) -> RED (20 check(s) failed)
  ok   C137 the catalog is never published into the frame (every compose list is empty on the device) -> RED (27 check(s) failed)
  ok   C138 the DM compose renders the CHANNEL list (the two projections crossed) -> RED (9 check(s) failed)
  ok   C139 the row is composed here as %c%s (the location column dropped) -> RED (7 check(s) failed)
  ok   C140 the zero-enabled empty state is bypassed (no note is ever placed) -> RED (1 check(s) failed)
  ok   C141 the stale-generation refusal renders the generic failure lines instead of PRESET CHANGED -> RED (1 check(s) failed)

-- [[B225]] controls on the child-enabled arm ([env:heltec_v3]) --
  ok   L1 the result's headline is dropped (the verdict never shows) -> RED (20 check(s) failed)
  ok   L2 the id and fingerprint rows are swapped -> RED (5 check(s) failed)
  ok   L3 the fingerprint row is dropped (only the full id is drawn) -> RED (3 check(s) failed)
Terminated
