test_dirty_matrix (test_measure_board.GitProvenanceTests.test_dirty_matrix) ... ok
test_effective_environment_coverage_and_controls (test_measure_board.GitProvenanceTests.test_effective_environment_coverage_and_controls) ... ok
test_empty_and_malformed_revisions_abort (test_measure_board.GitProvenanceTests.test_empty_and_malformed_revisions_abort) ... ok
test_empty_worktree_root_aborts (test_measure_board.GitProvenanceTests.test_empty_worktree_root_aborts) ... ok
test_failed_status_command_aborts (test_measure_board.GitProvenanceTests.test_failed_status_command_aborts) ... ok
test_invalid_utf8_porcelain_is_dirty_without_decoding (test_measure_board.GitProvenanceTests.test_invalid_utf8_porcelain_is_dirty_without_decoding) ... ok
test_logged_revision_source (test_measure_board.GitProvenanceTests.test_logged_revision_source) ... ok
test_missing_git_executable_aborts (test_measure_board.GitProvenanceTests.test_missing_git_executable_aborts) ... ok
test_missing_project_directory_aborts (test_measure_board.GitProvenanceTests.test_missing_project_directory_aborts) ... ok
test_no_failure_arm_returns_nogit (test_measure_board.GitProvenanceTests.test_no_failure_arm_returns_nogit)
The whole point of §0 rule 2: the hook can no longer PRODUCE the `nogit` sentinel on any arm. ... ok
test_not_a_worktree_aborts (test_measure_board.GitProvenanceTests.test_not_a_worktree_aborts) ... ok
test_override_arm_invokes_no_git (test_measure_board.GitProvenanceTests.test_override_arm_invokes_no_git) ... ok
test_override_arm_survives_a_git_less_host (test_measure_board.GitProvenanceTests.test_override_arm_survives_a_git_less_host) ... ok
test_project_dir_not_cwd_decides_the_worktree (test_measure_board.GitProvenanceTests.test_project_dir_not_cwd_decides_the_worktree) ... ok
test_removing_the_override_returns_to_the_git_derived_state (test_measure_board.GitProvenanceTests.test_removing_the_override_returns_to_the_git_derived_state) ... ok
test_repository_without_a_commit_aborts (test_measure_board.GitProvenanceTests.test_repository_without_a_commit_aborts) ... ok
test_the_no_git_probe_is_capable_of_firing (test_measure_board.GitProvenanceTests.test_the_no_git_probe_is_capable_of_firing)
Control for the control above: without the override, the same block MUST be hit. ... ok
test_untracked_control_dies_under_the_pre_b253_discriminators (test_measure_board.GitProvenanceTests.test_untracked_control_dies_under_the_pre_b253_discriminators) ... ok
test_whole_hook_stamps_the_project_dir_repository (test_measure_board.GitProvenanceTests.test_whole_hook_stamps_the_project_dir_repository) ... ok
test_build_failure_is_rejected_with_log_tail (test_measure_board.MeasureBoardTests.test_build_failure_is_rejected_with_log_tail) ... ok
test_cc_wrapper_mismatch_fails_qualification (test_measure_board.MeasureBoardTests.test_cc_wrapper_mismatch_fails_qualification) ... ok
test_compiler_state_records_cc_cxx_link_and_alias (test_measure_board.MeasureBoardTests.test_compiler_state_records_cc_cxx_link_and_alias) ... ok
test_concurrent_runner_is_rejected_by_cli (test_measure_board.MeasureBoardTests.test_concurrent_runner_is_rejected_by_cli) ... ok
test_cxx_wrapper_mismatch_fails_qualification (test_measure_board.MeasureBoardTests.test_cxx_wrapper_mismatch_fails_qualification) ... ok
test_every_qualification_field_mismatch_is_rejected (test_measure_board.MeasureBoardTests.test_every_qualification_field_mismatch_is_rejected) ... ok
test_link_wrapper_mismatch_fails_qualification (test_measure_board.MeasureBoardTests.test_link_wrapper_mismatch_fails_qualification) ... ok
test_malformed_and_empty_git_overrides_are_rejected (test_measure_board.MeasureBoardTests.test_malformed_and_empty_git_overrides_are_rejected) ... ok
test_measurement_state_isolated_from_normal_pio (test_measure_board.MeasureBoardTests.test_measurement_state_isolated_from_normal_pio) ... ok
test_missing_flashed_artifact_is_rejected (test_measure_board.MeasureBoardTests.test_missing_flashed_artifact_is_rejected) ... ok
test_missing_size_results_are_rejected (test_measure_board.MeasureBoardTests.test_missing_size_results_are_rejected) ... ok
test_normal_git_path_ignores_measurement_identity (test_measure_board.MeasureBoardTests.test_normal_git_path_ignores_measurement_identity) ... ok
test_qualification_inventory_is_independently_pinned (test_measure_board.MeasureBoardTests.test_qualification_inventory_is_independently_pinned) ... ok
test_source_identity_structure (test_measure_board.MeasureBoardTests.test_source_identity_structure) ... ok
test_valid_git_override_is_used_exactly (test_measure_board.MeasureBoardTests.test_valid_git_override_is_used_exactly) ... ok
test_wrong_fixed_stamp_is_rejected (test_measure_board.MeasureBoardTests.test_wrong_fixed_stamp_is_rejected) ... ok
test_zero_and_multiple_stamps_are_rejected (test_measure_board.MeasureBoardTests.test_zero_and_multiple_stamps_are_rejected) ... ok
test_zero_objects_is_rejected (test_measure_board.MeasureBoardTests.test_zero_objects_is_rejected) ... ok
test_board_environments_do_not_route_through_ccache (test_measure_board.RuledPairTests.test_board_environments_do_not_route_through_ccache) ... ok
test_failing_step_cancels_and_reaps_its_sibling (test_measure_board.RuledPairTests.test_failing_step_cancels_and_reaps_its_sibling) ... ok
test_interrupted_parent_kills_and_reaps_every_child (test_measure_board.RuledPairTests.test_interrupted_parent_kills_and_reaps_every_child) ... ok
test_loadable_sections_is_blind_to_the_nobits_move_the_symbols_catch (test_measure_board.RuledPairTests.test_loadable_sections_is_blind_to_the_nobits_move_the_symbols_catch) ... ok
test_pair_still_excludes_a_concurrent_invocation (test_measure_board.RuledPairTests.test_pair_still_excludes_a_concurrent_invocation) ... ok
test_paths_do_not_depend_on_the_jobs_mode (test_measure_board.RuledPairTests.test_paths_do_not_depend_on_the_jobs_mode) ... ok
test_ruled_pair_has_separate_stable_roots (test_measure_board.RuledPairTests.test_ruled_pair_has_separate_stable_roots) ... ok
test_symbol_inventory_normalization_is_address_free_and_sorted (test_measure_board.RuledPairTests.test_symbol_inventory_normalization_is_address_free_and_sorted) ... ok
test_symbol_inventory_reads_a_real_elf_if_one_has_been_measured (test_measure_board.RuledPairTests.test_symbol_inventory_reads_a_real_elf_if_one_has_been_measured) ... ok

----------------------------------------------------------------------
Ran 46 tests in 2.590s

OK
git_rev.py: GIT_REV = b206b206b206 (source=override)
git_rev.py: GIT_REV = b206b206b206 (source=override)
git_rev.py: GIT_REV = b206b206b206 (source=override)
git_rev.py: GIT_REV = b206b206b206 (source=override)
git_rev.py: GIT_REV = b206b206b206 (source=override)
git_rev.py: GIT_REV = b206b206b206 (source=override)
git_rev.py: GIT_REV = b206b206b206 (source=override)
git_rev.py: GIT_REV = b206b206b206 (source=override)
git_rev.py: GIT_REV = b206b206b206 (source=override)
git_rev.py: GIT_REV = b206b206b206 (source=override)
git_rev.py: GIT_REV = b206b206b206 (source=override)
git_rev.py: GIT_REV = b206b206b206 (source=override)
git_rev.py: GIT_REV = b206b206b206 (source=override)
git_rev.py: GIT_REV = 140c42a (source=git)
git_rev.py: GIT_REV = b206b206b206 (source=override)
git_rev.py: GIT_REV = b206b206b206 (source=override)
git_rev.py: GIT_REV = b206b206b206 (source=override)
git_rev.py: GIT_REV = 140c42a (source=git)
git_rev.py: GIT_REV = 84edd3e-dirty (source=git)
git_rev.py: GIT_REV = 84edd3e-dirty (source=git)
git_rev.py: GIT_REV = b206b206b206 (source=override)
