Verbosity level can be increased via `-v, -vv, or -vvv` option
Collected 1 tests

Processing * in native environment
--------------------------------------------------------------------------------
Building...
Removing unused dependencies...
test/test_firmware_config_parse.cpp: In function ‘void DOCTEST_ANON_FUNC_66()’:
test/test_firmware_config_parse.cpp:806:9: warning: this ‘while’ clause does not guard... [-Wmisleading-indentation]
  806 |         while (*p == ' ') ++p; while (*p && *p != ' ') ++p; if (*p == ' ') *p++ = '\0';
      |         ^~~~~
test/test_firmware_config_parse.cpp:806:32: note: ...this statement, but the latter is misleadingly indented as if it were guarded by the ‘while’
  806 |         while (*p == ' ') ++p; while (*p && *p != ' ') ++p; if (*p == ' ') *p++ = '\0';
      |                                ^~~~~
test/test_remote_codec.cpp: In function ‘void DOCTEST_ANON_FUNC_792()’:
test/test_remote_codec.cpp:6953:21: warning: loop variable ‘pair’ creates a copy from type ‘const std::pair<unsigned char, unsigned char>’ [-Wrange-loop-construct]
 6953 |     for (const auto pair : {std::pair<uint8_t, uint8_t>{1, 9}, {4, 1}, {4, 8}}) {
      |                     ^~~~
test/test_remote_codec.cpp:6953:21: note: use reference type to prevent copying
 6953 |     for (const auto pair : {std::pair<uint8_t, uint8_t>{1, 9}, {4, 1}, {4, 8}}) {
      |                     ^~~~
      |                     &
cc1: warning: command-line option ‘-fno-rtti’ is valid for C++/D/ObjC++ but not for C
test/test_remote_client.cpp: In member function ‘virtual meshroute::RemoteClientSend {anonymous}::Carrier::submit_request(const meshroute::RemoteClientRoute&, meshroute::RemoteSource, const meshroute::RemoteCarrier&, std::span<const unsigned char>, bool)’:
test/test_remote_client.cpp:24:9: warning: this ‘if’ clause does not guard... [-Wmisleading-indentation]
   24 |         if(answer==RemoteClientSend::queued)requests.emplace_back(b.begin(),b.end());return answer;
      |         ^~
test/test_remote_client.cpp:24:86: note: ...this statement, but the latter is misleadingly indented as if it were guarded by the ‘if’
   24 |         if(answer==RemoteClientSend::queued)requests.emplace_back(b.begin(),b.end());return answer;
      |                                                                                      ^~~~~~
test/test_remote_client.cpp: In member function ‘virtual meshroute::RemoteClientSend {anonymous}::Carrier::submit_ack(const meshroute::RemoteClientRoute&, meshroute::RemoteSource, const meshroute::RemoteCarrier&, std::span<const unsigned char>)’:
test/test_remote_client.cpp:27:9: warning: this ‘if’ clause does not guard... [-Wmisleading-indentation]
   27 |         if(answer==RemoteClientSend::queued)acks.emplace_back(b.begin(),b.end());return answer;
      |         ^~
test/test_remote_client.cpp:27:82: note: ...this statement, but the latter is misleadingly indented as if it were guarded by the ‘if’
   27 |         if(answer==RemoteClientSend::queued)acks.emplace_back(b.begin(),b.end());return answer;
      |                                                                                  ^~~~~~
test/test_remote_client.cpp: In constructor ‘{anonymous}::Client::Client()’:
test/test_remote_client.cpp:43:9: warning: this ‘for’ clause does not guard... [-Wmisleading-indentation]
   43 |         for(unsigned i=0;i<32;++i)seed[i]=uint8_t(i+77);identity_from_seed(target,seed);
      |         ^~~
test/test_remote_client.cpp:43:57: note: ...this statement, but the latter is misleadingly indented as if it were guarded by the ‘for’
   43 |         for(unsigned i=0;i<32;++i)seed[i]=uint8_t(i+77);identity_from_seed(target,seed);
      |                                                         ^~~~~~~~~~~~~~~~~~
test/test_node_query.cpp: In lambda function:
test/test_node_query.cpp:574:29: warning: unused parameter ‘hal’ [-Wunused-parameter]
  574 |     auto hear = [](TestHal& hal, Node& node, uint8_t adv, bool adv_mobile, uint32_t adv_team) {
      |                    ~~~~~~~~~^~~
test/test_node_remote_session.cpp: In function ‘void DOCTEST_ANON_FUNC_42()’:
test/test_node_remote_session.cpp:1335:21: warning: loop variable ‘pair’ creates a copy from type ‘const std::pair<unsigned char, long unsigned int>’ [-Wrange-loop-construct]
 1335 |     for (const auto pair : {std::pair<uint8_t,uint64_t>{0,1}, {1,2}, {2,3}, {0,4}}) {
      |                     ^~~~
test/test_node_remote_session.cpp:1335:21: note: use reference type to prevent copying
 1335 |     for (const auto pair : {std::pair<uint8_t,uint64_t>{0,1}, {1,2}, {2,3}, {0,4}}) {
      |                     ^~~~
      |                     &
test/test_node_channel.cpp: In function ‘void hold_team_flood({anonymous}::TestHal&, meshroute::Node&, uint32_t, uint8_t, uint8_t)’:
test/test_node_channel.cpp:1649:38: warning: unused parameter ‘hal’ [-Wunused-parameter]
 1649 | static void hold_team_flood(TestHal& hal, Node& n, uint32_t id, uint8_t up, uint8_t down) {
      |                             ~~~~~~~~~^~~
test/test_node_join.cpp: In function ‘void {anonymous}::attach_and_report(meshroute::Node&, TestHal&, uint8_t, uint32_t, uint8_t, uint8_t, const meshroute::RxMeta&)’:
test/test_node_join.cpp:5711:44: warning: unused parameter ‘hal’ [-Wunused-parameter]
 5711 | void attach_and_report(Node& mob, TestHal& hal, uint8_t home_id, uint32_t mob_hash, uint8_t local_id,
      |                                   ~~~~~~~~~^~~
test/test_node_hashlocate.cpp: In function ‘void DOCTEST_ANON_FUNC_114()’:
test/test_node_hashlocate.cpp:1599:23: warning: comparison of integer expressions of different signedness: ‘int’ and ‘const size_t’ {aka ‘const long unsigned int’} [-Wsign-compare]
 1599 |     for (int i = 0; i < DM_TAG_LEN; ++i) forged[4 + sizeof(pt) + i] = ftag[i];
      |                     ~~^~~~~~~~~~~~
test/test_dual_layer.cpp: In function ‘void DOCTEST_ANON_FUNC_364()’:
test/test_dual_layer.cpp:5565:109: warning: conversion from ‘unsigned int’ to ‘uint16_t’ {aka ‘short unsigned int’} changes value from ‘3735928559’ to ‘48879’ [-Woverflow]
 5565 |     beacon_in bin{}; bin.leaf_id=4; bin.src=17; bin.key_hash32=0xB0B1u; bin.is_mobile=true; bin.config_hash=0xDEADBEEFu;
      |                                                                                                             ^~~~~~~~~~~
test/test_dual_layer.cpp:5596:121: warning: conversion from ‘unsigned int’ to ‘uint16_t’ {aka ‘short unsigned int’} changes value from ‘3735928559’ to ‘48879’ [-Woverflow]
 5596 |     beacon_in other{}; other.leaf_id=4; other.src=18; other.key_hash32=0xC0C0u; other.is_mobile=true; other.config_hash=0xDEADBEEFu;   // some OTHER mobile
      |                                                                                                                         ^~~~~~~~~~~
test/test_node_r3.cpp: In function ‘void e2e_learn_peer(meshroute::Node&, {anonymous}::TestHal&, const meshroute::Identity&)’:
test/test_node_r3.cpp:8007:46: warning: unused parameter ‘hal’ [-Wunused-parameter]
 8007 | static void e2e_learn_peer(Node& A, TestHal& hal, const Identity& idB) {
      |                                     ~~~~~~~~~^~~
test/test_node_r3.cpp: In function ‘void DOCTEST_ANON_FUNC_519()’:
test/test_node_r3.cpp:8393:12: warning: unused variable ‘meta’ [-Wunused-variable]
 8393 |     RxMeta meta{8.0f, -80.0f, 0, -1};
      |            ^~~~
Testing...
test/test_remote_client.cpp:92: 8ac controller classifies terminals admission protocol error and single safe rollover: CHECK( remote_body_encode(out,n,m,body,keys,{true,controller.key_hash32},remote_client_carrier(route,DATA_TYPE_REMOTE_RESP,0))==RemoteStatus::ok ) is NOT correct!	[FAILED]
Program received signal SIGHUP (Hangup)
-------------------- native:* [ERRORED] Took 20.21 seconds --------------------

=================================== SUMMARY ===================================
Environment    Test    Status    Duration
-------------  ------  --------  ------------
native         *       ERRORED   00:00:20.212

============= 2 test cases: 1 failed, 0 succeeded in 00:00:20.212 =============
