README.md: OK
base-to-head-files.json: OK
conversion/commands.json: OK
conversion/independent-point-check.json: OK
conversion/proof.cpp: OK
inputs.json: OK
layout/controller-model.h: OK
layout/counters_only/node-model.diff: OK
layout/counters_only/node.h: OK
layout/gateway-idedata.json: OK
layout/heltec_mobile-idedata.json: OK
layout/historical/node-model.diff: OK
layout/historical/node.h: OK
layout/layout.cpp: OK
layout/measurements.json: OK
layout/native-idedata.json: OK
layout/offsets-initial.json: OK
layout/offsets.cpp: OK
layout/offsets.json: OK
layout/proposed/node-model.diff: OK
layout/proposed/node.h: OK
layout/summary.json: OK
layout-attempt1/controller-model.h: OK
layout-attempt1/counters_only/node-model.diff: OK
layout-attempt1/counters_only/node.h: OK
layout-attempt1/historical/node-model.diff: OK
layout-attempt1/historical/node.h: OK
layout-attempt1/layout.cpp: OK
layout-attempt1/measurements.json: OK
layout-attempt1/native-idedata.json: OK
layout-attempt1/proposed/node-model.diff: OK
layout-attempt1/proposed/node.h: OK
layout-attempt2/controller-model.h: OK
layout-attempt2/counters_only/node-model.diff: OK
layout-attempt2/counters_only/node.h: OK
layout-attempt2/gateway-idedata.json: OK
layout-attempt2/heltec_mobile-idedata.json: OK
layout-attempt2/historical/node-model.diff: OK
layout-attempt2/historical/node.h: OK
layout-attempt2/layout.cpp: OK
layout-attempt2/measurements.json: OK
layout-attempt2/native-idedata.json: OK
layout-attempt2/proposed/node-model.diff: OK
layout-attempt2/proposed/node.h: OK
logs/abi-baseline.log: OK
logs/conversion-compile.log: OK
logs/conversion-link.log: OK
logs/conversion-run.log: OK
logs/layout-attempt1-native-baseline.log: OK
logs/layout-attempt2-gateway-baseline.log: OK
logs/layout-attempt2-gateway-counters_only.log: OK
logs/layout-attempt2-gateway-historical.log: OK
logs/layout-attempt2-gateway-proposed.log: OK
logs/layout-attempt2-heltec_mobile-baseline.log: OK
logs/layout-attempt2-heltec_mobile-counters_only.log: OK
logs/layout-attempt2-heltec_mobile-historical.log: OK
logs/layout-attempt2-heltec_mobile-proposed.log: OK
logs/layout-attempt2-native-baseline.log: OK
logs/layout-attempt2-native-counters_only.log: OK
logs/layout-attempt2-native-historical.log: OK
logs/layout-attempt2-native-proposed.log: OK
logs/layout-gateway-baseline.log: OK
logs/layout-gateway-counters_only.log: OK
logs/layout-gateway-historical.log: OK
logs/layout-gateway-proposed.log: OK
logs/layout-heltec_mobile-baseline.log: OK
logs/layout-heltec_mobile-counters_only.log: OK
logs/layout-heltec_mobile-historical.log: OK
logs/layout-heltec_mobile-proposed.log: OK
logs/layout-native-baseline.log: OK
logs/layout-native-counters_only.log: OK
logs/layout-native-historical.log: OK
logs/layout-native-proposed.log: OK
logs/native-binary.log: OK
logs/native-build.log: OK
logs/offsets-gateway-baseline.log: OK
logs/offsets-gateway-proposed.log: OK
logs/offsets-heltec_mobile-baseline.log: OK
logs/offsets-heltec_mobile-proposed.log: OK
logs/offsets-initial-gateway-baseline.log: OK
logs/offsets-initial-gateway-proposed.log: OK
logs/offsets-initial-heltec_mobile-baseline.log: OK
logs/offsets-initial-heltec_mobile-proposed.log: OK
logs/offsets-initial-native-baseline.log: OK
logs/offsets-initial-native-proposed.log: OK
logs/offsets-native-baseline.log: OK
logs/offsets-native-proposed.log: OK
logs/reference-attempt1.log: OK
logs/reference.log: OK
native-results.json: OK
preparation-files/MEMORY.md: OK
preparation-files/docs/2026-07-30-open-bug-register.md: OK
preparation-files/docs/superpowers/plans/2026-09-03-remote-admin-v2-rulings.md: OK
preparation-files/docs/superpowers/plans/2026-09-17-radmin-slice8ac-controller-and-local-delivery.md: OK
preparation-files/docs/superpowers/specs/2026-08-23-remote-admin-independent-rpc-design.md: OK
preparation-files/tracker.md: OK
preparation-inputs.json: OK
preparation.patch: OK
preservation.json: OK
private-binary-inputs.json: OK
register-intake.patch: OK
scripts/mr-s8ac-conversion-proof.py: OK
scripts/mr-s8ac-layout-audit.py: OK
scripts/mr-s8ac-layout.py: OK
scripts/mr-s8ac-preflight-prepare.py: OK
scripts/mr-s8ac-source-audit.py: OK
source-anchors-initial.json: OK
source-anchors.json: OK
state.json: OK
status-before.txt: OK
