README.md: OK
fence-proof/compile-results.json: OK
fence-proof/legacy-test-census-initial.json: OK
fence-proof/legacy-test-census-method.txt: OK
fence-proof/legacy-test-census.json: OK
fence-proof/node_mac.cpp: OK
fence-proof/ownership-results.json: OK
inputs.json: OK
layout/controller-model.h: OK
layout/counters_only/node-model.diff: OK
layout/counters_only/node.h: OK
layout/gateway-idedata.json: OK
layout/heltec_mobile-idedata.json: OK
layout/historical/node-model.diff: OK
layout/historical/node.h: OK
layout/layout.cpp: OK
layout/measurements.json: OK
layout/native-idedata.json: OK
layout/offsets.cpp: OK
layout/offsets.json: OK
layout/proposed/node-model.diff: OK
layout/proposed/node.h: OK
layout/summary.json: OK
layout-audit-driver.py: OK
layout-driver.py: OK
logs/fence-gateway-baseline.log: OK
logs/fence-gateway-slot-removed.log: OK
logs/fence-heltec_mobile-baseline.log: OK
logs/fence-heltec_mobile-slot-removed.log: OK
logs/fence-native-baseline.log: OK
logs/fence-native-slot-removed.log: OK
logs/layout-gateway-baseline.log: OK
logs/layout-gateway-counters_only.log: OK
logs/layout-gateway-historical.log: OK
logs/layout-gateway-proposed.log: OK
logs/layout-heltec_mobile-baseline.log: OK
logs/layout-heltec_mobile-counters_only.log: OK
logs/layout-heltec_mobile-historical.log: OK
logs/layout-heltec_mobile-proposed.log: OK
logs/layout-native-baseline.log: OK
logs/layout-native-counters_only.log: OK
logs/layout-native-historical.log: OK
logs/layout-native-proposed.log: OK
logs/offsets-gateway-baseline.log: OK
logs/offsets-gateway-proposed.log: OK
logs/offsets-heltec_mobile-baseline.log: OK
logs/offsets-heltec_mobile-proposed.log: OK
logs/offsets-native-baseline.log: OK
logs/offsets-native-proposed.log: OK
mr-s8ac-r3-fence-proof.py: OK
mr-s8ac-r3-prepare.py: OK
preparation-files/MEMORY.md: OK
preparation-files/docs/2026-07-30-open-bug-register.md: OK
preparation-files/docs/superpowers/plans/2026-09-03-remote-admin-v2-rulings.md: OK
preparation-files/docs/superpowers/plans/2026-09-17-radmin-slice8ac-controller-and-local-delivery.md: OK
preparation-files/docs/superpowers/specs/2026-08-23-remote-admin-independent-rpc-design.md: OK
preparation-files/tracker.md: OK
preparation-inputs.json: OK
preparation.patch: OK
preservation.json: OK
private-objects.json: OK
receipt-append.patch: OK
register-intake.patch: OK
resume-changed-inputs.json: OK
source-anchors.json: OK
source-audit-driver.py: OK
state.json: OK
