Verbosity level can be increased via `-v, -vv, or -vvv` option
Collected 1 tests

Processing * in native environment
--------------------------------------------------------------------------------
Building...
test/test_node_r3.cpp: In function ‘void e2e_learn_peer(meshroute::Node&, {anonymous}::TestHal&, const meshroute::Identity&)’:
test/test_node_r3.cpp:8007:46: warning: unused parameter ‘hal’ [-Wunused-parameter]
 8007 | static void e2e_learn_peer(Node& A, TestHal& hal, const Identity& idB) {
      |                                     ~~~~~~~~~^~~
test/test_node_r3.cpp: In function ‘void DOCTEST_ANON_FUNC_519()’:
test/test_node_r3.cpp:8393:12: warning: unused variable ‘meta’ [-Wunused-variable]
 8393 |     RxMeta meta{8.0f, -80.0f, 0, -1};
      |            ^~~~
Testing...
test/test_custody_receive_g.cpp:2445: §B278-S3/20 the bounded translation action is 56 B of value types and costs Node nothing: CHECK( sizeof(Node) == 230976 ) is NOT correct!	[FAILED]
Program received signal SIGHUP (Hangup)
-------------------- native:* [ERRORED] Took 16.89 seconds --------------------

=================================== SUMMARY ===================================
Environment    Test    Status    Duration
-------------  ------  --------  ------------
native         *       ERRORED   00:00:16.885

============= 2 test cases: 1 failed, 0 succeeded in 00:00:16.885 =============
