Verbosity level can be increased via `-v, -vv, or -vvv` option
Collected 1 tests

Processing * in native environment
--------------------------------------------------------------------------------
Building...
test/test_node_remote_session.cpp: In function ‘void DOCTEST_ANON_FUNC_42()’:
test/test_node_remote_session.cpp:1334:21: warning: loop variable ‘pair’ creates a copy from type ‘const std::pair<unsigned char, long unsigned int>’ [-Wrange-loop-construct]
 1334 |     for (const auto pair : {std::pair<uint8_t,uint64_t>{0,1}, {1,2}, {2,3}, {0,4}}) {
      |                     ^~~~
test/test_node_remote_session.cpp:1334:21: note: use reference type to prevent copying
 1334 |     for (const auto pair : {std::pair<uint8_t,uint64_t>{0,1}, {1,2}, {2,3}, {0,4}}) {
      |                     ^~~~
      |                     &
Testing...
test/test_node_remote_session.cpp:1635: 8ac two Node loopback owns response bytes and all terminal meanings through real MAC intake: CHECK( sink.result==names[code] ) is NOT correct!	[FAILED]
Program received signal SIGHUP (Hangup)
--------------------- native:* [ERRORED] Took 6.97 seconds ---------------------

=================================== SUMMARY ===================================
Environment    Test    Status    Duration
-------------  ------  --------  ------------
native         *       ERRORED   00:00:06.973

============= 2 test cases: 1 failed, 0 succeeded in 00:00:06.973 =============
