== BASE
84edd3ebfb08d807645d077269bace145ac2a2ab
66
6585649ea5a780f0542b2931853a667be56a5b2b
e10153305f02cac1  lib/core/remote_client.h
8b96afc9d05429cd  lib/core/remote_client.cpp
6c47357b08bad6a2  lib/core/node.h
f33b971c89cfabd2  lib/core/node.cpp
8517502a36354ca8  lib/core/node_mac.cpp
2c198c142ac40f6d  lib/core/node_mac_rx.cpp
30c4791cb002684f  lib/core/node_hashlocate.cpp
3d5e226192f901fc  src/firmware_remote_client.h
d1156cf963a4e3ae  src/firmware_remote_client.cpp
761f3d43129e7c5b  src/firmware_commands.cpp
8c23d04b48259322  src/fw_main.cpp
a6a5471f3c812033  src/device_rng.h
56d68dd9270f6704  src/device_ble.h
5b3ab3fc15dd899a  src/firmware_command_authority.h
722253904b11888d  platformio.ini
== NATIVE
pio rc=0
prog rc=0
[doctest] test cases:   2950 |   2950 passed | 0 failed | 0 skipped
[doctest] assertions: 195768 | 195768 passed | 0 failed |
== REFERENCE (extended, strict 94 + old-89 identity + selftest)
rc=0
  resp_output_auth             ctl=0x03 outer=0xa1 key=session epoch_in_nonce=False nonce=cc8175a34361c80f0744009890b44dc455bb508ccc97fe75
  resp_terminal_auth           ctl=0x13 outer=0xa1 key=session epoch_in_nonce=False nonce=94f6c3d9bebaff786a5c96a23a923530e4efa25b63c35e51
  resp_bootstrap               ctl=0x23 outer=0xa1 key=base epoch_in_nonce=True nonce=9af77ceb80a62baaca897655e0e2336f5fae180e2732cc3d
Frozen independent inputs: five additions and all old 89 hashes match
Strict comparison: 94/94 literals match
Strict comparison: 89/89 literals match
Old-89 identity: 89/89 unchanged
COMPARATOR CONTROL RED (changed): MISMATCH kRefBody_resp_terminal_auth_code09 at byte 0
COMPARATOR CONTROL RED (missing): MISSING kRefBody_resp_terminal_auth_code09
COMPARATOR CONTROL RED (extra): EXTRA kRefExtra
COMPARATOR CONTROL RED (duplicate): duplicate/mis-sized literal: kRefBody_resp_terminal_auth_code09
COMPARATOR CONTROL RED (mis-sized): duplicate/mis-sized literal: kRefBody_resp_terminal_auth_code09
== REFERENCE slice9 (94 + legacy frame)
rc=0
LEGACY CONTROL RED (case removed): legacy case missing or duplicated
LEGACY CONTROL RED (literal removed): legacy literal missing, duplicated or outside its case
LEGACY CONTROL RED (one byte changed): legacy literal differs from the captured 40 bytes
LEGACY CONTROL RED (literal outside case): legacy literal missing, duplicated or outside its case
LEGACY CONTROL RED (decoder input disconnected): legacy literal is not the v2 decoder input
PASS: 94 unchanged independent arrays + 1 frozen legacy frame
== LUS before
0f9ac5efbcd4497136dbeb18d81ce0db  /home/staszek/lora-universal-simulator/build/orchestrator/lus
cmake rc=0
34
9
== LUS after
b3f5f0e76cc059229c4086a7470dc11c  /home/staszek/lora-universal-simulator/build/orchestrator/lus
== CORPUS
corpus rc=0
  [35/36] ok  s18_meshroute                                32afbf11 events=269517 (23.3s)
PASS: 36/36 streams produced and validated, 0 failures
  anchors: 36/36 rows reproduce simulation/BASELINE.md
0
== ABI
rc=0
  meshroute::Node                         235248/8 T              122176/8 T              157344/8 T *
PASS: board ABI (290 checks, 9/9 controls RED, 0 unusable)
== ROW ABI
rc=0
PASS: B278 production correlation-row ABI mirror (42 measurements, 6/6 controls RED)
== PROBE console_sink
rc=0
S-C34c ★★ §RADMIN slice 5: the IDENTITY service loses its live-install seam, so a root rotation never reaches the running node and the old pair keeps authenticating
S-C35 load_acl is re-pointed at the ADMIN slot (one record read through the other's name)
S-C39 factory_erase stops erasing wholesale on the ESP32 arm (the new records would SURVIVE a factory reset)
D-C11 the guard is gated on the WRONG capability (MR_FEAT_RADMIN_ACCEPT — the R-RA-8 inversion)
   -> extraction REFUSES: the 'write_err(out, cap, "admin-client", "console_only")' refusal is gated on 'MR_FEAT_RADMIN_ACCEPT', expecte
real sources verified UNCHANGED; 8 sink + 35 source + 23 help + 5 BLE + 22 radmin3 + 21 radmin4 controls run + 22 activation controls + 13 executor ownership controls (CONTROLS-TOTAL 149)
PINS profiles=6 checks=720 structural=83 ble_guard=905 ownership=6 ownership_controls=3 controls=149 unusable_controls=0
PASS: probe + structural + controls all green
== PROBE console_sink --no-neg
rc=0

PROBE-ONLY (negative controls SKIPPED) — this is NOT a gate result. Re-run without --no-neg.
== PROBE inbox_verbs
rc=0
  ok   C7  the dispatch arm routes `clear_inbox` to `handle_del_msg` instead -> RED (19 check(s) failed: W2 W3 W3 W3 W3 W3 W3 W3 W4b W4c W4d W4e W5 W5c W5d W6 W6b W7 W9 )
  ok   C8  the dispatch arm hands `do_regen` the GLOBAL console instead of its supplied `out` ([[B279]] restored) -> RED (15 check(s) failed: R2 R3 R12 R13 R14 R25 R26 Q12b Q12c Q12d Q12h C8-16 C8-16 C8-16 C8-16 )
  ok   C17 the TEXT arm drops print_reqpubkey_hint (a refusal names the wall but not the way round it) -> RED (1 check(s) failed: X13 )
  ok   C18 the TEXT arm writes to the global `mrcon` instead of the sink it was handed ([[B279]] shape) -> RED (4 check(s) failed: X18 Y2 Y2 Y2 )
  ok   C21 the TEXT arm executes the Node command TWICE (two ctrs burned, one answer printed) -> RED (4 check(s) failed: X6 Y4 Y4 Y4 )
probe: 457 checks against the REAL dispatch()+handle_clear_inbox, 0 failed (pin 457)
controls: 68 verified / 0 unusable (pin 68)
PASS
== PROBE inbox_verbs --no-neg
rc=0

BOTH ARMS PASS
== PROBE firmware_ui
rc=0
  ok   L7 the confirm and result arms are crossed (the wrong screen) -> RED (44 check(s) failed)
  ok   K5a the offer draws USE SAVED KEY on the BACK row too (the safe word gone from the safe arm) -> RED (2 check(s) failed)
checks per arm: l2 404 · v3 839
coverage: 703 of 840 checks (both arms, unioned) are reddened by at least one control
  (no control reddens) P15j ⛔ ...and the arm spent no durable write and applied nothing live
  (no control reddens) P26a ...while `list` still answers 17 records + the end record during the alarm
controls: 223 verified / 0 unusable
PASS
== PROBE firmware_ui --no-neg
rc=0
controls: 0 verified / 0 unusable
PASS
== PROBE custody_usb
rc=0
observer structure PASS: O4 one whole-push call uses current connection and flushes
  ok   U24 the custody switch arm delegates to the helper EXACTLY ONCE, and nothing else does
  ok   U26 the switch arm holds no target selection, no counter choice and no wording
probe: 27 ok, 0 failed
  ok   C1  the `fw_main.cpp` switch arm no longer calls the renderer -> RED (1 check(s) failed)
probe: 27 checks against the REAL print_custody_failure(), 0 failed (pin 27)
controls: 10 verified / 0 unusable (pin 10)
PASS
== PROBE custody_usb --no-neg
rc=0
probe: 27 checks against the REAL print_custody_failure(), 0 failed (pin 27)
PROBE-ONLY — NOT A GATE (controls skipped; run without --no-neg to gate)
== PROBE ble_line
rc=0
probe: 55 checks against the REAL device_ble.h intake, 0 failed
probe: 55 checks against the REAL device_ble.h intake, 0 failed (pin 55)
controls: 12 verified / 0 unusable (pin 12)
PASS
== PROBE ble_line --no-neg
rc=0
probe: 55 checks against the REAL device_ble.h intake, 0 failed (pin 55)
PROBE-ONLY — NOT A GATE (controls skipped; run without --no-neg to gate)
== PROBE features
rc=0
  ctl-ok   W-S5-GATE-PURE-SESSION -> REJECTED by O1 — ★ §RADMIN slice 5: the PURE SESSION IMPLEMENTATION acquires a capability macro — the [[B255]] idiom's own violation, which would stop the native suite driving the classifier, the crypto and the expiry at all
  ctl-ok   W-S5-GATE-PURE-RUNTIME -> REJECTED by O1 — §RADMIN slice 5: the PURE prepare/commit/discard SEAM acquires a capability macro — the same violation on the file that owns the durable/live ORDERING
  ctl-ok   W-S4-GATE-PURE -> REJECTED by O1 — §RADMIN slice 4: a PURE CONTROLLER SERVICE HEADER acquires a capability macro — the [[B255]] idiom's own violation, which would stop the native suite exercising the keyring's arms at all
  ctl-ok   W-S4-GATE-PURE-VERBS -> REJECTED by O1 — §RADMIN slice 4: the CONTROLLER VERB header acquires a capability macro — the same violation on the file that owns R-RA-30's split predicate, which the BLE guard's extractor compiles UNGATED
ownership controls: 43 verified / 0 unusable
matrix: 9 configuration cells (pin 9), 112 checks against the REAL mr_features.h, 0 failed (pin 112)
controls: 58 verified / 0 unusable (pin 58)
PASS
== PROBE features --no-neg
rc=0
matrix: 9 configuration cells (pin 9), 112 checks against the REAL mr_features.h, 0 failed (pin 112)
PROBE-ONLY — NOT A GATE (controls skipped; run without --no-neg to gate)
== PROBE deferred_actions
rc=0
b0-p1 150 checks 39 transcripts PASS
b1-p1 151 checks 39 transcripts PASS
b2-p1 158 checks 39 transcripts PASS
b2-p0 158 checks 39 transcripts PASS
40 controls compile/assertion RED
== PROBE deferred_actions --no-neg
rc=0
b2-p0 158 checks 39 transcripts PASS
ACTION PROBE PASS; output=/tmp/mr-action-probe-ym25fof1
== PROBE inbox_verbs CLIENT arm
rc=0
  ok   C8  the dispatch arm hands `do_regen` the GLOBAL console instead of its supplied `out` ([[B279]] restored) -> RED (15 check(s) failed: R2 R3 R12 R13 R14 R25 R26 Q12b Q12c Q12d Q12h C8-16 C8-16 C8-16 C8-16 )
  ok   C17 the TEXT arm drops print_reqpubkey_hint (a refusal names the wall but not the way round it) -> RED (1 check(s) failed: X13 )
  ok   C18 the TEXT arm writes to the global `mrcon` instead of the sink it was handed ([[B279]] shape) -> RED (4 check(s) failed: X18 Y2 Y2 Y2 )
  ok   C21 the TEXT arm executes the Node command TWICE (two ctrs burned, one answer printed) -> RED (4 check(s) failed: X6 Y4 Y4 Y4 )
controls: 68 verified / 0 unusable (pin 68)
PASS
== BOARD-UI supplemental (expect exactly W49/W51/W54, B418)
rc=1
  FAIL W49 the ONE dispatch() reaches handle_ui with the line+2/len-2 slice, INSIDE the B255 gate (not wired i
  FAIL W51 ble_dispatch_line has NO ui arm of its own and keeps the shared dispatch fallback (not wired in fw_
  FAIL W54 every /mrui site (include, the ONE instance, boot restore, handle_ui, status, help) is MR_FEAT_OLED
structural: 23 passed / 0 failed / 23 total
wiring:     56 passed / 3 failed / 59 total; 171 negative control(s) verified RED
== ABSENCE (executable uses of deleted symbols)
raw=44 noncomment=32
     10 tools/probe_console_sink/structural.py
      5 tools/probe_deferred_actions/remote_rows.h
      4 src/firmware_commands.cpp
      3 tools/probe_console_sink/negctl.py
      3 src/fw_main.cpp
      2 src/firmware_config.cpp
      1 tools/probe_inbox_verbs/probe_main.cpp
      1 tools/probe_deferred_actions/controls.py
      1 tools/gen_command_inventory.py
      1 src/fw_context.h
      1 lib/core/node.h
== UNITTEST
rc=0
Ran 349 tests in 689.108s
OK
== INVENTORY
write rc=0
 1 file changed, 164 insertions(+), 184 deletions(-)
bare rc=0
gen_command_inventory: PASS: /home/staszek/MeshRoute/docs/superpowers/evidence/2026-09-04-radmin-command-inventory.md matches fresh generation byte-for-byte (197 command rows)
check rc=0
gen_command_inventory: PASS: /home/staszek/MeshRoute/docs/superpowers/evidence/2026-09-04-radmin-command-inventory.md matches fresh generation byte-for-byte (197 command rows)
== AUTHORITY
rc=0
PASS: command authority — ruled table / production header / generated inventory agree
selftest rc=0
7
RED: surface mark dropped -> authority/surface mark disagreement at src/firmware_help.h:161
PASS: command authority — ruled table / production header / generated inventory agree; 6/6 selftests RED
== A0
rc=0
== DTL
rc=0
       semantic set = 21 current allocated value(s) | the 19 pre-transition ordinals
== DIFF CHECK
mr rc=0
sim rc=0
== CENSUS
rc=0
env                   objs      warn    expect  -Wswitch        RAM      Flash  verdict
gateway_heltec         329       171       171         0     238932    1337876  ok
gateway_heltec_v4      330       175       175         0     239204    1335936  ok
heltec_mobile          329       175       175         0     211764    1394520  ok
heltec_v3              329       175       175         0     214148    1392156  ok
heltec_v4              330       179       179         0     214420    1390156  ok
heltec_v4_mobile       330       179       179         0     212036    1392568  ok
PASS — 6 OLED env(s) match their pinned warning baseline
== BOARD PAIR
rc=0
  RAM=203820 flash=572224 objects=285
  RAM=211764 flash=1394520 objects=329
gateway elf=4bcd5858b869449a
heltec_mobile elf=2a3904fa82dd6a6a
== XIAO one-off
rc=0
RAM: [======= ] 75.0% (used 176596 bytes from 235520 bytes)
Flash: [========= ] 86.3% (used 699548 bytes from 811008 bytes)
