[  2%] Built target meshroute_monocypher
[ 15%] Built target lus_core
[ 16%] Building CXX object CMakeFiles/meshroute_console.dir/home/staszek/MeshRoute/lib/console/console_json.cpp.o
[ 18%] Building CXX object CMakeFiles/meshroute_console.dir/orchestrator/runtime/ConsoleNames.cpp.o
[ 19%] Building CXX object CMakeFiles/meshroute_core_gw.dir/home/staszek/MeshRoute/lib/core/node_routing.cpp.o
[ 20%] Building CXX object CMakeFiles/meshroute_core_gw.dir/home/staszek/MeshRoute/lib/core/node.cpp.o
[ 22%] Building CXX object CMakeFiles/meshroute_core_gw.dir/home/staszek/MeshRoute/lib/core/node_beacon.cpp.o
[ 25%] Building CXX object CMakeFiles/meshroute_core_gw.dir/home/staszek/MeshRoute/lib/core/node_mac_rx.cpp.o
[ 25%] Building CXX object CMakeFiles/meshroute_core_gw.dir/home/staszek/MeshRoute/lib/core/node_mac.cpp.o
[ 26%] Building CXX object CMakeFiles/meshroute_core_normal.dir/home/staszek/MeshRoute/lib/core/node.cpp.o
[ 27%] Building CXX object CMakeFiles/meshroute_core_normal.dir/home/staszek/MeshRoute/lib/core/node_beacon.cpp.o
[ 29%] Building CXX object CMakeFiles/meshroute_core_gw.dir/home/staszek/MeshRoute/lib/core/node_route_discovery.cpp.o
In member function ‘void meshroute::Node::set_window_anchors(uint8_t)’,
    inlined from ‘bool meshroute::Node::on_init(const meshroute::NodeConfig&)’ at /home/staszek/MeshRoute/lib/core/node.cpp:666:27:
/home/staszek/MeshRoute/lib/core/node.cpp:1159:28: warning: array subscript 1 is above array bounds of ‘meshroute::Node::LayerRuntime [1]’ [-Warray-bounds]
 1159 |     _layers[1 - active_leaf]._next_open_ms = now + to_boundary;    // the other opens at the ABSOLUTE grid boundary (slip-robust)
      |     ~~~~~~~~~~~~~~~~~~~~~~~^
In file included from /home/staszek/MeshRoute/lib/core/node.cpp:14:
/home/staszek/MeshRoute/lib/core/node.h: In member function ‘bool meshroute::Node::on_init(const meshroute::NodeConfig&)’:
/home/staszek/MeshRoute/lib/core/node.h:4037:19: note: while referencing ‘meshroute::Node::_layers’
 4037 |     LayerRuntime  _layers[MR_N_LAYERS];
      |                   ^~~~~~~
[ 30%] Building CXX object CMakeFiles/meshroute_core_gw.dir/home/staszek/MeshRoute/lib/core/node_query.cpp.o
[ 31%] Building CXX object CMakeFiles/meshroute_core_normal.dir/home/staszek/MeshRoute/lib/core/node_routing.cpp.o
[ 33%] Building CXX object CMakeFiles/meshroute_core_gw.dir/home/staszek/MeshRoute/lib/core/node_channel.cpp.o
[ 34%] Building CXX object CMakeFiles/meshroute_core_normal.dir/home/staszek/MeshRoute/lib/core/node_mac.cpp.o
[ 36%] Building CXX object CMakeFiles/meshroute_core_gw.dir/home/staszek/MeshRoute/lib/core/node_hashlocate.cpp.o
[ 37%] Building CXX object CMakeFiles/meshroute_core_normal.dir/home/staszek/MeshRoute/lib/core/node_mac_rx.cpp.o
[ 38%] Building CXX object CMakeFiles/meshroute_core_gw.dir/home/staszek/MeshRoute/lib/core/node_join.cpp.o
[ 40%] Building CXX object CMakeFiles/meshroute_core_gw.dir/home/staszek/MeshRoute/lib/core/node_mobile.cpp.o
[ 41%] Linking CXX static library libmeshroute_console.a
[ 43%] Building CXX object CMakeFiles/meshroute_core_normal.dir/home/staszek/MeshRoute/lib/core/node_route_discovery.cpp.o
[ 44%] Building CXX object CMakeFiles/meshroute_core_gw.dir/home/staszek/MeshRoute/lib/core/node_budget.cpp.o
[ 45%] Building CXX object CMakeFiles/meshroute_core_gw.dir/home/staszek/MeshRoute/lib/core/node_cascade.cpp.o
[ 45%] Built target meshroute_console
[ 47%] Building CXX object CMakeFiles/meshroute_core_gw.dir/orchestrator/runtime/NodeRuntimeWrapper.cpp.o
[ 48%] Building CXX object CMakeFiles/meshroute_core_normal.dir/home/staszek/MeshRoute/lib/core/node_query.cpp.o
[ 50%] Building CXX object CMakeFiles/meshroute_core_normal.dir/home/staszek/MeshRoute/lib/core/node_channel.cpp.o
[ 51%] Building CXX object CMakeFiles/meshroute_core_normal.dir/home/staszek/MeshRoute/lib/core/node_hashlocate.cpp.o
[ 52%] Building CXX object CMakeFiles/meshroute_core_normal.dir/home/staszek/MeshRoute/lib/core/node_join.cpp.o
[ 54%] Building CXX object CMakeFiles/meshroute_core_normal.dir/home/staszek/MeshRoute/lib/core/node_mobile.cpp.o
[ 55%] Building CXX object CMakeFiles/meshroute_core_normal.dir/home/staszek/MeshRoute/lib/core/node_budget.cpp.o
[ 56%] Building CXX object CMakeFiles/meshroute_core_normal.dir/home/staszek/MeshRoute/lib/core/node_cascade.cpp.o
[ 58%] Building CXX object CMakeFiles/meshroute_core_normal.dir/orchestrator/runtime/NodeRuntimeWrapper.cpp.o
[ 59%] Linking CXX static library libmeshroute_core_gw.a
[ 61%] Linking CXX static library libmeshroute_core_normal.a
[ 73%] Built target meshroute_core_normal
[ 86%] Built target meshroute_core_gw
[ 87%] Linking CXX executable lus
[100%] Built target lus
