== radmin8client 15:26:20
rc=0
  [w0]   ok   clean baseline 2950 / 195768 / 0   (DERIVED from this tree)
  [w1]   ok   clean baseline 2950 / 195768 / 0   (DERIVED from this tree)
  ok   clean baseline 2950 / 195768 / 0   (DERIVED per worker tree; 3 tree(s) agree)
mutations: 57 RED / 0 unusable
== radmin8verbs 15:28:33
rc=0
  [w0]   ok   clean baseline 2950 / 195768 / 0   (DERIVED from this tree)
  [w1]   ok   clean baseline 2950 / 195768 / 0   (DERIVED from this tree)
  ok   clean baseline 2950 / 195768 / 0   (DERIVED per worker tree; 3 tree(s) agree)
mutations: 27 RED / 0 unusable
== radmin8brx 15:30:09
rc=0
  [w0]   ok   clean baseline 2950 / 195768 / 0   (DERIVED from this tree)
  [w1]   ok   clean baseline 2950 / 195768 / 0   (DERIVED from this tree)
  ok   clean baseline 2950 / 195768 / 0   (DERIVED per worker tree; 3 tree(s) agree)
mutations: 18 RED / 0 unusable
== radmin8node 15:30:56
rc=0
  [w0] -- baseline gate: THIS WORKER'S OWN clean tree must run 0 FAILED; its own counts become this shard's baseline
  [w0]   ok   clean baseline 2950 / 195768 / 0   (DERIVED from this tree)
  ok   clean baseline 2950 / 195768 / 0   (DERIVED per worker tree; 1 tree(s) agree)
mutations: 1 RED / 0 unusable
== radmin8rng 15:31:25
rc=0
  [w0] -- baseline gate: THIS WORKER'S OWN clean tree must run 0 FAILED; its own counts become this shard's baseline
  [w0]   ok   clean baseline 2950 / 195768 / 0   (DERIVED from this tree)
  ok   clean baseline 2950 / 195768 / 0   (DERIVED per worker tree; 1 tree(s) agree)
mutations: 1 RED / 0 unusable
== radmin73action 15:31:36
rc=0
  [w2]   ok   clean baseline 2950 / 195768 / 0   (DERIVED from this tree)
  [w1]   ok   clean baseline 2950 / 195768 / 0   (DERIVED from this tree)
  ok   clean baseline 2950 / 195768 / 0   (DERIVED per worker tree; 3 tree(s) agree)
mutations: 35 RED / 0 unusable
== radmin73node 15:32:37
rc=0
  [w0]   ok   clean baseline 2950 / 195768 / 0   (DERIVED from this tree)
  [w2]   ok   clean baseline 2950 / 195768 / 0   (DERIVED from this tree)
  ok   clean baseline 2950 / 195768 / 0   (DERIVED per worker tree; 3 tree(s) agree)
mutations: 5 RED / 0 unusable
== radmin73convert 15:32:57
rc=0
  [w2]   ok   clean baseline 2950 / 195768 / 0   (DERIVED from this tree)
  [w1]   ok   clean baseline 2950 / 195768 / 0   (DERIVED from this tree)
  ok   clean baseline 2950 / 195768 / 0   (DERIVED per worker tree; 3 tree(s) agree)
mutations: 10 RED / 0 unusable
== radmin7rx 15:33:25
rc=0
  [w2]   ok   clean baseline 2950 / 195768 / 0   (DERIVED from this tree)
  [w1]   ok   clean baseline 2950 / 195768 / 0   (DERIVED from this tree)
  ok   clean baseline 2950 / 195768 / 0   (DERIVED per worker tree; 3 tree(s) agree)
mutations: 16 RED / 0 unusable
== radmin7exec 15:34:12
rc=0
  [w0]   ok   clean baseline 2950 / 195768 / 0   (DERIVED from this tree)
  [w2]   ok   clean baseline 2950 / 195768 / 0   (DERIVED from this tree)
  ok   clean baseline 2950 / 195768 / 0   (DERIVED per worker tree; 3 tree(s) agree)
mutations: 20 RED / 0 unusable
== radmin7transcript 15:35:21
rc=0
  [w1]   ok   clean baseline 2950 / 195768 / 0   (DERIVED from this tree)
  [w0]   ok   clean baseline 2950 / 195768 / 0   (DERIVED from this tree)
  ok   clean baseline 2950 / 195768 / 0   (DERIVED per worker tree; 3 tree(s) agree)
mutations: 20 RED / 0 unusable
== actionadmit 15:36:01
rc=0
  [w0]   ok   clean baseline 2950 / 195768 / 0   (DERIVED from this tree)
  [w1]   ok   clean baseline 2950 / 195768 / 0   (DERIVED from this tree)
  ok   clean baseline 2950 / 195768 / 0   (DERIVED per worker tree; 3 tree(s) agree)
mutations: 10 RED / 0 unusable
== radmin5rx 15:36:29
rc=0
  [w2]   ok   clean baseline 2950 / 195768 / 0   (DERIVED from this tree)
  [w0]   ok   clean baseline 2950 / 195768 / 0   (DERIVED from this tree)
  ok   clean baseline 2950 / 195768 / 0   (DERIVED per worker tree; 3 tree(s) agree)
mutations: 14 RED / 0 unusable
== sliceDtoken 15:37:39
rc=0
  [w1]   ok   clean baseline 2950 / 195768 / 0   (DERIVED from this tree)
  [w0]   ok   clean baseline 2950 / 195768 / 0   (DERIVED from this tree)
  ok   clean baseline 2950 / 195768 / 0   (DERIVED per worker tree; 2 tree(s) agree)
mutations: 2 RED / 0 unusable
== radmin2codec 15:38:04
rc=0
  [w2]   ok   clean baseline 2950 / 195768 / 0   (DERIVED from this tree)
  [w0]   ok   clean baseline 2950 / 195768 / 0   (DERIVED from this tree)
  ok   clean baseline 2950 / 195768 / 0   (DERIVED per worker tree; 3 tree(s) agree)
mutations: 105 RED / 0 unusable
== a0rx 15:41:25
rc=0
  [w2]   ok   clean baseline 2950 / 195768 / 0   (DERIVED from this tree)
  [w0]   ok   clean baseline 2950 / 195768 / 0   (DERIVED from this tree)
  ok   clean baseline 2950 / 195768 / 0   (DERIVED per worker tree; 3 tree(s) agree)
mutations: 7 RED / 0 unusable
== b134ack 15:41:52
rc=0
  [w1]   ok   clean baseline 2950 / 195768 / 0   (DERIVED from this tree)
  [w0]   ok   clean baseline 2950 / 195768 / 0   (DERIVED from this tree)
  ok   clean baseline 2950 / 195768 / 0   (DERIVED per worker tree; 2 tree(s) agree)
mutations: 2 RED / 0 unusable
== b134inbox 15:42:09
rc=0
  [w2]   ok   clean baseline 2950 / 195768 / 0   (DERIVED from this tree)
  [w0]   ok   clean baseline 2950 / 195768 / 0   (DERIVED from this tree)
  ok   clean baseline 2950 / 195768 / 0   (DERIVED per worker tree; 3 tree(s) agree)
mutations: 5 RED / 0 unusable
== b134ram 15:42:28
rc=0
  [w1]   ok   clean baseline 2950 / 195768 / 0   (DERIVED from this tree)
  [w0]   ok   clean baseline 2950 / 195768 / 0   (DERIVED from this tree)
  ok   clean baseline 2950 / 195768 / 0   (DERIVED per worker tree; 3 tree(s) agree)
mutations: 3 RED / 0 unusable
== b134store 15:42:45
rc=0
  [w0]   ok   G08 ★★★ begin()'s FRESH-baseline save goes back to persisting nothing — the store runs with no topology, epoch or high-water on the medium, and a reboot inside the first seq batch REUSES sequences over a live log -> RED (7 assertion(s) failed, match count 1)
  ok   clean baseline 2950 / 195768 / 0   (DERIVED per worker tree; 3 tree(s) agree)
  ok   G08 ★★★ begin()'s FRESH-baseline save goes back to persisting nothing — the store runs with no topology, epoch or high-water on the medium, and a reboot inside the first seq batch REUSES sequences over a live log -> RED (7 assertion(s) failed, match count 1)
mutations: 39 RED / 0 unusable
== b159mac 15:44:19
rc=0
  [w0]   ok   clean baseline 2950 / 195768 / 0   (DERIVED from this tree)
  [w1]   ok   clean baseline 2950 / 195768 / 0   (DERIVED from this tree)
  ok   clean baseline 2950 / 195768 / 0   (DERIVED per worker tree; 2 tree(s) agree)
mutations: 2 RED / 0 unusable
== b159map 15:44:32
rc=0
  [w0]   ok   clean baseline 2950 / 195768 / 0   (DERIVED from this tree)
  [w1]   ok   clean baseline 2950 / 195768 / 0   (DERIVED from this tree)
  ok   clean baseline 2950 / 195768 / 0   (DERIVED per worker tree; 2 tree(s) agree)
mutations: 2 RED / 0 unusable
== b159rx 15:44:46
rc=0
  [w2]   ok   clean baseline 2950 / 195768 / 0   (DERIVED from this tree)
  [w0]   ok   clean baseline 2950 / 195768 / 0   (DERIVED from this tree)
  ok   clean baseline 2950 / 195768 / 0   (DERIVED per worker tree; 3 tree(s) agree)
mutations: 3 RED / 0 unusable
== b161hash 15:45:02
rc=0
  [w0]   ok   clean baseline 2950 / 195768 / 0   (DERIVED from this tree)
  [w2]   ok   clean baseline 2950 / 195768 / 0   (DERIVED from this tree)
  ok   clean baseline 2950 / 195768 / 0   (DERIVED per worker tree; 3 tree(s) agree)
mutations: 6 RED / 0 unusable
== b161mac 15:45:23
rc=0
  [w0] -- baseline gate: THIS WORKER'S OWN clean tree must run 0 FAILED; its own counts become this shard's baseline
  [w0]   ok   clean baseline 2950 / 195768 / 0   (DERIVED from this tree)
  ok   clean baseline 2950 / 195768 / 0   (DERIVED per worker tree; 1 tree(s) agree)
mutations: 1 RED / 0 unusable
== b161rx 15:45:35
rc=0
  [w2]   ok   clean baseline 2950 / 195768 / 0   (DERIVED from this tree)
  [w0]   ok   clean baseline 2950 / 195768 / 0   (DERIVED from this tree)
  ok   clean baseline 2950 / 195768 / 0   (DERIVED per worker tree; 3 tree(s) agree)
mutations: 8 RED / 0 unusable
== b20codec 15:46:02
rc=0
  [w0]   ok   clean baseline 2950 / 195768 / 0   (DERIVED from this tree)
  [w1]   ok   clean baseline 2950 / 195768 / 0   (DERIVED from this tree)
  ok   clean baseline 2950 / 195768 / 0   (DERIVED per worker tree; 3 tree(s) agree)
mutations: 5 RED / 0 unusable
== b20mac 15:47:13
rc=0
  [w0]   ok   clean baseline 2950 / 195768 / 0   (DERIVED from this tree)
  [w2]   ok   clean baseline 2950 / 195768 / 0   (DERIVED from this tree)
  ok   clean baseline 2950 / 195768 / 0   (DERIVED per worker tree; 3 tree(s) agree)
mutations: 11 RED / 0 unusable
== b251hash 15:47:45
rc=0
  [w2]   ok   clean baseline 2950 / 195768 / 0   (DERIVED from this tree)
  [w0]   ok   clean baseline 2950 / 195768 / 0   (DERIVED from this tree)
  ok   clean baseline 2950 / 195768 / 0   (DERIVED per worker tree; 3 tree(s) agree)
mutations: 55 RED / 0 unusable
== b251rx 15:49:42
rc=0
  [w2]   ok   clean baseline 2950 / 195768 / 0   (DERIVED from this tree)
  [w1]   ok   clean baseline 2950 / 195768 / 0   (DERIVED from this tree)
  ok   clean baseline 2950 / 195768 / 0   (DERIVED per worker tree; 3 tree(s) agree)
mutations: 19 RED / 0 unusable
== cmdauthority 15:50:32
rc=0
  [w0]   ok   clean baseline 2950 / 195768 / 0   (DERIVED from this tree)
  [w2]   ok   clean baseline 2950 / 195768 / 0   (DERIVED from this tree)
  ok   clean baseline 2950 / 195768 / 0   (DERIVED per worker tree; 3 tree(s) agree)
mutations: 16 RED / 0 unusable
== consoleline 15:51:32
rc=0
  [w2]   ok   clean baseline 2950 / 195768 / 0   (DERIVED from this tree)
  [w1]   ok   clean baseline 2950 / 195768 / 0   (DERIVED from this tree)
  ok   clean baseline 2950 / 195768 / 0   (DERIVED per worker tree; 3 tree(s) agree)
mutations: 12 RED / 0 unusable
== devicenv 15:52:21
rc=0
  [w1]   ok   clean baseline 2950 / 195768 / 0   (DERIVED from this tree)
  [w2]   ok   clean baseline 2950 / 195768 / 0   (DERIVED from this tree)
  ok   clean baseline 2950 / 195768 / 0   (DERIVED per worker tree; 3 tree(s) agree)
mutations: 42 RED / 0 unusable
== fwactivation 15:56:48
rc=0
  [w1]   ok   clean baseline 2950 / 195768 / 0   (DERIVED from this tree)
  [w0]   ok   clean baseline 2950 / 195768 / 0   (DERIVED from this tree)
  ok   clean baseline 2950 / 195768 / 0   (DERIVED per worker tree; 3 tree(s) agree)
mutations: 10 RED / 0 unusable
== grantadmit 15:57:16
rc=0
  [w0] -- baseline gate: THIS WORKER'S OWN clean tree must run 0 FAILED; its own counts become this shard's baseline
  [w0]   ok   clean baseline 2950 / 195768 / 0   (DERIVED from this tree)
  ok   clean baseline 2950 / 195768 / 0   (DERIVED per worker tree; 1 tree(s) agree)
mutations: 1 RED / 0 unusable
== grantpark 15:57:28
rc=0
  [w2]   ok   clean baseline 2950 / 195768 / 0   (DERIVED from this tree)
  [w0]   ok   clean baseline 2950 / 195768 / 0   (DERIVED from this tree)
  ok   clean baseline 2950 / 195768 / 0   (DERIVED per worker tree; 3 tree(s) agree)
mutations: 3 RED / 0 unusable
== macwait 15:57:43
rc=0
  [w0]   ok   clean baseline 2950 / 195768 / 0   (DERIVED from this tree)
  [w2]   ok   clean baseline 2950 / 195768 / 0   (DERIVED from this tree)
  ok   clean baseline 2950 / 195768 / 0   (DERIVED per worker tree; 3 tree(s) agree)
mutations: 10 RED / 0 unusable
== radmin3acl 15:58:15
rc=0
  [w0]   ok   clean baseline 2950 / 195768 / 0   (DERIVED from this tree)
  [w2]   ok   clean baseline 2950 / 195768 / 0   (DERIVED from this tree)
  ok   clean baseline 2950 / 195768 / 0   (DERIVED per worker tree; 3 tree(s) agree)
mutations: 36 RED / 0 unusable
== radmin3id 16:00:16
rc=0
  [w0]   ok   clean baseline 2950 / 195768 / 0   (DERIVED from this tree)
  [w2]   ok   clean baseline 2950 / 195768 / 0   (DERIVED from this tree)
  ok   clean baseline 2950 / 195768 / 0   (DERIVED per worker tree; 3 tree(s) agree)
mutations: 23 RED / 0 unusable
== radmin3verbs 16:01:41
rc=0
  [w2]   ok   clean baseline 2950 / 195768 / 0   (DERIVED from this tree)
  [w1]   ok   clean baseline 2950 / 195768 / 0   (DERIVED from this tree)
  ok   clean baseline 2950 / 195768 / 0   (DERIVED per worker tree; 3 tree(s) agree)
mutations: 28 RED / 0 unusable
== radmin5runtime 16:03:23
rc=0
  [w0]   ok   clean baseline 2950 / 195768 / 0   (DERIVED from this tree)
  [w1]   ok   clean baseline 2950 / 195768 / 0   (DERIVED from this tree)
  ok   clean baseline 2950 / 195768 / 0   (DERIVED per worker tree; 3 tree(s) agree)
mutations: 16 RED / 0 unusable
== radmin5session 16:03:57
rc=0
  [w1]   ok   clean baseline 2950 / 195768 / 0   (DERIVED from this tree)
  [w2]   ok   clean baseline 2950 / 195768 / 0   (DERIVED from this tree)
  ok   clean baseline 2950 / 195768 / 0   (DERIVED per worker tree; 3 tree(s) agree)
mutations: 25 RED / 0 unusable
== radmin72rx 16:04:46
rc=0
  [w2]   ok   clean baseline 2950 / 195768 / 0   (DERIVED from this tree)
  [w1]   ok   clean baseline 2950 / 195768 / 0   (DERIVED from this tree)
  ok   clean baseline 2950 / 195768 / 0   (DERIVED per worker tree; 3 tree(s) agree)
mutations: 15 RED / 0 unusable
== radmin72session 16:05:26
rc=0
  [w2]   ok   clean baseline 2950 / 195768 / 0   (DERIVED from this tree)
  [w0]   ok   clean baseline 2950 / 195768 / 0   (DERIVED from this tree)
  ok   clean baseline 2950 / 195768 / 0   (DERIVED per worker tree; 3 tree(s) agree)
mutations: 36 RED / 0 unusable
== remoteactivation 16:06:29
rc=0
  [w1]   ok   clean baseline 2950 / 195768 / 0   (DERIVED from this tree)
  [w2]   ok   clean baseline 2950 / 195768 / 0   (DERIVED from this tree)
  ok   clean baseline 2950 / 195768 / 0   (DERIVED per worker tree; 3 tree(s) agree)
mutations: 22 RED / 0 unusable
== sliceAinbox 16:07:16
rc=0
  [w0] -- baseline gate: THIS WORKER'S OWN clean tree must run 0 FAILED; its own counts become this shard's baseline
  [w0]   ok   clean baseline 2950 / 195768 / 0   (DERIVED from this tree)
  ok   clean baseline 2950 / 195768 / 0   (DERIVED per worker tree; 1 tree(s) agree)
mutations: 1 RED / 0 unusable
== sliceAjson 16:07:27
rc=0
  [w0] -- baseline gate: THIS WORKER'S OWN clean tree must run 0 FAILED; its own counts become this shard's baseline
  [w0]   ok   clean baseline 2950 / 195768 / 0   (DERIVED from this tree)
  ok   clean baseline 2950 / 195768 / 0   (DERIVED per worker tree; 1 tree(s) agree)
mutations: 1 RED / 0 unusable
== sliceBmac 16:07:39
rc=1
  [w0]   FAIL M04 ★★ THE HELPER CALL IN `do_data_tx`'s PACK-FAILED PATH IS DELETED — the SEVENTH site this sweep found reverts to destroying an admitted carrier in total silence, grant included ([[B268]] blocker-1) — the suite still PASSES; nothing measures this
  ok   clean baseline 2950 / 195768 / 0   (DERIVED per worker tree; 3 tree(s) agree)
  FAIL M04 ★★ THE HELPER CALL IN `do_data_tx`'s PACK-FAILED PATH IS DELETED — the SEVENTH site this sweep found reverts to destroying an admitted carrier in total silence, grant included ([[B268]] blocker-1) — the suite still PASSES; nothing measures this
mutations: 3 RED / 1 unusable
== sliceBnode 16:07:59
rc=0
  [w0]   ok   clean baseline 2950 / 195768 / 0   (DERIVED from this tree)
  [w2]   ok   clean baseline 2950 / 195768 / 0   (DERIVED from this tree)
  ok   clean baseline 2950 / 195768 / 0   (DERIVED per worker tree; 3 tree(s) agree)
mutations: 8 RED / 0 unusable
== sliceBrx 16:08:25
rc=0
  [w1]   ok   clean baseline 2950 / 195768 / 0   (DERIVED from this tree)
  [w0]   ok   clean baseline 2950 / 195768 / 0   (DERIVED from this tree)
  ok   clean baseline 2950 / 195768 / 0   (DERIVED per worker tree; 3 tree(s) agree)
mutations: 16 RED / 0 unusable
== sliceCinbox 16:09:09
rc=0
  [w0]   ok   clean baseline 2950 / 195768 / 0   (DERIVED from this tree)
  [w1]   ok   clean baseline 2950 / 195768 / 0   (DERIVED from this tree)
  ok   clean baseline 2950 / 195768 / 0   (DERIVED per worker tree; 2 tree(s) agree)
mutations: 2 RED / 0 unusable
== sliceCpull 16:09:47
rc=0
  [w1]   ok   clean baseline 2950 / 195768 / 0   (DERIVED from this tree)
  [w0]   ok   clean baseline 2950 / 195768 / 0   (DERIVED from this tree)
  ok   clean baseline 2950 / 195768 / 0   (DERIVED per worker tree; 2 tree(s) agree)
mutations: 2 RED / 0 unusable
== sliceDack 16:09:59
rc=0
  [w0] -- baseline gate: THIS WORKER'S OWN clean tree must run 0 FAILED; its own counts become this shard's baseline
  [w0]   ok   clean baseline 2950 / 195768 / 0   (DERIVED from this tree)
  ok   clean baseline 2950 / 195768 / 0   (DERIVED per worker tree; 1 tree(s) agree)
mutations: 1 RED / 0 unusable
== sliceDclear 16:10:15
rc=0
  [w2]   ok   clean baseline 2950 / 195768 / 0   (DERIVED from this tree)
  [w1]   ok   clean baseline 2950 / 195768 / 0   (DERIVED from this tree)
  ok   clean baseline 2950 / 195768 / 0   (DERIVED per worker tree; 3 tree(s) agree)
mutations: 5 RED / 0 unusable
== sliceDstore 16:10:34
rc=0
  [w1]   ok   clean baseline 2950 / 195768 / 0   (DERIVED from this tree)
  [w0]   ok   clean baseline 2950 / 195768 / 0   (DERIVED from this tree)
  ok   clean baseline 2950 / 195768 / 0   (DERIVED per worker tree; 3 tree(s) agree)
mutations: 3 RED / 0 unusable
== sliceEnode 16:10:50
rc=0
  [w0]   ok   clean baseline 2950 / 195768 / 0   (DERIVED from this tree)
  [w2]   ok   clean baseline 2950 / 195768 / 0   (DERIVED from this tree)
  ok   clean baseline 2950 / 195768 / 0   (DERIVED per worker tree; 3 tree(s) agree)
mutations: 3 RED / 0 unusable
== sliceGinbox 16:11:06
rc=0
  [w1]   ok   clean baseline 2950 / 195768 / 0   (DERIVED from this tree)
  [w2]   ok   clean baseline 2950 / 195768 / 0   (DERIVED from this tree)
  ok   clean baseline 2950 / 195768 / 0   (DERIVED per worker tree; 3 tree(s) agree)
mutations: 4 RED / 0 unusable
== sliceGjson 16:11:24
rc=0
  [w0]   ok   clean baseline 2950 / 195768 / 0   (DERIVED from this tree)
  [w1]   ok   clean baseline 2950 / 195768 / 0   (DERIVED from this tree)
  ok   clean baseline 2950 / 195768 / 0   (DERIVED per worker tree; 3 tree(s) agree)
mutations: 16 RED / 0 unusable
== sliceGrx 16:12:04
rc=0
  ok   G11 ★★★ §13.2 AN UNPARSEABLE INNER BECOMES A SILENT CONSUME — the frame is still dropped, but the ruled bounded `custody_failure_reject` never fires, so a malformed-input population becomes invisible to the operator, the corpus instrument and the bug register at once -> RED (1 assertion(s) failed, match count 1)
  ok   G25 ★★★ THE LIVE PUSH IS SUPPRESSED WHEN STORAGE IS DISABLED — §7.3 rules the opposite: the receipt still emits ONE push carrying `seq = 0`. A node with no inbox backend (every simulator node, and any board built without one) would go silent on the whole diagnostic. ⓘ The anchor carries the line ABOVE it: a bare `enqueue_push(pu);` matches several sites in this file and the entry went VACUOUS at match count 3 -> RED (11 assertion(s) failed, match count 1)
  ok   S77 ★★★ §B278 S4 THE FACTUAL TELEMETRY REPORTS THE CARRIER'S ORIGIN — `custody_failure_rx` names the translating home as the reporter, so the corpus instrument and the operator see a different identity from the one the store and the Push carry. ⛔ One selected identity, three surfaces -> RED (1 assertion(s) failed, match count 1)
mutations: 42 RED / 0 unusable
== teamgrant 16:13:37
rc=0
  [w0]   ok   clean baseline 2950 / 195768 / 0   (DERIVED from this tree)
  [w1]   ok   clean baseline 2950 / 195768 / 0   (DERIVED from this tree)
  ok   clean baseline 2950 / 195768 / 0   (DERIVED per worker tree; 3 tree(s) agree)
mutations: 4 RED / 0 unusable
== teamkeyring 16:14:02
rc=0
  [w0]   ok   T59 ★★★ THE COMPACTION BECOMES A SWAP-WITH-THE-LAST — the survivors are re-ordered under the operator's cursor between one removal and the next, and the tail wipe then clears a slot the swap already overwrote -> RED (4 assertion(s) failed, match count 1)
  ok   clean baseline 2950 / 195768 / 0   (DERIVED per worker tree; 3 tree(s) agree)
  ok   T59 ★★★ THE COMPACTION BECOMES A SWAP-WITH-THE-LAST — the survivors are re-ordered under the operator's cursor between one removal and the next, and the tail wipe then clears a slot the swap already overwrote -> RED (4 assertion(s) failed, match count 1)
mutations: 68 RED / 0 unusable
