observer structure PASS: O1 sole observer is in push drain
observer structure PASS: O2 observer follows completed generic BLE fanout
observer structure PASS: O3 observer is CLIENT guarded with a call-scoped sink
observer structure PASS: O4 one whole-push call uses current connection and flushes
observer structure control RED: missing lookup
observer structure control RED: wrong lookup context
observer structure control RED: missing observer
observer structure control RED: before fanout
...
  ok   U16 the node-id target word is the SAME on USB and in JSON
  ok   U17 the hash target word is the SAME on USB and in JSON
  ok   U18 the target hash renders in the SAME canonical 8-digit lower-case form on both surfaces
  ok   U19 the node-id target VALUE is the same on both surfaces
  ok   U20 `mobile_ctr` is the same on both surfaces
  ok   U21 `delegated` is the same boolean on both surfaces
  ok   U22 the existing `ctr` field still means ctrH on both surfaces
  ok   U23 `fw_main.cpp` was read
  ok   U24 the custody switch arm delegates to the helper EXACTLY ONCE, and nothing else does
  ok   U25 `fw_main.cpp` holds no custody parser and no second decode of its own
  ok   U26 the switch arm holds no target selection, no counter choice and no wording
  ok   U27 the helper header defines `print_custody_failure` exactly once
probe: 27 ok, 0 failed

== negative controls (each MUST turn the probe RED) ==
  ok   a real SIGSEGV classifies as UNUSABLE, and 1/3 red · 0/0 passes · 1/0 silent still discriminate
  ok   C1  the `fw_main.cpp` switch arm no longer calls the renderer -> RED (1 check(s) failed)
  ok   C2  the DIRECT line renames `ctr=` to `ctrh=` -> RED (5 check(s) failed)
  ok   C3  the translated block is never entered (a translated record renders as a direct one) -> RED (11 check(s) failed)
  ok   C4  `mobile_ctr` prints the HOME counter instead of ctrM -> RED (5 check(s) failed)
  ok   C5  the target KIND word is hard-wired to "node_id" -> RED (2 check(s) failed)
  ok   C6  BOTH `target_id` and `target_hash` are printed -> RED (3 check(s) failed)
  ok   C7  a `via_home` alias is added beside the target -> RED (3 check(s) failed)
  ok   C8  the `NOT proof the destination missed it` warning is dropped -> RED (5 check(s) failed)
  ok   C9  an unparseable record is dropped SILENTLY instead of loudly -> RED (1 check(s) failed)

tree unchanged: the real sources' md5 is identical before and after (be7d8f886b0ba087f31d0be8f5a23fc4)
probe: 27 checks against the REAL print_custody_failure(), 0 failed (pin 27)
controls: 10 verified / 0 unusable (pin 10)
PASS
=== --no-neg tail ===

tree unchanged: the real sources' md5 is identical before and after (be7d8f886b0ba087f31d0be8f5a23fc4)
probe: 27 checks against the REAL print_custody_failure(), 0 failed (pin 27)
PROBE-ONLY — NOT A GATE (controls skipped; run without --no-neg to gate)
