== §0f BLE inbound-line probe (the REAL src/device_ble.h intake + the real pack_unicast_inner) ==
   header under test : /home/staszek/MeshRoute/src/device_ble.h
   md5(header)       : 686fbcc09bba3b233407c75cc2b99264
== §0f BLE inbound-line probe (the REAL src/device_ble.h intake) ==
   compiled header FNV-1a-64 = 0x6e74566b592595ce   inspected: /home/staszek/MeshRoute/src/device_ble.h
   derived: send=265  send_layer=274 (body cap 226, path 11, XL inner overhead 15)  remote=261  =>  storage=275
  ok   A1  the COMPILED header and the INSPECTED header are the same text (FNV-1a-64 pin)
  ok   A2  the header source was read
...
  ok   D1 complete 245..256-byte direct reply survives
  ok   D2 every notification respects negotiated ATT payload
  ok   E1 checked SoftDevice entropy accumulates partial pool reads
  ok   E2 all eight bytes come from the provider in order
  ok   E3 pool status failure refuses
  ok   E4 vector status failure refuses
  ok   E5 empty pool reaches bounded failure
  ok   E6 stalled peripheral fails and is stopped
  ok   E7 null nonempty destination refuses before hardware access

probe: 55 checks against the REAL device_ble.h intake, 0 failed

== negative controls (each MUST turn the probe RED) ==
  ok   N0 a real SIGSEGV classifies as UNUSABLE, and 1/3 red · 0/0 passes · 1/0 silent still discriminate
  ok   N1 the 160-byte literal buffer is restored -> RED (12 check(s) failed: A3 A11 C5 C6 C7 C9 C10 C11 C12 C13 C23 C26 )
  ok   N2 the derived extent is replaced by a naked literal of the same value -> RED (2 check(s) failed: A3 A11 )
  ok   N3 the intake admits `g_pos == sizeof(g_line)` (one byte too many) -> RED (5 check(s) failed: A9 C20 C21 C22 C26 )
  ok   N4 the overflow refusal branch never fires (silent truncation) -> RED (6 check(s) failed: C20 C21 C22 C24 C25 C26 )
  ok   N5 an overflowed line is refused AND its truncated prefix is dispatched -> RED (6 check(s) failed: C20 C21 C22 C24 C25 C26 )
  ok   N6 the intake state is not reset after a refusal (the console wedges) -> RED (9 check(s) failed: C23 C25 C26 D1 D1 D1 D2 D1 D2 )
  ok   E8 failed pool reports success -> RED (1 check(s) failed: E3 )
  ok   E9 failed vector reports success -> RED (1 check(s) failed: E4 )
  ok   E10 stalled pool reports success -> RED (1 check(s) failed: E5 )
  ok   N8 direct reply bypasses the bounded writer -> RED (4 check(s) failed: D2 D2 D2 D2 )
  ok   N7 the compiled header and the inspected header differ (source-integrity pin) -> RED (1 check(s) failed: A1 )

tree unchanged: the real sources' md5 is identical before and after (5e8f06afdae84a45a1672dfe05e71cd5)
probe: 55 checks against the REAL device_ble.h intake, 0 failed (pin 55)
controls: 12 verified / 0 unusable (pin 12)
PASS
=== --no-neg tail ===

tree unchanged: the real sources' md5 is identical before and after (5e8f06afdae84a45a1672dfe05e71cd5)
probe: 55 checks against the REAL device_ble.h intake, 0 failed (pin 55)
PROBE-ONLY — NOT A GATE (controls skipped; run without --no-neg to gate)
