== §CUSTODY-D inbox-verb wiring probe (real dispatch() + real handle_clear_inbox, host-linked) ==
executor symbol ownership: client PASS
== §CUSTODY-D inbox-verb wiring probe (REAL dispatch() + REAL handle_clear_inbox, host-linked) ==
  ok   W1  dispatch() OWNS `clear_inbox` (the router reaches the verb at all)
  ok   W1b ...and routed it to NO other verb's handler (saw '')
  ok   W2  bare `clear_inbox` answers EXACTLY the needs_confirm line [{"ack":"clear_inbox","result":"needs_confirm"}
]
  ok   W2b ...and NEITHER store was wiped (dm=0 ch=0)
...
  ok   C8-C11 main-loop binding does not service controller -> RED (1 check(s) failed: C8-L2 )
    source match count 1
  ok   C8-C12 real key use binding ignores captured rows -> RED (1 check(s) failed: C8-K5 )
    source match count 1
  ok   C8-C13 real target use binding ignores captured rows -> RED (1 check(s) failed: C8-K6 )
    source match count 1
  ok   C8-C14 status request_table_pressure value lost -> RED (1 check(s) failed: C8-S1 )
    source match count 1
  ok   C8-C15 status assembly_failure value lost -> RED (1 check(s) failed: C8-S1 )
    source match count 1
  ok   C8-C16 status unmatched_response value lost -> RED (1 check(s) failed: C8-S1 )
    source match count 1
  ok   C8-C17 status auth_failure value lost -> RED (1 check(s) failed: C8-S1 )
    source match count 1
  ok   C8-C18 status local_result_pressure value lost -> RED (1 check(s) failed: C8-S1 )
    source match count 1
  ok   C8-C19 status radio_enqueue_failure value lost -> RED (1 check(s) failed: C8-S1 )
    source match count 1
  ok   C8-C22 real Node lookup ignores binding -> RED (3 check(s) failed: C8-B12 C8-B14 C8-B15 )
    source match count 1
  ok   C8-C20 dormant ACK debt status omitted -> RED (1 check(s) failed: C8-B6 )
    source match count 1
  ok   C8-C21 observer bytes never reach delivery -> RED (9 check(s) failed: C8-B1 C8-B1 C8-B4 C8-B8 C8-B9 C8-B11 C8-B13 C8-B16 C8-B17 )
    source match count 1
  ok   C8-C22 disconnected BLE receives observations -> RED (4 check(s) failed: C8-L1 C8-L4 C8-B2 C8-B4 )

tree unchanged: the real sources' md5 is identical before and after (415f04f491659946afd5c88786c3d120)
probe: 457 checks against the REAL dispatch()+handle_clear_inbox, 0 failed (pin 457)
controls: 68 verified / 0 unusable (pin 68)
PASS
=== --no-neg tail ===
