-- target b159rx: /tmp/mr-qa-s7b20-gate-qfpdn1ul/mutations/lib/core/node_mac_rx.cpp (3 entries)
-- selection: IN FULL (all 3 entries)
-- workers: 3
-- scratch root: /tmp/mr_mutation_run-jq4ui4dr   (removed on exit; MR_MUT_KEEP_SCRATCH=1 to keep)
  [w0] -- target b159rx: /tmp/mr_mutation_run-jq4ui4dr/w0/lib/core/node_mac_rx.cpp (1 of 3 entries in this shard)
  [w0] -- baseline gate: THIS WORKER'S OWN clean tree must run 0 FAILED; its own counts become this shard's baseline
  [w1] -- target b159rx: /tmp/mr_mutation_run-jq4ui4dr/w1/lib/core/node_mac_rx.cpp (1 of 3 entries in this shard)
  [w2] -- target b159rx: /tmp/mr_mutation_run-jq4ui4dr/w2/lib/core/node_mac_rx.cpp (1 of 3 entries in this shard)
  [w1] -- baseline gate: THIS WORKER'S OWN clean tree must run 0 FAILED; its own counts become this shard's baseline
  [w2] -- baseline gate: THIS WORKER'S OWN clean tree must run 0 FAILED; its own counts become this shard's baseline
  [w0]   ok   clean baseline 2888 / 172264 / 0   (DERIVED from this tree)
  [w2]   ok   clean baseline 2888 / 172264 / 0   (DERIVED from this tree)
  [w1]   ok   clean baseline 2888 / 172264 / 0   (DERIVED from this tree)
  [w0]   ok   B09 the dedup ignores expiry — a genuinely-new flight reusing the identity is SUPPRESSED (over-correction) -> RED (1 assertion(s) failed, match count 1)
  [w0] source restored: md5 2e7f9edaa9d48e072f3e061ac411f322 (MATCHES)
  [w0] shard 0: 1 RED / 0 unusable   (of 1 entries)
  [w2]   ok   B11 capacity pressure REFUSES the new key instead of rolling the oldest -> RED (2 assertion(s) failed, match count 1)
  [w2] source restored: md5 2e7f9edaa9d48e072f3e061ac411f322 (MATCHES)
  [w2] shard 2: 1 RED / 0 unusable   (of 1 entries)
  [w1]   ok   B10 the expiry PRUNE is removed — the clearing term the B239 audit rests on -> RED (1 assertion(s) failed, match count 1)
  [w1] source restored: md5 2e7f9edaa9d48e072f3e061ac411f322 (MATCHES)
  [w1] shard 1: 1 RED / 0 unusable   (of 1 entries)

======================================================================================================================
-- MERGED REPORT — target b159rx: /tmp/mr-qa-s7b20-gate-qfpdn1ul/mutations/lib/core/node_mac_rx.cpp
  ok   clean baseline 2888 / 172264 / 0   (DERIVED per worker tree; 3 tree(s) agree)
  ok   B09 the dedup ignores expiry — a genuinely-new flight reusing the identity is SUPPRESSED (over-correction) -> RED (1 assertion(s) failed, match count 1)
  ok   B10 the expiry PRUNE is removed — the clearing term the B239 audit rests on -> RED (1 assertion(s) failed, match count 1)
  ok   B11 capacity pressure REFUSES the new key instead of rolling the oldest -> RED (2 assertion(s) failed, match count 1)
  worker 0: 1/1 entries, 1 RED / 0 worthless, wall 8.5s, rc 0, source restored: md5 2e7f9edaa9d48e072f3e061ac411f322 (MATCHES)   /tmp/mr_mutation_run-jq4ui4dr/w0
  worker 1: 1/1 entries, 1 RED / 0 worthless, wall 8.8s, rc 0, source restored: md5 2e7f9edaa9d48e072f3e061ac411f322 (MATCHES)   /tmp/mr_mutation_run-jq4ui4dr/w1
  worker 2: 1/1 entries, 1 RED / 0 worthless, wall 8.7s, rc 0, source restored: md5 2e7f9edaa9d48e072f3e061ac411f322 (MATCHES)   /tmp/mr_mutation_run-jq4ui4dr/w2
real tree untouched: all 56 target files byte-identical to launch (md5); no build ran in /tmp/mr-qa-s7b20-gate-qfpdn1ul/mutations
timing: copy 0.6s + battery 8.8s = 9.5s total, 3 entries over 3 worker(s)
mutations: 3 RED / 0 unusable
