-- target cmdauthority: /tmp/mr-qa-s7b20-gate-qfpdn1ul/mutations/src/firmware_command_authority.h (16 entries)
-- selection: IN FULL (all 16 entries)
-- workers: 4
-- scratch root: /tmp/mr_mutation_run-eqpvmlnq   (removed on exit; MR_MUT_KEEP_SCRATCH=1 to keep)
  [w3] -- target cmdauthority: /tmp/mr_mutation_run-eqpvmlnq/w3/src/firmware_command_authority.h (4 of 16 entries in this shard)
  [w3] -- baseline gate: THIS WORKER'S OWN clean tree must run 0 FAILED; its own counts become this shard's baseline
  [w2] -- target cmdauthority: /tmp/mr_mutation_run-eqpvmlnq/w2/src/firmware_command_authority.h (4 of 16 entries in this shard)
  [w2] -- baseline gate: THIS WORKER'S OWN clean tree must run 0 FAILED; its own counts become this shard's baseline
  [w0] -- target cmdauthority: /tmp/mr_mutation_run-eqpvmlnq/w0/src/firmware_command_authority.h (4 of 16 entries in this shard)
  [w0] -- baseline gate: THIS WORKER'S OWN clean tree must run 0 FAILED; its own counts become this shard's baseline
  [w1] -- target cmdauthority: /tmp/mr_mutation_run-eqpvmlnq/w1/src/firmware_command_authority.h (4 of 16 entries in this shard)
  [w1] -- baseline gate: THIS WORKER'S OWN clean tree must run 0 FAILED; its own counts become this shard's baseline
  [w0]   ok   clean baseline 2888 / 172264 / 0   (DERIVED from this tree)
  [w2]   ok   clean baseline 2888 / 172264 / 0   (DERIVED from this tree)
  [w3]   ok   clean baseline 2888 / 172264 / 0   (DERIVED from this tree)
  [w1]   ok   clean baseline 2888 / 172264 / 0   (DERIVED from this tree)
  [w0]   ok   A01 security configuration downgraded -> RED (1 assertion(s) failed, match count 1)
  [w3]   ok   A04 open commands inherit arguments -> RED (8 assertion(s) failed, match count 1)
  [w2]   ok   A03 physical reset admitted to a remote owner -> RED (1 assertion(s) failed, match count 1)
  [w1]   ok   A02 acl list incorrectly physical remotely -> RED (1 assertion(s) failed, match count 1)
  [w0]   ok   A05 operator gains owner authority -> RED (5 assertion(s) failed, match count 1)
  [w3]   ok   A08 unknown command acquires a default policy -> RED (7 assertion(s) failed, match count 1)
  [w2]   ok   A07 local no longer admits unconditionally -> RED (8 assertion(s) failed, match count 1)
  [w1]   ok   A06 remote owner gains physical authority -> RED (1 assertion(s) failed, match count 1)
  [w0]   ok   A09 shortest verb wins -> RED (63 assertion(s) failed, match count 1)
  [w3]   ok   A12 primary token boundary disappears -> RED (3 assertion(s) failed, match count 1)
  [w2]   ok   A11 owner-prefixed legacy subcommand falls to a weaker family -> RED (3 assertion(s) failed, match count 1)
  [w1]   ok   A10 shortest subverb wins -> RED (94 assertion(s) failed, match count 1)
  [w3]   ok   A16 first matching row wins before the most-specific policy -> RED (100 assertion(s) failed, match count 1)
  [w0]   ok   A13 alias spellings are ignored -> RED (4 assertion(s) failed, match count 1)
  [w0] source restored: md5 401ed4d149fc410899f51d98fac667c1 (MATCHES)
  [w0] shard 0: 4 RED / 0 unusable   (of 4 entries)
  [w3] source restored: md5 401ed4d149fc410899f51d98fac667c1 (MATCHES)
  [w3] shard 3: 4 RED / 0 unusable   (of 4 entries)
  [w2]   ok   A15 inter-token spaces bypass the stronger subcommand -> RED (100 assertion(s) failed, match count 1)
  [w2] source restored: md5 401ed4d149fc410899f51d98fac667c1 (MATCHES)
  [w2] shard 2: 4 RED / 0 unusable   (of 4 entries)
  [w1]   ok   A14 team mint loses its disruptive flag -> RED (2 assertion(s) failed, match count 1)
  [w1] source restored: md5 401ed4d149fc410899f51d98fac667c1 (MATCHES)
  [w1] shard 1: 4 RED / 0 unusable   (of 4 entries)

======================================================================================================================
-- MERGED REPORT — target cmdauthority: /tmp/mr-qa-s7b20-gate-qfpdn1ul/mutations/src/firmware_command_authority.h
  ok   clean baseline 2888 / 172264 / 0   (DERIVED per worker tree; 4 tree(s) agree)
  ok   A01 security configuration downgraded -> RED (1 assertion(s) failed, match count 1)
  ok   A02 acl list incorrectly physical remotely -> RED (1 assertion(s) failed, match count 1)
  ok   A03 physical reset admitted to a remote owner -> RED (1 assertion(s) failed, match count 1)
  ok   A04 open commands inherit arguments -> RED (8 assertion(s) failed, match count 1)
  ok   A05 operator gains owner authority -> RED (5 assertion(s) failed, match count 1)
  ok   A06 remote owner gains physical authority -> RED (1 assertion(s) failed, match count 1)
  ok   A07 local no longer admits unconditionally -> RED (8 assertion(s) failed, match count 1)
  ok   A08 unknown command acquires a default policy -> RED (7 assertion(s) failed, match count 1)
  ok   A09 shortest verb wins -> RED (63 assertion(s) failed, match count 1)
  ok   A10 shortest subverb wins -> RED (94 assertion(s) failed, match count 1)
  ok   A11 owner-prefixed legacy subcommand falls to a weaker family -> RED (3 assertion(s) failed, match count 1)
  ok   A12 primary token boundary disappears -> RED (3 assertion(s) failed, match count 1)
  ok   A13 alias spellings are ignored -> RED (4 assertion(s) failed, match count 1)
  ok   A14 team mint loses its disruptive flag -> RED (2 assertion(s) failed, match count 1)
  ok   A15 inter-token spaces bypass the stronger subcommand -> RED (100 assertion(s) failed, match count 1)
  ok   A16 first matching row wins before the most-specific policy -> RED (100 assertion(s) failed, match count 1)
  worker 0: 4/4 entries, 4 RED / 0 worthless, wall 19.6s, rc 0, source restored: md5 401ed4d149fc410899f51d98fac667c1 (MATCHES)   /tmp/mr_mutation_run-eqpvmlnq/w0
  worker 1: 4/4 entries, 4 RED / 0 worthless, wall 20.0s, rc 0, source restored: md5 401ed4d149fc410899f51d98fac667c1 (MATCHES)   /tmp/mr_mutation_run-eqpvmlnq/w1
  worker 2: 4/4 entries, 4 RED / 0 worthless, wall 19.6s, rc 0, source restored: md5 401ed4d149fc410899f51d98fac667c1 (MATCHES)   /tmp/mr_mutation_run-eqpvmlnq/w2
  worker 3: 4/4 entries, 4 RED / 0 worthless, wall 19.6s, rc 0, source restored: md5 401ed4d149fc410899f51d98fac667c1 (MATCHES)   /tmp/mr_mutation_run-eqpvmlnq/w3
real tree untouched: all 56 target files byte-identical to launch (md5); no build ran in /tmp/mr-qa-s7b20-gate-qfpdn1ul/mutations
timing: copy 0.8s + battery 20.1s = 20.9s total, 16 entries over 4 worker(s)
mutations: 16 RED / 0 unusable
