-- target radmin7exec: /tmp/mr-qa-s7b20-gate-qfpdn1ul/mutations/src/firmware_remote_executor.h (11 entries)
-- selection: IN FULL (all 11 entries)
-- workers: 4
-- scratch root: /tmp/mr_mutation_run-8u81l8i5   (removed on exit; MR_MUT_KEEP_SCRATCH=1 to keep)
  [w1] -- target radmin7exec: /tmp/mr_mutation_run-8u81l8i5/w1/src/firmware_remote_executor.h (3 of 11 entries in this shard)
  [w1] -- baseline gate: THIS WORKER'S OWN clean tree must run 0 FAILED; its own counts become this shard's baseline
  [w2] -- target radmin7exec: /tmp/mr_mutation_run-8u81l8i5/w2/src/firmware_remote_executor.h (3 of 11 entries in this shard)
  [w2] -- baseline gate: THIS WORKER'S OWN clean tree must run 0 FAILED; its own counts become this shard's baseline
  [w0] -- target radmin7exec: /tmp/mr_mutation_run-8u81l8i5/w0/src/firmware_remote_executor.h (3 of 11 entries in this shard)
  [w0] -- baseline gate: THIS WORKER'S OWN clean tree must run 0 FAILED; its own counts become this shard's baseline
  [w3] -- target radmin7exec: /tmp/mr_mutation_run-8u81l8i5/w3/src/firmware_remote_executor.h (2 of 11 entries in this shard)
  [w3] -- baseline gate: THIS WORKER'S OWN clean tree must run 0 FAILED; its own counts become this shard's baseline
  [w2]   ok   clean baseline 2888 / 172264 / 0   (DERIVED from this tree)
  [w3]   ok   clean baseline 2888 / 172264 / 0   (DERIVED from this tree)
  [w0]   ok   clean baseline 2888 / 172264 / 0   (DERIVED from this tree)
  [w1]   ok   clean baseline 2888 / 172264 / 0   (DERIVED from this tree)
  [w2]   ok   E03 dispatch without reservation -> RED (9 assertion(s) failed, match count 1)
  [w3]   ok   E04 reserve at storage rather than carrier cap -> RED (6 assertion(s) failed, match count 1)
  [w0]   ok   E01 ignore queue pacing -> RED (5 assertion(s) failed, match count 1)
  [w1]   ok   E02 only queued consumes pass -> RED (6 assertion(s) failed, match count 1)
  [w2]   ok   E07 remote context becomes local -> RED (23 assertion(s) failed, match count 1)
  [w3]   ok   E08 disruptive remote handler called -> RED (12 assertion(s) failed, match count 1)
  [w3] source restored: md5 bc7b2b09749989229b1aaca9861ca4f4 (MATCHES)
  [w3] shard 3: 2 RED / 0 unusable   (of 2 entries)
  [w0]   ok   E05 operators become owners -> RED (1 assertion(s) failed, match count 1)
  [w1]   ok   E06 authenticated slot lost -> RED (4 assertion(s) failed, match count 1)
  [w2]   ok   E11 one request dispatched twice -> RED (105 assertion(s) failed, match count 1)
  [w2] source restored: md5 bc7b2b09749989229b1aaca9861ca4f4 (MATCHES)
  [w2] shard 2: 3 RED / 0 unusable   (of 3 entries)
  [w0]   ok   E09 unclassified collapses into refused -> RED (1 assertion(s) failed, match count 1)
  [w0] source restored: md5 bc7b2b09749989229b1aaca9861ca4f4 (MATCHES)
  [w0] shard 0: 3 RED / 0 unusable   (of 3 entries)
  [w1]   ok   E10 internal failure becomes success -> RED (2 assertion(s) failed, match count 1)
  [w1] source restored: md5 bc7b2b09749989229b1aaca9861ca4f4 (MATCHES)
  [w1] shard 1: 3 RED / 0 unusable   (of 3 entries)

======================================================================================================================
-- MERGED REPORT — target radmin7exec: /tmp/mr-qa-s7b20-gate-qfpdn1ul/mutations/src/firmware_remote_executor.h
  ok   clean baseline 2888 / 172264 / 0   (DERIVED per worker tree; 4 tree(s) agree)
  ok   E01 ignore queue pacing -> RED (5 assertion(s) failed, match count 1)
  ok   E02 only queued consumes pass -> RED (6 assertion(s) failed, match count 1)
  ok   E03 dispatch without reservation -> RED (9 assertion(s) failed, match count 1)
  ok   E04 reserve at storage rather than carrier cap -> RED (6 assertion(s) failed, match count 1)
  ok   E05 operators become owners -> RED (1 assertion(s) failed, match count 1)
  ok   E06 authenticated slot lost -> RED (4 assertion(s) failed, match count 1)
  ok   E07 remote context becomes local -> RED (23 assertion(s) failed, match count 1)
  ok   E08 disruptive remote handler called -> RED (12 assertion(s) failed, match count 1)
  ok   E09 unclassified collapses into refused -> RED (1 assertion(s) failed, match count 1)
  ok   E10 internal failure becomes success -> RED (2 assertion(s) failed, match count 1)
  ok   E11 one request dispatched twice -> RED (105 assertion(s) failed, match count 1)
  worker 0: 3/3 entries, 3 RED / 0 worthless, wall 15.9s, rc 0, source restored: md5 bc7b2b09749989229b1aaca9861ca4f4 (MATCHES)   /tmp/mr_mutation_run-8u81l8i5/w0
  worker 1: 3/3 entries, 3 RED / 0 worthless, wall 16.0s, rc 0, source restored: md5 bc7b2b09749989229b1aaca9861ca4f4 (MATCHES)   /tmp/mr_mutation_run-8u81l8i5/w1
  worker 2: 3/3 entries, 3 RED / 0 worthless, wall 15.7s, rc 0, source restored: md5 bc7b2b09749989229b1aaca9861ca4f4 (MATCHES)   /tmp/mr_mutation_run-8u81l8i5/w2
  worker 3: 2/2 entries, 2 RED / 0 worthless, wall 12.3s, rc 0, source restored: md5 bc7b2b09749989229b1aaca9861ca4f4 (MATCHES)   /tmp/mr_mutation_run-8u81l8i5/w3
real tree untouched: all 56 target files byte-identical to launch (md5); no build ran in /tmp/mr-qa-s7b20-gate-qfpdn1ul/mutations
timing: copy 0.8s + battery 16.1s = 16.9s total, 11 entries over 4 worker(s)
mutations: 11 RED / 0 unusable
