-- target b134store: /tmp/mr-s9-r4-j37ybea_/union-inputs/lib/core/segmented_inbox_store.h (39 entries)
-- selection: IN FULL (all 39 entries)
-- workers: 3
-- scratch root: /tmp/mr_mutation_run-6kfprm72   (removed on exit; MR_MUT_KEEP_SCRATCH=1 to keep)
  [w0] -- target b134store: /tmp/mr_mutation_run-6kfprm72/w0/lib/core/segmented_inbox_store.h (13 of 39 entries in this shard)
  [w0] -- baseline gate: THIS WORKER'S OWN clean tree must run 0 FAILED; its own counts become this shard's baseline
  [w1] -- target b134store: /tmp/mr_mutation_run-6kfprm72/w1/lib/core/segmented_inbox_store.h (13 of 39 entries in this shard)
  [w1] -- baseline gate: THIS WORKER'S OWN clean tree must run 0 FAILED; its own counts become this shard's baseline
  [w2] -- target b134store: /tmp/mr_mutation_run-6kfprm72/w2/lib/core/segmented_inbox_store.h (13 of 39 entries in this shard)
  [w2] -- baseline gate: THIS WORKER'S OWN clean tree must run 0 FAILED; its own counts become this shard's baseline
  [w1]   ok   clean baseline 2950 / 195768 / 0   (DERIVED from this tree)
  [w2]   ok   clean baseline 2950 / 195768 / 0   (DERIVED from this tree)
  [w0]   ok   clean baseline 2950 / 195768 / 0   (DERIVED from this tree)
  [w2]   ok   G04 ★★ wipe() also resets next_seq — 'a wipe means start over' makes a wiped store REUSE sequences the companion has already filed, which no epoch bump can repair -> RED (16 assertion(s) failed, match count 1)
  [w1]   ok   G02 ★★ wipe() erases the records but leaves the ring bookkeeping stale (its nRF52 twin's shape) — the store resumes at a head that describes bytes that no longer exist -> RED (3 assertion(s) failed, match count 1)
  [w0]   ok   G01 ★★★ wipe() reverts to the base NO-OP — `factory_reset confirm` and `prep-restart` leave the ENTIRE durable history on the medium, which is the exact state [[B134]] exists to end -> RED (29 assertion(s) failed, match count 1)
  [w1]   ok   G06 ★★★ the RETRY-BEFORE-WRITE latch is dropped — after one failed save the store keeps accepting records under a topology the medium does not have, and never re-persists it either -> RED (3 assertion(s) failed, match count 1)
  [w2]   ok   G07 ★★ the retry is attempted but its RESULT is ignored — 'we tried, carry on': the append proceeds under the same unpersisted topology it was supposed to refuse -> RED (2 assertion(s) failed, match count 1)
  [w0]   ok   G05 ★★★ THE BLOCKER VERBATIM: the ROTATION's save_meta() result is discarded again — the head moves, the record is written and `append` returns TRUE while the persisted meta still points at the OLD head, so a reboot loses an ACKNOWLEDGED record and a tombstone written this way lets the deleted message COME BACK -> RED (9 assertion(s) failed, match count 1)
  [w1]   ok   G09 ★★ begin()'s §10.1 epoch-bump save is unchecked — the records were wiped, the bump never reaches the medium, and the companion keeps its cursors against a history that no longer exists -> RED (1 assertion(s) failed, match count 1)
  [w2]   ok   G10 ★★ the ROLL's target-segment erase is unchecked — stale lapped bytes survive into the new head and read_since parses them as frames (the §B135 mis-parse arriving from the other end) -> RED (2 assertion(s) failed, match count 1)
  [w0]   ok   G08 ★★★ begin()'s FRESH-baseline save goes back to persisting nothing — the store runs with no topology, epoch or high-water on the medium, and a reboot inside the first seq batch REUSES sequences over a live log -> RED (7 assertion(s) failed, match count 1)
  [w0]   ok   G11 ★★★ wipe() ignores every erase result — `prep-restart` and `factory_reset` report a cleared inbox over records that are still RECOVERABLE on flash (a data-retention lie, the worst direction) -> RED (3 assertion(s) failed, match count 1)
  [w2]   ok   G13 ★★ wipe() STOPS at the first failing segment — same `false`, but strictly MORE recoverable history left behind, which is the opposite of what a destructive verb owes -> RED (1 assertion(s) failed, match count 1)
  [w1]   ok   G12 ★★ wipe() ignores the metadata half — the segments went but the topology saying so did not, and the verb still claims success -> RED (2 assertion(s) failed, match count 1)
  [w1]   ok   G16 ★★★ the INSPECTION FAILURE is mapped onto 'no records' — the other door into the same silent re-init: a records store that could not ANSWER is treated as one that answered 'empty' -> RED (10 assertion(s) failed, match count 1)
  [w2]   ok   G17 ★★ the discriminator is inverted by trusting `formatted` alone — a store that mounted CLEANLY over live records is re-initialised because nothing had to be formatted -> RED (17 assertion(s) failed, match count 1)
  [w0]   ok   G15 ★★★ THE ROUND-2 BLOCKER VERBATIM: the fresh-vs-corrupted DISCRIMINATOR is dropped — missing/invalid metadata over EXISTING records re-initialises again, so head/tail reset to 0/0 hides every segment past the first and next_seq resets to 1 over a log the companion has already filed -> RED (17 assertion(s) failed, match count 1)
  [w0]   ok   G18 ★★ the discriminator REFUSES EVERY torn meta, records or not — first boot and every post-format boot then come up with a dead inbox, which is the 19.7 reflash-wipes-once expectation broken from the safe side -> RED (17 assertion(s) failed, match count 1)
  [w2]   ok   G20 ★★ the OTHER direction: a genuinely ABSENT meta is treated as corrupt, so FIRST BOOT refuses to mount and every freshly flashed node comes up with a dead inbox (19.7 broken from the safe side) -> RED (17 assertion(s) failed, match count 1)
  [w1]   ok   G19 ★★★ THE ROUND-3 BLOCKER VERBATIM: a CORRUPT meta is read back as ABSENT — so corrupt metadata over an EMPTY record store is 'first boot' again, which is exactly the post-prep-restart state where the meta is the only thing still holding the sequence high-water and the epoch -> RED (20 assertion(s) failed, match count 1)
