-- target b159map: /tmp/mr-s9-r4-j37ybea_/union-inputs/lib/core/node.cpp (2 entries)
-- selection: IN FULL (all 2 entries)
-- workers: 2
-- scratch root: /tmp/mr_mutation_run-3xt99q_t   (removed on exit; MR_MUT_KEEP_SCRATCH=1 to keep)
  [w0] -- target b159map: /tmp/mr_mutation_run-3xt99q_t/w0/lib/core/node.cpp (1 of 2 entries in this shard)
  [w0] -- baseline gate: THIS WORKER'S OWN clean tree must run 0 FAILED; its own counts become this shard's baseline
  [w1] -- target b159map: /tmp/mr_mutation_run-3xt99q_t/w1/lib/core/node.cpp (1 of 2 entries in this shard)
  [w1] -- baseline gate: THIS WORKER'S OWN clean tree must run 0 FAILED; its own counts become this shard's baseline
  [w1]   ok   clean baseline 2950 / 195768 / 0   (DERIVED from this tree)
  [w0]   ok   clean baseline 2950 / 195768 / 0   (DERIVED from this tree)
  [w1]   ok   B17 the wrong-flight guard is dropped — a SUPERSEDED flight's expiry fails the LIVE flight -> RED (2 assertion(s) failed, match count 1)
  [w1] source restored: md5 894465bbe92a1fd4a4f29f23f3383080 (MATCHES)
  [w1] shard 1: 1 RED / 0 unusable   (of 1 entries)
  [w0]   ok   B16 the expiry is mapped to a NON-TERMINAL outcome — the flight re-enters retry instead of ending -> RED (2 assertion(s) failed, match count 1)
  [w0] source restored: md5 894465bbe92a1fd4a4f29f23f3383080 (MATCHES)
  [w0] shard 0: 1 RED / 0 unusable   (of 1 entries)

======================================================================================================================
-- MERGED REPORT — target b159map: /tmp/mr-s9-r4-j37ybea_/union-inputs/lib/core/node.cpp
  ok   clean baseline 2950 / 195768 / 0   (DERIVED per worker tree; 2 tree(s) agree)
  ok   B16 the expiry is mapped to a NON-TERMINAL outcome — the flight re-enters retry instead of ending -> RED (2 assertion(s) failed, match count 1)
  ok   B17 the wrong-flight guard is dropped — a SUPERSEDED flight's expiry fails the LIVE flight -> RED (2 assertion(s) failed, match count 1)
  worker 0: 1/1 entries, 1 RED / 0 worthless, wall 14.5s, rc 0, source restored: md5 894465bbe92a1fd4a4f29f23f3383080 (MATCHES)   /tmp/mr_mutation_run-3xt99q_t/w0
  worker 1: 1/1 entries, 1 RED / 0 worthless, wall 13.0s, rc 0, source restored: md5 894465bbe92a1fd4a4f29f23f3383080 (MATCHES)   /tmp/mr_mutation_run-3xt99q_t/w1
real tree untouched: all 62 target files byte-identical to launch (md5); no build ran in /tmp/mr-s9-r4-j37ybea_/union-inputs
timing: copy 2.4s + battery 14.6s = 17.1s total, 2 entries over 2 worker(s)
mutations: 2 RED / 0 unusable
