== §B105 feature-layer probe (src/firmware_ui.cpp, host-compiled) ==
-- building the l2 support archive (lib/core + lib/hal + lib/console + monocypher) ...
-- building the v3 support archive (lib/core + lib/hal + lib/console + monocypher) ...
== §B105 probe — src/firmware_ui.cpp, host-compiled ==
  INFO strip right edge x=127, bottom y=7; BODY right edge x=119
  INFO §7.3 audit: widest ordinary body line = 19 columns, right edge x = 125 (bound 19 / 127)
  INFO §UI-17 STATUS body: [TEAM 3D9348A5] [ME T220] [6 KNOWN] [0 NEW / HOME --] [52.123,21.456]
  INFO §UI-17 TEAM rows: [ Wolfga  3m        ] [ 0x00c0  2m        ] [ id 83   1m        ] [-]
  INFO §UI-17 S5 TEAM rows: [ Alpha   1h 2.0k  N] [ Bravo   1h        ] [ Cleo    1h        ] [ Delta   1h   0m   ]

433 passed / 0 failed / 433 total
probe exit=0

== [[B225]] child-enabled arm: [env:heltec_v3] (a leaf env: MR_N_LAYERS defaults to 1, MR_FEAT_TEAM=1) ==
  ok   the child-enabled arm builds and PASSES
       868 passed / 0 failed / 868 total

== §UI-14 second arm: the BLE row's condition MET (-DMR_UI_BLE_ROW=1) ==
  ok   the BLE-row arm builds and PASSES (8 lines)
       433 passed / 0 failed / 433 total

== [[B229]] the coverage roll-up attributes a label of ANY length ==
  ok   a 91-character label is attributed to its control
  ok   ...and the WITHDRAWN 64-column parse does miss it, so the defect was real

== [[B227]] every control label is inert data ==
  ok   none of the 223 ctl labels (all 223 calls) contains a backtick or a $-substitution
  ok   ...and the detector DOES fire on a label that carries one
  ok   ...and a backtick/$-bearing label prints verbatim, executing nothing

== [[B237]] a CRASHING control is UNUSABLE, never verified ==
  ok   a real SIGSEGV (exit 139, 0 failures) classifies as UNUSABLE
  ok   ...and a genuine 1/3 stays RED, 0/0 is passes, 1/0 is silent — it still discriminates
  ok   ...and the shell's crash notice was CAPTURED, not printed to this gate

== negative controls (each MUST make the probe red — or, for C0, must fail to build) ==
  ok   C0  restoring #include "fw_context.h" breaks the host build (build fails, as required)
  ok   C1  mac_idle() -> true (no gate at all) -> RED (5 check(s) failed)
  ok   C2  mac_idle() keeps only the radio clause -> RED (1 check(s) failed)
  ok   C3  mac_idle() keeps only the queue clause -> RED (4 check(s) failed)
  ok   C10 mac_idle() -> false (suppressed for ever; the panel never paints) -> RED (249 check(s) failed)
  ok   C11 next_page()'s verdict is never fed back to the gate -> RED (17 check(s) failed)
  ok   C4  pages advance WITHOUT re-drawing the scene (7 of 8 blank) -> RED (12 check(s) failed)
  ok   C5  the idle arm forces a repaint, bypassing the 2 Hz throttle -> RED (214 check(s) failed)
  ok   C6  the ADC burst is no longer gated on a MAC-idle radio -> RED (1 check(s) failed)
  ok   C7  the cadence gates on SUCCEEDED instead of ATTEMPTED -> RED (4 check(s) failed)
  ok   C8  the 30 s period is never re-armed (sample every pass) -> RED (4 check(s) failed)
  ok   C9  the dead-panel report tests board_init() the wrong way round -> RED (1 check(s) failed)
  ok   C12 mr_ui_init no longer brings the panel up -> RED (2 check(s) failed)
  ok   C13 an unavailable read ERASES the last good value -> RED (1 check(s) failed)
  ok   C14 the battery token is invented instead of formatted (a plausible voltage for --) -> RED (4 check(s) failed)
  ok   C15 the strip renders a PERCENTAGE instead of volts (ruled out) -> RED (7 check(s) failed)
  ok   C16 the strip hardcodes a voltage instead of reading the frozen chrome -> RED (4 check(s) failed)
  ok   C17 the record lookup matches seq only (the kind clause dropped) -> RED (17 check(s) failed)
  ok   C18 the erase targets the DM store unconditionally (B133's shape) -> RED (6 check(s) failed)
  ok   C19 the preview row carries msg_id where the identity should be -> RED (16 check(s) failed)
  ok   C20 the preview row hardcodes the kind (every row reads DM) -> RED (28 check(s) failed)
  ok   C21 every erase is reported as a SUCCESS regardless of the outcome -> RED (7 check(s) failed)
  ok   C27 the erase targets the CHANNEL store unconditionally -> RED (4 check(s) failed)
  ok   C28 opening a record DELETES it (the switch arms crossed) -> RED (24 check(s) failed)
  ok   CC1 the ordinary-view gate is dropped (E2E receipts come back as inbox rows) -> RED (3 check(s) failed)
  ok   CC2 the gate is applied AFTER the budget (the row slot and the total are already spent) -> RED (3 check(s) failed)
  ok   C22 the tick never serves the inbox request (the modal cannot open) -> RED (20 check(s) failed)
  ok   C23 the body length is left for the model to measure (the strlen shape) -> RED (3 check(s) failed)
  ok   C24 draw_frame stops giving the modal the body -> RED (12 check(s) failed)
  ok   C25 the MESSAGE GONE refusal row is dropped from the list -> RED (1 check(s) failed)
  ok   C29 the SETTINGS screen is never drawn (the switch arm dropped) -> RED (58 check(s) failed)
  ok   C30 the model is never given the config service (the menu is inert) -> RED (61 check(s) failed)
  ok   C31 the draft marker renders UiState::dirty instead of config_unsaved() -> RED (2 check(s) failed)
  ok   C32 the value row shows a default instead of the DRAFT -> RED (2 check(s) failed)
  ok   C33 the SETTINGS badge always draws the clean gear (the state becomes invisible) -> RED (6 check(s) failed)
  ok   C34 the editor is indistinguishable from the browsing row (no bracket) -> RED (2 check(s) failed)
  ok   C35 RESTART NEEDED never reaches STATUS (the reboot fact is dropped) -> RED (1 check(s) failed)
  ok   C36 the BLE row is rendered unconditionally (the transport condition ignored) -> RED (1 check(s) failed)
  ok   C37 the hook never tells the service (the notification is dropped) -> RED (8 check(s) failed)
  ok   C38 the latch is raised and NOTHING asks for a repaint (INVISIBLE) -> RED (12 check(s) failed)
  ok   C39 the is_open() guard is dropped (flash is read on every cfg set) -> RED (1 check(s) failed)
  ok   C40 an unreadable record is treated as a conflict (a latch from no evidence) -> RED (2 check(s) failed)
  ok   C41 ChanState::waiting says SENT again (the pre-T3 false confirmation) -> RED (4 check(s) failed)
  FAIL C42 ChanState::aired says QUEUED (the earned state never shows) — the mutant does not COMPILE, so the probe never ran against it:
        g++: fatal error: Terminated signal terminated program collect2
        compilation terminated.
