  struct                                      native           heltec_mobile                 gateway
  --------------------------------------------------------------------------------------------------
  meshroute::Node                         235208/8 T              122176/8 T              157304/8 T *
  meshroute::RemoteClientState                4512/8 T                4512/8 T                4512/8 -
  meshroute::RemoteClientPending                 352/8 T                 352/8 T                 352/8 -
  meshroute::RemoteClientSession                 144/8 T                 144/8 T                 144/8 -
  meshroute::RemoteClientAssembly                  32/8 T                  32/8 T                  32/8 -
  meshroute::RemoteClientRetained                  32/8 T                  32/8 T                  32/8 -
  meshroute::RemoteClientChunk                 210/2 T                 210/2 T                 210/2 -
  meshroute::RemoteClientAck                  88/8 T                  88/8 T                  88/8 -
  meshroute::RemoteClientCounters                  12/2 T                  12/2 T                  12/2 -
  meshroute::DeferredActionRecord                  40/8 T                  40/8 T                  40/8 T
  meshroute::TranscriptHeader                  32/8 T                  32/8 T                  32/8 T
  meshroute::RemoteSessionState                8904/8 T                8904/8 T                8904/8 T
  mrnv::UiPresetSlot                          21/1 T                  21/1 T                  21/1 T
  mrnv::UiPresetBlob                         372/4 T                 372/4 T                 372/4 T
  mrfw::SavedKeyEntry                          8/4 T                   8/4 T                   8/4 T
  mrfw::SavedKeyList                          36/4 T                  36/4 T                  36/4 T
  mrfw::PresetCatalog                       1144/8 -                1132/4 T                1132/4 - *
  mrui::UiState                              504/8 -                 504/8 T                 504/8 -
  mrui::UiSnapshot                          1336/8 -                1336/8 T                1336/8 -
  mrui::UiModel                              928/8 -                 912/8 T                 912/8 - *
  mrui::UiChrome                              20/2 -                  20/2 T                  20/2 -
  mrui::InviteWindow                         104/4 -                 104/4 T                 104/4 -
  mrui::InviteMember                          20/4 -                  20/4 T                  20/4 -
  mrui::InviteGrantResult                      8/4 -                   8/4 T                   8/4 -
  mrui::UiProvAnswer                          16/8 -                  12/4 T                  12/4 - *
  mrui::UiProvIntent                          32/4 -                  32/4 T                  32/4 -
  mrui::ComposeSlot                           20/1 -                  20/1 T                  20/1 -
  mrui::ComposeList                          161/1 -                 161/1 T                 161/1 -
  mrui::SendReq                                8/4 -                   8/4 T                   8/4 -
  MrAbiDivergenceFixture                      24/8 T                  16/4 T                  16/4 T *
    size/alignof per target; * = the LAYOUT differs host vs board.
    T = this env COMPILES the TU this type's feature lives in.  ⛔ NOT a .bss/RAM residency claim -- see the header.
  feature-TU derivation: 14 effective environments agree on MR_FEAT_OLED=1 <-> 'firmware_ui.cpp' in build_src_filter
  host/board divergence in the PINNED set: meshroute::Node, mrfw::PresetCatalog, mrui::UiModel, mrui::UiProvAnswer
negative controls:
  RED: (1) the divergence fixture is replaced by an ABI-invariant struct
       -> the divergence fixture measures 24 on BOTH the host and 'heltec_mobile' — the probe is not distinguishing the ABIs, so it cannot see the [[B246]] class at all
  RED: (2) a pinned sizeof is moved by 8 (the [[B246]] delta)
       -> [gateway] sizeof(meshroute::Node) = 157304, pinned 157312 (delta -8)
  RED: (2b) a pinned alignof is doubled
       -> [gateway] alignof(meshroute::Node) = 8, pinned 16
  RED: (3) a still-pinned struct is dropped from the probe TU
       -> [gateway] meshroute::Node is PINNED but the probe TU emitted no size symbol — coverage lost
  RED: (3b) an unpinned struct is emitted into the probe TU
       -> [gateway] the object carries unpinned probe symbols: ['mr_abi_size__MrAbiUnpinnedStray']
  RED: (4a) the flag derivation loses MR_PROFILE_GATEWAY (wrong feature build)
       -> [gateway] sizeof(meshroute::Node) = 206848, pinned 157304 (delta +49544)
  RED: (4b) the flag derivation loses MR_FEAT_OLED=1 (wrong feature-TU inclusion)
       -> [heltec_mobile] mrfw::PresetCatalog feature-TU inclusion is False, pinned True — this env no longer compiles the TU this type's feature lives in the way the pin says
  RED: (4c) an env declares MR_FEAT_OLED=1 without compiling firmware_ui.cpp
       -> env:gateway: MR_FEAT_OLED=1 is True but 'firmware_ui.cpp' in build_src_filter is False — the probe's MR_FEAT_OLED predicate no longer decides where the mrui:: model's TU is compiled
  RED: (5) the probe TU does not compile -- must be FAILING, never measured
       -> the probe TU DID NOT COMPILE for target 'gateway' (exit 1) — this is a FAILING verdict, not a measurement:
PASS: board ABI (290 checks, 9/9 controls RED, 0 unusable)
