== §B95 console-sink probe + §0g bare help index ==
   sink md5 = deaa723f   help md5 = 1f6c4160   inventory oracle = /tmp/mr-s10-r3-j6pcxvmv/final-gate/tools/gen_command_inventory.py
== §0g help index ==  profile = full_oled  help md5 = 1f6c4160
   index     445 B / 48 lines (47 names)   headroom 1603 B
   refusal   106 B /  2 lines               headroom 1942 B
   HELP-LARGEST (index) 445 B (stage 2048 B)
§B95 console-sink probe: 120 passed / 0 failed / 120 total
   profile full_oled exit=0
   primary names full_oled: 47 rendered == 47 projected (inventory oracle)
== §B95 console-sink probe ==  sink md5 = deaa723f  stage = 2048 B
   generator: 532 bytes / 8 lines, longest 117 B (ESP32 UART0 FIFO = 128 B)
   P1 legacy: 5/7 bad lines, 215 of 532 B delivered
   P2 fixed: 532 B in 40 Serial writes, 54 operator-bool calls
   P3 strict-atomic: 2 of 8 lines delivered, 6 dropped  <-- the measured cost of "one write per line"
   P9 stalled host: 315 lines counted, 0 writes

== §0g help index ==  profile = full_headless  help md5 = 1f6c4160
   index     441 B / 47 lines (46 names)   headroom 1607 B
   refusal   106 B /  2 lines               headroom 1942 B
   HELP-LARGEST (index) 441 B (stage 2048 B)
HELP-NAMES-BEGIN full_headless 47
acl
admin-id
cfg
clear_inbox
crashtest
create
debug
del_msg
duty
factory_reset
faults
gateway
hashof
help
join
joinprofile
leave
limits
lookup
mark_read
mobile
nameof
ota
peerkey
peername
peers
prep-restart
pull_inbox
reboot
regen
reqpubkey
resolve
route
routes
send
send_channel
send_layer
sleep
status
team
testch
testclear
testsend
teststatus
version
whoami
docs/manual/command-reference.md
HELP-NAMES-END
§B95 console-sink probe: 120 passed / 0 failed / 120 total
   profile full_headless exit=0
   primary names full_headless: 46 rendered == 46 projected (inventory oracle)
== §0g help index ==  profile = gateway  help md5 = 1f6c4160
   index     427 B / 45 lines (44 names)   headroom 1621 B
   refusal   106 B /  2 lines               headroom 1942 B
   HELP-LARGEST (index) 427 B (stage 2048 B)
§B95 console-sink probe: 120 passed / 0 failed / 120 total
   profile gateway exit=0
   primary names gateway: 44 rendered == 44 projected (inventory oracle)
== §0g help index ==  profile = gateway_oled  help md5 = 1f6c4160
   index     431 B / 46 lines (45 names)   headroom 1617 B
   refusal   106 B /  2 lines               headroom 1942 B
   HELP-LARGEST (index) 431 B (stage 2048 B)
§B95 console-sink probe: 120 passed / 0 failed / 120 total
   profile gateway_oled exit=0
   primary names gateway_oled: 45 rendered == 45 projected (inventory oracle)
== §0g help index ==  profile = mobile  help md5 = 1f6c4160
   index     500 B / 51 lines (50 names)   headroom 1548 B
   refusal   106 B /  2 lines               headroom 1942 B
   HELP-LARGEST (index) 500 B (stage 2048 B)
§B95 console-sink probe: 120 passed / 0 failed / 120 total
   profile mobile exit=0
   primary names mobile: 50 rendered == 50 projected (inventory oracle)
== §0g help index ==  profile = mobile_oled  help md5 = 1f6c4160
   index     504 B / 52 lines (51 names)   headroom 1544 B
   refusal   106 B /  2 lines               headroom 1942 B
   HELP-LARGEST (index) 504 B (stage 2048 B)
§B95 console-sink probe: 120 passed / 0 failed / 120 total
   profile mobile_oled exit=0
   primary names mobile_oled: 51 rendered == 51 projected (inventory oracle)
   profiles measured: 6

== MR_CONSOLE=0 compile-out ==
   MR_CONSOLE=1 : sizeof(mrcon) = 2088 B   undefined Serial-type refs = 0
   MR_CONSOLE=0 : sizeof(mrcon) = 8 B   undefined Serial-type refs = 0

== structural checks (brief tests 7, 8 and invariant 9) ==
   ok   S1 firmware_commands.cpp makes NO direct Serial call   [0 occurrence(s)]
   ok   S2 the hl() direct-Serial help bypass is gone
   ok   S3 every firmware_help.h emission goes through its Print& out sink   [55 out.print* calls]
   ok   S4 every help RESPONSE ends terminated; §0g leaves NO fragment renderer   [unterminated=none bare out.print calls=0]
   ok   S17 dispatch() calls the help router EXACTLY ONCE, before every other verb   [calls=1 router@637 first_verb_compare@1449]
   ok   S18 the help text and its recognition have LEFT firmware_commands.cpp for good
   ok   S19 firmware_help.h stays a narrow Print&-only unit (no device state, no allocation)
   ok   S5 print_sf_list is DEFINED as (Print& out, uint16_t)
   ok   S6 print_sf_list is DECLARED with the sink in the header
   ok   S7 print_sf_list writes ONLY to its sink (no mrcon/Serial)
   ok   S8 EVERY print_sf_list site passes a sink
   ok   S21 fw_main.cpp passes the boot identity formatter its sink EXPLICITLY, exactly once   [call_sites=1 explicit_mrcon=1]
   ok   S9 service_console() calls mrcon.service() once per pass
   ok   S10 BLE refuses the help family with a bounded console_only answer
   ok   S11 ... and does so BEFORE the shared execution seam can reach the router   [refusal@9644 seam@14203]
   ok   S22 service_console is a ONE-CALL adapter: one seam call, no router/parser/Node fork of its own   [seam_calls=1 residual={'dispatch': 0, 'parse_command': 0, 'on_command': 0} passes_mrcon=1]
   ok   S23 ble_dispatch_line is a ONE-CALL adapter: one seam call, its own sinks, exactly one seam flush   [seam_calls=1 residual={'dispatch': 0, 'parse_command': 0, 'on_command': 0} flush_after_seam=1 passes_linesink_and_reply=1]
   ok   S24 the seam makes the router/parser fork exactly ONCE, ROUTER-FIRST, and executes per format arm   [{'dispatch': 1, 'parse_command': 1, 'on_command': 2} router_before_parser=True]
   ok   S25 the seam NEVER names a global sink — it writes only to the Print& and the buffer it is handed   [mrcon=0 Serial=0]
   ok   S26 the seam keeps no borrowed body and no static state (LineExec carries no pointer)   [LineExec_pointers=0 static_in_seam=1]
   ok   S27 the text arm still renders dh/lp in HEX (the probe fake cannot see a radix)   [dst_hash_HEX=1 layer_path_HEX=1]
   ok   S28 [[B298]] no ACTIVE topic-help claim survives in firmware_commands.cpp (4 withdrawn, 0 stray)   [stray=none corrections=4]
   ok   S29 [[B298]] the header no longer claims the two callers are un-retrofitted, and declares the seam   [stray=none withdrawn=True seam_decl=1]
   ok   S20 the BLE refusal is a PREFIX test over the whole help family (`help <topic>` included) + the `?` alias   [((len == 4 || (len > 4 && line[4] == ' ')) && !strncmp(line, "help", 4)) || (len == 1 && line[0] == '?')]
   ok   S12 B214 mobile-reg binds its sole state variable directly to the FSM authority   [state_reads=1 state_bindings=1 as_assignments=1 home_reads=1 scanning_literals=0]
   ok   S13 B214 attachment dispatch is one exhaustive five-arm switch with no default   [switches=1 cases=attached:1,dormant:1,seeking:1,claiming:1,recovering:1 default=0]
   ok   S14 B214 REGISTERED is attached-only and still requires a nonzero home id   [registered=1 attached=1 if_h=1 println_h=1]
   ok   S15 B214 four non-attached states share UNREGISTERED plus the one state-name formatter   [labels_before_output=4/4 unregistered=1 attach_state_name=1]
   ok   S16 B214 attached without a home id emits the explicit inconsistency diagnostic   [inconsistent=1 attached=1]
   ok   S30 the target-store boot report is called EXACTLY ONCE, from setup(), under MR_FEAT_RADMIN_ACCEPT   [calls=1 in_setup=1 gated=True]
   ok   S31 ... and it runs AFTER the filesystem mount/self-heal, never before it   [mount@3070 call@[20164]]
   ok   S84 one schema report uses the load result and explicit mrcon after apply and before the store gate   [calls=1 in_setup=1]
   ok   S32 the boot report body performs NO durable write and NO entropy draw
   ok   S33 no RESIDENT administration identity, ACL, service or static record buffer exists (design §6.2)   [0 occurrence(s): []]
   ok   S34 the ACCEPT bindings touch NO legacy single-admin symbol (admin_load / g_admin_id / remote_exec)   [4 ACCEPT block(s)]
   ok   S51 store bindings keep the three session links; RemoteTarget alone owns thirteen executor links   [17 call(s): ['admin_draw_epoch', 'admin_session_commit', 'admin_session_entropy_failed', 'radmin_counters', 'radmin_next_admitted', 'radmin_next_open', 'radmin_open_append', 'radmin_open_complete', 'radmin_reserve_open', 'radmin_reserve_transcript', 'radmin_send_frame', 'radmin_send_open_frame', 'radmin_service_control', 'radmin_service_expire', 'radmin_transcript_append', 'radmin_transcript_complete', 'tx_queue_full']]
   ok   S83 ACCEPT text status owns five ordered counters and one scalar action readout before newline
   ok   S52 both target entry points construct an AdminLiveInstall and BIND it to their mutating service
   ok   S35 load/save_admin_id address kSlotAdmid and NOTHING else; load/save_acl address kSlotAcl
   ok   S36 mount_or_repair()'s self-heal probe list still names the SAME SIX files — neither store added   [6 entries]
   ok   S37 do_regen()'s write set is still exactly {/mrid} — it touches neither target store
   ok   S38 handle_leave()'s write set is still exactly {/mrcfg} — it touches neither target store
   ok   S39 factory_erase() still erases WHOLESALE (namespace clear / whole-FS format), so both new records are covered with ⛔ zero new code   [3 arm(s)]
   ok   S40 the CONTROLLER boot report is called EXACTLY ONCE, from setup(), under MR_FEAT_RADMIN_CLIENT   [calls=1 in_setup=1 gated=True]
   ok   S41 ... and it runs AFTER the filesystem mount/self-heal, never before it   [mount@3070 call@[20719]]
   ok   S42 the CONTROLLER boot report body performs NO durable write and NO entropy draw
   ok   S43 EXACTLY ONE resident controller buffer exists, and it is the PUBLIC `mrnv::TargetBlob` book   [1 resident TargetBlob(s): ['static mrnv::TargetBlob s_targets;']]
   ok   S44 ⛔ NO resident management keyring, service or seed exists — the SECRETS stay stack transients   [0 occurrence(s): []]
   ok   S45 CLIENT bindings reach only the approved controller seams and no legacy single-admin symbol   [6 CLIENT block(s)]
   ok   S46 load/save_mgmt_keys address kSlotMgmtKeys and NOTHING else; load/save_targets address kSlotTargets — ⛔ and NEITHER touches kSlotAdmid (design §6.4: the two seeds never cross)
   ok   S47 mount_or_repair()'s probe list still excludes BOTH controller records ([[B317]])   [6 entries]
   ok   S48 do_regen()'s write set is STILL exactly {/mrid} — the CLIENT arms add no store write, so the `keys and targets preserved` warning is a proven claim
   ok   S49 handle_leave()'s write set is STILL exactly {/mrcfg} — it touches neither controller store
   ok   S50 the CLIENT BLE refusal carries its OWN `admin-client` envelope, exactly once, beside — and distinct from — the target family's `admin`   [client=1 admin=1]
   ok   S53 shared seam validation precedes remote policy and the router/parser fork
   ok   S54 the real panel executor validates with the local bound before parsing
   ok   S55 only non-local authority consults the table and admission is not inverted
   ok   S56 remote refusals return typed results without writing a transport envelope
   ok   S57 local bad-line refusals use the two exact new envelopes
   ok   S58 the seam context is required, trailing and const-reference, with no default
   ok   S59 USB uses named storage and passes its derived bound in a local physical context
   ok   S60 BLE uses a local nonphysical context with the device-owned bound
   ok   S61 BLE validates immediately after the empty return, before every command arm, with bad_line
   ok   S62 typed scheduling/internal-failure come only from remote preparation; local completion stays completed
   ok   S63 activation cfg arm uses the strict parser and live pure resolver
   ok   S64 impossible activation refuses with the named live bounds
   ok   S65 both out-of-range states and malformed numbers refuse without clamping
   ok   S66 accepted raw value goes to NV and live state before the existing checked save/notification
   ok   S67 one input binding uses active PHY, the real SF accessor, both slops and derived terminal
   ok   S68 text activation readout carries effective, state, raw, floor, default and ceiling
   ok   S69 JSON extras read the same live resolution
   ok   S70 JSON writer emits both activation keys from the extras fields
   ok   S71 boot restores the raw activation value, including zero
   ok   S72 activation boot report exists exactly once, inside successful initialization
   ok   S73 activation boot report has the exact envelope and ACCEPT-only guard
   ok   S74 cfg key buffer is derived and refuses a truncated token instead of reinterpreting its suffix
   ok   S75 the newly reachable gateway announce interval keeps its live and persisted assignment
   ok   S76 the canonical config seed preserves the raw activation value
   ok   S77 the sole scope publication is in the shared seam before validation and every return
   ok   S78 scope installation and restoration use a private exchange, with copying forbidden
   ok   S79 the one executor service call belongs to the main loop after RX and before sleep
   ok   S80 the main-loop executor call is ACCEPT-only
   ok   S81 remote pull uses the active context and hides private DMs, not DM-stored diagnostics
   ok   S82 both DM mutators return before their effects under the active remote context
   structural: 84 passed / 0 failed / 84 total

== BLE help-refusal (EXECUTED: the real guard condition x the real router) + the §RADMIN-3 admin family ==
   extracted help guard: ((len == 4 || (len > 4 && line[4] == ' ')) && !strncmp(line, "help", 4)) || (len == 1 && line[0] == '?')
   BLE-GUARD rows=53 checks=212 failed=0
   extracted admin guard: mrfw::admin_verb_owns(line, len)
   ADMIN-GUARD rows=67 checks=268 failed=0
   extracted client guard: mrfw::admin_client_ble_refuses(line, len)
   CLIENT-GUARD rows=85 checks=425 failed=0

== router/parser ownership (derived from the generated inventory, all six real profiles) ==
   ok   O-full_headless router/parser ownership is disjoint and complete   [router=39 parser=7 intersection=EMPTY union==projection=True]
   ok   O-full_oled router/parser ownership is disjoint and complete   [router=40 parser=7 intersection=EMPTY union==projection=True]
   ok   O-gateway router/parser ownership is disjoint and complete   [router=37 parser=7 intersection=EMPTY union==projection=True]
   ok   O-gateway_oled router/parser ownership is disjoint and complete   [router=38 parser=7 intersection=EMPTY union==projection=True]
   ok   O-mobile router/parser ownership is disjoint and complete   [router=43 parser=7 intersection=EMPTY union==projection=True]
   ok   O-mobile_oled router/parser ownership is disjoint and complete   [router=44 parser=7 intersection=EMPTY union==projection=True]
   ownership: 6 passed / 0 failed / 6 total

== router/parser ownership controls (each MUST refuse) ==
    ok   C-COLLIDE a synthetic collision (`peerkey` given to both surfaces) is REFUSED on 6/6 profiles
    ok   C-MISSING deleting the router form `clear_inbox` REFUSES on 6/6 profile(s) (count pin)
    ok   C-EMPTY an emptied parser surface REFUSES on 6 profile(s)
  ownership selftest: 0 control(s) failed

== negative controls (each MUST fail) ==
baseline src/console_sink.h md5 = deaa723f  (13006 bytes)
baseline src/firmware_commands.cpp md5 = 63437c8b  (143292 bytes)
baseline src/firmware_commands.h md5 = 3a22cb3b  (21553 bytes)
baseline src/fw_main.cpp md5 = efda2480  (153916 bytes)
baseline src/firmware_help.h md5 = 1f6c4160  (9904 bytes)
baseline src/device_nv.h md5 = 475c7107  (133133 bytes)
baseline src/firmware_config.cpp md5 = 62d68e96  (202777 bytes)
baseline lib/console/console_json.cpp md5 = 45df30d5  (77477 bytes)
baseline src/firmware_inbox.cpp md5 = 911ff7cf  (11044 bytes)
baseline src/firmware_command_context.h md5 = df042128  (1414 bytes)

C1 no staging at all — revert to the per-write guard (the pre-fix sink)
   -> sink md5 7bdab597: 25 check(s) fail: P2a fixed sink delivers the response BYTE-EXACT      ; P2b every received line is intact                    ; P2c lines arrive in order, no duplication            
C2 admit every fragment as a line (commit without the terminator)
   -> sink md5 08fa24d6: 17 check(s) fail: P5a A was terminated before B started                ; P5b the two never share a physical line              ; P6a the oversized line put NOTHING on the wire       
C3 let an over-long line leak its PREFIX instead of dropping whole
   -> sink md5 197240a1: 12 check(s) fail: P6a the oversized line put NOTHING on the wire       ; P6b ... and was counted                              ; P6d the deferred drop report appeared                
C4 stop counting dropped lines
   -> sink md5 bd22381c: 6 check(s) fail: P6b ... and was counted                              ; P6d the deferred drop report appeared                ; P6e ... exactly once                                 
C5 emit the drop report BEFORE draining the queue (ordering reverted)
   -> sink md5 be906743: 28 check(s) fail: P2a fixed sink delivers the response BYTE-EXACT      ; P2b every received line is intact                    ; P2c lines arrive in order, no duplication            
C6 hand Serial more than availableForWrite() (the blocking hazard)
   -> sink md5 6ac7020d: 2 check(s) fail: P2e Serial was NEVER handed more than it can take    ; P12b nRF52: no over-capacity write (write() yields)  
C7 abandon the unsent residue when the stage fills (mid-line give-up)
   -> sink md5 982d89d4: 1 check(s) fail: P9d ... and the loss is counted                      
C8 never terminate a partial line at the boundary
   -> sink md5 2b2ad8e5: 2 check(s) fail: P5a A was terminated before B started                ; P5b the two never share a physical line              
X1 reinstate the direct-Serial hl() help bypass
   -> structural S1+S2 now FAIL
X2 restore the global-writing print_sf_list(bitmap)
   -> structural S5+S7 now FAIL
X3 drop the BLE console_only refusal for the help family
   -> structural S10+S11 now FAIL
X4 remove the per-pass mrcon.service() from service_console
   -> structural S9 now FAIL
X12 route the boot identity formatter to a different sink
   -> structural S21 now FAIL
X5 leave the index unterminated (print instead of println on its last line)
   -> structural S4 now FAIL
X13 the serial adapter re-opens its own router/parser fork beside the seam call
   -> structural S22 now FAIL
X14 the BLE adapter keeps a residual direct dispatch() beside the seam call
   -> structural S23 now FAIL
X15 the BLE adapter drops the seam response flush
   -> structural S23 now FAIL
X16 the BLE adapter hands the seam its direct buffer where the stream belongs
   -> structural S23 now FAIL
X17 the seam asks the parser BEFORE the router (the order the pin exists to hold)
   -> structural S24 now FAIL
X18 the seam writes to the global console instead of the sink it was handed
   -> structural S25 now FAIL
X19 LineExec carries the borrowed Command::body out of the call
   -> structural S26 now FAIL
X20 the text arm prints the send handle in decimal (the fake cannot tell)
   -> structural S27 now FAIL
X21 a retired topic-help claim becomes an ACTIVE present-tense comment again (cpp)
   -> structural S28 now FAIL
X22 the header claims again that the two callers are deliberately not retrofitted
   -> structural S29 now FAIL
S6-C1 seam validator call deleted
   -> structural S53 now FAIL
S6-C2 panel validator call deleted
   -> structural S54 now FAIL
S6-C3 admission inverted
   -> structural S55 now FAIL
S6-C4 local commands consult the table
   -> structural S55 now FAIL
S6-C5 remote refusal writes a local envelope
   -> structural S56 now FAIL
S6-C6 USB bad_line token drifts
   -> structural S57 now FAIL
S6-C7 context becomes optional
   -> structural S58 now FAIL
S6-C8 USB bound becomes a literal
   -> structural S59 now FAIL
S6-C9 BLE bound becomes a literal
   -> structural S60 now FAIL
S6-C10 BLE head validator deleted
   -> structural S61 now FAIL
S6-C11 BLE validator moved below the first command-owning arm
   -> structural S61 now FAIL
S6-C12 BLE refusal replaced with fall-through
   -> structural S61 now FAIL
S6-C13 a local completion incorrectly becomes scheduled
   -> structural S62 now FAIL
X6 B214 restore the old home-id-only authority and scanning label
   -> structural S12+S15 now FAIL (required S12)
X6b B214 retain a dead state read but derive the switch authority from home id
   -> structural S12 now FAIL (required S12)
X7 B214 make claiming report REGISTERED before confirmation
   -> structural S14 now FAIL (required S14)
X8 B214 hide recovering behind a default arm
   -> structural S13+S15 now FAIL (required S13)
X9 B214 silence attached-without-home instead of reporting inconsistency
   -> structural S16 now FAIL (required S16)
X10 B214 hand-spell attachment labels instead of using attach_state_name
   -> structural S15 now FAIL (required S15)
H-C1 DELETE one primary name from the rendered index
   -> help md5 4b2c9d14 [full_headless]: 0 CHK fail(s), 1 inventory problem(s): MISSING x1: faults
H-C2 ADD a name no dispatcher accepts
   -> help md5 7342ad6e [full_headless]: 0 CHK fail(s), 1 inventory problem(s): UNEXPECTED x1: zzz_not_a_command
H-C3 DUPLICATE one primary name
   -> help md5 bffbdcf6 [full_headless]: 1 CHK fail(s), 1 inventory problem(s): H2e the names are BYTEWISE ASCENDING and unique; UNEXPECTED x1: faults
H-C4 SWAP two adjacent names (same set, wrong order)
   -> help md5 349134ab [full_headless]: 1 CHK fail(s), 1 inventory problem(s): H2e the names are BYTEWISE ASCENDING and unique; ORDER differs (same multiset, wrong sequence)
H-C5 a GATED name appears on a build that REFUSES it
   -> help md5 6ac67b46 [gateway]: 1 CHK fail(s), 1 inventory problem(s): H3a `team` is listed iff this build compiles it; UNEXPECTED x1: team
H-C6 a GATED name DISAPPEARS on a build that compiles it
   -> help md5 a4fd65d0 [full_headless]: 1 CHK fail(s), 1 inventory problem(s): H3a `mobile` is listed iff this build compiles ; MISSING x1: mobile
H-C7 the manual pointer is REMOVED from the index
   -> help md5 bea021a0 [full_headless]: 2 CHK fail(s), 0 inventory problem(s): H2b the LAST line is EXACTLY the manual pointer; H2c the manual pointer appears EXACTLY once, an
H-C8 the manual pointer is MOVED off the end
   -> help md5 571da6a7 [full_headless]: 2 CHK fail(s), 1 inventory problem(s): H2b the LAST line is EXACTLY the manual pointer; H2e the names are BYTEWISE ASCENDING and unique; UNEXPECTED x1: docs/manual/command-reference.md
H-C9 the manual pointer text is CHANGED
   -> help md5 7141084c [full_headless]: 3 CHK fail(s), 1 inventory problem(s): H2b the LAST line is EXACTLY the manual pointer; H2c the manual pointer appears EXACTLY once, an; UNEXPECTED x1: docs/manual/COMMANDS.md
H-C10 a DESCRIPTION comes back onto a name line
   -> help md5 90508955 [full_headless]: 1 CHK fail(s), 2 inventory problem(s): H2d every other line is a BARE name — no descri; MISSING x1: faults; UNEXPECTED x1: faults             the flash fault ri
H-C11a `help <topic>` renders a SUCCESSFUL index instead of the retired-form refusal
   -> help md5 6550abf0 [full_headless]: 3 CHK fail(s), 0 inventory problem(s): H4b the refusal is NOT the index               ; H4c the refusal is bounded to two lines        
H-C12a bare `help` and bare `?` DIVERGE
   -> help md5 ff8b3353 [full_headless]: 1 CHK fail(s), 0 inventory problem(s): H1c bare `help` and bare `?` are BYTE-IDENTICAL
H-C13a the index grows PAST MR_CONSOLE_STAGE_BYTES
   -> help md5 1a7ccc41 [full_headless]: 7 CHK fail(s), 2 inventory problem(s): H7a `help` reaches the wire BYTE-EXACT through ; H7c `help` left no fused/unterminated line; UNEXPECTED x1: zzzaZZZZZZZZZZZZZZZZZZZZZZZZZZZZZZZZZ; UNEXPECTED x1: zzzbZZZZZZZZZZZZZZZZZZZZZZZZZZZZZZZZZ
H-C11 write one help line straight to Serial instead of the supplied Print&
   -> structural S3+S19 now FAIL
H-C12 reach into device state from the help renderer
   -> structural S19 now FAIL
H-C13 remove the real dispatch() help-router call
   -> structural S17 now FAIL
H-C14 duplicate the dispatch() help-router call
   -> structural S17 now FAIL
H-C15 bypass the router: dispatch() parses `help` itself again
   -> structural S17+S18 now FAIL
H-C14a a NEW source command must change the EXPECTED help list
   -> 1 problem(s) reported, e.g. projection REFUSED: cannot read ruled authority table: [Errno 2] No su
H-C15a a REMOVED source command must change the EXPECTED help list
   -> 1 problem(s) reported, e.g. projection REFUSED: cannot read ruled authority table: [Errno 2] No su
H-C16a an EMPTY projection must REFUSE
   -> refused: the primary-verb projection is EMPTY for macros {'MR_N_LAYERS': 1, 'MR
H-C17a an EMPTY rendered side must not compare clean
   -> 46 problem(s) reported, e.g. MISSING x1: acl
H-C18a the UNMUTATED probe equals its SOURCE projection
   -> ok (full_headless: 46 names, gateway: 44 names)
B-C1 revert to the PRE-0a exact-length guard (`len == 4` only) — the slice-0a defect itself
   -> 123 executed check(s) fail: B1 `help ` BLE refusal is no, must be yes; B2 `help ` is OWNED by the help router but NOT refused by BLE — 106 B
B-C2 drop the length test entirely (the guard becomes too WIDE)
   -> 4 executed check(s) fail: B1 `helpful` BLE refusal is yes, must be no; B4 `helpful` is refused as help but the help router does not own it —
B-C3 drop the bare `?` alias from the refusal
   -> 3 executed check(s) fail: B1 `?` BLE refusal is no, must be yes; B2 `?` is OWNED by the help router but NOT refused by BLE — 441 B / 4
B-C4 delete the BLE console_only refusal outright
   -> extraction REFUSES (expected exactly ONE executable 'write_err(out, cap, "help", "console_…) and structural S10+S11+S20 now FAIL
B-C5 revert the guard shape — the STRUCTURAL half (S20) must notice
   -> structural S20 now FAIL (and S10/S11 stay green, which is exactly why S20 had to exist)
A-C1 PARTIAL FAMILY: only `acl` is refused, so the whole `admin-id` half leaks onto the link
   -> 44 executed check(s) fail: A1 `admin-id` BLE refusal is no, must be yes; A2 `admin-id` is OWNED by the target-store router but NOT refused by 
A-C2 LISTING-ONLY ESCAPE: `acl list` / `admin-id show` are let through as "public material"
   -> 24 executed check(s) fail: A1 `acl list` BLE refusal is no, must be yes; A2 `acl list` is OWNED by the target-store router but NOT refused by 
A-C3 BROAD PREFIX: a bare `admin` prefix test swallows `admin-key`, the CONTROLLER verb (Slice 4)
   -> the guard could not be EXTRACTED from the mutant, which is fail-loud RED: the extracted admin condition does not call `admin_verb_owns`: 'len >= 3 && (!strncmp(line, "admin", 5) || !strncmp(line, "acl", 3))'
A-C4 the admin refusal is DELETED outright
   -> extraction REFUSES: expected exactly ONE executable 'write_err(out, cap, "admin", "console_only")' in fw_main.cpp, f
A-C5 the admin refusal is DUPLICATED (two executable anchors — which one is the guard?)
   -> extraction REFUSES: expected exactly ONE executable 'write_err(out, cap, "admin", "console_only")' in fw_main.cpp, f
A-C6 the admin refusal is COMMENTED OUT (a guard that reads as present but never runs)
   -> extraction REFUSES: expected exactly ONE executable 'write_err(out, cap, "admin", "console_only")' in fw_main.cpp, f
A-C7 the ENVELOPE is wrong (`acl` instead of the ruled `admin` name)
   -> extraction REFUSES: expected exactly ONE executable 'write_err(out, cap, "admin", "console_only")' in fw_main.cpp, f
A-C8 the guard is MOVED BELOW the transport seam, where it can refuse nothing
   -> extraction REFUSES: the 'write_err(out, cap, "admin", "console_only")' refusal sits AFTER the transport seam — it re
A-C9 the guard is gated on the WRONG capability (MR_FEAT_RADMIN_CLIENT — the R-RA-8 inversion)
   -> extraction REFUSES: the 'write_err(out, cap, "admin", "console_only")' refusal is gated on 'MR_FEAT_RADMIN_CLIENT', 
S-C30 the boot report call is DUPLICATED in setup()
   -> structural S30+S31 now FAIL (required: S30)
S-C30b the boot call loses its ACCEPT gate (a CLIENT board would run a target-store boot path)
   -> structural S30+S84 now FAIL (required: S30)
S-C31 the boot report is hoisted ABOVE the filesystem mount/self-heal
   -> structural S30+S31+S84 now FAIL (required: S31)
S-C32 the boot report starts WRITING (an auto-generate on a fresh device — design §6.4 forbids it)
   -> structural S32 now FAIL (required: S32)
S-C33 a RESIDENT service is introduced (design §6.2's ruling reversed)
   -> structural S33 now FAIL (required: S33)
S-C34 the ACCEPT bindings reach into Node state OUTSIDE the three ruled session entry points
   -> structural S51 now FAIL (required: S51)
S-C34b ★★ §RADMIN slice 5: the ACL service loses its live-install seam, so a durable ACL change never reaches the running node (design §6.5 activation silently gone)
   -> structural S52 now FAIL (required: S52)
S-C34c ★★ §RADMIN slice 5: the IDENTITY service loses its live-install seam, so a root rotation never reaches the running node and the old pair keeps authenticating
   -> structural S52 now FAIL (required: S52)
S-C35 load_acl is re-pointed at the ADMIN slot (one record read through the other's name)
   -> structural S35 now FAIL (required: S35)
S-C36 /mradmid is added to mount_or_repair()'s probe list — its corruption would reformat the FS ([[B317]])
   -> structural S36+S47 now FAIL (required: S36)
S-C37 do_regen starts writing the ACL too (regen would silently reset the authority list)
   -> structural S37 now FAIL (required: S37)
S-C38 handle_leave starts writing /mradmid (leaving a team would rotate the administration root)
   -> structural S38 now FAIL (required: S38)
S-C39 factory_erase stops erasing wholesale on the ESP32 arm (the new records would SURVIVE a factory reset)
   -> structural S39 now FAIL (required: S39)
D-C1 ★★★ MUTATION ESCAPE: the guard refuses nothing at all — `admin-key export key0` crosses BLE
   -> 76 executed check(s) fail: D1 `admin-key` BLE refusal is no, must be yes; D2 `admin-key` is an owned SECRET form but is NOT refused by BLE
D-C2 ★★ PUBLIC LISTING BLOCKED: the guard refuses the WHOLE family, disabling R-RA-30's ruled list/show
   -> the guard could not be EXTRACTED from the mutant, which is fail-loud RED: the extracted client condition does not call `admin_client_ble_refuses`: 'mrfw::admin_client_verb_owns(line, len)'
D-C3 PARTIAL FAMILY: only `admin-key` is guarded, so the whole `admin-target` half leaks
   -> 38 executed check(s) fail: D1 `admin-target` BLE refusal is no, must be yes; D2 `admin-target` is an owned SECRET form but is NOT refused by BLE
D-C4 SUB-VERB PREFIX: `list`/`show` become prefixes, so `listen`/`shownothing` sail through
   -> 12 executed check(s) fail: D1 `admin-key listx` BLE refusal is no, must be yes; D2 `admin-key listx` is an owned SECRET form but is NOT refused by BL
D-C5 BROAD PREFIX: a bare `admin` test swallows `admin-id`/`acl`, the TARGET half's own verbs
   -> the guard could not be EXTRACTED from the mutant, which is fail-loud RED: the extracted client condition does not call `admin_client_ble_refuses`: 'len >= 5 && !strncmp(line, "admin", 5)'
D-C6 the client refusal is DELETED outright
   -> extraction REFUSES: expected exactly ONE executable 'write_err(out, cap, "admin-client", "console_only")' in fw_main.cpp, found 0
D-C7 the client refusal is DUPLICATED (two executable anchors — which one is the guard?)
   -> extraction REFUSES: expected exactly ONE executable 'write_err(out, cap, "admin-client", "console_only")' in fw_main.cpp, found 2
D-C8 the client refusal is COMMENTED OUT (a guard that reads as present but never runs)
   -> extraction REFUSES: expected exactly ONE executable 'write_err(out, cap, "admin-client", "console_only")' in fw_main.cpp, found 0
D-C9 ★★ THE ENVELOPE COLLIDES with the TARGET family's (`admin` for both — a leak becomes unattributable)
   -> extraction REFUSES: expected exactly ONE executable 'write_err(out, cap, "admin-client", "console_only")' in fw_main.cpp, found 0
D-C10 the guard is MOVED BELOW the transport seam, where it can refuse nothing
   -> extraction REFUSES: the 'write_err(out, cap, "admin-client", "console_only")' refusal sits AFTER the transport seam — it refuses n
D-C11 the guard is gated on the WRONG capability (MR_FEAT_RADMIN_ACCEPT — the R-RA-8 inversion)
   -> extraction REFUSES: the 'write_err(out, cap, "admin-client", "console_only")' refusal is gated on 'MR_FEAT_RADMIN_ACCEPT', expecte
S-C40 the CLIENT boot report call is DUPLICATED in setup()
   -> structural S40+S41 now FAIL (required: S40)
S-C40b the CLIENT boot call loses its gate (an ACCEPT board would run a controller boot path)
   -> structural S40 now FAIL (required: S40)
S-C42 the CLIENT boot report starts DRAWING entropy (an auto-generate on a fresh controller)
   -> structural S42 now FAIL (required: S42)
S-C43 ★★ A SECOND resident book is introduced (the one-scratch residency ruling reversed)
   -> structural S43 now FAIL (required: S43)
S-C44 ★★★ THE KEYRING BECOMES RESIDENT — ten master SEEDS move into .bss (design §6.2 reversed)
   -> structural S44 now FAIL (required: S44)
S-C45 the CLIENT bindings reach outside the approved Node controller seams
   -> structural S45 now FAIL (required: S45)
S-C46 ★★★ THE TWO SEEDS CROSS: load_mgmt_keys is re-pointed at the TARGET-side /mradmid slot
   -> structural S46 now FAIL (required: S46)
S-C47 /mrtargets is added to mount_or_repair()'s probe list — its corruption would reformat the FS
   -> structural S36+S47 now FAIL (required: S47)
S-C48 ★★ do_regen starts rewriting the keyring — the `preserved` warning becomes a FALSE claim
   -> structural S48 now FAIL (required: S48)
S-C50 ★★ the CLIENT BLE refusal reuses the TARGET family's `admin` envelope
   -> structural S50 now FAIL (required: S50)
A1 strict numeric parser bypassed
   -> structural S63 now FAIL
A2 resolver ignores the requested value
   -> structural S63 now FAIL
A3 impossible PHY falls through
   -> structural S64 now FAIL
A4 lower-bound refusal bypassed
   -> structural S65 now FAIL
A5 upper-bound refusal bypassed
   -> structural S65 now FAIL
A6 bounds clamp instead of refusing
   -> structural S65 now FAIL
A7 raw NV assignment lost
   -> structural S66 now FAIL
A8 checked save bypassed
   -> structural S66 now FAIL
A9 data turnaround omitted by binding
   -> structural S67 now FAIL
A10 text raw value substituted
   -> structural S68 now FAIL
A11 JSON binding loses resolved value
   -> structural S69 now FAIL
A12 JSON writer substitutes value
   -> structural S70 now FAIL
A13 JSON state key renamed
   -> structural S70 now FAIL
A14 restore discards persisted value
   -> structural S71 now FAIL
A15 boot envelope drifts
   -> structural S73 now FAIL
A16 cfg buffer shrinks again
   -> structural S74 now FAIL
A17 overlong token becomes a valid key plus value
   -> structural S74 now FAIL
A18 gateway interval stops persisting
   -> structural S75 now FAIL
A19 canonical seed loses raw value
   -> structural S76 now FAIL
A20 boot report precedes initialization
   -> structural S72 now FAIL
A21 boot report also runs on refused initialization
   -> structural S72 now FAIL
A22 boot report loses ACCEPT guard
   -> structural S73 now FAIL
T1 seam scope missing
   -> structural S77 now FAIL
T2 second scope publisher outside seam
   -> structural S77 now FAIL
T3 scope never installs context
   -> structural S78 now FAIL
T4 scope fails to restore previous context
   -> structural S78 now FAIL
T5 main-loop service call missing
   -> structural S79 now FAIL
T6 executor precedes RX
   -> structural S79 now FAIL
T7 executor loses ACCEPT guard
   -> structural S80 now FAIL
T8 private filter hides diagnostics too
   -> structural S81 now FAIL
T9 remote mark guard removed
   -> structural S82 now FAIL
T10 remote delete guard removed
   -> structural S82 now FAIL
T11 status scalar label changes
   -> structural S83 now FAIL
T12 status reads secret-bearing state instead of scalar snapshot
   -> structural S83 now FAIL
T13 status counters lose ACCEPT gate
   -> structural S83 now FAIL
N1 schema report missing
   -> structural S84 now FAIL
N2 schema report duplicated
   -> structural S84 now FAIL
N3 schema report bypasses supplied console sink
   -> structural S84 now FAIL

real sources verified UNCHANGED; 8 sink + 35 source + 23 help + 5 BLE + 22 radmin3 + 21 radmin4 controls run + 22 activation controls + 16 executor ownership controls (CONTROLS-TOTAL 152)

PINS profiles=6 checks=720 structural=84 ble_guard=905 ownership=6 ownership_controls=3 controls=152 unusable_controls=0
PASS: probe + structural + controls all green
