-- target b159mac: /tmp/mr-s8b-r4-_d7gpj1e/final-gate/lib/core/node_mac.cpp (2 entries)
-- selection: IN FULL (all 2 entries)
-- workers: 2
-- scratch root: /tmp/mr_mutation_run-15h9df6z   (removed on exit; MR_MUT_KEEP_SCRATCH=1 to keep)
  [w0] -- target b159mac: /tmp/mr_mutation_run-15h9df6z/w0/lib/core/node_mac.cpp (1 of 2 entries in this shard)
  [w0] -- baseline gate: THIS WORKER'S OWN clean tree must run 0 FAILED; its own counts become this shard's baseline
  [w1] -- target b159mac: /tmp/mr_mutation_run-15h9df6z/w1/lib/core/node_mac.cpp (1 of 2 entries in this shard)
  [w1] -- baseline gate: THIS WORKER'S OWN clean tree must run 0 FAILED; its own counts become this shard's baseline
  [w0]   ok   clean baseline 2966 / 195676 / 0   (DERIVED from this tree)
  [w1]   ok   clean baseline 2966 / 195676 / 0   (DERIVED from this tree)
  [w0]   ok   B06 the RTS HAL handoff on the DUTY-deferred path stops testing the deadline (the blocker-1 defect verbatim) -> RED (3 assertion(s) failed, match count 1)
  [w0] source restored: md5 e8efd51b60c318659ce59be9f98da289 (MATCHES)
  [w0] shard 0: 1 RED / 0 unusable   (of 1 entries)
  [w1]   ok   B07 the RTS HAL handoff on the immediate/LBT-deferred path stops testing the deadline -> RED (4 assertion(s) failed, match count 1)
  [w1] source restored: md5 e8efd51b60c318659ce59be9f98da289 (MATCHES)
  [w1] shard 1: 1 RED / 0 unusable   (of 1 entries)

======================================================================================================================
-- MERGED REPORT — target b159mac: /tmp/mr-s8b-r4-_d7gpj1e/final-gate/lib/core/node_mac.cpp
  ok   clean baseline 2966 / 195676 / 0   (DERIVED per worker tree; 2 tree(s) agree)
  ok   B06 the RTS HAL handoff on the DUTY-deferred path stops testing the deadline (the blocker-1 defect verbatim) -> RED (3 assertion(s) failed, match count 1)
  ok   B07 the RTS HAL handoff on the immediate/LBT-deferred path stops testing the deadline -> RED (4 assertion(s) failed, match count 1)
  worker 0: 1/1 entries, 1 RED / 0 worthless, wall 14.9s, rc 0, source restored: md5 e8efd51b60c318659ce59be9f98da289 (MATCHES)   /tmp/mr_mutation_run-15h9df6z/w0
  worker 1: 1/1 entries, 1 RED / 0 worthless, wall 16.2s, rc 0, source restored: md5 e8efd51b60c318659ce59be9f98da289 (MATCHES)   /tmp/mr_mutation_run-15h9df6z/w1
real tree untouched: all 62 target files byte-identical to launch (md5); no build ran in /tmp/mr-s8b-r4-_d7gpj1e/final-gate
timing: copy 3.3s + battery 16.3s = 19.6s total, 2 entries over 2 worker(s)
mutations: 2 RED / 0 unusable
