-- target b251hash: /tmp/mr-s8b-r4-_d7gpj1e/final-gate/lib/core/node_hashlocate.cpp (55 entries)
-- selection: IN FULL (all 55 entries)
-- workers: 3
-- scratch root: /tmp/mr_mutation_run-4tr_yg1h   (removed on exit; MR_MUT_KEEP_SCRATCH=1 to keep)
  [w2] -- target b251hash: /tmp/mr_mutation_run-4tr_yg1h/w2/lib/core/node_hashlocate.cpp (18 of 55 entries in this shard)
  [w2] -- baseline gate: THIS WORKER'S OWN clean tree must run 0 FAILED; its own counts become this shard's baseline
  [w1] -- target b251hash: /tmp/mr_mutation_run-4tr_yg1h/w1/lib/core/node_hashlocate.cpp (18 of 55 entries in this shard)
  [w1] -- baseline gate: THIS WORKER'S OWN clean tree must run 0 FAILED; its own counts become this shard's baseline
  [w0] -- target b251hash: /tmp/mr_mutation_run-4tr_yg1h/w0/lib/core/node_hashlocate.cpp (19 of 55 entries in this shard)
  [w0] -- baseline gate: THIS WORKER'S OWN clean tree must run 0 FAILED; its own counts become this shard's baseline
  [w1]   ok   clean baseline 2966 / 195676 / 0   (DERIVED from this tree)
  [w0]   ok   clean baseline 2966 / 195676 / 0   (DERIVED from this tree)
  [w2]   ok   clean baseline 2966 / 195676 / 0   (DERIVED from this tree)
  [w0]   ok   D01 B251 reverse lookup drops the returning destination discriminator -> RED (3 assertion(s) failed, match count 1)
  [w1]   ok   D02 B251 reverse lookup drops the layer/plane discriminator -> RED (2 assertion(s) failed, match count 1)
  [w2]   ok   D03 B251 reverse lookup drops the hosted-mobile hash discriminator -> RED (4 assertion(s) failed, match count 1)
  [w1]   ok   D05 B251 MOBILE_SEND treats a minted non-zero counter as admission and manufactures phantom evidence/state -> RED (6 assertion(s) failed, match count 1)
  [w0]   ok   D04 B251 a full live correlation ring evicts slot zero instead of applying backpressure -> RED (10 assertion(s) failed, match count 1)
  [w2]   ok   D06 B278 a full ring EVICTS at RESERVATION instead of refusing, so the ninth -a send is never BUSY-NACKed -> RED (8 assertion(s) failed, match count 1)
  [w1]   ok   D08 B278 prune-before-admit is removed from deleg_ack_put, so the ring never self-drains at its TTL -> RED (5 assertion(s) failed, match count 1)
  [w0]   ok   D07 B278 ACK translation stops being ONE-SHOT: the row survives, so a duplicate ACK translates again -> RED (23 assertion(s) failed, match count 1)
  [w2]   ok   D09i B278 S1b the CROSS-MOBILE refusal is undone at the availability probe (the `mobile_hash` term returns) -> RED (7 assertion(s) failed, match count 1)
  [w2]   ok   D09m B278 S1b a colliding foreign mobile falls THROUGH to a free slot, creating the second indistinguishable row -> RED (5 assertion(s) failed, match count 1)
  [w1]   ok   D09k B278 S1b a colliding foreign mobile OVERWRITES the incumbent instead of being refused -> RED (9 assertion(s) failed, match count 1)
  [w0]   ok   D09j B278 S1b the CROSS-MOBILE refusal is undone at the ACTIVE-match arm (the `mobile_hash` term returns) -> RED (6 assertion(s) failed, match count 1)
  [w2]   ok   D12 B278 S1b a RESERVED row is born with a candidate REGARDLESS of the caller's §5 verdict -> RED (7 assertion(s) failed, match count 1)
  [w0]   ok   D10 B278 S1a the mobile-visible TARGET is overwritten at activation (B251's single phase-dependent `peer` restored) -> RED (4 assertion(s) failed, match count 1)
  [w1]   ok   D11 B278 S1a the outward carrier TYPE is silently dropped at activation instead of being stored -> RED (2 assertion(s) failed, match count 1)
  [w2]   ok   D16 B278 S1b `forwarded` — S3's state — is written at activation, one arc-slice early -> RED (17 assertion(s) failed, match count 1)
  [w0]   ok   D14 B278 S1b the reservation's custody verdict is DROPPED, so no row is ever provisional -> RED (6 assertion(s) failed, match count 1)
  [w1]   ok   D15 B278 S1b a `candidate` SURVIVES activation (the arm's verdict never lands on the row) -> RED (11 assertion(s) failed, match count 1)
