-- target b251rx: /tmp/mr-s8b-r4-_d7gpj1e/final-gate/lib/core/node_mac_rx.cpp (19 entries)
-- selection: IN FULL (all 19 entries)
-- workers: 3
-- scratch root: /tmp/mr_mutation_run-7k7lczrs   (removed on exit; MR_MUT_KEEP_SCRATCH=1 to keep)
  [w1] -- target b251rx: /tmp/mr_mutation_run-7k7lczrs/w1/lib/core/node_mac_rx.cpp (6 of 19 entries in this shard)
  [w1] -- baseline gate: THIS WORKER'S OWN clean tree must run 0 FAILED; its own counts become this shard's baseline
  [w2] -- target b251rx: /tmp/mr_mutation_run-7k7lczrs/w2/lib/core/node_mac_rx.cpp (6 of 19 entries in this shard)
  [w2] -- baseline gate: THIS WORKER'S OWN clean tree must run 0 FAILED; its own counts become this shard's baseline
  [w0] -- target b251rx: /tmp/mr_mutation_run-7k7lczrs/w0/lib/core/node_mac_rx.cpp (7 of 19 entries in this shard)
  [w0] -- baseline gate: THIS WORKER'S OWN clean tree must run 0 FAILED; its own counts become this shard's baseline
  [w0]   ok   clean baseline 2966 / 195676 / 0   (DERIVED from this tree)
  [w1]   ok   clean baseline 2966 / 195676 / 0   (DERIVED from this tree)
  [w2]   ok   clean baseline 2966 / 195676 / 0   (DERIVED from this tree)
  [w0]   ok   X01 B251 translation is removed, restoring the downstream home/mobile counter alias -> RED (44 assertion(s) failed, match count 1)
  [w2]   ok   X03 B251 the hosted-mobile hash discriminator is dropped from the seen-origin key -> RED (31 assertion(s) failed, match count 1)
  [w1]   ok   X02 B251 first-hop identity is rebuilt from current row zero instead of the accepted hosted-mobile row -> RED (31 assertion(s) failed, match count 1)
  [w0]   ok   X04 B251 ordinary CRYPTED mobile transit is admitted to counter rewriting -> RED (6 assertion(s) failed, match count 1)
  [w2]   ok   X06 B251 a mismatching SOURCE_HASH is allowed to borrow the hosted row's translation authority -> RED (5 assertion(s) failed, match count 1)
  [w1]   ok   X05 B251 mobile_from alone authorises translation, collapsing TEAM and static planes -> RED (5 assertion(s) failed, match count 1)
  [w0]   ok   X07 B251 queue/correlation pressure is checked but ignored, so the mobile is hop-ACKed anyway -> RED (2 assertion(s) failed, match count 1)
  [w2]   ok   X10 B278 R1=A is defeated: a plain non-E2E delegated transit now reserves a correlation row -> RED (23 assertion(s) failed, match count 1)
  [w1]   ok   X09 B251 completed-flight lookup drops the immediate sender, so two mobiles can alias before DATA -> RED (36 assertion(s) failed, match count 1)
  [w0]   ok   X11 B278 the long-busy BUSY_RX REQUEUE is deleted, so a refused -a send dies on its first NACK -> RED (13 assertion(s) failed, match count 1)
  [w2]   ok   X14 B278 S1b the wrapper reservation CLAIMS to know the enclosed type, so no wrapper is ever provisional -> RED (2 assertion(s) failed, match count 1)
