-- target macwait: /tmp/mr-s8b-r6-nwy4hz9d/union-inputs/lib/core/mac_wait_windows.h (10 entries)
-- selection: IN FULL (all 10 entries)
-- workers: 3
-- scratch root: /tmp/mr_mutation_run-0km81ewi   (removed on exit; MR_MUT_KEEP_SCRATCH=1 to keep)
  [w0] -- target macwait: /tmp/mr_mutation_run-0km81ewi/w0/lib/core/mac_wait_windows.h (4 of 10 entries in this shard)
  [w0] -- baseline gate: THIS WORKER'S OWN clean tree must run 0 FAILED; its own counts become this shard's baseline
  [w1] -- target macwait: /tmp/mr_mutation_run-0km81ewi/w1/lib/core/mac_wait_windows.h (3 of 10 entries in this shard)
  [w1] -- baseline gate: THIS WORKER'S OWN clean tree must run 0 FAILED; its own counts become this shard's baseline
  [w2] -- target macwait: /tmp/mr_mutation_run-0km81ewi/w2/lib/core/mac_wait_windows.h (3 of 10 entries in this shard)
  [w2] -- baseline gate: THIS WORKER'S OWN clean tree must run 0 FAILED; its own counts become this shard's baseline
  [w1]   ok   clean baseline 2970 / 195942 / 0   (DERIVED from this tree)
  [w0]   ok   clean baseline 2970 / 195942 / 0   (DERIVED from this tree)
  [w2]   ok   clean baseline 2970 / 195942 / 0   (DERIVED from this tree)
  [w1]   ok   W02 CTS backoff exceeds the existing x4 cap -> RED (4 assertion(s) failed, match count 1)
  [w0]   ok   W01 CTS backoff caps one attempt early -> RED (20 assertion(s) failed, match count 1)
  [w2]   ok   W03 CTS exponential backoff becomes a linear increment -> RED (24 assertion(s) failed, match count 1)
  [w1]   ok   W05 CTS pays only one of the two turnarounds -> RED (10 assertion(s) failed, match count 1)
  [w2]   ok   W06 ACK loses DATA airtime -> RED (17 assertion(s) failed, match count 1)
  [w0]   ok   W04 CTS loses its one-millisecond margin -> RED (30 assertion(s) failed, match count 1)
  [w1]   ok   W08 ACK loses the DATA-SF turnaround -> RED (7 assertion(s) failed, match count 1)
  [w1] source restored: md5 00a8c2db8fe5e1523d15e709578b71a9 (MATCHES)
  [w1] shard 1: 3 RED / 0 unusable   (of 3 entries)
  [w2]   ok   W09 ACK loses the routing-SF turnaround -> RED (6 assertion(s) failed, match count 1)
  [w2] source restored: md5 00a8c2db8fe5e1523d15e709578b71a9 (MATCHES)
  [w2] shard 2: 3 RED / 0 unusable   (of 3 entries)
  [w0]   ok   W07 ACK loses routing ACK airtime -> RED (16 assertion(s) failed, match count 1)
  [w0]   ok   W10 ACK loses its two-millisecond margin -> RED (21 assertion(s) failed, match count 1)
  [w0] source restored: md5 00a8c2db8fe5e1523d15e709578b71a9 (MATCHES)
  [w0] shard 0: 4 RED / 0 unusable   (of 4 entries)

======================================================================================================================
-- MERGED REPORT — target macwait: /tmp/mr-s8b-r6-nwy4hz9d/union-inputs/lib/core/mac_wait_windows.h
  ok   clean baseline 2970 / 195942 / 0   (DERIVED per worker tree; 3 tree(s) agree)
  ok   W01 CTS backoff caps one attempt early -> RED (20 assertion(s) failed, match count 1)
  ok   W02 CTS backoff exceeds the existing x4 cap -> RED (4 assertion(s) failed, match count 1)
  ok   W03 CTS exponential backoff becomes a linear increment -> RED (24 assertion(s) failed, match count 1)
  ok   W04 CTS loses its one-millisecond margin -> RED (30 assertion(s) failed, match count 1)
  ok   W05 CTS pays only one of the two turnarounds -> RED (10 assertion(s) failed, match count 1)
  ok   W06 ACK loses DATA airtime -> RED (17 assertion(s) failed, match count 1)
  ok   W07 ACK loses routing ACK airtime -> RED (16 assertion(s) failed, match count 1)
  ok   W08 ACK loses the DATA-SF turnaround -> RED (7 assertion(s) failed, match count 1)
  ok   W09 ACK loses the routing-SF turnaround -> RED (6 assertion(s) failed, match count 1)
  ok   W10 ACK loses its two-millisecond margin -> RED (21 assertion(s) failed, match count 1)
  worker 0: 4/4 entries, 4 RED / 0 worthless, wall 58.0s, rc 0, source restored: md5 00a8c2db8fe5e1523d15e709578b71a9 (MATCHES)   /tmp/mr_mutation_run-0km81ewi/w0
  worker 1: 3/3 entries, 3 RED / 0 worthless, wall 45.3s, rc 0, source restored: md5 00a8c2db8fe5e1523d15e709578b71a9 (MATCHES)   /tmp/mr_mutation_run-0km81ewi/w1
  worker 2: 3/3 entries, 3 RED / 0 worthless, wall 46.4s, rc 0, source restored: md5 00a8c2db8fe5e1523d15e709578b71a9 (MATCHES)   /tmp/mr_mutation_run-0km81ewi/w2
real tree untouched: all 62 target files byte-identical to launch (md5); no build ran in /tmp/mr-s8b-r6-nwy4hz9d/union-inputs
timing: copy 5.3s + battery 58.1s = 63.5s total, 10 entries over 3 worker(s)
mutations: 10 RED / 0 unusable
