-- target radmin8verbs: /tmp/mr-s8b-r6-nwy4hz9d/union-inputs/src/firmware_remote_client.h (27 entries)
-- selection: IN FULL (all 27 entries)
-- workers: 3
-- scratch root: /tmp/mr_mutation_run-uvnu89g0   (removed on exit; MR_MUT_KEEP_SCRATCH=1 to keep)
  [w0] -- target radmin8verbs: /tmp/mr_mutation_run-uvnu89g0/w0/src/firmware_remote_client.h (9 of 27 entries in this shard)
  [w0] -- baseline gate: THIS WORKER'S OWN clean tree must run 0 FAILED; its own counts become this shard's baseline
  [w1] -- target radmin8verbs: /tmp/mr_mutation_run-uvnu89g0/w1/src/firmware_remote_client.h (9 of 27 entries in this shard)
  [w1] -- baseline gate: THIS WORKER'S OWN clean tree must run 0 FAILED; its own counts become this shard's baseline
  [w2] -- target radmin8verbs: /tmp/mr_mutation_run-uvnu89g0/w2/src/firmware_remote_client.h (9 of 27 entries in this shard)
  [w2] -- baseline gate: THIS WORKER'S OWN clean tree must run 0 FAILED; its own counts become this shard's baseline
  [w1]   ok   clean baseline 2970 / 195942 / 0   (DERIVED from this tree)
  [w0]   ok   clean baseline 2970 / 195942 / 0   (DERIVED from this tree)
  [w2]   ok   clean baseline 2970 / 195942 / 0   (DERIVED from this tree)
  [w1]   ok   V02 open silently accepts E2E ACK -> RED (1 assertion(s) failed, match count 1)
  [w0]   ok   V01 XOR authorization bypassed -> RED (2 assertion(s) failed, match count 1)
  [w2]   ok   V03 open permits arbitrary command -> RED (1 assertion(s) failed, match count 1)
  [w2]   ok   V06 command tail validator bypassed -> RED (2 assertion(s) failed, match count 1)
  [w1]   ok   V05 invalid request ID accepts zero -> RED (1 assertion(s) failed, match count 1)
  [w0]   ok   V04 missing force confirmation is accepted -> RED (1 assertion(s) failed, match count 1)
  [w2]   ok   V09 rollover allows ACK -> RED (2 assertion(s) failed, match count 1)
  [w1]   ok   V08 extra local acknowledgement tail admitted -> RED (1 assertion(s) failed, match count 1)
  [w0]   ok   V07 result show keyword not required -> RED (1 assertion(s) failed, match count 1)
  [w2]   ok   V12 custody observer removed -> RED (15 assertion(s) failed, match count 1)
  [w1]   ok   V11 observer wrong failure kind -> RED (1 assertion(s) failed, match count 1)
  [w0]   ok   V10 observer ACK ignored -> RED (22 assertion(s) failed, match count 1)
  [w2]   ok   V15 layer lost -> RED (3 assertion(s) failed, match count 1)
  [w0]   ok   V13 origin aliases reporter -> RED (3 assertion(s) failed, match count 1)
  [w1]   ok   V14 reporter aliases origin -> RED (3 assertion(s) failed, match count 1)
  [w2]   ok   V18 timeout called ACK -> RED (1 assertion(s) failed, match count 1)
  [w0]   ok   V16 custody matches outer ctr -> RED (1 assertion(s) failed, match count 1)
  [w1]   ok   V17 observer steals USB transport -> RED (4 assertion(s) failed, match count 1)
  [w2]   ok   V21 USB counter lost -> RED (1 assertion(s) failed, match count 1)
  [w0]   ok   V19 custody fields omitted -> RED (1 assertion(s) failed, match count 1)
  [w1]   ok   V20 custody reason omitted -> RED (1 assertion(s) failed, match count 1)
  [w2]   ok   V24 absent binding vetoes -> RED (6 assertion(s) failed, match count 1)
  [w0]   ok   V22 custody detail wrong event -> RED (3 assertion(s) failed, match count 1)
  [w1]   ok   V23 binding veto removed -> RED (1 assertion(s) failed, match count 1)
  [w0]   ok   V25 timeout invokes binding veto -> RED (16 assertion(s) failed, match count 1)
  [w0] source restored: md5 7a0e4c54e235e0b58637a8dd8927100c (MATCHES)
  [w0] shard 0: 9 RED / 0 unusable   (of 9 entries)
  [w2]   ok   V27 lookup argument lost -> RED (1 assertion(s) failed, match count 1)
  [w2] source restored: md5 7a0e4c54e235e0b58637a8dd8927100c (MATCHES)
  [w2] shard 2: 9 RED / 0 unusable   (of 9 entries)
  [w1]   ok   V26 XL ACK invokes binding veto -> RED (5 assertion(s) failed, match count 1)
  [w1] source restored: md5 7a0e4c54e235e0b58637a8dd8927100c (MATCHES)
  [w1] shard 1: 9 RED / 0 unusable   (of 9 entries)

======================================================================================================================
-- MERGED REPORT — target radmin8verbs: /tmp/mr-s8b-r6-nwy4hz9d/union-inputs/src/firmware_remote_client.h
  ok   clean baseline 2970 / 195942 / 0   (DERIVED per worker tree; 3 tree(s) agree)
  ok   V01 XOR authorization bypassed -> RED (2 assertion(s) failed, match count 1)
  ok   V02 open silently accepts E2E ACK -> RED (1 assertion(s) failed, match count 1)
  ok   V03 open permits arbitrary command -> RED (1 assertion(s) failed, match count 1)
  ok   V04 missing force confirmation is accepted -> RED (1 assertion(s) failed, match count 1)
  ok   V05 invalid request ID accepts zero -> RED (1 assertion(s) failed, match count 1)
  ok   V06 command tail validator bypassed -> RED (2 assertion(s) failed, match count 1)
  ok   V07 result show keyword not required -> RED (1 assertion(s) failed, match count 1)
  ok   V08 extra local acknowledgement tail admitted -> RED (1 assertion(s) failed, match count 1)
  ok   V09 rollover allows ACK -> RED (2 assertion(s) failed, match count 1)
  ok   V10 observer ACK ignored -> RED (22 assertion(s) failed, match count 1)
  ok   V11 observer wrong failure kind -> RED (1 assertion(s) failed, match count 1)
  ok   V12 custody observer removed -> RED (15 assertion(s) failed, match count 1)
  ok   V13 origin aliases reporter -> RED (3 assertion(s) failed, match count 1)
  ok   V14 reporter aliases origin -> RED (3 assertion(s) failed, match count 1)
  ok   V15 layer lost -> RED (3 assertion(s) failed, match count 1)
  ok   V16 custody matches outer ctr -> RED (1 assertion(s) failed, match count 1)
  ok   V17 observer steals USB transport -> RED (4 assertion(s) failed, match count 1)
  ok   V18 timeout called ACK -> RED (1 assertion(s) failed, match count 1)
  ok   V19 custody fields omitted -> RED (1 assertion(s) failed, match count 1)
  ok   V20 custody reason omitted -> RED (1 assertion(s) failed, match count 1)
  ok   V21 USB counter lost -> RED (1 assertion(s) failed, match count 1)
  ok   V22 custody detail wrong event -> RED (3 assertion(s) failed, match count 1)
  ok   V23 binding veto removed -> RED (1 assertion(s) failed, match count 1)
  ok   V24 absent binding vetoes -> RED (6 assertion(s) failed, match count 1)
  ok   V25 timeout invokes binding veto -> RED (16 assertion(s) failed, match count 1)
  ok   V26 XL ACK invokes binding veto -> RED (5 assertion(s) failed, match count 1)
  ok   V27 lookup argument lost -> RED (1 assertion(s) failed, match count 1)
  worker 0: 9/9 entries, 9 RED / 0 worthless, wall 100.6s, rc 0, source restored: md5 7a0e4c54e235e0b58637a8dd8927100c (MATCHES)   /tmp/mr_mutation_run-uvnu89g0/w0
  worker 1: 9/9 entries, 9 RED / 0 worthless, wall 102.1s, rc 0, source restored: md5 7a0e4c54e235e0b58637a8dd8927100c (MATCHES)   /tmp/mr_mutation_run-uvnu89g0/w1
  worker 2: 9/9 entries, 9 RED / 0 worthless, wall 100.6s, rc 0, source restored: md5 7a0e4c54e235e0b58637a8dd8927100c (MATCHES)   /tmp/mr_mutation_run-uvnu89g0/w2
real tree untouched: all 62 target files byte-identical to launch (md5); no build ran in /tmp/mr-s8b-r6-nwy4hz9d/union-inputs
timing: copy 2.8s + battery 102.2s = 105.0s total, 27 entries over 3 worker(s)
mutations: 27 RED / 0 unusable
