-- target radmin3verbs: /tmp/mr-s8b-r6-nwy4hz9d/union-inputs/src/firmware_admin_verbs.h (28 entries)
-- selection: IN FULL (all 28 entries)
-- workers: 3
-- scratch root: /tmp/mr_mutation_run-8tua0zu1   (removed on exit; MR_MUT_KEEP_SCRATCH=1 to keep)
  [w0] -- target radmin3verbs: /tmp/mr_mutation_run-8tua0zu1/w0/src/firmware_admin_verbs.h (10 of 28 entries in this shard)
  [w0] -- baseline gate: THIS WORKER'S OWN clean tree must run 0 FAILED; its own counts become this shard's baseline
  [w1] -- target radmin3verbs: /tmp/mr_mutation_run-8tua0zu1/w1/src/firmware_admin_verbs.h (9 of 28 entries in this shard)
  [w1] -- baseline gate: THIS WORKER'S OWN clean tree must run 0 FAILED; its own counts become this shard's baseline
  [w2] -- target radmin3verbs: /tmp/mr_mutation_run-8tua0zu1/w2/src/firmware_admin_verbs.h (9 of 28 entries in this shard)
  [w2] -- baseline gate: THIS WORKER'S OWN clean tree must run 0 FAILED; its own counts become this shard's baseline
  [w2]   ok   clean baseline 2970 / 195942 / 0   (DERIVED from this tree)
  [w0]   ok   clean baseline 2970 / 195942 / 0   (DERIVED from this tree)
  [w1]   ok   clean baseline 2970 / 195942 / 0   (DERIVED from this tree)
  [w2]   ok   C03 the family loses its `acl` half -> RED (10 assertion(s) failed, match count 1)
  [w0]   ok   C01 ★★ THE PRIMARY TOKEN BECOMES A PREFIX TEST — `admin-identity` and `aclx` are swallowed -> RED (13 assertion(s) failed, match count 1)
  [w1]   ok   C02 the family loses its `admin-id` half (only `acl` is recognised) -> RED (7 assertion(s) failed, match count 1)
  [w0]   ok   C04 a TAB no longer separates the primary token from its tail -> RED (4 assertion(s) failed, match count 1)
  [w2]   ok   C06 ★★ THE KEY TOKEN IS TRUNCATED TO THE FIELD WIDTH instead of refused — a 65-character paste installs a DIFFERENT key than the operator copied, silently -> RED (4 assertion(s) failed, match count 1)
  [w1]   ok   C05 ★★★ THE TOKEN SCAN IGNORES `len` — it reads past the span into whatever follows the console stage -> RED (69 assertion(s) failed, match count 1)
  [w2]   ok   C09 ★★ `admin-id reset` loses its confirmation -> RED (1 assertion(s) failed, match count 1)
  [w0]   ok   C07 the key scratch is sized to a slot number, so every legal 64-hex key is refused -> RED (53 assertion(s) failed, match count 1)
  [w1]   ok   C08 ★★ `admin-id rotate` NO LONGER NEEDS ITS CONFIRMATION — a bare word rotates the root -> RED (36 assertion(s) failed, match count 1)
  [w2]   ok   C12 a MALFORMED confirmation is TRIMMED into an accepted one (`confirm x` becomes `confirm`) -> RED (9 assertion(s) failed, match count 1)
  [w0]   ok   C10 ★★ `acl remove` loses its confirmation -> RED (17 assertion(s) failed, match count 1)
  [w1]   ok   C11 ★★ `acl reset` loses its confirmation -> RED (5 assertion(s) failed, match count 1)
  [w0]   ok   C13 ★★ THE SLOT IS PARSED WITH A PREFIX PARSE AGAIN — `acl remove 2junk confirm` frees slot 2 -> RED (11 assertion(s) failed, match count 1)
  [w2]   ok   C15 the ROLE token becomes a PREFIX match — `own` and `operators` are accepted -> RED (6 assertion(s) failed, match count 1)
  [w1]   ok   C14 the 0..9 domain check is dropped, so slot 250 is narrowed into slot 250 % 256 -> RED (1 assertion(s) failed, match count 1)
  [w2]   ok   C18 `acl add` silently ignores everything after the key -> RED (4 assertion(s) failed, match count 1)
  [w0]   ok   C16 an unknown role DEFAULTS to operator instead of refusing (C2's fail-loud reversed) -> RED (10 assertion(s) failed, match count 1)
  [w1]   ok   C17 `admin-id show` silently ignores an extra token -> RED (2 assertion(s) failed, match count 1)
  [w2]   ok   C21 the ACL listing renders EMPTY rows too (holes are published as slots) -> RED (4 assertion(s) failed, match count 1)
  [w1]   ok   C20 ★ `unchanged` is reported as `updated` — the operator is told a write happened that did not -> RED (2 assertion(s) failed, match count 1)
  [w0]   ok   C19 an UNKNOWN subcommand falls through silently instead of answering bad_args -> RED (9 assertion(s) failed, match count 1)
  [w2]   ok   C24 ★ the BOOT line drops its `state=` field — absent and io_failed become indistinguishable -> RED (5 assertion(s) failed, match count 1)
  [w1]   ok   C23 ★ the ADD line prints the FINGERPRINT in place of the full key — the USB exchange loses the key -> RED (2 assertion(s) failed, match count 1)
  [w0]   ok   C22 the listing's end line counts from the STORED count instead of the census -> RED (2 assertion(s) failed, match count 1)
  [w2]   ok   C27 the STATE names collapse (`io_failed` prints as `invalid` — the wrong remedy) -> RED (2 assertion(s) failed, match count 1)
  [w2] source restored: md5 a2720a19ea9fa8ee0608069dfc2b1780 (MATCHES)
  [w2] shard 2: 9 RED / 0 unusable   (of 9 entries)
  [w1]   ok   C26 a REFUSAL reason is mapped to the wrong lexeme (`last_owner` prints as `slot_empty`) -> RED (3 assertion(s) failed, match count 1)
  [w1] source restored: md5 a2720a19ea9fa8ee0608069dfc2b1780 (MATCHES)
  [w1] shard 1: 9 RED / 0 unusable   (of 9 entries)
  [w0]   ok   C25 the boot report starts printing the ADMINISTRATION KEY (a boot line must carry no material) -> RED (10 assertion(s) failed, match count 1)
  [w0]   ok   C29 the `acl add` path stops reading the administration identity (the gate is bypassed at the VERB) -> RED (8 assertion(s) failed, match count 1)
  [w0] source restored: md5 a2720a19ea9fa8ee0608069dfc2b1780 (MATCHES)
  [w0] shard 0: 10 RED / 0 unusable   (of 10 entries)

======================================================================================================================
-- MERGED REPORT — target radmin3verbs: /tmp/mr-s8b-r6-nwy4hz9d/union-inputs/src/firmware_admin_verbs.h
  ok   clean baseline 2970 / 195942 / 0   (DERIVED per worker tree; 3 tree(s) agree)
  ok   C01 ★★ THE PRIMARY TOKEN BECOMES A PREFIX TEST — `admin-identity` and `aclx` are swallowed -> RED (13 assertion(s) failed, match count 1)
  ok   C02 the family loses its `admin-id` half (only `acl` is recognised) -> RED (7 assertion(s) failed, match count 1)
  ok   C03 the family loses its `acl` half -> RED (10 assertion(s) failed, match count 1)
  ok   C04 a TAB no longer separates the primary token from its tail -> RED (4 assertion(s) failed, match count 1)
  ok   C05 ★★★ THE TOKEN SCAN IGNORES `len` — it reads past the span into whatever follows the console stage -> RED (69 assertion(s) failed, match count 1)
  ok   C06 ★★ THE KEY TOKEN IS TRUNCATED TO THE FIELD WIDTH instead of refused — a 65-character paste installs a DIFFERENT key than the operator copied, silently -> RED (4 assertion(s) failed, match count 1)
  ok   C07 the key scratch is sized to a slot number, so every legal 64-hex key is refused -> RED (53 assertion(s) failed, match count 1)
  ok   C08 ★★ `admin-id rotate` NO LONGER NEEDS ITS CONFIRMATION — a bare word rotates the root -> RED (36 assertion(s) failed, match count 1)
  ok   C09 ★★ `admin-id reset` loses its confirmation -> RED (1 assertion(s) failed, match count 1)
  ok   C10 ★★ `acl remove` loses its confirmation -> RED (17 assertion(s) failed, match count 1)
  ok   C11 ★★ `acl reset` loses its confirmation -> RED (5 assertion(s) failed, match count 1)
  ok   C12 a MALFORMED confirmation is TRIMMED into an accepted one (`confirm x` becomes `confirm`) -> RED (9 assertion(s) failed, match count 1)
  ok   C13 ★★ THE SLOT IS PARSED WITH A PREFIX PARSE AGAIN — `acl remove 2junk confirm` frees slot 2 -> RED (11 assertion(s) failed, match count 1)
  ok   C14 the 0..9 domain check is dropped, so slot 250 is narrowed into slot 250 % 256 -> RED (1 assertion(s) failed, match count 1)
  ok   C15 the ROLE token becomes a PREFIX match — `own` and `operators` are accepted -> RED (6 assertion(s) failed, match count 1)
  ok   C16 an unknown role DEFAULTS to operator instead of refusing (C2's fail-loud reversed) -> RED (10 assertion(s) failed, match count 1)
  ok   C17 `admin-id show` silently ignores an extra token -> RED (2 assertion(s) failed, match count 1)
  ok   C18 `acl add` silently ignores everything after the key -> RED (4 assertion(s) failed, match count 1)
  ok   C19 an UNKNOWN subcommand falls through silently instead of answering bad_args -> RED (9 assertion(s) failed, match count 1)
  ok   C20 ★ `unchanged` is reported as `updated` — the operator is told a write happened that did not -> RED (2 assertion(s) failed, match count 1)
  ok   C21 the ACL listing renders EMPTY rows too (holes are published as slots) -> RED (4 assertion(s) failed, match count 1)
  ok   C22 the listing's end line counts from the STORED count instead of the census -> RED (2 assertion(s) failed, match count 1)
  ok   C23 ★ the ADD line prints the FINGERPRINT in place of the full key — the USB exchange loses the key -> RED (2 assertion(s) failed, match count 1)
  ok   C24 ★ the BOOT line drops its `state=` field — absent and io_failed become indistinguishable -> RED (5 assertion(s) failed, match count 1)
  ok   C25 the boot report starts printing the ADMINISTRATION KEY (a boot line must carry no material) -> RED (10 assertion(s) failed, match count 1)
  ok   C26 a REFUSAL reason is mapped to the wrong lexeme (`last_owner` prints as `slot_empty`) -> RED (3 assertion(s) failed, match count 1)
  ok   C27 the STATE names collapse (`io_failed` prints as `invalid` — the wrong remedy) -> RED (2 assertion(s) failed, match count 1)
  ok   C29 the `acl add` path stops reading the administration identity (the gate is bypassed at the VERB) -> RED (8 assertion(s) failed, match count 1)
  worker 0: 10/10 entries, 10 RED / 0 worthless, wall 115.1s, rc 0, source restored: md5 a2720a19ea9fa8ee0608069dfc2b1780 (MATCHES)   /tmp/mr_mutation_run-8tua0zu1/w0
  worker 1: 9/9 entries, 9 RED / 0 worthless, wall 104.3s, rc 0, source restored: md5 a2720a19ea9fa8ee0608069dfc2b1780 (MATCHES)   /tmp/mr_mutation_run-8tua0zu1/w1
  worker 2: 9/9 entries, 9 RED / 0 worthless, wall 103.6s, rc 0, source restored: md5 a2720a19ea9fa8ee0608069dfc2b1780 (MATCHES)   /tmp/mr_mutation_run-8tua0zu1/w2
real tree untouched: all 62 target files byte-identical to launch (md5); no build ran in /tmp/mr-s8b-r6-nwy4hz9d/union-inputs
timing: copy 2.4s + battery 115.2s = 117.7s total, 28 entries over 3 worker(s)
mutations: 28 RED / 0 unusable
