-- target sliceCpull: /tmp/mr-s8b-r6-nwy4hz9d/union-inputs/lib/core/inbox.cpp (2 entries)
-- selection: IN FULL (all 2 entries)
-- workers: 2
-- scratch root: /tmp/mr_mutation_run-gwqlwwqh   (removed on exit; MR_MUT_KEEP_SCRATCH=1 to keep)
  [w0] -- target sliceCpull: /tmp/mr_mutation_run-gwqlwwqh/w0/lib/core/inbox.cpp (1 of 2 entries in this shard)
  [w0] -- baseline gate: THIS WORKER'S OWN clean tree must run 0 FAILED; its own counts become this shard's baseline
  [w1] -- target sliceCpull: /tmp/mr_mutation_run-gwqlwwqh/w1/lib/core/inbox.cpp (1 of 2 entries in this shard)
  [w1] -- baseline gate: THIS WORKER'S OWN clean tree must run 0 FAILED; its own counts become this shard's baseline
  [w0]   ok   clean baseline 2970 / 195942 / 0   (DERIVED from this tree)
  [w1]   ok   clean baseline 2970 / 195942 / 0   (DERIVED from this tree)
  [w0]   ok   S08 ★★★★ `Inbox::pull()` FILTERS INTERNAL RECORDS — the diagnostic stream loses every E2E receipt, so an offline-delivered message can never be confirmed and the DM cursor never advances past it -> RED (92 assertion(s) failed, match count 1)
  [w0] source restored: md5 a8088417e948aef2e5ffbe8cec312b27 (MATCHES)
  [w0] shard 0: 1 RED / 0 unusable   (of 1 entries)
  [w1]   ok   S09 ★★★ `Inbox::erase` PROTECTS AN INTERNAL RECORD — `del_msg dm <seq>` on a receipt answers not_found, so a record the diagnostic stream still shows can never be deleted -> RED (3 assertion(s) failed, match count 1)
  [w1] source restored: md5 a8088417e948aef2e5ffbe8cec312b27 (MATCHES)
  [w1] shard 1: 1 RED / 0 unusable   (of 1 entries)

======================================================================================================================
-- MERGED REPORT — target sliceCpull: /tmp/mr-s8b-r6-nwy4hz9d/union-inputs/lib/core/inbox.cpp
  ok   clean baseline 2970 / 195942 / 0   (DERIVED per worker tree; 2 tree(s) agree)
  ok   S08 ★★★★ `Inbox::pull()` FILTERS INTERNAL RECORDS — the diagnostic stream loses every E2E receipt, so an offline-delivered message can never be confirmed and the DM cursor never advances past it -> RED (92 assertion(s) failed, match count 1)
  ok   S09 ★★★ `Inbox::erase` PROTECTS AN INTERNAL RECORD — `del_msg dm <seq>` on a receipt answers not_found, so a record the diagnostic stream still shows can never be deleted -> RED (3 assertion(s) failed, match count 1)
  worker 0: 1/1 entries, 1 RED / 0 worthless, wall 17.9s, rc 0, source restored: md5 a8088417e948aef2e5ffbe8cec312b27 (MATCHES)   /tmp/mr_mutation_run-gwqlwwqh/w0
  worker 1: 1/1 entries, 1 RED / 0 worthless, wall 19.5s, rc 0, source restored: md5 a8088417e948aef2e5ffbe8cec312b27 (MATCHES)   /tmp/mr_mutation_run-gwqlwwqh/w1
real tree untouched: all 62 target files byte-identical to launch (md5); no build ran in /tmp/mr-s8b-r6-nwy4hz9d/union-inputs
timing: copy 1.6s + battery 19.6s = 21.2s total, 2 entries over 2 worker(s)
mutations: 2 RED / 0 unusable
