-- target sliceEnode: /tmp/mr-s8b-r6-nwy4hz9d/union-inputs/lib/core/node.cpp (3 entries)
-- selection: IN FULL (all 3 entries)
-- workers: 3
-- scratch root: /tmp/mr_mutation_run-z_fdktxg   (removed on exit; MR_MUT_KEEP_SCRATCH=1 to keep)
  [w1] -- target sliceEnode: /tmp/mr_mutation_run-z_fdktxg/w1/lib/core/node.cpp (1 of 3 entries in this shard)
  [w1] -- baseline gate: THIS WORKER'S OWN clean tree must run 0 FAILED; its own counts become this shard's baseline
  [w0] -- target sliceEnode: /tmp/mr_mutation_run-z_fdktxg/w0/lib/core/node.cpp (1 of 3 entries in this shard)
  [w0] -- baseline gate: THIS WORKER'S OWN clean tree must run 0 FAILED; its own counts become this shard's baseline
  [w2] -- target sliceEnode: /tmp/mr_mutation_run-z_fdktxg/w2/lib/core/node.cpp (1 of 3 entries in this shard)
  [w2] -- baseline gate: THIS WORKER'S OWN clean tree must run 0 FAILED; its own counts become this shard's baseline
  [w2]   ok   clean baseline 2970 / 195942 / 0   (DERIVED from this tree)
  [w0]   ok   clean baseline 2970 / 195942 / 0   (DERIVED from this tree)
  [w1]   ok   clean baseline 2970 / 195942 / 0   (DERIVED from this tree)
  [w1]   ok   E02 ★★★ THE TRANSIT AXIS IS INVERTED — only RELAYED carriers report and our own sends go silent, which is [[B263]] with the sign flipped: every real user-send failure disappears from the app -> RED (34 assertion(s) failed, match count 1)
  [w1] source restored: md5 135cf4ea87f8474a7f8e5f4b903b20c4 (MATCHES)
  [w1] shard 1: 1 RED / 0 unusable   (of 1 entries)
  [w0]   ok   E01 ★★★★ [[B263]] IS RESTORED — the `own_origination` term is dropped from the central gate, so a TRANSIT terminal give-up again pushes a generic `send_failed` under the ORIGINAL sender's `{dst, ctr}`: a user-send completion for a send this node never made, able to collide with a real local one -> RED (4 assertion(s) failed, match count 1)
  [w0] source restored: md5 135cf4ea87f8474a7f8e5f4b903b20c4 (MATCHES)
  [w0] shard 0: 1 RED / 0 unusable   (of 1 entries)
  [w2]   ok   E03 ★★★ THE TWO OWNERSHIP TERMS ARE OR-ED INSTEAD OF AND-ED — `own_origination` becomes an alternative to the caller's own `generic_owed` answer, so the three deliberately-silent terminals start reporting AND the transit fence is gone -> RED (6 assertion(s) failed, match count 1)
  [w2] source restored: md5 135cf4ea87f8474a7f8e5f4b903b20c4 (MATCHES)
  [w2] shard 2: 1 RED / 0 unusable   (of 1 entries)

======================================================================================================================
-- MERGED REPORT — target sliceEnode: /tmp/mr-s8b-r6-nwy4hz9d/union-inputs/lib/core/node.cpp
  ok   clean baseline 2970 / 195942 / 0   (DERIVED per worker tree; 3 tree(s) agree)
  ok   E01 ★★★★ [[B263]] IS RESTORED — the `own_origination` term is dropped from the central gate, so a TRANSIT terminal give-up again pushes a generic `send_failed` under the ORIGINAL sender's `{dst, ctr}`: a user-send completion for a send this node never made, able to collide with a real local one -> RED (4 assertion(s) failed, match count 1)
  ok   E02 ★★★ THE TRANSIT AXIS IS INVERTED — only RELAYED carriers report and our own sends go silent, which is [[B263]] with the sign flipped: every real user-send failure disappears from the app -> RED (34 assertion(s) failed, match count 1)
  ok   E03 ★★★ THE TWO OWNERSHIP TERMS ARE OR-ED INSTEAD OF AND-ED — `own_origination` becomes an alternative to the caller's own `generic_owed` answer, so the three deliberately-silent terminals start reporting AND the transit fence is gone -> RED (6 assertion(s) failed, match count 1)
  worker 0: 1/1 entries, 1 RED / 0 worthless, wall 14.1s, rc 0, source restored: md5 135cf4ea87f8474a7f8e5f4b903b20c4 (MATCHES)   /tmp/mr_mutation_run-z_fdktxg/w0
  worker 1: 1/1 entries, 1 RED / 0 worthless, wall 13.9s, rc 0, source restored: md5 135cf4ea87f8474a7f8e5f4b903b20c4 (MATCHES)   /tmp/mr_mutation_run-z_fdktxg/w1
  worker 2: 1/1 entries, 1 RED / 0 worthless, wall 14.1s, rc 0, source restored: md5 135cf4ea87f8474a7f8e5f4b903b20c4 (MATCHES)   /tmp/mr_mutation_run-z_fdktxg/w2
real tree untouched: all 62 target files byte-identical to launch (md5); no build ran in /tmp/mr-s8b-r6-nwy4hz9d/union-inputs
timing: copy 2.7s + battery 14.3s = 17.1s total, 3 entries over 3 worker(s)
mutations: 3 RED / 0 unusable
