
=== clean heltec_mobile ===
$ /home/staszek/.platformio/penv/bin/pio run --project-dir /tmp/mr-s9-r3-mg75mxe0/base -e heltec_mobile -t clean
Processing [36m[1mheltec_mobile[0m (platform: https://github.com/pioarduino/platform-espressif32/releases/download/53.03.13-1/platform-espressif32.zip; board: heltec_wifi_lora_32_V3; framework: arduino)
[1m--------------------------------------------------------------------------------[0m
Verbose mode can be enabled via `-v, --verbose` option
[0mgit_rev.py: GIT_REV = b206b206b206 (source=override)
[0mRemoving .pio-measure/env/heltec_mobile/build/heltec_mobile
[0mDone cleaning
[0m========================= [[32m[1mSUCCESS[0m] Took 0.35 seconds =========================[0m

[1mEnvironment[0m    [1mStatus[0m    [1mDuration[0m
-------------  --------  ------------
[36mheltec_mobile[0m  [32mSUCCESS[0m   00:00:00.350
[32m========================= 1 succeeded in 00:00:00.350 =========================[0m

=== build heltec_mobile ===
$ /home/staszek/.platformio/penv/bin/pio run --project-dir /tmp/mr-s9-r3-mg75mxe0/base -e heltec_mobile
Processing [36m[1mheltec_mobile[0m (platform: https://github.com/pioarduino/platform-espressif32/releases/download/53.03.13-1/platform-espressif32.zip; board: heltec_wifi_lora_32_V3; framework: arduino)
[1m--------------------------------------------------------------------------------[0m
Verbose mode can be enabled via `-v, --verbose` option
[0mgit_rev.py: GIT_REV = b206b206b206 (source=override)
[0mCONFIGURATION: https://docs.platformio.org/page/boards/espressif32/heltec_wifi_lora_32_V3.html
[0mPLATFORM: Espressif 32 (53.3.13) > Heltec WiFi LoRa 32 (V3)
[0mHARDWARE: ESP32S3 240MHz, 320KB RAM, 8MB Flash
[0mDEBUG: Current (cmsis-dap) External (cmsis-dap, esp-bridge, esp-builtin, esp-prog, iot-bus-jtag, jlink, minimodule, olimex-arm-usb-ocd, olimex-arm-usb-ocd-h, olimex-arm-usb-tiny-h, olimex-jtag-tiny, tumpa)
[0mPACKAGES: 
[0m - framework-arduinoespressif32 @ 3.1.3 
[0m - framework-arduinoespressif32-libs @ 5.3.0+sha.489d7a2b3a 
[0m - tool-esptoolpy @ 4.8.6 
[0m - tool-mklittlefs @ 3.2.0 
[0m - tool-openocd-esp32 @ 2.1100.20220706 (11.0) 
[0m - tool-riscv32-esp-elf-gdb @ 14.2.0+20240403 
[0m - tool-xtensa-esp-elf-gdb @ 14.2.0+20240403 
[0m - toolchain-riscv32-esp @ 13.2.0+20240530 
[0m - toolchain-xtensa-esp-elf @ 13.2.0+20240530
[0mLDF: Library Dependency Finder -> https://bit.ly/configure-pio-ldf
[0mLDF Modes: Finder ~ chain, Compatibility ~ soft
[0mFound 48 compatible libraries
[0mScanning dependencies...
[0mDependency Graph
[0m|-- RadioLib @ 7.7.1
[0m|-- Wire @ 3.1.3
[0m|-- U8g2 @ 2.35.30
[0m|-- MeshRouteCore @ 0.1.0
[0m|-- Update @ 3.1.3
[0m|-- WebServer @ 3.1.3
[0m|-- WiFi @ 3.1.3
[0m|-- console
[0m|-- hal
[0m|-- Monocypher @ 4.0.2
[0m|-- meshcore @ 0.0.0+51dfbb2f
[0m|-- Preferences @ 3.1.3
[0m|-- LittleFS @ 3.1.3
[0mBuilding in release mode
[0mCompiling .pio-measure/env/heltec_mobile/build/heltec_mobile/WireFw/Wire.o
[0mCompiling .pio-measure/env/heltec_mobile/build/heltec_mobile/variants/heltec_common/board_ui.cpp.o
[0mCompiling .pio-measure/env/heltec_mobile/build/heltec_mobile/src/device_ota.cpp.o
[0mCompiling .pio-measure/env/heltec_mobile/build/heltec_mobile/src/firmware_commands.cpp.o
[0mCompiling .pio-measure/env/heltec_mobile/build/heltec_mobile/src/firmware_config.cpp.o
[0mCompiling .pio-measure/env/heltec_mobile/build/heltec_mobile/src/firmware_inbox.cpp.o
[0mCompiling .pio-measure/env/heltec_mobile/build/heltec_mobile/src/firmware_remote.cpp.o
[0mCompiling .pio-measure/env/heltec_mobile/build/heltec_mobile/src/firmware_remote_actions.cpp.o
[0mCompiling .pio-measure/env/heltec_mobile/build/heltec_mobile/src/firmware_remote_client.cpp.o
[0mCompiling .pio-measure/env/heltec_mobile/build/heltec_mobile/src/firmware_ui.cpp.o
[0mCompiling .pio-measure/env/heltec_mobile/build/heltec_mobile/src/fw_main.cpp.o
[0mBuilding .pio-measure/env/heltec_mobile/build/heltec_mobile/bootloader.bin
[0mGenerating partitions .pio-measure/env/heltec_mobile/build/heltec_mobile/partitions.bin
[0mesptool.py v4.8.6
[0mCreating esp32s3 image...
[0mMerged 2 ELF sections
[0mSuccessfully created esp32s3 image.
[0mCompiling .pio-measure/env/heltec_mobile/build/heltec_mobile/lib1bd/SPI/SPI.cpp.o
[0m[33mIn file included from src/fw_context.h:19,
[0m[33m                 from src/firmware_commands.cpp:15:
[0m[33m.pio-measure/env/heltec_mobile/libdeps/heltec_mobile/RadioLib/src/RadioLib.h:58:4: warning: #warning "God mode active, I hope it was intentional. Buckle up, lads." [-Wcpp]
[0m[33m   58 |   #warning "God mode active, I hope it was intentional. Buckle up, lads."
[0m      |    ^~~~~~~
[33mIn file included from src/fw_context.h:19,
[0m[33m                 from src/firmware_inbox.cpp:9:
[0m[33m.pio-measure/env/heltec_mobile/libdeps/heltec_mobile/RadioLib/src/RadioLib.h:58:4: warning: #warning "God mode active, I hope it was intentional. Buckle up, lads." [-Wcpp]
[0m[33m   58 |   #warning "God mode active, I hope it was intentional. Buckle up, lads."
[0m      |    ^~~~~~~
[33mIn file included from src/fw_context.h:19,
[0m[33m                 from src/firmware_remote.cpp:9:
[0m[33m.pio-measure/env/heltec_mobile/libdeps/heltec_mobile/RadioLib/src/RadioLib.h:58:4: warning: #warning "God mode active, I hope it was intentional. Buckle up, lads." [-Wcpp]
[0m[33m   58 |   #warning "God mode active, I hope it was intentional. Buckle up, lads."
[0m      |    ^~~~~~~
[33mIn file included from src/fw_context.h:19,
[0m[33m                 from src/firmware_config.cpp:8:
[0m[33m.pio-measure/env/heltec_mobile/libdeps/heltec_mobile/RadioLib/src/RadioLib.h:58:4: warning: #warning "God mode active, I hope it was intentional. Buckle up, lads." [-Wcpp]
[0m[33m   58 |   #warning "God mode active, I hope it was intentional. Buckle up, lads."
[0m      |    ^~~~~~~
Compiling .pio-measure/env/heltec_mobile/build/heltec_mobile/libf0f/RadioLib/Hal.cpp.o
[0mCompiling .pio-measure/env/heltec_mobile/build/heltec_mobile/libf0f/RadioLib/Module.cpp.o
[0mCompiling .pio-measure/env/heltec_mobile/build/heltec_mobile/libf0f/RadioLib/hal/Arduino/ArduinoHal.cpp.o
[0m[33mIn file included from src/fw_main.cpp:16:
[0m[33m.pio-measure/env/heltec_mobile/libdeps/heltec_mobile/RadioLib/src/RadioLib.h:58:4: warning: #warning "God mode active, I hope it was intentional. Buckle up, lads." [-Wcpp]
[0m[33m   58 |   #warning "God mode active, I hope it was intentional. Buckle up, lads."
[0m      |    ^~~~~~~
Compiling .pio-measure/env/heltec_mobile/build/heltec_mobile/libf0f/RadioLib/hal/RPiPico/PicoHal.cpp.o
[0mCompiling .pio-measure/env/heltec_mobile/build/heltec_mobile/libf0f/RadioLib/hal/Stm32duino/Stm32wlHal.cpp.o
[0mCompiling .pio-measure/env/heltec_mobile/build/heltec_mobile/libf0f/RadioLib/modules/CC1101/CC1101.cpp.o
[0mCompiling .pio-measure/env/heltec_mobile/build/heltec_mobile/libf0f/RadioLib/modules/LLCC68/LLCC68.cpp.o
[0mCompiling .pio-measure/env/heltec_mobile/build/heltec_mobile/libf0f/RadioLib/modules/LR11x0/LR1110.cpp.o
[0mCompiling .pio-measure/env/heltec_mobile/build/heltec_mobile/libf0f/RadioLib/modules/LR11x0/LR1120.cpp.o
[0mCompiling .pio-measure/env/heltec_mobile/build/heltec_mobile/libf0f/RadioLib/modules/LR11x0/LR1121.cpp.o
[0mCompiling .pio-measure/env/heltec_mobile/build/heltec_mobile/libf0f/RadioLib/modules/LR11x0/LR11x0.cpp.o
[0mCompiling .pio-measure/env/heltec_mobile/build/heltec_mobile/libf0f/RadioLib/modules/LR11x0/LR11x0_commands.cpp.o
[0mCompiling .pio-measure/env/heltec_mobile/build/heltec_mobile/libf0f/RadioLib/modules/LR11x0/LR11x0_crypto.cpp.o
[0mCompiling .pio-measure/env/heltec_mobile/build/heltec_mobile/libf0f/RadioLib/modules/LR11x0/LR11x0_gnss.cpp.o
[0mCompiling .pio-measure/env/heltec_mobile/build/heltec_mobile/libf0f/RadioLib/modules/LR11x0/LR11x0_wifi.cpp.o
[0mArchiving .pio-measure/env/heltec_mobile/build/heltec_mobile/lib1bd/libSPI.a
[0mIndexing .pio-measure/env/heltec_mobile/build/heltec_mobile/lib1bd/libSPI.a
[0mCompiling .pio-measure/env/heltec_mobile/build/heltec_mobile/libf0f/RadioLib/modules/LR11x0/LR_common.cpp.o
[0m[33mIn file included from src/fw_context.h:24:
[0m[33mlib/hal/device_radio.h: In member function 'virtual bool meshroute::Sx1262Radio::poll_rx(uint8_t*, size_t, size_t&, float&, float&)':
[0m[33mlib/hal/device_radio.h:342:42: warning: '++' expression of 'volatile'-qualified type is deprecated [-Wvolatile]
[0m[33m  342 |         if (st != RADIOLIB_ERR_NONE) { ++g_rxbad_count; if (g_mr_trace_on) { Serial.print(F("[rxbad st=")); Serial.print(st); Serial.print(F(" t=")); Serial.print(millis()); Serial.println(F("]")); } return false; }   // count the CRC-storm event ALWAYS; the per-event print is GATED behind `debug on` (don't flood Serial when the radio is busiest)
[0m      |                                          ^~~~~~~~~~~~~
Compiling .pio-measure/env/heltec_mobile/build/heltec_mobile/libf0f/RadioLib/modules/LR2021/LR2021.cpp.o
[0m[33mIn file included from src/fw_context.h:24:
[0m[33mlib/hal/device_radio.h: In member function 'virtual bool meshroute::Sx1262Radio::poll_rx(uint8_t*, size_t, size_t&, float&, float&)':
[0m[33mlib/hal/device_radio.h:342:42: warning: '++' expression of 'volatile'-qualified type is deprecated [-Wvolatile]
[0m[33m  342 |         if (st != RADIOLIB_ERR_NONE) { ++g_rxbad_count; if (g_mr_trace_on) { Serial.print(F("[rxbad st=")); Serial.print(st); Serial.print(F(" t=")); Serial.print(millis()); Serial.println(F("]")); } return false; }   // count the CRC-storm event ALWAYS; the per-event print is GATED behind `debug on` (don't flood Serial when the radio is busiest)
[0m      |                                          ^~~~~~~~~~~~~
[33mIn file included from src/fw_context.h:24:
[0m[33mlib/hal/device_radio.h: In member function 'virtual bool meshroute::Sx1262Radio::poll_rx(uint8_t*, size_t, size_t&, float&, float&)':
[0m[33mlib/hal/device_radio.h:342:42: warning: '++' expression of 'volatile'-qualified type is deprecated [-Wvolatile]
[0m[33m  342 |         if (st != RADIOLIB_ERR_NONE) { ++g_rxbad_count; if (g_mr_trace_on) { Serial.print(F("[rxbad st=")); Serial.print(st); Serial.print(F(" t=")); Serial.print(millis()); Serial.println(F("]")); } return false; }   // count the CRC-storm event ALWAYS; the per-event print is GATED behind `debug on` (don't flood Serial when the radio is busiest)
[0m      |                                          ^~~~~~~~~~~~~
Compiling .pio-measure/env/heltec_mobile/build/heltec_mobile/libf0f/RadioLib/modules/LR2021/LR2021_cmds_chip_control.cpp.o
[0mCompiling .pio-measure/env/heltec_mobile/build/heltec_mobile/libf0f/RadioLib/modules/LR2021/LR2021_cmds_flrc.cpp.o
[0mCompiling .pio-measure/env/heltec_mobile/build/heltec_mobile/libf0f/RadioLib/modules/LR2021/LR2021_cmds_gfsk.cpp.o
[0m[33mIn file included from src/fw_main.cpp:21:
[0m[33mlib/hal/device_radio.h: In member function 'virtual bool meshroute::Sx1262Radio::poll_rx(uint8_t*, size_t, size_t&, float&, float&)':
[0m[33mlib/hal/device_radio.h:342:42: warning: '++' expression of 'volatile'-qualified type is deprecated [-Wvolatile]
[0m[33m  342 |         if (st != RADIOLIB_ERR_NONE) { ++g_rxbad_count; if (g_mr_trace_on) { Serial.print(F("[rxbad st=")); Serial.print(st); Serial.print(F(" t=")); Serial.print(millis()); Serial.println(F("]")); } return false; }   // count the CRC-storm event ALWAYS; the per-event print is GATED behind `debug on` (don't flood Serial when the radio is busiest)
[0m      |                                          ^~~~~~~~~~~~~
[33mIn file included from src/fw_context.h:24:
[0m[33mlib/hal/device_radio.h: In member function 'virtual bool meshroute::Sx1262Radio::poll_rx(uint8_t*, size_t, size_t&, float&, float&)':
[0m[33mlib/hal/device_radio.h:342:42: warning: '++' expression of 'volatile'-qualified type is deprecated [-Wvolatile]
[0m[33m  342 |         if (st != RADIOLIB_ERR_NONE) { ++g_rxbad_count; if (g_mr_trace_on) { Serial.print(F("[rxbad st=")); Serial.print(st); Serial.print(F(" t=")); Serial.print(millis()); Serial.println(F("]")); } return false; }   // count the CRC-storm event ALWAYS; the per-event print is GATED behind `debug on` (don't flood Serial when the radio is busiest)
[0m      |                                          ^~~~~~~~~~~~~
Compiling .pio-measure/env/heltec_mobile/build/heltec_mobile/libf0f/RadioLib/modules/LR2021/LR2021_cmds_lora.cpp.o
[0mCompiling .pio-measure/env/heltec_mobile/build/heltec_mobile/libf0f/RadioLib/modules/LR2021/LR2021_cmds_misc.cpp.o
[0mCompiling .pio-measure/env/heltec_mobile/build/heltec_mobile/libf0f/RadioLib/modules/LR2021/LR2021_cmds_ook.cpp.o
[0mCompiling .pio-measure/env/heltec_mobile/build/heltec_mobile/libf0f/RadioLib/modules/LR2021/LR2021_cmds_oqpsk.cpp.o
[0mCompiling .pio-measure/env/heltec_mobile/build/heltec_mobile/libf0f/RadioLib/modules/LR2021/LR2021_cmds_radio.cpp.o
[0m[33msrc/firmware_inbox.cpp: In function 'void mrfw::handle_mark_read(const char*, Print&)':
[0m[33msrc/firmware_inbox.cpp:77:9: warning: this 'if' clause does not guard... [-Wmisleading-indentation]
[0m[33m   77 |         if (n) out.write(eb, n); return;                  // fail loud on a bad kind
[0m[33m      |         ^~
[0m[33msrc/firmware_inbox.cpp:77:34: note: ...this statement, but the latter is misleadingly indented as if it were guarded by the 'if'
[0m[33m   77 |         if (n) out.write(eb, n); return;                  // fail loud on a bad kind
[0m      |                                  ^~~~~~
Compiling .pio-measure/env/heltec_mobile/build/heltec_mobile/libf0f/RadioLib/modules/LR2021/LR2021_cmds_ranging.cpp.o
[0mCompiling .pio-measure/env/heltec_mobile/build/heltec_mobile/libf0f/RadioLib/modules/LR2021/LR2021_config.cpp.o
[0m[33msrc/firmware_config.cpp: In function 'void mrfw::handle_create(const char*, Print&)':
[0m[33msrc/firmware_config.cpp:1199:5: warning: this 'if' clause does not guard... [-Wmisleading-indentation]
[0m[33m 1199 |     if (af <= 0.0f) af = 0.125f; if (af > 1.0f) af = 1.0f;                    // clamp; 0/absent -> the default
[0m[33m      |     ^~
[0m[33msrc/firmware_config.cpp:1199:34: note: ...this statement, but the latter is misleadingly indented as if it were guarded by the 'if'
[0m[33m 1199 |     if (af <= 0.0f) af = 0.125f; if (af > 1.0f) af = 1.0f;                    // clamp; 0/absent -> the default
[0m[33m      |                                  ^~
[0m[33msrc/firmware_config.cpp:1200:5: warning: this 'if' clause does not guard... [-Wmisleading-indentation]
[0m[33m 1200 |     if (chi < 1) chi = meshroute::protocol::channel_min_interval_ms; if (dmi < 1) dmi = meshroute::protocol::dm_min_interval_ms;
[0m[33m      |     ^~
[0m[33msrc/firmware_config.cpp:1200:70: note: ...this statement, but the latter is misleadingly indented as if it were guarded by the 'if'
[0m[33m 1200 |     if (chi < 1) chi = meshroute::protocol::channel_min_interval_ms; if (dmi < 1) dmi = meshroute::protocol::dm_min_interval_ms;
[0m[33m      |                                                                      ^~
[0m[33msrc/firmware_config.cpp:1207:9: warning: this 'for' clause does not guard... [-Wmisleading-indentation]
[0m[33m 1207 |         for (uint8_t i = 0; i < nlen; ++i) b.leaf_name[i] = (uint8_t)nm[i]; b.leaf_name_len = nlen;
[0m[33m      |         ^~~
[0m[33msrc/firmware_config.cpp:1207:77: note: ...this statement, but the latter is misleadingly indented as if it were guarded by the 'for'
[0m[33m 1207 |         for (uint8_t i = 0; i < nlen; ++i) b.leaf_name[i] = (uint8_t)nm[i]; b.leaf_name_len = nlen;
[0m[33m      |                                                                             ^
[0m[33msrc/firmware_config.cpp: In function 'void mrfw::handle_mobile(const char*, Print&)':
[0m[33msrc/firmware_config.cpp:2352:13: warning: this 'if' clause does not guard... [-Wmisleading-indentation]
[0m[33m 2352 |             if (m) out.write(s_inbox_jb, m); ++gws;
[0m[33m      |             ^~
[0m[33msrc/firmware_config.cpp:2352:46: note: ...this statement, but the latter is misleadingly indented as if it were guarded by the 'if'
[0m[33m 2352 |             if (m) out.write(s_inbox_jb, m); ++gws;
[0m[33m      |                                              ^~
[0mCompiling .pio-measure/env/heltec_mobile/build/heltec_mobile/libf0f/RadioLib/modules/RF69/RF69.cpp.o
[0mCompiling .pio-measure/env/heltec_mobile/build/heltec_mobile/libf0f/RadioLib/modules/SX123x/SX1231.cpp.o
[0mCompiling .pio-measure/env/heltec_mobile/build/heltec_mobile/libf0f/RadioLib/modules/SX123x/SX1233.cpp.o
[0mCompiling .pio-measure/env/heltec_mobile/build/heltec_mobile/libf0f/RadioLib/modules/SX126x/STM32WLx.cpp.o
[0mCompiling .pio-measure/env/heltec_mobile/build/heltec_mobile/libf0f/RadioLib/modules/SX126x/SX1261.cpp.o
[0mCompiling .pio-measure/env/heltec_mobile/build/heltec_mobile/libf0f/RadioLib/modules/SX126x/SX1262.cpp.o
[0mCompiling .pio-measure/env/heltec_mobile/build/heltec_mobile/libf0f/RadioLib/modules/SX126x/SX1268.cpp.o
[0mCompiling .pio-measure/env/heltec_mobile/build/heltec_mobile/libf0f/RadioLib/modules/SX126x/SX126x.cpp.o
[0mCompiling .pio-measure/env/heltec_mobile/build/heltec_mobile/libf0f/RadioLib/modules/SX126x/SX126x_LR_FHSS.cpp.o
[0mCompiling .pio-measure/env/heltec_mobile/build/heltec_mobile/libf0f/RadioLib/modules/SX126x/SX126x_commands.cpp.o
[0mCompiling .pio-measure/env/heltec_mobile/build/heltec_mobile/libf0f/RadioLib/modules/SX126x/SX126x_config.cpp.o
[0mCompiling .pio-measure/env/heltec_mobile/build/heltec_mobile/libf0f/RadioLib/modules/SX127x/SX1272.cpp.o
[0mCompiling .pio-measure/env/heltec_mobile/build/heltec_mobile/libf0f/RadioLib/modules/SX127x/SX1273.cpp.o
[0mCompiling .pio-measure/env/heltec_mobile/build/heltec_mobile/libf0f/RadioLib/modules/SX127x/SX1276.cpp.o
[0mCompiling .pio-measure/env/heltec_mobile/build/heltec_mobile/libf0f/RadioLib/modules/SX127x/SX1277.cpp.o
[0mCompiling .pio-measure/env/heltec_mobile/build/heltec_mobile/libf0f/RadioLib/modules/SX127x/SX1278.cpp.o
[0mCompiling .pio-measure/env/heltec_mobile/build/heltec_mobile/libf0f/RadioLib/modules/SX127x/SX1279.cpp.o
[0mCompiling .pio-measure/env/heltec_mobile/build/heltec_mobile/libf0f/RadioLib/modules/SX127x/SX127x.cpp.o
[0mCompiling .pio-measure/env/heltec_mobile/build/heltec_mobile/libf0f/RadioLib/modules/SX128x/SX1280.cpp.o
[0mCompiling .pio-measure/env/heltec_mobile/build/heltec_mobile/libf0f/RadioLib/modules/SX128x/SX1281.cpp.o
[0mCompiling .pio-measure/env/heltec_mobile/build/heltec_mobile/libf0f/RadioLib/modules/SX128x/SX1282.cpp.o
[0mCompiling .pio-measure/env/heltec_mobile/build/heltec_mobile/libf0f/RadioLib/modules/SX128x/SX128x.cpp.o
[0mCompiling .pio-measure/env/heltec_mobile/build/heltec_mobile/libf0f/RadioLib/modules/Si443x/Si4430.cpp.o
[0mCompiling .pio-measure/env/heltec_mobile/build/heltec_mobile/libf0f/RadioLib/modules/Si443x/Si4431.cpp.o
[0mCompiling .pio-measure/env/heltec_mobile/build/heltec_mobile/libf0f/RadioLib/modules/Si443x/Si4432.cpp.o
[0mCompiling .pio-measure/env/heltec_mobile/build/heltec_mobile/libf0f/RadioLib/modules/Si443x/Si443x.cpp.o
[0mCompiling .pio-measure/env/heltec_mobile/build/heltec_mobile/libf0f/RadioLib/modules/nRF24/nRF24.cpp.o
[0mCompiling .pio-measure/env/heltec_mobile/build/heltec_mobile/libf0f/RadioLib/protocols/ADSB/ADSB.cpp.o
[0mCompiling .pio-measure/env/heltec_mobile/build/heltec_mobile/libf0f/RadioLib/protocols/AFSK/AFSK.cpp.o
[0mCompiling .pio-measure/env/heltec_mobile/build/heltec_mobile/libf0f/RadioLib/protocols/APRS/APRS.cpp.o
[0mCompiling .pio-measure/env/heltec_mobile/build/heltec_mobile/libf0f/RadioLib/protocols/AX25/AX25.cpp.o
[0mCompiling .pio-measure/env/heltec_mobile/build/heltec_mobile/libf0f/RadioLib/protocols/BellModem/BellModem.cpp.o
[0mCompiling .pio-measure/env/heltec_mobile/build/heltec_mobile/libf0f/RadioLib/protocols/ExternalRadio/ExternalRadio.cpp.o
[0mCompiling .pio-measure/env/heltec_mobile/build/heltec_mobile/libf0f/RadioLib/protocols/FSK4/FSK4.cpp.o
[0mCompiling .pio-measure/env/heltec_mobile/build/heltec_mobile/libf0f/RadioLib/protocols/Hellschreiber/Hellschreiber.cpp.o
[0mCompiling .pio-measure/env/heltec_mobile/build/heltec_mobile/libf0f/RadioLib/protocols/LoRaWAN/LoRaWAN.cpp.o
[0mCompiling .pio-measure/env/heltec_mobile/build/heltec_mobile/libf0f/RadioLib/protocols/LoRaWAN/LoRaWANBands.cpp.o
[0mCompiling .pio-measure/env/heltec_mobile/build/heltec_mobile/libf0f/RadioLib/protocols/LoRaWAN/LoRaWANPacMan.cpp.o
[0mCompiling .pio-measure/env/heltec_mobile/build/heltec_mobile/libf0f/RadioLib/protocols/LoRaWAN/LoRaWANPackageTS003.cpp.o
[0mCompiling .pio-measure/env/heltec_mobile/build/heltec_mobile/libf0f/RadioLib/protocols/LoRaWAN/LoRaWANPackageTS009.cpp.o
[0mCompiling .pio-measure/env/heltec_mobile/build/heltec_mobile/libf0f/RadioLib/protocols/Morse/Morse.cpp.o
[0mCompiling .pio-measure/env/heltec_mobile/build/heltec_mobile/libf0f/RadioLib/protocols/Pager/Pager.cpp.o
[0mCompiling .pio-measure/env/heltec_mobile/build/heltec_mobile/libf0f/RadioLib/protocols/PhysicalLayer/PhysicalLayer.cpp.o
[0mCompiling .pio-measure/env/heltec_mobile/build/heltec_mobile/libf0f/RadioLib/protocols/Print/ITA2String.cpp.o
[0mCompiling .pio-measure/env/heltec_mobile/build/heltec_mobile/libf0f/RadioLib/protocols/Print/Print.cpp.o
[0mCompiling .pio-measure/env/heltec_mobile/build/heltec_mobile/libf0f/RadioLib/protocols/RTTY/RTTY.cpp.o
[0mCompiling .pio-measure/env/heltec_mobile/build/heltec_mobile/libf0f/RadioLib/protocols/SSTV/SSTV.cpp.o
[0mCompiling .pio-measure/env/heltec_mobile/build/heltec_mobile/libf0f/RadioLib/utils/BCH.cpp.o
[0mCompiling .pio-measure/env/heltec_mobile/build/heltec_mobile/libf0f/RadioLib/utils/CRC.cpp.o
[0mCompiling .pio-measure/env/heltec_mobile/build/heltec_mobile/libf0f/RadioLib/utils/ConvCode.cpp.o
[0mCompiling .pio-measure/env/heltec_mobile/build/heltec_mobile/libf0f/RadioLib/utils/Cryptography.cpp.o
[0mCompiling .pio-measure/env/heltec_mobile/build/heltec_mobile/libf0f/RadioLib/utils/Utils.cpp.o
[0mCompiling .pio-measure/env/heltec_mobile/build/heltec_mobile/lib8d9/Wire/Wire.cpp.o
[0mCompiling .pio-measure/env/heltec_mobile/build/heltec_mobile/lib03d/U8g2/U8g2lib.cpp.o
[0mCompiling .pio-measure/env/heltec_mobile/build/heltec_mobile/lib03d/U8g2/U8x8lib.cpp.o
[0mCompiling .pio-measure/env/heltec_mobile/build/heltec_mobile/lib03d/U8g2/clib/mui.c.o
[0m[33mcc1: warning: command-line option '-fno-rtti' is valid for C++/D/ObjC++ but not for C
[0mCompiling .pio-measure/env/heltec_mobile/build/heltec_mobile/lib03d/U8g2/clib/mui_u8g2.c.o
[0m[33mcc1: warning: command-line option '-fno-rtti' is valid for C++/D/ObjC++ but not for C
[0m[33m.pio-measure/env/heltec_mobile/libdeps/heltec_mobile/U8g2/src/clib/mui.c:591:16: warning: 'mui_task_read_nth_selectable_field' defined but not used [-Wunused-function]
[0m[33m  591 | static uint8_t mui_task_read_nth_selectable_field(mui_t *ui)
[0m      |                ^~~~~~~~~~~~~~~~~~~~~~~~~~~~~~~~~~
Compiling .pio-measure/env/heltec_mobile/build/heltec_mobile/lib03d/U8g2/clib/u8g2_arc.c.o
[0mCompiling .pio-measure/env/heltec_mobile/build/heltec_mobile/lib03d/U8g2/clib/u8g2_bitmap.c.o
[0m[33mcc1: warning: command-line option '-fno-rtti' is valid for C++/D/ObjC++ but not for C
[0m[33mcc1: warning: command-line option '-fno-rtti' is valid for C++/D/ObjC++ but not for C
[0m[33m.pio-measure/env/heltec_mobile/libdeps/heltec_mobile/U8g2/src/clib/mui_u8g2.c: In function 'mui_u8g2_s8_vmm_draw_wm_pf':
[0m[33m.pio-measure/env/heltec_mobile/libdeps/heltec_mobile/U8g2/src/clib/mui_u8g2.c:1256:9: warning: unused variable 's' [-Wunused-variable]
[0m[33m 1256 |   char *s = buf;
[0m[33m      |         ^
[0mCompiling .pio-measure/env/heltec_mobile/build/heltec_mobile/lib03d/U8g2/clib/u8g2_box.c.o
[0m[33mcc1: warning: command-line option '-fno-rtti' is valid for C++/D/ObjC++ but not for C
[0mCompiling .pio-measure/env/heltec_mobile/build/heltec_mobile/lib03d/U8g2/clib/u8g2_buffer.c.o
[0mCompiling .pio-measure/env/heltec_mobile/build/heltec_mobile/lib03d/U8g2/clib/u8g2_button.c.o
[0m[33mcc1: warning: command-line option '-fno-rtti' is valid for C++/D/ObjC++ but not for C
[0m[33mcc1: warning: command-line option '-fno-rtti' is valid for C++/D/ObjC++ but not for C
[0mCompiling .pio-measure/env/heltec_mobile/build/heltec_mobile/lib03d/U8g2/clib/u8g2_circle.c.o
[0mCompiling .pio-measure/env/heltec_mobile/build/heltec_mobile/lib03d/U8g2/clib/u8g2_cleardisplay.c.o
[0m[33mcc1: warning: command-line option '-fno-rtti' is valid for C++/D/ObjC++ but not for C
[0m[33mcc1: warning: command-line option '-fno-rtti' is valid for C++/D/ObjC++ but not for C
[0mCompiling .pio-measure/env/heltec_mobile/build/heltec_mobile/lib03d/U8g2/clib/u8g2_d_memory.c.o
[0mCompiling .pio-measure/env/heltec_mobile/build/heltec_mobile/lib03d/U8g2/clib/u8g2_d_setup.c.o
[0m[33mcc1: warning: command-line option '-fno-rtti' is valid for C++/D/ObjC++ but not for C
[0mCompiling .pio-measure/env/heltec_mobile/build/heltec_mobile/lib03d/U8g2/clib/u8g2_font.c.o
[0m[33mcc1: warning: command-line option '-fno-rtti' is valid for C++/D/ObjC++ but not for C
[0m[33mcc1: warning: command-line option '-fno-rtti' is valid for C++/D/ObjC++ but not for C
[0mCompiling .pio-measure/env/heltec_mobile/build/heltec_mobile/lib03d/U8g2/clib/u8g2_fonts.c.o
[0m[33mcc1: warning: command-line option '-fno-rtti' is valid for C++/D/ObjC++ but not for C
[0mCompiling .pio-measure/env/heltec_mobile/build/heltec_mobile/lib03d/U8g2/clib/u8g2_hvline.c.o
[0mCompiling .pio-measure/env/heltec_mobile/build/heltec_mobile/lib03d/U8g2/clib/u8g2_input_value.c.o
[0mCompiling .pio-measure/env/heltec_mobile/build/heltec_mobile/lib03d/U8g2/clib/u8g2_intersection.c.o
[0m[33mcc1: warning: command-line option '-fno-rtti' is valid for C++/D/ObjC++ but not for C
[0m[33mcc1: warning: command-line option '-fno-rtti' is valid for C++/D/ObjC++ but not for C
[0mCompiling .pio-measure/env/heltec_mobile/build/heltec_mobile/lib03d/U8g2/clib/u8g2_kerning.c.o
[0m[33mcc1: warning: command-line option '-fno-rtti' is valid for C++/D/ObjC++ but not for C
[0m[33mcc1: warning: command-line option '-fno-rtti' is valid for C++/D/ObjC++ but not for C
[0mCompiling .pio-measure/env/heltec_mobile/build/heltec_mobile/lib03d/U8g2/clib/u8g2_line.c.o
[0m[33mcc1: warning: command-line option '-fno-rtti' is valid for C++/D/ObjC++ but not for C
[0mCompiling .pio-measure/env/heltec_mobile/build/heltec_mobile/lib03d/U8g2/clib/u8g2_ll_hvline.c.o
[0mCompiling .pio-measure/env/heltec_mobile/build/heltec_mobile/lib03d/U8g2/clib/u8g2_message.c.o
[0m[33mcc1: warning: command-line option '-fno-rtti' is valid for C++/D/ObjC++ but not for C
[0mCompiling .pio-measure/env/heltec_mobile/build/heltec_mobile/lib03d/U8g2/clib/u8g2_polygon.c.o
[0m[33mcc1: warning: command-line option '-fno-rtti' is valid for C++/D/ObjC++ but not for C
[0mCompiling .pio-measure/env/heltec_mobile/build/heltec_mobile/lib03d/U8g2/clib/u8g2_selection_list.c.o
[0m[33mcc1: warning: command-line option '-fno-rtti' is valid for C++/D/ObjC++ but not for C
[0mCompiling .pio-measure/env/heltec_mobile/build/heltec_mobile/lib03d/U8g2/clib/u8g2_setup.c.o
[0m[33mcc1: warning: command-line option '-fno-rtti' is valid for C++/D/ObjC++ but not for C
[0mCompiling .pio-measure/env/heltec_mobile/build/heltec_mobile/lib03d/U8g2/clib/u8log.c.o
[0m[33mcc1: warning: command-line option '-fno-rtti' is valid for C++/D/ObjC++ but not for C
[0m[33mcc1: warning: command-line option '-fno-rtti' is valid for C++/D/ObjC++ but not for C
[0mCompiling .pio-measure/env/heltec_mobile/build/heltec_mobile/lib03d/U8g2/clib/u8log_u8g2.c.o
[0m[33mcc1: warning: command-line option '-fno-rtti' is valid for C++/D/ObjC++ but not for C
[0mCompiling .pio-measure/env/heltec_mobile/build/heltec_mobile/lib03d/U8g2/clib/u8log_u8x8.c.o
[0mCompiling .pio-measure/env/heltec_mobile/build/heltec_mobile/lib03d/U8g2/clib/u8x8_8x8.c.o
[0m[33mcc1: warning: command-line option '-fno-rtti' is valid for C++/D/ObjC++ but not for C
[0mCompiling .pio-measure/env/heltec_mobile/build/heltec_mobile/lib03d/U8g2/clib/u8x8_byte.c.o
[0mCompiling .pio-measure/env/heltec_mobile/build/heltec_mobile/lib03d/U8g2/clib/u8x8_cad.c.o
[0mCompiling .pio-measure/env/heltec_mobile/build/heltec_mobile/lib03d/U8g2/clib/u8x8_capture.c.o
[0m[33mcc1: warning: command-line option '-fno-rtti' is valid for C++/D/ObjC++ but not for C
[0mCompiling .pio-measure/env/heltec_mobile/build/heltec_mobile/lib03d/U8g2/clib/u8x8_d_a2printer.c.o
[0mCompiling .pio-measure/env/heltec_mobile/build/heltec_mobile/lib03d/U8g2/clib/u8x8_d_ch1120.c.o
[0m[33mcc1: warning: command-line option '-fno-rtti' is valid for C++/D/ObjC++ but not for C
[0m[33mcc1: warning: command-line option '-fno-rtti' is valid for C++/D/ObjC++ but not for C
[0m[33mcc1: warning: command-line option '-fno-rtti' is valid for C++/D/ObjC++ but not for C
[0m[33mcc1: warning: command-line option '-fno-rtti' is valid for C++/D/ObjC++ but not for C
[0m[33mcc1: warning: command-line option '-fno-rtti' is valid for C++/D/ObjC++ but not for C
[0mCompiling .pio-measure/env/heltec_mobile/build/heltec_mobile/lib03d/U8g2/clib/u8x8_d_gp1247ai.c.o
[0m[33mcc1: warning: command-line option '-fno-rtti' is valid for C++/D/ObjC++ but not for C
[0mCompiling .pio-measure/env/heltec_mobile/build/heltec_mobile/lib03d/U8g2/clib/u8x8_d_gp1287ai.c.o
[0mCompiling .pio-measure/env/heltec_mobile/build/heltec_mobile/lib03d/U8g2/clib/u8x8_d_gp1294ai.c.o
[0m[33mcc1: warning: command-line option '-fno-rtti' is valid for C++/D/ObjC++ but not for C
[0m[33mcc1: warning: command-line option '-fno-rtti' is valid for C++/D/ObjC++ but not for C
[0mCompiling .pio-measure/env/heltec_mobile/build/heltec_mobile/lib03d/U8g2/clib/u8x8_d_gu800.c.o
[0m[33mcc1: warning: command-line option '-fno-rtti' is valid for C++/D/ObjC++ but not for C
[0mCompiling .pio-measure/env/heltec_mobile/build/heltec_mobile/lib03d/U8g2/clib/u8x8_d_hd44102.c.o
[0mCompiling .pio-measure/env/heltec_mobile/build/heltec_mobile/lib03d/U8g2/clib/u8x8_d_il3820_296x128.c.o
[0m[33mcc1: warning: command-line option '-fno-rtti' is valid for C++/D/ObjC++ but not for C
[0m[33mcc1: warning: command-line option '-fno-rtti' is valid for C++/D/ObjC++ but not for C
[0mCompiling .pio-measure/env/heltec_mobile/build/heltec_mobile/lib03d/U8g2/clib/u8x8_d_ist3020.c.o
[0mArchiving .pio-measure/env/heltec_mobile/build/heltec_mobile/lib8d9/libWire.a
[0mIndexing .pio-measure/env/heltec_mobile/build/heltec_mobile/lib8d9/libWire.a
[0m[33mcc1: warning: command-line option '-fno-rtti' is valid for C++/D/ObjC++ but not for C
[0mCompiling .pio-measure/env/heltec_mobile/build/heltec_mobile/lib03d/U8g2/clib/u8x8_d_ist3088.c.o
[0m[33mcc1: warning: command-line option '-fno-rtti' is valid for C++/D/ObjC++ but not for C
[0mCompiling .pio-measure/env/heltec_mobile/build/heltec_mobile/lib03d/U8g2/clib/u8x8_d_ist7920.c.o
[0mCompiling .pio-measure/env/heltec_mobile/build/heltec_mobile/lib03d/U8g2/clib/u8x8_d_ks0108.c.o
[0m[33mcc1: warning: command-line option '-fno-rtti' is valid for C++/D/ObjC++ but not for C
[0m[33mcc1: warning: command-line option '-fno-rtti' is valid for C++/D/ObjC++ but not for C
[0mCompiling .pio-measure/env/heltec_mobile/build/heltec_mobile/lib03d/U8g2/clib/u8x8_d_lc7981.c.o
[0mCompiling .pio-measure/env/heltec_mobile/build/heltec_mobile/lib03d/U8g2/clib/u8x8_d_ld7032_60x32.c.o
[0m[33mcc1: warning: command-line option '-fno-rtti' is valid for C++/D/ObjC++ but not for C
[0mCompiling .pio-measure/env/heltec_mobile/build/heltec_mobile/lib03d/U8g2/clib/u8x8_d_ls013b7dh03.c.o
[0m[33mcc1: warning: command-line option '-fno-rtti' is valid for C++/D/ObjC++ but not for C
[0mCompiling .pio-measure/env/heltec_mobile/build/heltec_mobile/lib03d/U8g2/clib/u8x8_d_max7219.c.o
[0m[33mcc1: warning: command-line option '-fno-rtti' is valid for C++/D/ObjC++ but not for C
[0mCompiling .pio-measure/env/heltec_mobile/build/heltec_mobile/lib03d/U8g2/clib/u8x8_d_pcd8544_84x48.c.o
[0m[33mcc1: warning: command-line option '-fno-rtti' is valid for C++/D/ObjC++ but not for C
[0m[33mcc1: warning: command-line option '-fno-rtti' is valid for C++/D/ObjC++ but not for C
[0mCompiling .pio-measure/env/heltec_mobile/build/heltec_mobile/lib03d/U8g2/clib/u8x8_d_pcf8812.c.o
[0mCompiling .pio-measure/env/heltec_mobile/build/heltec_mobile/lib03d/U8g2/clib/u8x8_d_pcf8814_hx1230.c.o
[0m[33mcc1: warning: command-line option '-fno-rtti' is valid for C++/D/ObjC++ but not for C
[0mCompiling .pio-measure/env/heltec_mobile/build/heltec_mobile/lib03d/U8g2/clib/u8x8_d_s1d15300.c.o
[0m[33mcc1: warning: command-line option '-fno-rtti' is valid for C++/D/ObjC++ but not for C
[0mCompiling .pio-measure/env/heltec_mobile/build/heltec_mobile/lib03d/U8g2/clib/u8x8_d_s1d15721.c.o
[0m[33mcc1: warning: command-line option '-fno-rtti' is valid for C++/D/ObjC++ but not for C
[0mCompiling .pio-measure/env/heltec_mobile/build/heltec_mobile/lib03d/U8g2/clib/u8x8_d_s1d15e06.c.o
[0m[33mcc1: warning: command-line option '-fno-rtti' is valid for C++/D/ObjC++ but not for C
[0mCompiling .pio-measure/env/heltec_mobile/build/heltec_mobile/lib03d/U8g2/clib/u8x8_d_sbn1661.c.o
[0m[33mcc1: warning: command-line option '-fno-rtti' is valid for C++/D/ObjC++ but not for C
[0mCompiling .pio-measure/env/heltec_mobile/build/heltec_mobile/lib03d/U8g2/clib/u8x8_d_sed1330.c.o
[0m[33mcc1: warning: command-line option '-fno-rtti' is valid for C++/D/ObjC++ but not for C
[0mCompiling .pio-measure/env/heltec_mobile/build/heltec_mobile/lib03d/U8g2/clib/u8x8_d_sh1106_64x32.c.o
[0m[33mcc1: warning: command-line option '-fno-rtti' is valid for C++/D/ObjC++ but not for C
[0m[33mcc1: warning: command-line option '-fno-rtti' is valid for C++/D/ObjC++ but not for C
[0mCompiling .pio-measure/env/heltec_mobile/build/heltec_mobile/lib03d/U8g2/clib/u8x8_d_sh1106_72x40.c.o
[0mCompiling .pio-measure/env/heltec_mobile/build/heltec_mobile/lib03d/U8g2/clib/u8x8_d_sh1107.c.o
[0m[33mcc1: warning: command-line option '-fno-rtti' is valid for C++/D/ObjC++ but not for C
[0m[33mcc1: warning: command-line option '-fno-rtti' is valid for C++/D/ObjC++ but not for C
[0mCompiling .pio-measure/env/heltec_mobile/build/heltec_mobile/lib03d/U8g2/clib/u8x8_d_sh1108.c.o
[0m[33mcc1: warning: command-line option '-fno-rtti' is valid for C++/D/ObjC++ but not for C
[0mArchiving .pio-measure/env/heltec_mobile/build/heltec_mobile/libf0f/libRadioLib.a
[0mCompiling .pio-measure/env/heltec_mobile/build/heltec_mobile/lib03d/U8g2/clib/u8x8_d_sh1122.c.o
[0mCompiling .pio-measure/env/heltec_mobile/build/heltec_mobile/lib03d/U8g2/clib/u8x8_d_ssd1305.c.o
[0m[33mcc1: warning: command-line option '-fno-rtti' is valid for C++/D/ObjC++ but not for C
[0mCompiling .pio-measure/env/heltec_mobile/build/heltec_mobile/lib03d/U8g2/clib/u8x8_d_ssd1306_128x32.c.o
[0m[33mcc1: warning: command-line option '-fno-rtti' is valid for C++/D/ObjC++ but not for C
[0mCompiling .pio-measure/env/heltec_mobile/build/heltec_mobile/lib03d/U8g2/clib/u8x8_d_ssd1306_128x64_noname.c.o
[0m[33mcc1: warning: command-line option '-fno-rtti' is valid for C++/D/ObjC++ but not for C
[0mCompiling .pio-measure/env/heltec_mobile/build/heltec_mobile/lib03d/U8g2/clib/u8x8_d_ssd1306_2040x16.c.o
[0m[33mcc1: warning: command-line option '-fno-rtti' is valid for C++/D/ObjC++ but not for C
[0mCompiling .pio-measure/env/heltec_mobile/build/heltec_mobile/lib03d/U8g2/clib/u8x8_d_ssd1306_48x64.c.o
[0m[33mcc1: warning: command-line option '-fno-rtti' is valid for C++/D/ObjC++ but not for C
[0mCompiling .pio-measure/env/heltec_mobile/build/heltec_mobile/lib03d/U8g2/clib/u8x8_d_ssd1306_64x32.c.o
[0m[33mcc1: warning: command-line option '-fno-rtti' is valid for C++/D/ObjC++ but not for C
[0mCompiling .pio-measure/env/heltec_mobile/build/heltec_mobile/lib03d/U8g2/clib/u8x8_d_ssd1306_64x48.c.o
[0m[33mcc1: warning: command-line option '-fno-rtti' is valid for C++/D/ObjC++ but not for C
[0mCompiling .pio-measure/env/heltec_mobile/build/heltec_mobile/lib03d/U8g2/clib/u8x8_d_ssd1306_72x40.c.o
[0m[33mcc1: warning: command-line option '-fno-rtti' is valid for C++/D/ObjC++ but not for C
[0mCompiling .pio-measure/env/heltec_mobile/build/heltec_mobile/lib03d/U8g2/clib/u8x8_d_ssd1306_96x16.c.o
[0m[33mcc1: warning: command-line option '-fno-rtti' is valid for C++/D/ObjC++ but not for C
[0m[33mcc1: warning: command-line option '-fno-rtti' is valid for C++/D/ObjC++ but not for C
[0mCompiling .pio-measure/env/heltec_mobile/build/heltec_mobile/lib03d/U8g2/clib/u8x8_d_ssd1306_96x40.c.o
[0mIndexing .pio-measure/env/heltec_mobile/build/heltec_mobile/libf0f/libRadioLib.a
[0m[33mcc1: warning: command-line option '-fno-rtti' is valid for C++/D/ObjC++ but not for C
[0mCompiling .pio-measure/env/heltec_mobile/build/heltec_mobile/lib03d/U8g2/clib/u8x8_d_ssd1309.c.o
[0m[33mcc1: warning: command-line option '-fno-rtti' is valid for C++/D/ObjC++ but not for C
[0mCompiling .pio-measure/env/heltec_mobile/build/heltec_mobile/lib03d/U8g2/clib/u8x8_d_ssd1312.c.o
[0m[33mcc1: warning: command-line option '-fno-rtti' is valid for C++/D/ObjC++ but not for C
[0mCompiling .pio-measure/env/heltec_mobile/build/heltec_mobile/lib03d/U8g2/clib/u8x8_d_ssd1316.c.o
[0m[33mcc1: warning: command-line option '-fno-rtti' is valid for C++/D/ObjC++ but not for C
[0mCompiling .pio-measure/env/heltec_mobile/build/heltec_mobile/lib03d/U8g2/clib/u8x8_d_ssd1317.c.o
[0m[33mcc1: warning: command-line option '-fno-rtti' is valid for C++/D/ObjC++ but not for C
[0mCompiling .pio-measure/env/heltec_mobile/build/heltec_mobile/lib03d/U8g2/clib/u8x8_d_ssd1318.c.o
[0m[33mcc1: warning: command-line option '-fno-rtti' is valid for C++/D/ObjC++ but not for C
[0mCompiling .pio-measure/env/heltec_mobile/build/heltec_mobile/lib03d/U8g2/clib/u8x8_d_ssd1320.c.o
[0m[33mcc1: warning: command-line option '-fno-rtti' is valid for C++/D/ObjC++ but not for C
[0mCompiling .pio-measure/env/heltec_mobile/build/heltec_mobile/lib03d/U8g2/clib/u8x8_d_ssd1322.c.o
[0mCompiling .pio-measure/env/heltec_mobile/build/heltec_mobile/lib03d/U8g2/clib/u8x8_d_ssd1325.c.o
[0m[33mcc1: warning: command-line option '-fno-rtti' is valid for C++/D/ObjC++ but not for C
[0mCompiling .pio-measure/env/heltec_mobile/build/heltec_mobile/lib03d/U8g2/clib/u8x8_d_ssd1326.c.o
[0m[33mcc1: warning: command-line option '-fno-rtti' is valid for C++/D/ObjC++ but not for C
[0mCompiling .pio-measure/env/heltec_mobile/build/heltec_mobile/lib03d/U8g2/clib/u8x8_d_ssd1327.c.o
[0m[33mcc1: warning: command-line option '-fno-rtti' is valid for C++/D/ObjC++ but not for C
[0mCompiling .pio-measure/env/heltec_mobile/build/heltec_mobile/lib03d/U8g2/clib/u8x8_d_ssd1329.c.o
[0m[33mcc1: warning: command-line option '-fno-rtti' is valid for C++/D/ObjC++ but not for C
[0mCompiling .pio-measure/env/heltec_mobile/build/heltec_mobile/lib03d/U8g2/clib/u8x8_d_ssd1362.c.o
[0m[33mcc1: warning: command-line option '-fno-rtti' is valid for C++/D/ObjC++ but not for C
[0mCompiling .pio-measure/env/heltec_mobile/build/heltec_mobile/lib03d/U8g2/clib/u8x8_d_ssd1363.c.o
[0m[33mcc1: warning: command-line option '-fno-rtti' is valid for C++/D/ObjC++ but not for C
[0mCompiling .pio-measure/env/heltec_mobile/build/heltec_mobile/lib03d/U8g2/clib/u8x8_d_ssd1606_172x72.c.o
[0m[33mcc1: warning: command-line option '-fno-rtti' is valid for C++/D/ObjC++ but not for C
[0mCompiling .pio-measure/env/heltec_mobile/build/heltec_mobile/lib03d/U8g2/clib/u8x8_d_ssd1607_200x200.c.o
[0m[33mcc1: warning: command-line option '-fno-rtti' is valid for C++/D/ObjC++ but not for C
[0mCompiling .pio-measure/env/heltec_mobile/build/heltec_mobile/lib03d/U8g2/clib/u8x8_d_st7301.c.o
[0m[33mcc1: warning: command-line option '-fno-rtti' is valid for C++/D/ObjC++ but not for C
[0mCompiling .pio-measure/env/heltec_mobile/build/heltec_mobile/lib03d/U8g2/clib/u8x8_d_st7302.c.o
[0m[33mcc1: warning: command-line option '-fno-rtti' is valid for C++/D/ObjC++ but not for C
[0mCompiling .pio-measure/env/heltec_mobile/build/heltec_mobile/lib03d/U8g2/clib/u8x8_d_st7511.c.o
[0mCompiling .pio-measure/env/heltec_mobile/build/heltec_mobile/lib03d/U8g2/clib/u8x8_d_st75160.c.o
[0m[33mcc1: warning: command-line option '-fno-rtti' is valid for C++/D/ObjC++ but not for C
[0m[33mcc1: warning: command-line option '-fno-rtti' is valid for C++/D/ObjC++ but not for C
[0mCompiling .pio-measure/env/heltec_mobile/build/heltec_mobile/lib03d/U8g2/clib/u8x8_d_st75161.c.o
[0m[33mcc1: warning: command-line option '-fno-rtti' is valid for C++/D/ObjC++ but not for C
[0mCompiling .pio-measure/env/heltec_mobile/build/heltec_mobile/lib03d/U8g2/clib/u8x8_d_st75256.c.o
[0m[33mcc1: warning: command-line option '-fno-rtti' is valid for C++/D/ObjC++ but not for C
[0m[33mcc1: warning: command-line option '-fno-rtti' is valid for C++/D/ObjC++ but not for C
[0mCompiling .pio-measure/env/heltec_mobile/build/heltec_mobile/lib03d/U8g2/clib/u8x8_d_st7528.c.o
[0m[33mcc1: warning: command-line option '-fno-rtti' is valid for C++/D/ObjC++ but not for C
[0mCompiling .pio-measure/env/heltec_mobile/build/heltec_mobile/lib03d/U8g2/clib/u8x8_d_st75320.c.o
[0m[33mcc1: warning: command-line option '-fno-rtti' is valid for C++/D/ObjC++ but not for C
[0mCompiling .pio-measure/env/heltec_mobile/build/heltec_mobile/lib03d/U8g2/clib/u8x8_d_st7539.c.o
[0m[33mcc1: warning: command-line option '-fno-rtti' is valid for C++/D/ObjC++ but not for C
[0mCompiling .pio-measure/env/heltec_mobile/build/heltec_mobile/lib03d/U8g2/clib/u8x8_d_st7565.c.o
[0mCompiling .pio-measure/env/heltec_mobile/build/heltec_mobile/lib03d/U8g2/clib/u8x8_d_st7567.c.o
[0m[33mcc1: warning: command-line option '-fno-rtti' is valid for C++/D/ObjC++ but not for C
[0mCompiling .pio-measure/env/heltec_mobile/build/heltec_mobile/lib03d/U8g2/clib/u8x8_d_st7571.c.o
[0m[33mcc1: warning: command-line option '-fno-rtti' is valid for C++/D/ObjC++ but not for C
[0mCompiling .pio-measure/env/heltec_mobile/build/heltec_mobile/lib03d/U8g2/clib/u8x8_d_st7586s_erc240160.c.o
[0m[33mcc1: warning: command-line option '-fno-rtti' is valid for C++/D/ObjC++ but not for C
[0m[33mcc1: warning: command-line option '-fno-rtti' is valid for C++/D/ObjC++ but not for C
[0mCompiling .pio-measure/env/heltec_mobile/build/heltec_mobile/lib03d/U8g2/clib/u8x8_d_st7586s_jlx320160.c.o
[0mCompiling .pio-measure/env/heltec_mobile/build/heltec_mobile/lib03d/U8g2/clib/u8x8_d_st7586s_jlx384160.c.o
[0m[33mcc1: warning: command-line option '-fno-rtti' is valid for C++/D/ObjC++ but not for C
[0mCompiling .pio-measure/env/heltec_mobile/build/heltec_mobile/lib03d/U8g2/clib/u8x8_d_st7586s_md240128.c.o
[0m[33mcc1: warning: command-line option '-fno-rtti' is valid for C++/D/ObjC++ but not for C
[0mCompiling .pio-measure/env/heltec_mobile/build/heltec_mobile/lib03d/U8g2/clib/u8x8_d_st7586s_s028hn118a.c.o
[0m[33mcc1: warning: command-line option '-fno-rtti' is valid for C++/D/ObjC++ but not for C
[0mCompiling .pio-measure/env/heltec_mobile/build/heltec_mobile/lib03d/U8g2/clib/u8x8_d_st7586s_ymc240160.c.o
[0m[33mcc1: warning: command-line option '-fno-rtti' is valid for C++/D/ObjC++ but not for C
[0m[33mcc1: warning: command-line option '-fno-rtti' is valid for C++/D/ObjC++ but not for C
[0mCompiling .pio-measure/env/heltec_mobile/build/heltec_mobile/lib03d/U8g2/clib/u8x8_d_st7588.c.o
[0m[33mcc1: warning: command-line option '-fno-rtti' is valid for C++/D/ObjC++ but not for C
[0mCompiling .pio-measure/env/heltec_mobile/build/heltec_mobile/lib03d/U8g2/clib/u8x8_d_st7920.c.o
[0mCompiling .pio-measure/env/heltec_mobile/build/heltec_mobile/lib03d/U8g2/clib/u8x8_d_t6963.c.o
[0m[33mcc1: warning: command-line option '-fno-rtti' is valid for C++/D/ObjC++ but not for C
[0m[33mcc1: warning: command-line option '-fno-rtti' is valid for C++/D/ObjC++ but not for C
[0mCompiling .pio-measure/env/heltec_mobile/build/heltec_mobile/lib03d/U8g2/clib/u8x8_d_uc1601.c.o
[0m[33mcc1: warning: command-line option '-fno-rtti' is valid for C++/D/ObjC++ but not for C
[0mCompiling .pio-measure/env/heltec_mobile/build/heltec_mobile/lib03d/U8g2/clib/u8x8_d_uc1604.c.o
[0m[33mcc1: warning: command-line option '-fno-rtti' is valid for C++/D/ObjC++ but not for C
[0mCompiling .pio-measure/env/heltec_mobile/build/heltec_mobile/lib03d/U8g2/clib/u8x8_d_uc1608.c.o
[0m[33mcc1: warning: command-line option '-fno-rtti' is valid for C++/D/ObjC++ but not for C
[0mCompiling .pio-measure/env/heltec_mobile/build/heltec_mobile/lib03d/U8g2/clib/u8x8_d_uc1609.c.o
[0mCompiling .pio-measure/env/heltec_mobile/build/heltec_mobile/lib03d/U8g2/clib/u8x8_d_uc1610.c.o
[0m[33mcc1: warning: command-line option '-fno-rtti' is valid for C++/D/ObjC++ but not for C
[0m[33mcc1: warning: command-line option '-fno-rtti' is valid for C++/D/ObjC++ but not for C
[0mCompiling .pio-measure/env/heltec_mobile/build/heltec_mobile/lib03d/U8g2/clib/u8x8_d_uc1611.c.o
[0mCompiling .pio-measure/env/heltec_mobile/build/heltec_mobile/lib03d/U8g2/clib/u8x8_d_uc1617.c.o
[0m[33mcc1: warning: command-line option '-fno-rtti' is valid for C++/D/ObjC++ but not for C
[0m[33mcc1: warning: command-line option '-fno-rtti' is valid for C++/D/ObjC++ but not for C
[0mCompiling .pio-measure/env/heltec_mobile/build/heltec_mobile/lib03d/U8g2/clib/u8x8_d_uc1628.c.o
[0mCompiling .pio-measure/env/heltec_mobile/build/heltec_mobile/lib03d/U8g2/clib/u8x8_d_uc1638.c.o
[0m[33mcc1: warning: command-line option '-fno-rtti' is valid for C++/D/ObjC++ but not for C
[0m[33mcc1: warning: command-line option '-fno-rtti' is valid for C++/D/ObjC++ but not for C
[0mCompiling .pio-measure/env/heltec_mobile/build/heltec_mobile/lib03d/U8g2/clib/u8x8_d_uc1701_dogs102.c.o
[0m[33mcc1: warning: command-line option '-fno-rtti' is valid for C++/D/ObjC++ but not for C
[0mCompiling .pio-measure/env/heltec_mobile/build/heltec_mobile/lib03d/U8g2/clib/u8x8_d_uc1701_mini12864.c.o
[0mCompiling .pio-measure/env/heltec_mobile/build/heltec_mobile/lib03d/U8g2/clib/u8x8_debounce.c.o
[0m[33mcc1: warning: command-line option '-fno-rtti' is valid for C++/D/ObjC++ but not for C
[0mCompiling .pio-measure/env/heltec_mobile/build/heltec_mobile/lib03d/U8g2/clib/u8x8_display.c.o
[0m[33mcc1: warning: command-line option '-fno-rtti' is valid for C++/D/ObjC++ but not for C
[0mCompiling .pio-measure/env/heltec_mobile/build/heltec_mobile/lib03d/U8g2/clib/u8x8_fonts.c.o
[0m[33mcc1: warning: command-line option '-fno-rtti' is valid for C++/D/ObjC++ but not for C
[0m[33mcc1: warning: command-line option '-fno-rtti' is valid for C++/D/ObjC++ but not for C
[0mCompiling .pio-measure/env/heltec_mobile/build/heltec_mobile/lib03d/U8g2/clib/u8x8_gpio.c.o
[0m[33mcc1: warning: command-line option '-fno-rtti' is valid for C++/D/ObjC++ but not for C
[0mCompiling .pio-measure/env/heltec_mobile/build/heltec_mobile/lib03d/U8g2/clib/u8x8_input_value.c.o
[0m[33mcc1: warning: command-line option '-fno-rtti' is valid for C++/D/ObjC++ but not for C
[0mCompiling .pio-measure/env/heltec_mobile/build/heltec_mobile/lib03d/U8g2/clib/u8x8_message.c.o
[0mCompiling .pio-measure/env/heltec_mobile/build/heltec_mobile/lib03d/U8g2/clib/u8x8_selection_list.c.o
[0m[33mcc1: warning: command-line option '-fno-rtti' is valid for C++/D/ObjC++ but not for C
[0mCompiling .pio-measure/env/heltec_mobile/build/heltec_mobile/lib03d/U8g2/clib/u8x8_setup.c.o
[0m[33mcc1: warning: command-line option '-fno-rtti' is valid for C++/D/ObjC++ but not for C
[0mCompiling .pio-measure/env/heltec_mobile/build/heltec_mobile/lib03d/U8g2/clib/u8x8_string.c.o
[0m[33mcc1: warning: command-line option '-fno-rtti' is valid for C++/D/ObjC++ but not for C
[0mCompiling .pio-measure/env/heltec_mobile/build/heltec_mobile/lib03d/U8g2/clib/u8x8_u16toa.c.o
[0m[33mcc1: warning: command-line option '-fno-rtti' is valid for C++/D/ObjC++ but not for C
[0mCompiling .pio-measure/env/heltec_mobile/build/heltec_mobile/lib03d/U8g2/clib/u8x8_u8toa.c.o
[0m[33mcc1: warning: command-line option '-fno-rtti' is valid for C++/D/ObjC++ but not for C
[0mCompiling .pio-measure/env/heltec_mobile/build/heltec_mobile/lib6c2/monocypher/monocypher.c.o
[0m[33mcc1: warning: command-line option '-fno-rtti' is valid for C++/D/ObjC++ but not for C
[0m[33mcc1: warning: command-line option '-fno-rtti' is valid for C++/D/ObjC++ but not for C
[0mCompiling .pio-measure/env/heltec_mobile/build/heltec_mobile/lib346/console/console_binary.cpp.o
[0mCompiling .pio-measure/env/heltec_mobile/build/heltec_mobile/lib346/console/console_json.cpp.o
[0mCompiling .pio-measure/env/heltec_mobile/build/heltec_mobile/lib346/console/console_parse.cpp.o
[0mCompiling .pio-measure/env/heltec_mobile/build/heltec_mobile/libbec/core/admin_auth.cpp.o
[0mCompiling .pio-measure/env/heltec_mobile/build/heltec_mobile/libbec/core/airtime.cpp.o
[0mCompiling .pio-measure/env/heltec_mobile/build/heltec_mobile/libbec/core/dm_crypto.cpp.o
[0mCompiling .pio-measure/env/heltec_mobile/build/heltec_mobile/libbec/core/fault_log.cpp.o
[0mCompiling .pio-measure/env/heltec_mobile/build/heltec_mobile/libbec/core/frame_codec.cpp.o
[0mCompiling .pio-measure/env/heltec_mobile/build/heltec_mobile/libbec/core/identity.cpp.o
[0mCompiling .pio-measure/env/heltec_mobile/build/heltec_mobile/libbec/core/inbox.cpp.o
[0mCompiling .pio-measure/env/heltec_mobile/build/heltec_mobile/libbec/core/leaf_config.cpp.o
[0mCompiling .pio-measure/env/heltec_mobile/build/heltec_mobile/libbec/core/node.cpp.o
[0mCompiling .pio-measure/env/heltec_mobile/build/heltec_mobile/libbec/core/node_beacon.cpp.o
[0mCompiling .pio-measure/env/heltec_mobile/build/heltec_mobile/libbec/core/node_budget.cpp.o
[0mCompiling .pio-measure/env/heltec_mobile/build/heltec_mobile/libbec/core/node_cascade.cpp.o
[0mCompiling .pio-measure/env/heltec_mobile/build/heltec_mobile/libbec/core/node_channel.cpp.o
[0mCompiling .pio-measure/env/heltec_mobile/build/heltec_mobile/libbec/core/node_hashlocate.cpp.o
[0mCompiling .pio-measure/env/heltec_mobile/build/heltec_mobile/libbec/core/node_join.cpp.o
[0mCompiling .pio-measure/env/heltec_mobile/build/heltec_mobile/libbec/core/node_mac.cpp.o
[0mCompiling .pio-measure/env/heltec_mobile/build/heltec_mobile/libbec/core/node_mac_rx.cpp.o
[0mCompiling .pio-measure/env/heltec_mobile/build/heltec_mobile/libbec/core/node_mobile.cpp.o
[0mCompiling .pio-measure/env/heltec_mobile/build/heltec_mobile/libbec/core/node_query.cpp.o
[0mCompiling .pio-measure/env/heltec_mobile/build/heltec_mobile/libbec/core/node_route_discovery.cpp.o
[0mCompiling .pio-measure/env/heltec_mobile/build/heltec_mobile/libbec/core/node_routing.cpp.o
[0mCompiling .pio-measure/env/heltec_mobile/build/heltec_mobile/libbec/core/remote_client.cpp.o
[0mCompiling .pio-measure/env/heltec_mobile/build/heltec_mobile/libbec/core/remote_codec.cpp.o
[0mCompiling .pio-measure/env/heltec_mobile/build/heltec_mobile/libbec/core/remote_session.cpp.o
[0mCompiling .pio-measure/env/heltec_mobile/build/heltec_mobile/lib93c/Update/HttpsOTAUpdate.cpp.o
[0mCompiling .pio-measure/env/heltec_mobile/build/heltec_mobile/lib93c/Update/Updater.cpp.o
[0m[33mlib/console/console_json.cpp: In member function 'void meshroute::console::JsonBuf::u32(uint32_t)':
[0m[33mlib/console/console_json.cpp:81:74: warning: format '%u' expects argument of type 'unsigned int', but argument 4 has type 'uint32_t' {aka 'long unsigned int'} [-Wformat=]
[0m[33m   81 | void JsonBuf::u32(uint32_t v) { char t[12]; std::snprintf(t, sizeof t, "%u", v); lit(t); }
[0m[33m      |                                                                         ~^   ~
[0m[33m      |                                                                          |   |
[0m[33m      |                                                                          |   uint32_t {aka long unsigned int}
[0m[33m      |                                                                          unsigned int
[0m[33m      |                                                                         %lu
[0m[33mlib/console/console_json.cpp: In function 'void meshroute::console::key_hex32(JsonBuf&, uint32_t)':
[0m[33mlib/console/console_json.cpp:551:50: warning: format '%x' expects argument of type 'unsigned int', but argument 4 has type 'uint32_t' {aka 'long unsigned int'} [-Wformat=]
[0m[33m  551 |     char t[16]; std::snprintf(t, sizeof t, "\"%08x\"", key); j.lit(t);
[0m[33m      |                                               ~~~^     ~~~
[0m[33m      |                                                  |     |
[0m[33m      |                                                  |     uint32_t {aka long unsigned int}
[0m[33m      |                                                  unsigned int
[0m[33m      |                                               %08lx
[0mCompiling .pio-measure/env/heltec_mobile/build/heltec_mobile/liba1f/FS/FS.cpp.o
[0mCompiling .pio-measure/env/heltec_mobile/build/heltec_mobile/liba1f/FS/vfs_api.cpp.o
[0mCompiling .pio-measure/env/heltec_mobile/build/heltec_mobile/lib9cf/Network/NetworkClient.cpp.o
[0mCompiling .pio-measure/env/heltec_mobile/build/heltec_mobile/lib9cf/Network/NetworkEvents.cpp.o
[0mCompiling .pio-measure/env/heltec_mobile/build/heltec_mobile/lib9cf/Network/NetworkInterface.cpp.o
[0mCompiling .pio-measure/env/heltec_mobile/build/heltec_mobile/lib9cf/Network/NetworkManager.cpp.o
[0mCompiling .pio-measure/env/heltec_mobile/build/heltec_mobile/lib9cf/Network/NetworkServer.cpp.o
[0mCompiling .pio-measure/env/heltec_mobile/build/heltec_mobile/lib9cf/Network/NetworkUdp.cpp.o
[0mArchiving .pio-measure/env/heltec_mobile/build/heltec_mobile/lib03d/libU8g2.a
[0mIndexing .pio-measure/env/heltec_mobile/build/heltec_mobile/lib03d/libU8g2.a
[0mCompiling .pio-measure/env/heltec_mobile/build/heltec_mobile/libd6d/WebServer/Parsing.cpp.o
[0mArchiving .pio-measure/env/heltec_mobile/build/heltec_mobile/lib346/libconsole.a
[0mIndexing .pio-measure/env/heltec_mobile/build/heltec_mobile/lib346/libconsole.a
[0mCompiling .pio-measure/env/heltec_mobile/build/heltec_mobile/libd6d/WebServer/WebServer.cpp.o
[0mCompiling .pio-measure/env/heltec_mobile/build/heltec_mobile/libd6d/WebServer/detail/mimetable.cpp.o
[0mCompiling .pio-measure/env/heltec_mobile/build/heltec_mobile/libd6d/WebServer/middleware/AuthenticationMiddleware.cpp.o
[0mCompiling .pio-measure/env/heltec_mobile/build/heltec_mobile/libd6d/WebServer/middleware/CorsMiddleware.cpp.o
[0mCompiling .pio-measure/env/heltec_mobile/build/heltec_mobile/libd6d/WebServer/middleware/LoggingMiddleware.cpp.o
[0mCompiling .pio-measure/env/heltec_mobile/build/heltec_mobile/libd6d/WebServer/middleware/MiddlewareChain.cpp.o
[0mCompiling .pio-measure/env/heltec_mobile/build/heltec_mobile/lib91f/WiFi/AP.cpp.o
[0mArchiving .pio-measure/env/heltec_mobile/build/heltec_mobile/lib93c/libUpdate.a
[0mIndexing .pio-measure/env/heltec_mobile/build/heltec_mobile/lib93c/libUpdate.a
[0mCompiling .pio-measure/env/heltec_mobile/build/heltec_mobile/lib91f/WiFi/STA.cpp.o
[0mCompiling .pio-measure/env/heltec_mobile/build/heltec_mobile/lib91f/WiFi/WiFi.cpp.o
[0mCompiling .pio-measure/env/heltec_mobile/build/heltec_mobile/lib91f/WiFi/WiFiAP.cpp.o
[0mCompiling .pio-measure/env/heltec_mobile/build/heltec_mobile/lib91f/WiFi/WiFiGeneric.cpp.o
[0mCompiling .pio-measure/env/heltec_mobile/build/heltec_mobile/lib91f/WiFi/WiFiMulti.cpp.o
[0mCompiling .pio-measure/env/heltec_mobile/build/heltec_mobile/lib91f/WiFi/WiFiSTA.cpp.o
[0mCompiling .pio-measure/env/heltec_mobile/build/heltec_mobile/lib91f/WiFi/WiFiScan.cpp.o
[0mCompiling .pio-measure/env/heltec_mobile/build/heltec_mobile/lib578/hal/airtime_ledger.cpp.o
[0mCompiling .pio-measure/env/heltec_mobile/build/heltec_mobile/lib578/hal/device_hal.cpp.o
[0mArchiving .pio-measure/env/heltec_mobile/build/heltec_mobile/lib6c2/libmonocypher.a
[0mArchiving .pio-measure/env/heltec_mobile/build/heltec_mobile/libbec/libcore.a
[0mCompiling .pio-measure/env/heltec_mobile/build/heltec_mobile/lib578/hal/timer_wheel.cpp.o
[0mIndexing .pio-measure/env/heltec_mobile/build/heltec_mobile/lib6c2/libmonocypher.a
[0mIndexing .pio-measure/env/heltec_mobile/build/heltec_mobile/libbec/libcore.a
[0mCompiling .pio-measure/env/heltec_mobile/build/heltec_mobile/lib39d/Preferences/Preferences.cpp.o
[0mArchiving .pio-measure/env/heltec_mobile/build/heltec_mobile/liba1f/libFS.a
[0mIndexing .pio-measure/env/heltec_mobile/build/heltec_mobile/liba1f/libFS.a
[0mCompiling .pio-measure/env/heltec_mobile/build/heltec_mobile/libf9b/LittleFS/LittleFS.cpp.o
[0mCompiling .pio-measure/env/heltec_mobile/build/heltec_mobile/FrameworkArduino/ColorFormat.c.o
[0m[33mcc1: warning: command-line option '-fno-rtti' is valid for C++/D/ObjC++ but not for C
[0mCompiling .pio-measure/env/heltec_mobile/build/heltec_mobile/FrameworkArduino/Esp.cpp.o
[0mCompiling .pio-measure/env/heltec_mobile/build/heltec_mobile/FrameworkArduino/FirmwareMSC.cpp.o
[0mCompiling .pio-measure/env/heltec_mobile/build/heltec_mobile/FrameworkArduino/FunctionalInterrupt.cpp.o
[0mCompiling .pio-measure/env/heltec_mobile/build/heltec_mobile/FrameworkArduino/HEXBuilder.cpp.o
[0mCompiling .pio-measure/env/heltec_mobile/build/heltec_mobile/FrameworkArduino/HWCDC.cpp.o
[0mCompiling .pio-measure/env/heltec_mobile/build/heltec_mobile/FrameworkArduino/HardwareSerial.cpp.o
[0mArchiving .pio-measure/env/heltec_mobile/build/heltec_mobile/lib9cf/libNetwork.a
[0mIndexing .pio-measure/env/heltec_mobile/build/heltec_mobile/lib9cf/libNetwork.a
[0mCompiling .pio-measure/env/heltec_mobile/build/heltec_mobile/FrameworkArduino/IPAddress.cpp.o
[0mCompiling .pio-measure/env/heltec_mobile/build/heltec_mobile/FrameworkArduino/MD5Builder.cpp.o
[0mCompiling .pio-measure/env/heltec_mobile/build/heltec_mobile/FrameworkArduino/MacAddress.cpp.o
[0mCompiling .pio-measure/env/heltec_mobile/build/heltec_mobile/FrameworkArduino/Print.cpp.o
[0mCompiling .pio-measure/env/heltec_mobile/build/heltec_mobile/FrameworkArduino/SHA1Builder.cpp.o
[0mCompiling .pio-measure/env/heltec_mobile/build/heltec_mobile/FrameworkArduino/Stream.cpp.o
[0mCompiling .pio-measure/env/heltec_mobile/build/heltec_mobile/FrameworkArduino/StreamString.cpp.o
[0mCompiling .pio-measure/env/heltec_mobile/build/heltec_mobile/FrameworkArduino/Tone.cpp.o
[0mArchiving .pio-measure/env/heltec_mobile/build/heltec_mobile/lib578/libhal.a
[0mIndexing .pio-measure/env/heltec_mobile/build/heltec_mobile/lib578/libhal.a
[0mCompiling .pio-measure/env/heltec_mobile/build/heltec_mobile/FrameworkArduino/USB.cpp.o
[0mCompiling .pio-measure/env/heltec_mobile/build/heltec_mobile/FrameworkArduino/USBCDC.cpp.o
[0mCompiling .pio-measure/env/heltec_mobile/build/heltec_mobile/FrameworkArduino/USBMSC.cpp.o
[0mCompiling .pio-measure/env/heltec_mobile/build/heltec_mobile/FrameworkArduino/WMath.cpp.o
[0mCompiling .pio-measure/env/heltec_mobile/build/heltec_mobile/FrameworkArduino/WString.cpp.o
[0mCompiling .pio-measure/env/heltec_mobile/build/heltec_mobile/FrameworkArduino/base64.cpp.o
[0mCompiling .pio-measure/env/heltec_mobile/build/heltec_mobile/FrameworkArduino/cbuf.cpp.o
[0mCompiling .pio-measure/env/heltec_mobile/build/heltec_mobile/FrameworkArduino/chip-debug-report.cpp.o
[0mCompiling .pio-measure/env/heltec_mobile/build/heltec_mobile/FrameworkArduino/esp32-hal-adc.c.o
[0m[33mcc1: warning: command-line option '-fno-rtti' is valid for C++/D/ObjC++ but not for C
[0mCompiling .pio-measure/env/heltec_mobile/build/heltec_mobile/FrameworkArduino/esp32-hal-bt.c.o
[0mArchiving .pio-measure/env/heltec_mobile/build/heltec_mobile/lib39d/libPreferences.a
[0m[33mcc1: warning: command-line option '-fno-rtti' is valid for C++/D/ObjC++ but not for C
[0mIndexing .pio-measure/env/heltec_mobile/build/heltec_mobile/lib39d/libPreferences.a
[0mCompiling .pio-measure/env/heltec_mobile/build/heltec_mobile/FrameworkArduino/esp32-hal-cpu.c.o
[0mCompiling .pio-measure/env/heltec_mobile/build/heltec_mobile/FrameworkArduino/esp32-hal-dac.c.o
[0m[33mcc1: warning: command-line option '-fno-rtti' is valid for C++/D/ObjC++ but not for C
[0m[33mcc1: warning: command-line option '-fno-rtti' is valid for C++/D/ObjC++ but not for C
[0mCompiling .pio-measure/env/heltec_mobile/build/heltec_mobile/FrameworkArduino/esp32-hal-gpio.c.o
[0m[33mcc1: warning: command-line option '-fno-rtti' is valid for C++/D/ObjC++ but not for C
[0mCompiling .pio-measure/env/heltec_mobile/build/heltec_mobile/FrameworkArduino/esp32-hal-i2c-slave.c.o
[0m[33mcc1: warning: command-line option '-fno-rtti' is valid for C++/D/ObjC++ but not for C
[0mArchiving .pio-measure/env/heltec_mobile/build/heltec_mobile/lib91f/libWiFi.a
[0mIndexing .pio-measure/env/heltec_mobile/build/heltec_mobile/lib91f/libWiFi.a
[0mCompiling .pio-measure/env/heltec_mobile/build/heltec_mobile/FrameworkArduino/esp32-hal-i2c.c.o
[0mArchiving .pio-measure/env/heltec_mobile/build/heltec_mobile/libf9b/libLittleFS.a
[0m[33mcc1: warning: command-line option '-fno-rtti' is valid for C++/D/ObjC++ but not for C
[0mIndexing .pio-measure/env/heltec_mobile/build/heltec_mobile/libf9b/libLittleFS.a
[0mCompiling .pio-measure/env/heltec_mobile/build/heltec_mobile/FrameworkArduino/esp32-hal-ledc.c.o
[0m[33mcc1: warning: command-line option '-fno-rtti' is valid for C++/D/ObjC++ but not for C
[0mCompiling .pio-measure/env/heltec_mobile/build/heltec_mobile/FrameworkArduino/esp32-hal-matrix.c.o
[0mArchiving .pio-measure/env/heltec_mobile/build/heltec_mobile/libd6d/libWebServer.a
[0m[33mcc1: warning: command-line option '-fno-rtti' is valid for C++/D/ObjC++ but not for C
[0mIndexing .pio-measure/env/heltec_mobile/build/heltec_mobile/libd6d/libWebServer.a
[0mCompiling .pio-measure/env/heltec_mobile/build/heltec_mobile/FrameworkArduino/esp32-hal-misc.c.o
[0mCompiling .pio-measure/env/heltec_mobile/build/heltec_mobile/FrameworkArduino/esp32-hal-periman.c.o
[0m[33mcc1: warning: command-line option '-fno-rtti' is valid for C++/D/ObjC++ but not for C
[0m[33mcc1: warning: command-line option '-fno-rtti' is valid for C++/D/ObjC++ but not for C
[0mCompiling .pio-measure/env/heltec_mobile/build/heltec_mobile/FrameworkArduino/esp32-hal-psram.c.o
[0mCompiling .pio-measure/env/heltec_mobile/build/heltec_mobile/FrameworkArduino/esp32-hal-rgb-led.c.o
[0m[33mcc1: warning: command-line option '-fno-rtti' is valid for C++/D/ObjC++ but not for C
[0m[33mcc1: warning: command-line option '-fno-rtti' is valid for C++/D/ObjC++ but not for C
[0mCompiling .pio-measure/env/heltec_mobile/build/heltec_mobile/FrameworkArduino/esp32-hal-rmt.c.o
[0m[33mcc1: warning: command-line option '-fno-rtti' is valid for C++/D/ObjC++ but not for C
[0mCompiling .pio-measure/env/heltec_mobile/build/heltec_mobile/FrameworkArduino/esp32-hal-sigmadelta.c.o
[0m[33mcc1: warning: command-line option '-fno-rtti' is valid for C++/D/ObjC++ but not for C
[0mCompiling .pio-measure/env/heltec_mobile/build/heltec_mobile/FrameworkArduino/esp32-hal-spi.c.o
[0m[33mcc1: warning: command-line option '-fno-rtti' is valid for C++/D/ObjC++ but not for C
[0mCompiling .pio-measure/env/heltec_mobile/build/heltec_mobile/FrameworkArduino/esp32-hal-time.c.o
[0m[33mcc1: warning: command-line option '-fno-rtti' is valid for C++/D/ObjC++ but not for C
[0mCompiling .pio-measure/env/heltec_mobile/build/heltec_mobile/FrameworkArduino/esp32-hal-timer.c.o
[0m[33mcc1: warning: command-line option '-fno-rtti' is valid for C++/D/ObjC++ but not for C
[0mCompiling .pio-measure/env/heltec_mobile/build/heltec_mobile/FrameworkArduino/esp32-hal-tinyusb.c.o
[0m[33mcc1: warning: command-line option '-fno-rtti' is valid for C++/D/ObjC++ but not for C
[0mCompiling .pio-measure/env/heltec_mobile/build/heltec_mobile/FrameworkArduino/esp32-hal-touch-ng.c.o
[0m[33mcc1: warning: command-line option '-fno-rtti' is valid for C++/D/ObjC++ but not for C
[0mCompiling .pio-measure/env/heltec_mobile/build/heltec_mobile/FrameworkArduino/esp32-hal-touch.c.o
[0m[33mcc1: warning: command-line option '-fno-rtti' is valid for C++/D/ObjC++ but not for C
[0mCompiling .pio-measure/env/heltec_mobile/build/heltec_mobile/FrameworkArduino/esp32-hal-uart.c.o
[0mCompiling .pio-measure/env/heltec_mobile/build/heltec_mobile/FrameworkArduino/firmware_msc_fat.c.o
[0m[33mcc1: warning: command-line option '-fno-rtti' is valid for C++/D/ObjC++ but not for C
[0mCompiling .pio-measure/env/heltec_mobile/build/heltec_mobile/FrameworkArduino/freertos_stats.cpp.o
[0m[33mcc1: warning: command-line option '-fno-rtti' is valid for C++/D/ObjC++ but not for C
[0mCompiling .pio-measure/env/heltec_mobile/build/heltec_mobile/FrameworkArduino/libb64/cdecode.c.o
[0m[33mcc1: warning: command-line option '-fno-rtti' is valid for C++/D/ObjC++ but not for C
[0mCompiling .pio-measure/env/heltec_mobile/build/heltec_mobile/FrameworkArduino/libb64/cencode.c.o
[0m[33mcc1: warning: command-line option '-fno-rtti' is valid for C++/D/ObjC++ but not for C
[0m[33m/home/staszek/.platformio/packages/framework-arduinoespressif32@src-702d0f93023d86e22d8ef62aa333f0b7/cores/esp32/freertos_stats.cpp: In function 'void printRunningTasks(Print&)':
[0m[33m/home/staszek/.platformio/packages/framework-arduinoespressif32@src-702d0f93023d86e22d8ef62aa333f0b7/cores/esp32/freertos_stats.cpp:72:34: warning: '++' expression of 'volatile'-qualified type is deprecated [-Wvolatile]
[0m[33m   72 |     for (x = 0; x < uxArraySize; x++) {
[0m[33m      |                                  ^
[0mCompiling .pio-measure/env/heltec_mobile/build/heltec_mobile/FrameworkArduino/main.cpp.o
[0mCompiling .pio-measure/env/heltec_mobile/build/heltec_mobile/FrameworkArduino/stdlib_noniso.c.o
[0mCompiling .pio-measure/env/heltec_mobile/build/heltec_mobile/FrameworkArduino/wiring_pulse.c.o
[0m[33mcc1: warning: command-line option '-fno-rtti' is valid for C++/D/ObjC++ but not for C
[0m[33mcc1: warning: command-line option '-fno-rtti' is valid for C++/D/ObjC++ but not for C
[0mCompiling .pio-measure/env/heltec_mobile/build/heltec_mobile/FrameworkArduino/wiring_shift.c.o
[0m[33mcc1: warning: command-line option '-fno-rtti' is valid for C++/D/ObjC++ but not for C
[0mArchiving .pio-measure/env/heltec_mobile/build/heltec_mobile/libFrameworkArduino.a
[0mIndexing .pio-measure/env/heltec_mobile/build/heltec_mobile/libFrameworkArduino.a
[0mLinking .pio-measure/env/heltec_mobile/build/heltec_mobile/firmware.elf
[0m_record_measurement_compiler_state([".pio-measure/env/heltec_mobile/build/heltec_mobile/firmware.elf"], [".pio-measure/env/heltec_mobile/build/heltec_mobile/WireFw/Wire.o", ".pio-measure/env/heltec_mobile/build/heltec_mobile/variants/heltec_common/board_ui.cpp.o", ".pio-measure/env/heltec_mobile/build/heltec_mobile/src/device_ota.cpp.o", ".pio-measure/env/heltec_mobile/build/heltec_mobile/src/firmware_commands.cpp.o", ".pio-measure/env/heltec_mobile/build/heltec_mobile/src/firmware_config.cpp.o", ".pio-measure/env/heltec_mobile/build/heltec_mobile/src/firmware_inbox.cpp.o", ".pio-measure/env/heltec_mobile/build/heltec_mobile/src/firmware_remote.cpp.o", ".pio-measure/env/heltec_mobile/build/heltec_mobile/src/firmware_remote_actions.cpp.o", ".pio-measure/env/heltec_mobile/build/heltec_mobile/src/firmware_remote_client.cpp.o", ".pio-measure/env/heltec_mobile/build/heltec_mobile/src/firmware_ui.cpp.o", ".pio-measure/env/heltec_mobile/build/heltec_mobile/src/fw_main.cpp.o"])
[0mRetrieving maximum program size .pio-measure/env/heltec_mobile/build/heltec_mobile/firmware.elf
[0mChecking size .pio-measure/env/heltec_mobile/build/heltec_mobile/firmware.elf
[0mAdvanced Memory Usage is available via "PlatformIO Home > Project Inspect"
[0mRAM:   [======    ]  64.6% (used 211772 bytes from 327680 bytes)
Flash: [====      ]  41.7% (used 1395276 bytes from 3342336 bytes)
Building .pio-measure/env/heltec_mobile/build/heltec_mobile/firmware.bin
[0mesptool.py v4.8.6
[0mCreating esp32s3 image...
[0mMerged 3 ELF sections
[0mSuccessfully created esp32s3 image.
[0m========================= [[32m[1mSUCCESS[0m] Took 25.39 seconds =========================[0m

[1mEnvironment[0m    [1mStatus[0m    [1mDuration[0m
-------------  --------  ------------
[36mheltec_mobile[0m  [32mSUCCESS[0m   00:00:25.393
[32m========================= 1 succeeded in 00:00:25.393 =========================[0m
