ANCHOR A1  BLAKE2b-512("abc")            == RFC 7693 App. A          OK
           ba80a53f981c4d0d6a2797b69f12f6e94c212f14685ac4b74b12bb6fdbffa2d17d87c5392aab792dc252d5de4533cc9518d38aa8dbf1925ab92386edd4009923
ANCHOR A2  XChaCha20-Poly1305 AEAD        == draft-irtf-cfrg-xchacha-03 A.3.1  OK
           ct[:32] bd6d179d3e83d43b9576579493c0e939572a1700252bfaccbed2902c21396cbb
           tag     c0875924c1c7987947deafd8780acf49
           versions: python 3.11.2  PyNaCl 1.5.0  hashlib.blake2b impl _blake2

---- pairwise nonce inequality, same request_id/source, authenticated domains ----
10 authenticated domains, 45 pairs, all distinct
  cmd_auth_execute             ctl=0x03 outer=0xa0 key=session epoch_in_nonce=False nonce=8ef2a105652e8e91f945088e0670c238c9f28112593d9189
  cmd_bootstrap                ctl=0x2f outer=0xa0 key=base epoch_in_nonce=False nonce=f3b81fab83e225c0cfdda47f64217a3e36d27ee08f6874a0
  cmd_response_ack             ctl=0x33 outer=0xa0 key=session epoch_in_nonce=False nonce=6b3c952f6d1b779c0306a44567a2f6d6746302892b36de1a
  cmd_safe_rollover            ctl=0x43 outer=0xa0 key=session epoch_in_nonce=False nonce=bf780af02f904230885e10f25a81d913e79d68626e6bd311
  cmd_force_rollover           ctl=0x53 outer=0xa0 key=session epoch_in_nonce=False nonce=b497b47903bed1c2eb31c894ba6f24c90a6dea0e49daacf3
  resp_output_auth             ctl=0x03 outer=0xa1 key=session epoch_in_nonce=False nonce=cc8175a34361c80f0744009890b44dc455bb508ccc97fe75
  resp_terminal_auth           ctl=0x13 outer=0xa1 key=session epoch_in_nonce=False nonce=94f6c3d9bebaff786a5c96a23a923530e4efa25b63c35e51
  resp_bootstrap               ctl=0x23 outer=0xa1 key=base epoch_in_nonce=True nonce=9af77ceb80a62baaca897655e0e2336f5fae180e2732cc3d
  resp_rollover_result         ctl=0x33 outer=0xa1 key=base epoch_in_nonce=True nonce=d90d087a5434593bea8aee21ea765afd37b668396ab9fe1a
  resp_protocol_error_auth     ctl=0x43 outer=0xa1 key=session epoch_in_nonce=False nonce=501a6c5d69e2c85ce0859bd0ad0084374669de26c9730d6b

Original reference source SHA256: 6be9de2413db8dd9f3a4a0cb08549ab45326c9a972cc28f3af7e2109ab154924
Admission vectors: 25 positive x 97 bytes; 1718 valid-tag invalid x 28 bytes
Frozen independent inputs: five additions and all old 89 hashes match
Strict comparison: 94/94 literals match
Strict comparison: 89/89 literals match
Old-89 identity: 89/89 unchanged
COMPARATOR CONTROL RED (changed): MISMATCH kRefBody_resp_terminal_auth_code09 at byte 0
COMPARATOR CONTROL RED (missing): MISSING kRefBody_resp_terminal_auth_code09
COMPARATOR CONTROL RED (extra): EXTRA kRefExtra
COMPARATOR CONTROL RED (duplicate): duplicate/mis-sized literal: kRefBody_resp_terminal_auth_code09
COMPARATOR CONTROL RED (mis-sized): duplicate/mis-sized literal: kRefBody_resp_terminal_auth_code09
Legacy capture: 1/1 (40 bytes), inside the live two-outer rejection case
LEGACY CONTROL RED (case removed): legacy case missing or duplicated
LEGACY CONTROL RED (literal removed): legacy literal missing, duplicated or outside its case
LEGACY CONTROL RED (one byte changed): legacy literal differs from the captured 40 bytes
LEGACY CONTROL RED (literal outside case): legacy literal missing, duplicated or outside its case
LEGACY CONTROL RED (decoder input disconnected): legacy literal is not the v2 decoder input
PASS: 94 unchanged independent arrays + 1 frozen legacy frame
