-- target b20codec: /tmp/mr-s9-r4-j37ybea_/union-inputs/lib/core/frame_codec.h (5 entries)
-- selection: IN FULL (all 5 entries)
-- workers: 3
-- scratch root: /tmp/mr_mutation_run-nre9y8x7   (removed on exit; MR_MUT_KEEP_SCRATCH=1 to keep)
  [w1] -- target b20codec: /tmp/mr_mutation_run-nre9y8x7/w1/lib/core/frame_codec.h (2 of 5 entries in this shard)
  [w1] -- baseline gate: THIS WORKER'S OWN clean tree must run 0 FAILED; its own counts become this shard's baseline
  [w0] -- target b20codec: /tmp/mr_mutation_run-nre9y8x7/w0/lib/core/frame_codec.h (2 of 5 entries in this shard)
  [w0] -- baseline gate: THIS WORKER'S OWN clean tree must run 0 FAILED; its own counts become this shard's baseline
  [w2] -- target b20codec: /tmp/mr_mutation_run-nre9y8x7/w2/lib/core/frame_codec.h (1 of 5 entries in this shard)
  [w2] -- baseline gate: THIS WORKER'S OWN clean tree must run 0 FAILED; its own counts become this shard's baseline
  [w1]   ok   clean baseline 2950 / 195768 / 0   (DERIVED from this tree)
  [w2]   ok   clean baseline 2950 / 195768 / 0   (DERIVED from this tree)
  [w0]   ok   clean baseline 2950 / 195768 / 0   (DERIVED from this tree)
  [w2]   ok   C03 ★★★ the cap becomes the WHOLE FRAME BUDGET (the overhead is computed and ignored) — every length is admitted, a tx-queue slot is burned and the RTS airs for a DATA that pack_data then refuses -> RED (150 assertion(s) failed, match count 1)
  [w1]   ok   C02 ★★ the TYPE byte is forgotten in the inner cap, so a TYPED sealed DM (MOBILE_SEND, the team key grant) is given one byte more than its frame can carry — the same defect one byte narrower -> RED (76 assertion(s) failed, match count 1)
  [w2] source restored: md5 70aff75d2bb570b9320bb471b7142e40 (MATCHES)
  [w2] shard 2: 1 RED / 0 unusable   (of 1 entries)
  [w0]   ok   C01 ★★★ [[B20]]'s ROOT CAUSE, AT THE AUTHORITY: the trailer is assumed to be the 4-B MAC for every frame, so a CRYPTED inner cap reads 243 instead of 239 and the two silent bytes come back -> RED (132 assertion(s) failed, match count 1)
  [w0]   ok   C04 ★★ data_frame_len forgets the TYPE byte, so the packer's refusal and the sender's preflight DRIFT — the exact two-copies-of-the-arithmetic failure this helper exists to make impossible -> RED (30 assertion(s) failed, match count 1)
  [w0] source restored: md5 70aff75d2bb570b9320bb471b7142e40 (MATCHES)
  [w0] shard 0: 2 RED / 0 unusable   (of 2 entries)
  [w1]   ok   C05 ★★ data_frame_len's trailer collapses to the 4-B MAC — the frame length it reports for a CRYPTED DATA is 4 B short, so it stops describing the frame pack_data actually writes -> RED (17 assertion(s) failed, match count 1)
  [w1] source restored: md5 70aff75d2bb570b9320bb471b7142e40 (MATCHES)
  [w1] shard 1: 2 RED / 0 unusable   (of 2 entries)

======================================================================================================================
-- MERGED REPORT — target b20codec: /tmp/mr-s9-r4-j37ybea_/union-inputs/lib/core/frame_codec.h
  ok   clean baseline 2950 / 195768 / 0   (DERIVED per worker tree; 3 tree(s) agree)
  ok   C01 ★★★ [[B20]]'s ROOT CAUSE, AT THE AUTHORITY: the trailer is assumed to be the 4-B MAC for every frame, so a CRYPTED inner cap reads 243 instead of 239 and the two silent bytes come back -> RED (132 assertion(s) failed, match count 1)
  ok   C02 ★★ the TYPE byte is forgotten in the inner cap, so a TYPED sealed DM (MOBILE_SEND, the team key grant) is given one byte more than its frame can carry — the same defect one byte narrower -> RED (76 assertion(s) failed, match count 1)
  ok   C03 ★★★ the cap becomes the WHOLE FRAME BUDGET (the overhead is computed and ignored) — every length is admitted, a tx-queue slot is burned and the RTS airs for a DATA that pack_data then refuses -> RED (150 assertion(s) failed, match count 1)
  ok   C04 ★★ data_frame_len forgets the TYPE byte, so the packer's refusal and the sender's preflight DRIFT — the exact two-copies-of-the-arithmetic failure this helper exists to make impossible -> RED (30 assertion(s) failed, match count 1)
  ok   C05 ★★ data_frame_len's trailer collapses to the 4-B MAC — the frame length it reports for a CRYPTED DATA is 4 B short, so it stops describing the frame pack_data actually writes -> RED (17 assertion(s) failed, match count 1)
  worker 0: 2/2 entries, 2 RED / 0 worthless, wall 84.6s, rc 0, source restored: md5 70aff75d2bb570b9320bb471b7142e40 (MATCHES)   /tmp/mr_mutation_run-nre9y8x7/w0
  worker 1: 2/2 entries, 2 RED / 0 worthless, wall 85.6s, rc 0, source restored: md5 70aff75d2bb570b9320bb471b7142e40 (MATCHES)   /tmp/mr_mutation_run-nre9y8x7/w1
  worker 2: 1/1 entries, 1 RED / 0 worthless, wall 50.1s, rc 0, source restored: md5 70aff75d2bb570b9320bb471b7142e40 (MATCHES)   /tmp/mr_mutation_run-nre9y8x7/w2
real tree untouched: all 62 target files byte-identical to launch (md5); no build ran in /tmp/mr-s9-r4-j37ybea_/union-inputs
timing: copy 3.4s + battery 85.7s = 89.1s total, 5 entries over 3 worker(s)
mutations: 5 RED / 0 unusable
