-- target fwactivation: /tmp/mr-s9-r4-j37ybea_/union-inputs/src/firmware_remote_activation.h (10 entries)
-- selection: IN FULL (all 10 entries)
-- workers: 3
-- scratch root: /tmp/mr_mutation_run-p4n44wh3   (removed on exit; MR_MUT_KEEP_SCRATCH=1 to keep)
  [w1] -- target fwactivation: /tmp/mr_mutation_run-p4n44wh3/w1/src/firmware_remote_activation.h (3 of 10 entries in this shard)
  [w1] -- baseline gate: THIS WORKER'S OWN clean tree must run 0 FAILED; its own counts become this shard's baseline
  [w0] -- target fwactivation: /tmp/mr_mutation_run-p4n44wh3/w0/src/firmware_remote_activation.h (4 of 10 entries in this shard)
  [w0] -- baseline gate: THIS WORKER'S OWN clean tree must run 0 FAILED; its own counts become this shard's baseline
  [w2] -- target fwactivation: /tmp/mr_mutation_run-p4n44wh3/w2/src/firmware_remote_activation.h (3 of 10 entries in this shard)
  [w2] -- baseline gate: THIS WORKER'S OWN clean tree must run 0 FAILED; its own counts become this shard's baseline
  [w0]   ok   clean baseline 2950 / 195768 / 0   (DERIVED from this tree)
  [w2]   ok   clean baseline 2950 / 195768 / 0   (DERIVED from this tree)
  [w1]   ok   clean baseline 2950 / 195768 / 0   (DERIVED from this tree)
  [w0]   ok   F01 impossible default admitted -> RED (6 assertion(s) failed, match count 1)
  [w2]   ok   F03 inclusive floor rejected -> RED (4 assertion(s) failed, match count 1)
  [w1]   ok   F02 zero no longer selects default -> RED (2 assertion(s) failed, match count 1)
  [w0]   ok   F04 inclusive ceiling rejected -> RED (2 assertion(s) failed, match count 1)
  [w1]   ok   F05 below-floor clamp -> RED (2 assertion(s) failed, match count 1)
  [w2]   ok   F06 above-ceiling clamp -> RED (1 assertion(s) failed, match count 1)
  [w0]   ok   F07 configured value silently defaulted -> RED (4 assertion(s) failed, match count 1)
  [w1]   ok   F08 unusable state publishes a default -> RED (4 assertion(s) failed, match count 1)
  [w1] source restored: md5 c33d1ccc775fe6faf74c893b0c184687 (MATCHES)
  [w1] shard 1: 3 RED / 0 unusable   (of 3 entries)
  [w2]   ok   F09 default state called configured -> RED (1 assertion(s) failed, match count 1)
  [w2] source restored: md5 c33d1ccc775fe6faf74c893b0c184687 (MATCHES)
  [w2] shard 2: 3 RED / 0 unusable   (of 3 entries)
  [w0]   ok   F10 unusable state name lies -> RED (2 assertion(s) failed, match count 1)
  [w0] source restored: md5 c33d1ccc775fe6faf74c893b0c184687 (MATCHES)
  [w0] shard 0: 4 RED / 0 unusable   (of 4 entries)

======================================================================================================================
-- MERGED REPORT — target fwactivation: /tmp/mr-s9-r4-j37ybea_/union-inputs/src/firmware_remote_activation.h
  ok   clean baseline 2950 / 195768 / 0   (DERIVED per worker tree; 3 tree(s) agree)
  ok   F01 impossible default admitted -> RED (6 assertion(s) failed, match count 1)
  ok   F02 zero no longer selects default -> RED (2 assertion(s) failed, match count 1)
  ok   F03 inclusive floor rejected -> RED (4 assertion(s) failed, match count 1)
  ok   F04 inclusive ceiling rejected -> RED (2 assertion(s) failed, match count 1)
  ok   F05 below-floor clamp -> RED (2 assertion(s) failed, match count 1)
  ok   F06 above-ceiling clamp -> RED (1 assertion(s) failed, match count 1)
  ok   F07 configured value silently defaulted -> RED (4 assertion(s) failed, match count 1)
  ok   F08 unusable state publishes a default -> RED (4 assertion(s) failed, match count 1)
  ok   F09 default state called configured -> RED (1 assertion(s) failed, match count 1)
  ok   F10 unusable state name lies -> RED (2 assertion(s) failed, match count 1)
  worker 0: 4/4 entries, 4 RED / 0 worthless, wall 33.3s, rc 0, source restored: md5 c33d1ccc775fe6faf74c893b0c184687 (MATCHES)   /tmp/mr_mutation_run-p4n44wh3/w0
  worker 1: 3/3 entries, 3 RED / 0 worthless, wall 28.7s, rc 0, source restored: md5 c33d1ccc775fe6faf74c893b0c184687 (MATCHES)   /tmp/mr_mutation_run-p4n44wh3/w1
  worker 2: 3/3 entries, 3 RED / 0 worthless, wall 28.9s, rc 0, source restored: md5 c33d1ccc775fe6faf74c893b0c184687 (MATCHES)   /tmp/mr_mutation_run-p4n44wh3/w2
real tree untouched: all 62 target files byte-identical to launch (md5); no build ran in /tmp/mr-s9-r4-j37ybea_/union-inputs
timing: copy 5.1s + battery 33.4s = 38.5s total, 10 entries over 3 worker(s)
mutations: 10 RED / 0 unusable
