-- target radmin5rx: /tmp/mr-s9-r4-j37ybea_/union-inputs/lib/core/node_mac_rx.cpp (14 entries)
-- selection: IN FULL (all 14 entries)
-- workers: 3
-- scratch root: /tmp/mr_mutation_run-743h3w2s   (removed on exit; MR_MUT_KEEP_SCRATCH=1 to keep)
  [w1] -- target radmin5rx: /tmp/mr_mutation_run-743h3w2s/w1/lib/core/node_mac_rx.cpp (5 of 14 entries in this shard)
  [w1] -- baseline gate: THIS WORKER'S OWN clean tree must run 0 FAILED; its own counts become this shard's baseline
  [w2] -- target radmin5rx: /tmp/mr_mutation_run-743h3w2s/w2/lib/core/node_mac_rx.cpp (4 of 14 entries in this shard)
  [w2] -- baseline gate: THIS WORKER'S OWN clean tree must run 0 FAILED; its own counts become this shard's baseline
  [w0] -- target radmin5rx: /tmp/mr_mutation_run-743h3w2s/w0/lib/core/node_mac_rx.cpp (5 of 14 entries in this shard)
  [w0] -- baseline gate: THIS WORKER'S OWN clean tree must run 0 FAILED; its own counts become this shard's baseline
  [w1]   ok   clean baseline 2950 / 195768 / 0   (DERIVED from this tree)
  [w0]   ok   clean baseline 2950 / 195768 / 0   (DERIVED from this tree)
  [w2]   ok   clean baseline 2950 / 195768 / 0   (DERIVED from this tree)
  [w1]   ok   X02 ★★★ the reply is addressed to the 8-bit `pa.origin` instead of the captured 32-bit controller source — the alias-across-leaves defect Slice 1b named as this slice's obligation -> RED (322 assertion(s) failed, match count 1)
  [w2]   ok   X03 ★★★ a cross-layer request is answered SAME-LAYER, which sends the response to a hash on the wrong plane -> RED (80 assertion(s) failed, match count 1)
  [w0]   ok   X01 ★★★ R-RA-13 is dropped: the v2 arm stops REQUIRING `SOURCE_HASH`, so an unidentifiable request reaches the classifier and the reply has no destination -> RED (6 assertion(s) failed, match count 1)
  [w2]   ok   X06 ★★ the reversed path's DESTINATION END is no longer checked against our own layer, so a path that does not terminate here is reversed into a return leg anyway -> RED (2 assertion(s) failed, match count 1)
  [w2]   ok   X09 ★★★ the shared expiry scan is never ARMED after a receive, so a reserved ingress row is held until the next unrelated fire — i.e. forever on an idle node -> RED (1 assertion(s) failed, match count 1)
  [w2]   ok   X14 ★★★ the request carrier claims NO `SOURCE_HASH` on the wire, so `remote_body_cap` refuses the leg and every authenticated request is silently dropped as a bad carrier -> RED (372 assertion(s) failed, match count 1)
  [w2] source restored: md5 15a280defa85eed07e315af6c3a7f968 (MATCHES)
  [w2] shard 2: 4 RED / 0 unusable   (of 4 entries)
  [w1]   ok   X05 ★★★ the WHOLE reversed path is handed to `originate_layer_path`, which prepends our layer AGAIN — a duplicated first hop -> RED (30057 assertion(s) failed, match count 1)
  [w1]   ok   X08 ★★ the request carrier claims SAME-LAYER whatever arrived, so `remote_body_cap` admits a body the real leg cannot carry -> RED (44 assertion(s) failed, match count 1)
  [w0]   ok   X04 ★★★ the captured path is NOT reversed — the reply is sent back along the OUTBOUND order, i.e. away from the controller -> RED (30069 assertion(s) failed, match count 1)
  [w1]   ok   X11 ★★★ the receive path stamps the deadline from ZERO instead of the current time, so every reservation is born already expired and the first scan releases work that just arrived -> RED (4 assertion(s) failed, match count 1)
  [w0]   ok   X07 ★★★ the received CROSS-LAYER path is not captured at all, so every cross-layer controller is answered same-layer -> RED (40 assertion(s) failed, match count 1)
  [w1]   ok   X13 ★★ a ZERO reply destination is treated as sendable instead of an explicit failure, so an unroutable answer is handed to the transport -> RED (39 assertion(s) failed, match count 1)
  [w1] source restored: md5 15a280defa85eed07e315af6c3a7f968 (MATCHES)
  [w1] shard 1: 5 RED / 0 unusable   (of 5 entries)
  [w0]   ok   X10 expiry arms before releasing, leaving a stale zero deadline -> RED (2 assertion(s) failed, match count 1)
  [w0]   ok   X12 ★★★ the bootstrap staging row is NEVER released, so the second discovery a controller ever sends is refused for want of the one reserved row -> RED (9 assertion(s) failed, match count 1)
  [w0] source restored: md5 15a280defa85eed07e315af6c3a7f968 (MATCHES)
  [w0] shard 0: 5 RED / 0 unusable   (of 5 entries)

======================================================================================================================
-- MERGED REPORT — target radmin5rx: /tmp/mr-s9-r4-j37ybea_/union-inputs/lib/core/node_mac_rx.cpp
  ok   clean baseline 2950 / 195768 / 0   (DERIVED per worker tree; 3 tree(s) agree)
  ok   X01 ★★★ R-RA-13 is dropped: the v2 arm stops REQUIRING `SOURCE_HASH`, so an unidentifiable request reaches the classifier and the reply has no destination -> RED (6 assertion(s) failed, match count 1)
  ok   X02 ★★★ the reply is addressed to the 8-bit `pa.origin` instead of the captured 32-bit controller source — the alias-across-leaves defect Slice 1b named as this slice's obligation -> RED (322 assertion(s) failed, match count 1)
  ok   X03 ★★★ a cross-layer request is answered SAME-LAYER, which sends the response to a hash on the wrong plane -> RED (80 assertion(s) failed, match count 1)
  ok   X04 ★★★ the captured path is NOT reversed — the reply is sent back along the OUTBOUND order, i.e. away from the controller -> RED (30069 assertion(s) failed, match count 1)
  ok   X05 ★★★ the WHOLE reversed path is handed to `originate_layer_path`, which prepends our layer AGAIN — a duplicated first hop -> RED (30057 assertion(s) failed, match count 1)
  ok   X06 ★★ the reversed path's DESTINATION END is no longer checked against our own layer, so a path that does not terminate here is reversed into a return leg anyway -> RED (2 assertion(s) failed, match count 1)
  ok   X07 ★★★ the received CROSS-LAYER path is not captured at all, so every cross-layer controller is answered same-layer -> RED (40 assertion(s) failed, match count 1)
  ok   X08 ★★ the request carrier claims SAME-LAYER whatever arrived, so `remote_body_cap` admits a body the real leg cannot carry -> RED (44 assertion(s) failed, match count 1)
  ok   X09 ★★★ the shared expiry scan is never ARMED after a receive, so a reserved ingress row is held until the next unrelated fire — i.e. forever on an idle node -> RED (1 assertion(s) failed, match count 1)
  ok   X10 expiry arms before releasing, leaving a stale zero deadline -> RED (2 assertion(s) failed, match count 1)
  ok   X11 ★★★ the receive path stamps the deadline from ZERO instead of the current time, so every reservation is born already expired and the first scan releases work that just arrived -> RED (4 assertion(s) failed, match count 1)
  ok   X14 ★★★ the request carrier claims NO `SOURCE_HASH` on the wire, so `remote_body_cap` refuses the leg and every authenticated request is silently dropped as a bad carrier -> RED (372 assertion(s) failed, match count 1)
  ok   X12 ★★★ the bootstrap staging row is NEVER released, so the second discovery a controller ever sends is refused for want of the one reserved row -> RED (9 assertion(s) failed, match count 1)
  ok   X13 ★★ a ZERO reply destination is treated as sendable instead of an explicit failure, so an unroutable answer is handed to the transport -> RED (39 assertion(s) failed, match count 1)
  worker 0: 5/5 entries, 5 RED / 0 worthless, wall 79.8s, rc 0, source restored: md5 15a280defa85eed07e315af6c3a7f968 (MATCHES)   /tmp/mr_mutation_run-743h3w2s/w0
  worker 1: 5/5 entries, 5 RED / 0 worthless, wall 68.9s, rc 0, source restored: md5 15a280defa85eed07e315af6c3a7f968 (MATCHES)   /tmp/mr_mutation_run-743h3w2s/w1
  worker 2: 4/4 entries, 4 RED / 0 worthless, wall 32.2s, rc 0, source restored: md5 15a280defa85eed07e315af6c3a7f968 (MATCHES)   /tmp/mr_mutation_run-743h3w2s/w2
real tree untouched: all 62 target files byte-identical to launch (md5); no build ran in /tmp/mr-s9-r4-j37ybea_/union-inputs
timing: copy 3.0s + battery 79.9s = 83.0s total, 14 entries over 3 worker(s)
mutations: 14 RED / 0 unusable
