-- target radmin5runtime: /tmp/mr-s9-r4-j37ybea_/union-inputs/src/firmware_admin_runtime.h (16 entries)
-- selection: IN FULL (all 16 entries)
-- workers: 3
-- scratch root: /tmp/mr_mutation_run-i3p957kq   (removed on exit; MR_MUT_KEEP_SCRATCH=1 to keep)
  [w0] -- target radmin5runtime: /tmp/mr_mutation_run-i3p957kq/w0/src/firmware_admin_runtime.h (6 of 16 entries in this shard)
  [w0] -- baseline gate: THIS WORKER'S OWN clean tree must run 0 FAILED; its own counts become this shard's baseline
  [w1] -- target radmin5runtime: /tmp/mr_mutation_run-i3p957kq/w1/src/firmware_admin_runtime.h (5 of 16 entries in this shard)
  [w1] -- baseline gate: THIS WORKER'S OWN clean tree must run 0 FAILED; its own counts become this shard's baseline
  [w2] -- target radmin5runtime: /tmp/mr_mutation_run-i3p957kq/w2/src/firmware_admin_runtime.h (5 of 16 entries in this shard)
  [w2] -- baseline gate: THIS WORKER'S OWN clean tree must run 0 FAILED; its own counts become this shard's baseline
  [w2]   ok   clean baseline 2950 / 195768 / 0   (DERIVED from this tree)
  [w0]   ok   clean baseline 2950 / 195768 / 0   (DERIVED from this tree)
  [w1]   ok   clean baseline 2950 / 195768 / 0   (DERIVED from this tree)
  [w0]   ok   T01 ★★★ every slot gets a fresh epoch on any ACL edit, so an unrelated controller's live session dies whenever someone else's row changes (design §6.5: "role change or removal invalidates THAT SLOT's session") -> RED (7 assertion(s) failed, match count 1)
  [w2]   ok   T03 ★★★ a ROLE change is no longer a change, so demoting an owner to operator leaves that slot's session running under its old authority -> RED (6 assertion(s) failed, match count 1)
  [w1]   ok   T02 ★★★ a REMOVED slot is re-minted with a fresh epoch instead of being made unusable, so a revoked controller's slot number stays live -> RED (4 assertion(s) failed, match count 1)
  [w0]   ok   T04 ★★★ a refused epoch draw does not abort the preparation, so a partially prepared plan reaches the durable save and the commit -> RED (6 assertion(s) failed, match count 1)
  [w2]   ok   T06 ★★★ an ALL-ZERO seed is accepted as an administration root, so a dead RNG mints one world-known identity on every such device -> RED (2 assertion(s) failed, match count 1)
  [w1]   ok   T05 ★★★ a ROOT preparation publishes an INCOMPLETE candidate — a refused draw part-way through still installs, so some slots run whatever the plan left behind -> RED (11 assertion(s) failed, match count 1)
  [w0]   ok   T07 ★★★ a ROOT change no longer invalidates the old sessions, so requests sealed to the previous pair keep matching stored fingerprints -> RED (2 assertion(s) failed, match count 1)
  [w2]   ok   T09 ★★★ a failed PREPARATION leaves the plan ARMED, so the next commit installs the half-built state the refusal was supposed to abandon -> RED (2 assertion(s) failed, match count 1)
  [w1]   ok   T08 ★★★ `commit()` installs even when NOTHING was prepared, so a refused preparation followed by a commit publishes an EMPTY image over the running one -> RED (3 assertion(s) failed, match count 1)
  [w0]   ok   T10 ★★★ BOOT reports READY without the readiness conjunction, so a node with a bad half still publishes an accepting boot line and a slot count -> RED (14 assertion(s) failed, match count 1)
  [w2]   ok   T12 ★★★ a cold-boot entropy refusal on the ROOT half is reported as an ordinary `disabled` and the seam is never told, so a live RNG fault is indistinguishable from an unprovisioned node -> RED (3 assertion(s) failed, match count 1)
  [w1]   ok   T11 ★★★ a BAD ACL half leaves the running image ALONE instead of installing the CLEARED one, so a node whose record went bad keeps its stale live ACL across the reboot -> RED (36 assertion(s) failed, match count 1)
  [w0]   ok   T13 ★★ the live image copies an UNRECOGNISED role byte verbatim, so a corrupt record could install a row no policy accepts -> RED (33 assertion(s) failed, match count 1)
  [w2]   ok   T15 ★★★ [[B341]] RESTORED: the boot installs NOTHING when the CONJUNCTION fails, so a valid half is discarded and live activation stops composing across a reboot -> RED (30 assertion(s) failed, match count 1)
  [w2] source restored: md5 2fc7c0e9d04c5235dc9e60bf05f2a66f (MATCHES)
  [w2] shard 2: 5 RED / 0 unusable   (of 5 entries)
  [w1]   ok   T14 ★★ `acl reset` leaves the epochs untouched, so the slots it emptied keep usable session keys -> RED (10 assertion(s) failed, match count 1)
  [w1] source restored: md5 2fc7c0e9d04c5235dc9e60bf05f2a66f (MATCHES)
  [w1] shard 1: 5 RED / 0 unusable   (of 5 entries)
  [w0]   ok   T16 ★★★ [[B341]] HALF-FIX: the ROOT half composes but the ACL half does not — a valid owner ACL is discarded whenever the root record is bad, so sequence D still leaves the node disabled after recovery -> RED (16 assertion(s) failed, match count 1)
  [w0] source restored: md5 2fc7c0e9d04c5235dc9e60bf05f2a66f (MATCHES)
  [w0] shard 0: 6 RED / 0 unusable   (of 6 entries)

======================================================================================================================
-- MERGED REPORT — target radmin5runtime: /tmp/mr-s9-r4-j37ybea_/union-inputs/src/firmware_admin_runtime.h
  ok   clean baseline 2950 / 195768 / 0   (DERIVED per worker tree; 3 tree(s) agree)
  ok   T01 ★★★ every slot gets a fresh epoch on any ACL edit, so an unrelated controller's live session dies whenever someone else's row changes (design §6.5: "role change or removal invalidates THAT SLOT's session") -> RED (7 assertion(s) failed, match count 1)
  ok   T02 ★★★ a REMOVED slot is re-minted with a fresh epoch instead of being made unusable, so a revoked controller's slot number stays live -> RED (4 assertion(s) failed, match count 1)
  ok   T03 ★★★ a ROLE change is no longer a change, so demoting an owner to operator leaves that slot's session running under its old authority -> RED (6 assertion(s) failed, match count 1)
  ok   T04 ★★★ a refused epoch draw does not abort the preparation, so a partially prepared plan reaches the durable save and the commit -> RED (6 assertion(s) failed, match count 1)
  ok   T05 ★★★ a ROOT preparation publishes an INCOMPLETE candidate — a refused draw part-way through still installs, so some slots run whatever the plan left behind -> RED (11 assertion(s) failed, match count 1)
  ok   T06 ★★★ an ALL-ZERO seed is accepted as an administration root, so a dead RNG mints one world-known identity on every such device -> RED (2 assertion(s) failed, match count 1)
  ok   T07 ★★★ a ROOT change no longer invalidates the old sessions, so requests sealed to the previous pair keep matching stored fingerprints -> RED (2 assertion(s) failed, match count 1)
  ok   T08 ★★★ `commit()` installs even when NOTHING was prepared, so a refused preparation followed by a commit publishes an EMPTY image over the running one -> RED (3 assertion(s) failed, match count 1)
  ok   T09 ★★★ a failed PREPARATION leaves the plan ARMED, so the next commit installs the half-built state the refusal was supposed to abandon -> RED (2 assertion(s) failed, match count 1)
  ok   T10 ★★★ BOOT reports READY without the readiness conjunction, so a node with a bad half still publishes an accepting boot line and a slot count -> RED (14 assertion(s) failed, match count 1)
  ok   T11 ★★★ a BAD ACL half leaves the running image ALONE instead of installing the CLEARED one, so a node whose record went bad keeps its stale live ACL across the reboot -> RED (36 assertion(s) failed, match count 1)
  ok   T12 ★★★ a cold-boot entropy refusal on the ROOT half is reported as an ordinary `disabled` and the seam is never told, so a live RNG fault is indistinguishable from an unprovisioned node -> RED (3 assertion(s) failed, match count 1)
  ok   T13 ★★ the live image copies an UNRECOGNISED role byte verbatim, so a corrupt record could install a row no policy accepts -> RED (33 assertion(s) failed, match count 1)
  ok   T14 ★★ `acl reset` leaves the epochs untouched, so the slots it emptied keep usable session keys -> RED (10 assertion(s) failed, match count 1)
  ok   T15 ★★★ [[B341]] RESTORED: the boot installs NOTHING when the CONJUNCTION fails, so a valid half is discarded and live activation stops composing across a reboot -> RED (30 assertion(s) failed, match count 1)
  ok   T16 ★★★ [[B341]] HALF-FIX: the ROOT half composes but the ACL half does not — a valid owner ACL is discarded whenever the root record is bad, so sequence D still leaves the node disabled after recovery -> RED (16 assertion(s) failed, match count 1)
  worker 0: 6/6 entries, 6 RED / 0 worthless, wall 33.6s, rc 0, source restored: md5 2fc7c0e9d04c5235dc9e60bf05f2a66f (MATCHES)   /tmp/mr_mutation_run-i3p957kq/w0
  worker 1: 5/5 entries, 5 RED / 0 worthless, wall 30.1s, rc 0, source restored: md5 2fc7c0e9d04c5235dc9e60bf05f2a66f (MATCHES)   /tmp/mr_mutation_run-i3p957kq/w1
  worker 2: 5/5 entries, 5 RED / 0 worthless, wall 29.6s, rc 0, source restored: md5 2fc7c0e9d04c5235dc9e60bf05f2a66f (MATCHES)   /tmp/mr_mutation_run-i3p957kq/w2
real tree untouched: all 62 target files byte-identical to launch (md5); no build ran in /tmp/mr-s9-r4-j37ybea_/union-inputs
timing: copy 3.7s + battery 33.7s = 37.4s total, 16 entries over 3 worker(s)
mutations: 16 RED / 0 unusable
