-- target remoteactivation: /tmp/mr-s9-r4-j37ybea_/union-inputs/lib/core/remote_activation.h (22 entries)
-- selection: IN FULL (all 22 entries)
-- workers: 3
-- scratch root: /tmp/mr_mutation_run-cslut2ii   (removed on exit; MR_MUT_KEEP_SCRATCH=1 to keep)
  [w0] -- target remoteactivation: /tmp/mr_mutation_run-cslut2ii/w0/lib/core/remote_activation.h (8 of 22 entries in this shard)
  [w0] -- baseline gate: THIS WORKER'S OWN clean tree must run 0 FAILED; its own counts become this shard's baseline
  [w1] -- target remoteactivation: /tmp/mr_mutation_run-cslut2ii/w1/lib/core/remote_activation.h (7 of 22 entries in this shard)
  [w1] -- baseline gate: THIS WORKER'S OWN clean tree must run 0 FAILED; its own counts become this shard's baseline
  [w2] -- target remoteactivation: /tmp/mr_mutation_run-cslut2ii/w2/lib/core/remote_activation.h (7 of 22 entries in this shard)
  [w2] -- baseline gate: THIS WORKER'S OWN clean tree must run 0 FAILED; its own counts become this shard's baseline
  [w1]   ok   clean baseline 2950 / 195768 / 0   (DERIVED from this tree)
  [w2]   ok   clean baseline 2950 / 195768 / 0   (DERIVED from this tree)
  [w0]   ok   clean baseline 2950 / 195768 / 0   (DERIVED from this tree)
  [w1]   ok   A02 drop attempt one -> RED (13 assertion(s) failed, match count 1)
  [w2]   ok   A03 only final CTS attempt -> RED (15 assertion(s) failed, match count 1)
  [w0]   ok   A01 drop attempt zero -> RED (13 assertion(s) failed, match count 1)
  [w1]   ok   A05 ACK data slop disappears -> RED (4 assertion(s) failed, match count 1)
  [w2]   ok   A06 ACK routing slop disappears -> RED (3 assertion(s) failed, match count 1)
  [w0]   ok   A04 one CTS turnaround disappears -> RED (3 assertion(s) failed, match count 1)
  [w1]   ok   A08 on-air RTS dropped -> RED (12 assertion(s) failed, match count 1)
  [w0]   ok   A07 reference budget hardcoded -> RED (31 assertion(s) failed, match count 1)
  [w2]   ok   A09 on-air CTS dropped -> RED (12 assertion(s) failed, match count 1)
  [w1]   ok   A11 on-air ACK dropped -> RED (12 assertion(s) failed, match count 1)
  [w0]   ok   A10 terminal airtime dropped -> RED (12 assertion(s) failed, match count 1)
  [w2]   ok   A12 CTS to DATA gap dropped -> RED (12 assertion(s) failed, match count 1)
  [w1]   ok   A14 requeue uses forbidden capped backoff -> RED (16 assertion(s) failed, match count 1)
  [w0]   ok   A13 busy retries dropped -> RED (12 assertion(s) failed, match count 1)
  [w2]   ok   A15 default stops doubling -> RED (8 assertion(s) failed, match count 1)
  [w1]   ok   A17 saturation becomes wrapping -> RED (3 assertion(s) failed, match count 1)
  [w0]   ok   A16 ceiling includes the outer deadline -> RED (3 assertion(s) failed, match count 1)
  [w2]   ok   A18 DATA chooses the routing SF -> RED (1 assertion(s) failed, match count 1)
  [w1]   ok   A20 terminal omits the reserved destination hash -> RED (32 assertion(s) failed, match count 1)
  [w1] source restored: md5 cc23de6c6bdc35d80f9db70c64866ea4 (MATCHES)
  [w1] shard 1: 7 RED / 0 unusable   (of 7 entries)
  [w0]   ok   A19 empty data-SF set silently defaulted -> RED (2 assertion(s) failed, match count 1)
  [w2]   ok   A21 full path loses a hop -> RED (26 assertion(s) failed, match count 1)
  [w2] source restored: md5 cc23de6c6bdc35d80f9db70c64866ea4 (MATCHES)
  [w2] shard 2: 7 RED / 0 unusable   (of 7 entries)
  [w0]   ok   A22 saturated ACK helper guard omitted -> RED (1 assertion(s) failed, match count 1)
  [w0] source restored: md5 cc23de6c6bdc35d80f9db70c64866ea4 (MATCHES)
  [w0] shard 0: 8 RED / 0 unusable   (of 8 entries)

======================================================================================================================
-- MERGED REPORT — target remoteactivation: /tmp/mr-s9-r4-j37ybea_/union-inputs/lib/core/remote_activation.h
  ok   clean baseline 2950 / 195768 / 0   (DERIVED per worker tree; 3 tree(s) agree)
  ok   A01 drop attempt zero -> RED (13 assertion(s) failed, match count 1)
  ok   A02 drop attempt one -> RED (13 assertion(s) failed, match count 1)
  ok   A03 only final CTS attempt -> RED (15 assertion(s) failed, match count 1)
  ok   A04 one CTS turnaround disappears -> RED (3 assertion(s) failed, match count 1)
  ok   A05 ACK data slop disappears -> RED (4 assertion(s) failed, match count 1)
  ok   A06 ACK routing slop disappears -> RED (3 assertion(s) failed, match count 1)
  ok   A07 reference budget hardcoded -> RED (31 assertion(s) failed, match count 1)
  ok   A08 on-air RTS dropped -> RED (12 assertion(s) failed, match count 1)
  ok   A09 on-air CTS dropped -> RED (12 assertion(s) failed, match count 1)
  ok   A10 terminal airtime dropped -> RED (12 assertion(s) failed, match count 1)
  ok   A11 on-air ACK dropped -> RED (12 assertion(s) failed, match count 1)
  ok   A12 CTS to DATA gap dropped -> RED (12 assertion(s) failed, match count 1)
  ok   A13 busy retries dropped -> RED (12 assertion(s) failed, match count 1)
  ok   A14 requeue uses forbidden capped backoff -> RED (16 assertion(s) failed, match count 1)
  ok   A15 default stops doubling -> RED (8 assertion(s) failed, match count 1)
  ok   A16 ceiling includes the outer deadline -> RED (3 assertion(s) failed, match count 1)
  ok   A17 saturation becomes wrapping -> RED (3 assertion(s) failed, match count 1)
  ok   A18 DATA chooses the routing SF -> RED (1 assertion(s) failed, match count 1)
  ok   A19 empty data-SF set silently defaulted -> RED (2 assertion(s) failed, match count 1)
  ok   A20 terminal omits the reserved destination hash -> RED (32 assertion(s) failed, match count 1)
  ok   A21 full path loses a hop -> RED (26 assertion(s) failed, match count 1)
  ok   A22 saturated ACK helper guard omitted -> RED (1 assertion(s) failed, match count 1)
  worker 0: 8/8 entries, 8 RED / 0 worthless, wall 53.4s, rc 0, source restored: md5 cc23de6c6bdc35d80f9db70c64866ea4 (MATCHES)   /tmp/mr_mutation_run-cslut2ii/w0
  worker 1: 7/7 entries, 7 RED / 0 worthless, wall 46.4s, rc 0, source restored: md5 cc23de6c6bdc35d80f9db70c64866ea4 (MATCHES)   /tmp/mr_mutation_run-cslut2ii/w1
  worker 2: 7/7 entries, 7 RED / 0 worthless, wall 48.3s, rc 0, source restored: md5 cc23de6c6bdc35d80f9db70c64866ea4 (MATCHES)   /tmp/mr_mutation_run-cslut2ii/w2
real tree untouched: all 62 target files byte-identical to launch (md5); no build ran in /tmp/mr-s9-r4-j37ybea_/union-inputs
timing: copy 3.2s + battery 53.5s = 56.8s total, 22 entries over 3 worker(s)
mutations: 22 RED / 0 unusable
