-- target sliceGrx: /tmp/mr-s9-r4-j37ybea_/union-inputs/lib/core/node_mac_rx.cpp (42 entries)
-- selection: IN FULL (all 42 entries)
-- workers: 3
-- scratch root: /tmp/mr_mutation_run-2phvnkre   (removed on exit; MR_MUT_KEEP_SCRATCH=1 to keep)
  [w0] -- target sliceGrx: /tmp/mr_mutation_run-2phvnkre/w0/lib/core/node_mac_rx.cpp (14 of 42 entries in this shard)
  [w0] -- baseline gate: THIS WORKER'S OWN clean tree must run 0 FAILED; its own counts become this shard's baseline
  [w1] -- target sliceGrx: /tmp/mr_mutation_run-2phvnkre/w1/lib/core/node_mac_rx.cpp (14 of 42 entries in this shard)
  [w1] -- baseline gate: THIS WORKER'S OWN clean tree must run 0 FAILED; its own counts become this shard's baseline
  [w2] -- target sliceGrx: /tmp/mr_mutation_run-2phvnkre/w2/lib/core/node_mac_rx.cpp (14 of 42 entries in this shard)
  [w2] -- baseline gate: THIS WORKER'S OWN clean tree must run 0 FAILED; its own counts become this shard's baseline
  [w0]   ok   clean baseline 2950 / 195768 / 0   (DERIVED from this tree)
  [w1]   ok   clean baseline 2950 / 195768 / 0   (DERIVED from this tree)
  [w2]   ok   clean baseline 2950 / 195768 / 0   (DERIVED from this tree)
  [w0]   ok   G10 ★★★★ §13.1 THE PLAINTEXT TERM IS DROPPED — a CRYPTED carrier's inner is sealed to the recipient, so its bytes are ciphertext; parsing them as a v1 record and storing the result is a diagnostic built out of noise. §9.1 clears CRYPTED at origination, so anything that arrives sealed is a bug or an attack -> RED (4 assertion(s) failed, match count 1)
  [w1]   ok   G11 ★★★ §13.2 AN UNPARSEABLE INNER BECOMES A SILENT CONSUME — the frame is still dropped, but the ruled bounded `custody_failure_reject` never fires, so a malformed-input population becomes invisible to the operator, the corpus instrument and the bug register at once -> RED (1 assertion(s) failed, match count 1)
  [w2]   ok   G12 ★★★★ THE CODEC'S VERDICT IS IGNORED — `parse_custody_failure` is still CALLED and its `nullopt` still stops the record, but the ruled reject event is dropped. ★ THIS IS THE ARM THAT PROVES THE ELEVEN CODEC-OWNED §13 TERMS ARE REACHED THROUGH THE RECEIVER AT ALL: a receiver that imported the header and hand-checked a few fields would pass every codec-level test in `sliceFcodec` and fail here -> RED (28 assertion(s) failed, match count 1)
  [w1]   ok   G14 ★★★ §13.10's RECEIVER-CONTEXT HALF IS DROPPED — a record CLAIMING `static_same_layer` that ARRIVED on the TEAM plane is consumed, so a team-plane `origin` (a DAD-assigned team_local_id) is stored in a field documented as a static reporting relay. §13's own closing rule: outer-vs-body mismatch is MALFORMED -> RED (4 assertion(s) failed, match count 1)
  [w0]   ok   G13 ★★★★ §13.10 THE v1 PLANE-SUPPORT TERM IS DROPPED — the RESERVED planes (team / hosted_mobile / cross_layer / unknown) PARSE by design, so refusing them is this layer's only job; without it a v1 node stores and reports a cross-layer or team custody failure it has no vocabulary to interpret -> RED (24 assertion(s) failed, match count 1)
  [w2]   ok   G15 ★★★★ §13.11 THE ADDRESSEE TEST IS DROPPED — **THE NON-ADDRESSEE CONSUME.** Any node that happens to be the wire destination now stores and reports a custody failure about a message SOMEONE ELSE sent, as if it were its own. This is the single term that makes 'only the original sender consumes' true -> RED (4 assertion(s) failed, match count 1)
  [w1]   ok   G17 ★★★★ §13.15 THE RECEIVING-LAYER MATCH IS DROPPED — a report stamped with ANOTHER layer's id is accepted as same-layer v1 evidence. ⓘ It is also the arm an UNWRITTEN byte would slip through: 0 is what a zeroed `reporter_layer` looks like, and without this term it reads as a legitimate layer -> RED (18 assertion(s) failed, match count 1)
  [w0]   ok   G16 ★★★ §13.14 THE NEVER-ABOUT-ITSELF RULE IS DROPPED AT THE RECEIVER — a record claiming a relay lost custody of an E2E ACK, or of another custody notice, is accepted. The generator cannot produce either (§10.1(11)), so such a record is by construction forged or corrupt -> RED (20 assertion(s) failed, match count 1)
  [w2]   ok   G18 ★★★ §13.18 THE `requeue_count` DOMAIN IS DROPPED — a record claiming more requeues than `cascade_requeue_max` permits is stored as fact, and the cascade budget stops bounding its own diagnostic -> RED (8 assertion(s) failed, match count 1)
  [w1]   ok   G20 ★★★ §13.18 THE `committed_hops` DOMAIN IS DROPPED — the field is a 3-BIT wire field, so any value above 7 could not have travelled on a DATA header at all -> RED (8 assertion(s) failed, match count 1)
  [w0]   ok   G19 ★★★ §13.18 THE `alternatives_tried` DOMAIN IS DROPPED — `alts_tried[]` holds at most `protocol::max_rt_candidates`, so a larger count describes a route table this protocol cannot have -> RED (8 assertion(s) failed, match count 1)
  [w2]   ok   G21 ★★★ §13.18 THE `remaining_hops` DOMAIN IS DROPPED — the field is the 5-bit hop budget, so a value above 31 is not a hop count this network can express -> RED (8 assertion(s) failed, match count 1)
  [w1]   ok   G23 ★★★★ **THE TAIL IS DROPPED FROM STORAGE** — only the 24-byte v1 prefix is retained, so a newer reporter's appended tail is destroyed on the one node that received it. §9.2's tail rule exists so a v1 reader can be a faithful CARRIER of what it cannot interpret; truncating makes it a lossy one -> RED (16 assertion(s) failed, match count 1)
  [w0]   ok   G22 ★★★★ **PUSH BEFORE RECORD** — the ORDER DEFECT §7.3 exists to prevent. The sequence is read BEFORE the append instead of being the append's return value, so the live push carries a sequence that names a DIFFERENT record (or none). The app unifies live + pulled BY SEQ, so this silently mis-joins every report -> RED (10 assertion(s) failed, match count 1)
  [w2]   ok   G24 ★★★★ **THE CUSTODY REASON IS PLACED IN `Push::reason`** — §14.1, verbatim: *"Do not place the custody reason in `Push::reason`; that field is a `SendFailReason` and the wire enum is deliberately independent."* The two vocabularies COLLIDE on `queue_full` with different meanings, so this makes one read as the other -> RED (5 assertion(s) failed, match count 1)
  [w0]   ok   G25 ★★★ THE LIVE PUSH IS SUPPRESSED WHEN STORAGE IS DISABLED — §7.3 rules the opposite: the receipt still emits ONE push carrying `seq = 0`. A node with no inbox backend (every simulator node, and any board built without one) would go silent on the whole diagnostic. ⓘ The anchor carries the line ABOVE it: a bare `enqueue_push(pu);` matches several sites in this file and the entry went VACUOUS at match count 3 -> RED (11 assertion(s) failed, match count 1)
  [w2]   ok   S51 ★★★★ §B278 S3 A **PARK** STOPS COUNTING AS FORWARDED — the row stays `eligible` although a 32-byte outcome really is retained under the mobile's hash and will drain on the H answer, so the next report translates it a SECOND time -> RED (7 assertion(s) failed, match count 1)
  [w1]   ok   S50 ★★★★ §B278 S3 THE LOCAL DIAGNOSTIC BECOMES CONDITIONAL ON CORRELATION — the lookup is hoisted above the store and a successful correlation SUPPRESSES H1's own record. §7, verbatim: *"Translation never suppresses or rewrites H1's original diagnostic"* — and the ONLY thing implementing that sentence is these lines sitting BELOW the store and the Push -> RED (6 assertion(s) failed, match count 1)
  [w0]   ok   S52 ★★★★ §B278 S3 A **REFUSAL** COUNTS AS FORWARDED — the obligation is discharged although nothing was stored and nothing will ever air, so the genuinely fresh repeat report §4.5 allows can never retry -> RED (10 assertion(s) failed, match count 1)
  [w2]   ok   S56 ★★★★ §B278 S3 THE TRANSLATED CARRIER REQUESTS AN E2E ACK — evidence is turned into a message awaiting a reply, arming a deadline whose expiry is a user-visible `send_failed` about a diagnostic -> RED (1 assertion(s) failed, match count 1)
  [w1]   ok   S54 ★★★★ §B278 S3 A PACK REFUSAL STILL SENDS — the 32-byte buffer is aired with whatever the refusing packer left in it. §6.3's refusal is fail-loud precisely so no caller hand-builds the bytes -> RED (6 assertion(s) failed, match count 1)
  [w0]   ok   S57 ★★★ §B278 S3 THE CARRIER IS SEALED — a CRYPTED 0x81 is refused by §13.1 at every receiver, so the outcome can never be read; and a home that holds no pubkey for its own mobile fails loud instead -> RED (62 assertion(s) failed, match count 1)
  [w1]   ok   S58 ★★★★ §B278 S3 THE SEND BECOMES A DELEGATED RE-ORIGINATION (`reply_to_hash`/`mobile_ctr` set), so the diagnostic carrier RESERVES a correlation row of its own — a custody notice consuming the very ring it reports on, and stamping SOURCE_HASH as though the mobile had asked for it -> RED (1 assertion(s) failed, match count 1)
  [w2]   ok   S59 ★★★ §B278 S3 THE TYPE BYTE IS DROPPED (`type = 0`), so the translated record arrives as an ORDINARY DM: 32 bytes of packed binary reach the app text surface, an INTRO prefix may auto-attach, and 0x81's no-generic-lifecycle trait stops applying to the refusal path -> RED (39 assertion(s) failed, match count 1)
  [w0]   ok   S61 ★★★ §B278 S3 THE AMBIGUOUS ARM ORIGINATES ANYWAY — a wire-indistinguishable pair is resolved by sending to whichever row the lookup materialized, i.e. a misdelivery to the wrong mobile -> RED (2 assertion(s) failed, match count 1)
  [w1]   ok   S62 ★★★ §B278 S3 THE SILENT `no_live_rows` ARM IS FOLDED INTO `no_map` AT THE RECEIVER, so every ordinary custody receipt on a v1-only node emits a diagnostic (four corpus streams move) -> RED (9 assertion(s) failed, match count 1)
  [w2]   ok   S63 ★★★ §B278 S3 THE REFUSAL IS REPORTED AS A SUCCESS — `deleg_custody_forwarded` is emitted on the path where nothing was sent and nothing was marked -> RED (10 assertion(s) failed, match count 1)
  [w0]   ok   S64 ★★★ §B278 S3 the forwarded/refused events report the HOME counter as `ctr_m`, so the mobile-facing correlation scalar names a counter the mobile never used -> RED (1 assertion(s) failed, match count 1)
  [w1]   ok   S65 ★★★★ §B278 S4 THE MODE SPLIT IS FORCED TO **DIRECT** — the successor to the retired X68. A translated record is judged by §13's direct terms again, so the intended mobile refuses its own outcome (its `_node_id` is a host-assigned local id and `failed_origin` is the home's) and the whole S3->S4 chain goes silent while every direct case still passes -> RED (81 assertion(s) failed, match count 1)
  [w2]   ok   S66 ★★★★ §B278 S4 THE CONFIGURED-MOBILE TERM IS DROPPED — §8.1, verbatim: *"A static node never treats a translated record as its direct report."* Without it the TRANSLATING HOME consumes its own translation: its static id sits in `failed_origin`, so `pa.origin == failed_origin` holds at that home and a node ends up reporting to itself that it lost custody of someone else's message. ★ This is the consequence the retired X68 named, attacked at the term that now prevents it -> RED (4 assertion(s) failed, match count 1)
  [w0]   ok   S67 ★★★★ §B278 S4 §8.2 RULE 3 IS DROPPED — the DATA carrying the report no longer has to BE the home that originated the failed flight, so any relay can hand a mobile an outcome about a flight it never delegated -> RED (8 assertion(s) failed, match count 1)
  [w1]   ok   S68 ★★★★ §B278 S4 THE `DST_HASH` EQUALITY IS DROPPED — a hash-addressed translated record is consumed by whichever mobile the frame happens to reach, which is the one term that makes the re-homed arm safe at all -> RED (2 assertion(s) failed, match count 1)
  [w2]   ok   S69 ★★★★ §B278 S4 THE NO-HASH ARM'S REGISTRATION RELATION IS DROPPED — a mobile with no live registration, or one registered to a DIFFERENT home, consumes a report from any home that can address its local id. ⓵ Local ids are per-home and are RE-USED, so this is the plane-collision shape, not a theoretical one -> RED (8 assertion(s) failed, match count 1)
  [w0]   ok   S70 ★★★★ §B278 S4 RULE 7'S TWO ARMS BECOME A **CONJUNCTION** — the ordinary hosted direct-transit form carries NO `DST_HASH` by construction (`send_by_hash` passes `override_dst_hash = 0` and hosted local ids are absent from `_id_bind`), so demanding both refuses every record the production producer actually emits -> RED (69 assertion(s) failed, match count 1)
  [w1]   ok   S71 ★★★ §B278 S4 THE HASH ARM ALSO DEMANDS THE HOME RELATION — which locks out exactly the case the hash arm exists for: a RE-HOMED mobile whose report still originates at the OLD home and arrives through the new one. The stable hash is the identity there; the selected-home relation is not -> RED (35 assertion(s) failed, match count 1)
  [w2]   ok   S72 ★★★ §B278 S4 THE LAYER TERM IS DROPPED FROM THE NO-HASH ARM — the hosted last mile is same-layer by construction, so a report stamped with another layer arriving on that arm is an outer/body contradiction; and 0 is what an UNWRITTEN `reporter_layer` byte looks like -> RED (6 assertion(s) failed, match count 1)
  [w0]   ok   S73 ★★★★ §B278 S4 §8.3's ORIGIN MAPPING COLLAPSES TO THE CARRIER — the stored record and the live Push name the TRANSLATING HOME as the reporting relay instead of the relay that actually reported. The home is a translator, not a witness, and the tail carries the witness precisely because the outer origin cannot -> RED (6 assertion(s) failed, match count 1)
  [w1]   ok   S74 ★★★★ §B278 S4 §8.3's COUNTER MAPPING COLLAPSES TO ctrH — the mobile is handed the HOME's counter as its own correlation token, so its pending operation (keyed on ctrM) never matches and the outcome is orphaned. ⓵ ctrH stays readable INSIDE the body, which is why this is a silent mis-join rather than a lost field -> RED (6 assertion(s) failed, match count 1)
  [w2]   ok   S75 ★★★ §B278 S4 §8.3's LAYER MAPPING COLLAPSES TO THE RECEIVING LAYER — the outcome is filed under the layer the CARRIER arrived over rather than the layer the flight died on. They differ exactly when the hash arm is in use (a re-homed mobile reached through a home on another layer), which is why the hash arm does not test the layer at all -> RED (2 assertion(s) failed, match count 1)
  [w0]   ok   S76 ★★★★ §B278 S4 THE TRANSLATED BRANCH FALLS THROUGH INTO S3's BLOCK — a MOBILE runs the HOME's correlation lookup over a ring it structurally does not have, and a report about someone else's flight can re-originate a third copy. The `return` is the whole of the mode's containment -> RED (1 assertion(s) failed, match count 1)
  [w0] source restored: md5 15a280defa85eed07e315af6c3a7f968 (MATCHES)
  [w0] shard 0: 14 RED / 0 unusable   (of 14 entries)
  [w1]   ok   S77 ★★★ §B278 S4 THE FACTUAL TELEMETRY REPORTS THE CARRIER'S ORIGIN — `custody_failure_rx` names the translating home as the reporter, so the corpus instrument and the operator see a different identity from the one the store and the Push carry. ⛔ One selected identity, three surfaces -> RED (1 assertion(s) failed, match count 1)
  [w1] source restored: md5 15a280defa85eed07e315af6c3a7f968 (MATCHES)
  [w1] shard 1: 14 RED / 0 unusable   (of 14 entries)
  [w2]   ok   S78 ★★★ §B278 S4 THE FACTUAL TELEMETRY REPORTS ctrH AS `ctr` — the same divergence as S77 on the other half of the identity pair -> RED (1 assertion(s) failed, match count 1)
  [w2] source restored: md5 15a280defa85eed07e315af6c3a7f968 (MATCHES)
  [w2] shard 2: 14 RED / 0 unusable   (of 14 entries)

======================================================================================================================
-- MERGED REPORT — target sliceGrx: /tmp/mr-s9-r4-j37ybea_/union-inputs/lib/core/node_mac_rx.cpp
  ok   clean baseline 2950 / 195768 / 0   (DERIVED per worker tree; 3 tree(s) agree)
  ok   G10 ★★★★ §13.1 THE PLAINTEXT TERM IS DROPPED — a CRYPTED carrier's inner is sealed to the recipient, so its bytes are ciphertext; parsing them as a v1 record and storing the result is a diagnostic built out of noise. §9.1 clears CRYPTED at origination, so anything that arrives sealed is a bug or an attack -> RED (4 assertion(s) failed, match count 1)
  ok   G11 ★★★ §13.2 AN UNPARSEABLE INNER BECOMES A SILENT CONSUME — the frame is still dropped, but the ruled bounded `custody_failure_reject` never fires, so a malformed-input population becomes invisible to the operator, the corpus instrument and the bug register at once -> RED (1 assertion(s) failed, match count 1)
  ok   G12 ★★★★ THE CODEC'S VERDICT IS IGNORED — `parse_custody_failure` is still CALLED and its `nullopt` still stops the record, but the ruled reject event is dropped. ★ THIS IS THE ARM THAT PROVES THE ELEVEN CODEC-OWNED §13 TERMS ARE REACHED THROUGH THE RECEIVER AT ALL: a receiver that imported the header and hand-checked a few fields would pass every codec-level test in `sliceFcodec` and fail here -> RED (28 assertion(s) failed, match count 1)
  ok   G13 ★★★★ §13.10 THE v1 PLANE-SUPPORT TERM IS DROPPED — the RESERVED planes (team / hosted_mobile / cross_layer / unknown) PARSE by design, so refusing them is this layer's only job; without it a v1 node stores and reports a cross-layer or team custody failure it has no vocabulary to interpret -> RED (24 assertion(s) failed, match count 1)
  ok   G14 ★★★ §13.10's RECEIVER-CONTEXT HALF IS DROPPED — a record CLAIMING `static_same_layer` that ARRIVED on the TEAM plane is consumed, so a team-plane `origin` (a DAD-assigned team_local_id) is stored in a field documented as a static reporting relay. §13's own closing rule: outer-vs-body mismatch is MALFORMED -> RED (4 assertion(s) failed, match count 1)
  ok   G15 ★★★★ §13.11 THE ADDRESSEE TEST IS DROPPED — **THE NON-ADDRESSEE CONSUME.** Any node that happens to be the wire destination now stores and reports a custody failure about a message SOMEONE ELSE sent, as if it were its own. This is the single term that makes 'only the original sender consumes' true -> RED (4 assertion(s) failed, match count 1)
  ok   G16 ★★★ §13.14 THE NEVER-ABOUT-ITSELF RULE IS DROPPED AT THE RECEIVER — a record claiming a relay lost custody of an E2E ACK, or of another custody notice, is accepted. The generator cannot produce either (§10.1(11)), so such a record is by construction forged or corrupt -> RED (20 assertion(s) failed, match count 1)
  ok   G17 ★★★★ §13.15 THE RECEIVING-LAYER MATCH IS DROPPED — a report stamped with ANOTHER layer's id is accepted as same-layer v1 evidence. ⓘ It is also the arm an UNWRITTEN byte would slip through: 0 is what a zeroed `reporter_layer` looks like, and without this term it reads as a legitimate layer -> RED (18 assertion(s) failed, match count 1)
  ok   G18 ★★★ §13.18 THE `requeue_count` DOMAIN IS DROPPED — a record claiming more requeues than `cascade_requeue_max` permits is stored as fact, and the cascade budget stops bounding its own diagnostic -> RED (8 assertion(s) failed, match count 1)
  ok   G19 ★★★ §13.18 THE `alternatives_tried` DOMAIN IS DROPPED — `alts_tried[]` holds at most `protocol::max_rt_candidates`, so a larger count describes a route table this protocol cannot have -> RED (8 assertion(s) failed, match count 1)
  ok   G20 ★★★ §13.18 THE `committed_hops` DOMAIN IS DROPPED — the field is a 3-BIT wire field, so any value above 7 could not have travelled on a DATA header at all -> RED (8 assertion(s) failed, match count 1)
  ok   G21 ★★★ §13.18 THE `remaining_hops` DOMAIN IS DROPPED — the field is the 5-bit hop budget, so a value above 31 is not a hop count this network can express -> RED (8 assertion(s) failed, match count 1)
  ok   G22 ★★★★ **PUSH BEFORE RECORD** — the ORDER DEFECT §7.3 exists to prevent. The sequence is read BEFORE the append instead of being the append's return value, so the live push carries a sequence that names a DIFFERENT record (or none). The app unifies live + pulled BY SEQ, so this silently mis-joins every report -> RED (10 assertion(s) failed, match count 1)
  ok   G23 ★★★★ **THE TAIL IS DROPPED FROM STORAGE** — only the 24-byte v1 prefix is retained, so a newer reporter's appended tail is destroyed on the one node that received it. §9.2's tail rule exists so a v1 reader can be a faithful CARRIER of what it cannot interpret; truncating makes it a lossy one -> RED (16 assertion(s) failed, match count 1)
  ok   G24 ★★★★ **THE CUSTODY REASON IS PLACED IN `Push::reason`** — §14.1, verbatim: *"Do not place the custody reason in `Push::reason`; that field is a `SendFailReason` and the wire enum is deliberately independent."* The two vocabularies COLLIDE on `queue_full` with different meanings, so this makes one read as the other -> RED (5 assertion(s) failed, match count 1)
  ok   G25 ★★★ THE LIVE PUSH IS SUPPRESSED WHEN STORAGE IS DISABLED — §7.3 rules the opposite: the receipt still emits ONE push carrying `seq = 0`. A node with no inbox backend (every simulator node, and any board built without one) would go silent on the whole diagnostic. ⓘ The anchor carries the line ABOVE it: a bare `enqueue_push(pu);` matches several sites in this file and the entry went VACUOUS at match count 3 -> RED (11 assertion(s) failed, match count 1)
  ok   S50 ★★★★ §B278 S3 THE LOCAL DIAGNOSTIC BECOMES CONDITIONAL ON CORRELATION — the lookup is hoisted above the store and a successful correlation SUPPRESSES H1's own record. §7, verbatim: *"Translation never suppresses or rewrites H1's original diagnostic"* — and the ONLY thing implementing that sentence is these lines sitting BELOW the store and the Push -> RED (6 assertion(s) failed, match count 1)
  ok   S51 ★★★★ §B278 S3 A **PARK** STOPS COUNTING AS FORWARDED — the row stays `eligible` although a 32-byte outcome really is retained under the mobile's hash and will drain on the H answer, so the next report translates it a SECOND time -> RED (7 assertion(s) failed, match count 1)
  ok   S52 ★★★★ §B278 S3 A **REFUSAL** COUNTS AS FORWARDED — the obligation is discharged although nothing was stored and nothing will ever air, so the genuinely fresh repeat report §4.5 allows can never retry -> RED (10 assertion(s) failed, match count 1)
  ok   S54 ★★★★ §B278 S3 A PACK REFUSAL STILL SENDS — the 32-byte buffer is aired with whatever the refusing packer left in it. §6.3's refusal is fail-loud precisely so no caller hand-builds the bytes -> RED (6 assertion(s) failed, match count 1)
  ok   S56 ★★★★ §B278 S3 THE TRANSLATED CARRIER REQUESTS AN E2E ACK — evidence is turned into a message awaiting a reply, arming a deadline whose expiry is a user-visible `send_failed` about a diagnostic -> RED (1 assertion(s) failed, match count 1)
  ok   S57 ★★★ §B278 S3 THE CARRIER IS SEALED — a CRYPTED 0x81 is refused by §13.1 at every receiver, so the outcome can never be read; and a home that holds no pubkey for its own mobile fails loud instead -> RED (62 assertion(s) failed, match count 1)
  ok   S58 ★★★★ §B278 S3 THE SEND BECOMES A DELEGATED RE-ORIGINATION (`reply_to_hash`/`mobile_ctr` set), so the diagnostic carrier RESERVES a correlation row of its own — a custody notice consuming the very ring it reports on, and stamping SOURCE_HASH as though the mobile had asked for it -> RED (1 assertion(s) failed, match count 1)
  ok   S59 ★★★ §B278 S3 THE TYPE BYTE IS DROPPED (`type = 0`), so the translated record arrives as an ORDINARY DM: 32 bytes of packed binary reach the app text surface, an INTRO prefix may auto-attach, and 0x81's no-generic-lifecycle trait stops applying to the refusal path -> RED (39 assertion(s) failed, match count 1)
  ok   S61 ★★★ §B278 S3 THE AMBIGUOUS ARM ORIGINATES ANYWAY — a wire-indistinguishable pair is resolved by sending to whichever row the lookup materialized, i.e. a misdelivery to the wrong mobile -> RED (2 assertion(s) failed, match count 1)
  ok   S62 ★★★ §B278 S3 THE SILENT `no_live_rows` ARM IS FOLDED INTO `no_map` AT THE RECEIVER, so every ordinary custody receipt on a v1-only node emits a diagnostic (four corpus streams move) -> RED (9 assertion(s) failed, match count 1)
  ok   S63 ★★★ §B278 S3 THE REFUSAL IS REPORTED AS A SUCCESS — `deleg_custody_forwarded` is emitted on the path where nothing was sent and nothing was marked -> RED (10 assertion(s) failed, match count 1)
  ok   S64 ★★★ §B278 S3 the forwarded/refused events report the HOME counter as `ctr_m`, so the mobile-facing correlation scalar names a counter the mobile never used -> RED (1 assertion(s) failed, match count 1)
  ok   S65 ★★★★ §B278 S4 THE MODE SPLIT IS FORCED TO **DIRECT** — the successor to the retired X68. A translated record is judged by §13's direct terms again, so the intended mobile refuses its own outcome (its `_node_id` is a host-assigned local id and `failed_origin` is the home's) and the whole S3->S4 chain goes silent while every direct case still passes -> RED (81 assertion(s) failed, match count 1)
  ok   S66 ★★★★ §B278 S4 THE CONFIGURED-MOBILE TERM IS DROPPED — §8.1, verbatim: *"A static node never treats a translated record as its direct report."* Without it the TRANSLATING HOME consumes its own translation: its static id sits in `failed_origin`, so `pa.origin == failed_origin` holds at that home and a node ends up reporting to itself that it lost custody of someone else's message. ★ This is the consequence the retired X68 named, attacked at the term that now prevents it -> RED (4 assertion(s) failed, match count 1)
  ok   S67 ★★★★ §B278 S4 §8.2 RULE 3 IS DROPPED — the DATA carrying the report no longer has to BE the home that originated the failed flight, so any relay can hand a mobile an outcome about a flight it never delegated -> RED (8 assertion(s) failed, match count 1)
  ok   S68 ★★★★ §B278 S4 THE `DST_HASH` EQUALITY IS DROPPED — a hash-addressed translated record is consumed by whichever mobile the frame happens to reach, which is the one term that makes the re-homed arm safe at all -> RED (2 assertion(s) failed, match count 1)
  ok   S69 ★★★★ §B278 S4 THE NO-HASH ARM'S REGISTRATION RELATION IS DROPPED — a mobile with no live registration, or one registered to a DIFFERENT home, consumes a report from any home that can address its local id. ⓵ Local ids are per-home and are RE-USED, so this is the plane-collision shape, not a theoretical one -> RED (8 assertion(s) failed, match count 1)
  ok   S70 ★★★★ §B278 S4 RULE 7'S TWO ARMS BECOME A **CONJUNCTION** — the ordinary hosted direct-transit form carries NO `DST_HASH` by construction (`send_by_hash` passes `override_dst_hash = 0` and hosted local ids are absent from `_id_bind`), so demanding both refuses every record the production producer actually emits -> RED (69 assertion(s) failed, match count 1)
  ok   S71 ★★★ §B278 S4 THE HASH ARM ALSO DEMANDS THE HOME RELATION — which locks out exactly the case the hash arm exists for: a RE-HOMED mobile whose report still originates at the OLD home and arrives through the new one. The stable hash is the identity there; the selected-home relation is not -> RED (35 assertion(s) failed, match count 1)
  ok   S72 ★★★ §B278 S4 THE LAYER TERM IS DROPPED FROM THE NO-HASH ARM — the hosted last mile is same-layer by construction, so a report stamped with another layer arriving on that arm is an outer/body contradiction; and 0 is what an UNWRITTEN `reporter_layer` byte looks like -> RED (6 assertion(s) failed, match count 1)
  ok   S73 ★★★★ §B278 S4 §8.3's ORIGIN MAPPING COLLAPSES TO THE CARRIER — the stored record and the live Push name the TRANSLATING HOME as the reporting relay instead of the relay that actually reported. The home is a translator, not a witness, and the tail carries the witness precisely because the outer origin cannot -> RED (6 assertion(s) failed, match count 1)
  ok   S74 ★★★★ §B278 S4 §8.3's COUNTER MAPPING COLLAPSES TO ctrH — the mobile is handed the HOME's counter as its own correlation token, so its pending operation (keyed on ctrM) never matches and the outcome is orphaned. ⓵ ctrH stays readable INSIDE the body, which is why this is a silent mis-join rather than a lost field -> RED (6 assertion(s) failed, match count 1)
  ok   S75 ★★★ §B278 S4 §8.3's LAYER MAPPING COLLAPSES TO THE RECEIVING LAYER — the outcome is filed under the layer the CARRIER arrived over rather than the layer the flight died on. They differ exactly when the hash arm is in use (a re-homed mobile reached through a home on another layer), which is why the hash arm does not test the layer at all -> RED (2 assertion(s) failed, match count 1)
  ok   S76 ★★★★ §B278 S4 THE TRANSLATED BRANCH FALLS THROUGH INTO S3's BLOCK — a MOBILE runs the HOME's correlation lookup over a ring it structurally does not have, and a report about someone else's flight can re-originate a third copy. The `return` is the whole of the mode's containment -> RED (1 assertion(s) failed, match count 1)
  ok   S77 ★★★ §B278 S4 THE FACTUAL TELEMETRY REPORTS THE CARRIER'S ORIGIN — `custody_failure_rx` names the translating home as the reporter, so the corpus instrument and the operator see a different identity from the one the store and the Push carry. ⛔ One selected identity, three surfaces -> RED (1 assertion(s) failed, match count 1)
  ok   S78 ★★★ §B278 S4 THE FACTUAL TELEMETRY REPORTS ctrH AS `ctr` — the same divergence as S77 on the other half of the identity pair -> RED (1 assertion(s) failed, match count 1)
  worker 0: 14/14 entries, 14 RED / 0 worthless, wall 113.6s, rc 0, source restored: md5 15a280defa85eed07e315af6c3a7f968 (MATCHES)   /tmp/mr_mutation_run-2phvnkre/w0
  worker 1: 14/14 entries, 14 RED / 0 worthless, wall 115.9s, rc 0, source restored: md5 15a280defa85eed07e315af6c3a7f968 (MATCHES)   /tmp/mr_mutation_run-2phvnkre/w1
  worker 2: 14/14 entries, 14 RED / 0 worthless, wall 117.2s, rc 0, source restored: md5 15a280defa85eed07e315af6c3a7f968 (MATCHES)   /tmp/mr_mutation_run-2phvnkre/w2
real tree untouched: all 62 target files byte-identical to launch (md5); no build ran in /tmp/mr-s9-r4-j37ybea_/union-inputs
timing: copy 3.1s + battery 117.3s = 120.5s total, 42 entries over 3 worker(s)
mutations: 42 RED / 0 unusable
