START a0rx
START actionadmit
START b134ack
START b134inbox
END b134ack 2
START b134ram
END a0rx 2
START b134store
END actionadmit 2
START b159mac
END b134inbox 2
START b159map
END b134ram 2
START b159rx
END b134store 2
START b161hash
END b159mac 2
START b161mac
END b159map 2
START b161rx
END b159rx 2
START b20codec
END b161mac 2
START b20mac
END b161hash 2
START b251hash
END b161rx 2
START b251rx
END b20codec 2
START cmdauthority
END b20mac 2
START consoleline
END b251hash 2
START devicenv
END b251rx 2
START fwactivation
END cmdauthority 2
START grantadmit
END consoleline 2
START grantpark
END devicenv 2
START macwait
END grantadmit 2
START radmin2codec
END fwactivation 2
START radmin3acl
END grantpark 2
START radmin3id
END macwait 2
START radmin3verbs
END radmin2codec 2
START radmin5runtime
END radmin3acl 2
START radmin5rx
END radmin3id 2
START radmin5session
END radmin3verbs 2
