In file included from /home/staszek/.platformio/packages/framework-arduinoadafruitnrf52/cores/nRF5/nordic/softdevice/s140_nrf52_7.3.0_API/include/nrf_soc.h:52,
                 from /home/staszek/.platformio/packages/framework-arduinoadafruitnrf52/cores/nRF5/freertos/config/FreeRTOSConfig.h:34,
                 from /home/staszek/.platformio/packages/framework-arduinoadafruitnrf52/cores/nRF5/freertos/Source/include/FreeRTOS.h:56,
                 from /home/staszek/.platformio/packages/framework-arduinoadafruitnrf52/cores/nRF5/rtos.h:47,
                 from /home/staszek/.platformio/packages/framework-arduinoadafruitnrf52/libraries/Adafruit_LittleFS/src/Adafruit_LittleFS.h:34,
                 from /tmp/mr-s10-preflight-ivuz00tp/shadow/device_nv.h:1226,
                 from /tmp/mr-s10-preflight-ivuz00tp/layout.cpp:2:
/home/staszek/.platformio/packages/framework-arduinoadafruitnrf52/cores/nRF5/nordic/softdevice/s140_nrf52_7.3.0_API/include/nrf_soc.h: In function 'uint32_t sd_mutex_new(nrf_mutex_t*)':
/home/staszek/.platformio/packages/framework-arduinoadafruitnrf52/cores/nRF5/nordic/softdevice/s140_nrf52_7.3.0_API/include/nrf_soc.h:452:59: warning: unused parameter 'p_mutex' [-Wunused-parameter]
  452 | SVCALL(SD_MUTEX_NEW, uint32_t, sd_mutex_new(nrf_mutex_t * p_mutex));
      |                                             ~~~~~~~~~~~~~~^~~~~~~
/home/staszek/.platformio/packages/framework-arduinoadafruitnrf52/cores/nRF5/nordic/softdevice/s140_nrf52_7.3.0_API/include/nrf_svc.h:76:22: note: in definition of macro 'SVCALL'
   76 |   static return_type signature                          \
      |                      ^~~~~~~~~
/home/staszek/.platformio/packages/framework-arduinoadafruitnrf52/cores/nRF5/nordic/softdevice/s140_nrf52_7.3.0_API/include/nrf_soc.h: In function 'uint32_t sd_mutex_acquire(nrf_mutex_t*)':
/home/staszek/.platformio/packages/framework-arduinoadafruitnrf52/cores/nRF5/nordic/softdevice/s140_nrf52_7.3.0_API/include/nrf_soc.h:461:67: warning: unused parameter 'p_mutex' [-Wunused-parameter]
  461 | SVCALL(SD_MUTEX_ACQUIRE, uint32_t, sd_mutex_acquire(nrf_mutex_t * p_mutex));
      |                                                     ~~~~~~~~~~~~~~^~~~~~~
/home/staszek/.platformio/packages/framework-arduinoadafruitnrf52/cores/nRF5/nordic/softdevice/s140_nrf52_7.3.0_API/include/nrf_svc.h:76:22: note: in definition of macro 'SVCALL'
   76 |   static return_type signature                          \
      |                      ^~~~~~~~~
/home/staszek/.platformio/packages/framework-arduinoadafruitnrf52/cores/nRF5/nordic/softdevice/s140_nrf52_7.3.0_API/include/nrf_soc.h: In function 'uint32_t sd_mutex_release(nrf_mutex_t*)':
/home/staszek/.platformio/packages/framework-arduinoadafruitnrf52/cores/nRF5/nordic/softdevice/s140_nrf52_7.3.0_API/include/nrf_soc.h:469:67: warning: unused parameter 'p_mutex' [-Wunused-parameter]
  469 | SVCALL(SD_MUTEX_RELEASE, uint32_t, sd_mutex_release(nrf_mutex_t * p_mutex));
      |                                                     ~~~~~~~~~~~~~~^~~~~~~
/home/staszek/.platformio/packages/framework-arduinoadafruitnrf52/cores/nRF5/nordic/softdevice/s140_nrf52_7.3.0_API/include/nrf_svc.h:76:22: note: in definition of macro 'SVCALL'
   76 |   static return_type signature                          \
      |                      ^~~~~~~~~
/home/staszek/.platformio/packages/framework-arduinoadafruitnrf52/cores/nRF5/nordic/softdevice/s140_nrf52_7.3.0_API/include/nrf_soc.h: In function 'uint32_t sd_rand_application_pool_capacity_get(uint8_t*)':
/home/staszek/.platformio/packages/framework-arduinoadafruitnrf52/cores/nRF5/nordic/softdevice/s140_nrf52_7.3.0_API/include/nrf_soc.h:477:105: warning: unused parameter 'p_pool_capacity' [-Wunused-parameter]
  477 | SVCALL(SD_RAND_APPLICATION_POOL_CAPACITY_GET, uint32_t, sd_rand_application_pool_capacity_get(uint8_t * p_pool_capacity));
      |                                                                                               ~~~~~~~~~~^~~~~~~~~~~~~~~
/home/staszek/.platformio/packages/framework-arduinoadafruitnrf52/cores/nRF5/nordic/softdevice/s140_nrf52_7.3.0_API/include/nrf_svc.h:76:22: note: in definition of macro 'SVCALL'
   76 |   static return_type signature                          \
      |                      ^~~~~~~~~
/home/staszek/.platformio/packages/framework-arduinoadafruitnrf52/cores/nRF5/nordic/softdevice/s140_nrf52_7.3.0_API/include/nrf_soc.h: In function 'uint32_t sd_rand_application_bytes_available_get(uint8_t*)':
/home/staszek/.platformio/packages/framework-arduinoadafruitnrf52/cores/nRF5/nordic/softdevice/s140_nrf52_7.3.0_API/include/nrf_soc.h:485:109: warning: unused parameter 'p_bytes_available' [-Wunused-parameter]
  485 | SVCALL(SD_RAND_APPLICATION_BYTES_AVAILABLE_GET, uint32_t, sd_rand_application_bytes_available_get(uint8_t * p_bytes_available));
      |                                                                                                   ~~~~~~~~~~^~~~~~~~~~~~~~~~~
/home/staszek/.platformio/packages/framework-arduinoadafruitnrf52/cores/nRF5/nordic/softdevice/s140_nrf52_7.3.0_API/include/nrf_svc.h:76:22: note: in definition of macro 'SVCALL'
   76 |   static return_type signature                          \
      |                      ^~~~~~~~~
/home/staszek/.platformio/packages/framework-arduinoadafruitnrf52/cores/nRF5/nordic/softdevice/s140_nrf52_7.3.0_API/include/nrf_soc.h: In function 'uint32_t sd_rand_application_vector_get(uint8_t*, uint8_t)':
/home/staszek/.platformio/packages/framework-arduinoadafruitnrf52/cores/nRF5/nordic/softdevice/s140_nrf52_7.3.0_API/include/nrf_soc.h:495:91: warning: unused parameter 'p_buff' [-Wunused-parameter]
  495 | SVCALL(SD_RAND_APPLICATION_VECTOR_GET, uint32_t, sd_rand_application_vector_get(uint8_t * p_buff, uint8_t length));
      |                                                                                 ~~~~~~~~~~^~~~~~
/home/staszek/.platformio/packages/framework-arduinoadafruitnrf52/cores/nRF5/nordic/softdevice/s140_nrf52_7.3.0_API/include/nrf_svc.h:76:22: note: in definition of macro 'SVCALL'
   76 |   static return_type signature                          \
      |                      ^~~~~~~~~
/home/staszek/.platformio/packages/framework-arduinoadafruitnrf52/cores/nRF5/nordic/softdevice/s140_nrf52_7.3.0_API/include/nrf_soc.h:495:107: warning: unused parameter 'length' [-Wunused-parameter]
  495 | SVCALL(SD_RAND_APPLICATION_VECTOR_GET, uint32_t, sd_rand_application_vector_get(uint8_t * p_buff, uint8_t length));
      |                                                                                                   ~~~~~~~~^~~~~~
/home/staszek/.platformio/packages/framework-arduinoadafruitnrf52/cores/nRF5/nordic/softdevice/s140_nrf52_7.3.0_API/include/nrf_svc.h:76:22: note: in definition of macro 'SVCALL'
   76 |   static return_type signature                          \
      |                      ^~~~~~~~~
/home/staszek/.platformio/packages/framework-arduinoadafruitnrf52/cores/nRF5/nordic/softdevice/s140_nrf52_7.3.0_API/include/nrf_soc.h: In function 'uint32_t sd_power_reset_reason_get(uint32_t*)':
/home/staszek/.platformio/packages/framework-arduinoadafruitnrf52/cores/nRF5/nordic/softdevice/s140_nrf52_7.3.0_API/include/nrf_soc.h:503:82: warning: unused parameter 'p_reset_reason' [-Wunused-parameter]
  503 | SVCALL(SD_POWER_RESET_REASON_GET, uint32_t, sd_power_reset_reason_get(uint32_t * p_reset_reason));
      |                                                                       ~~~~~~~~~~~^~~~~~~~~~~~~~
/home/staszek/.platformio/packages/framework-arduinoadafruitnrf52/cores/nRF5/nordic/softdevice/s140_nrf52_7.3.0_API/include/nrf_svc.h:76:22: note: in definition of macro 'SVCALL'
   76 |   static return_type signature                          \
      |                      ^~~~~~~~~
/home/staszek/.platformio/packages/framework-arduinoadafruitnrf52/cores/nRF5/nordic/softdevice/s140_nrf52_7.3.0_API/include/nrf_soc.h: In function 'uint32_t sd_power_reset_reason_clr(uint32_t)':
/home/staszek/.platformio/packages/framework-arduinoadafruitnrf52/cores/nRF5/nordic/softdevice/s140_nrf52_7.3.0_API/include/nrf_soc.h:511:80: warning: unused parameter 'reset_reason_clr_msk' [-Wunused-parameter]
  511 | SVCALL(SD_POWER_RESET_REASON_CLR, uint32_t, sd_power_reset_reason_clr(uint32_t reset_reason_clr_msk));
      |                                                                       ~~~~~~~~~^~~~~~~~~~~~~~~~~~~~
/home/staszek/.platformio/packages/framework-arduinoadafruitnrf52/cores/nRF5/nordic/softdevice/s140_nrf52_7.3.0_API/include/nrf_svc.h:76:22: note: in definition of macro 'SVCALL'
   76 |   static return_type signature                          \
      |                      ^~~~~~~~~
/home/staszek/.platformio/packages/framework-arduinoadafruitnrf52/cores/nRF5/nordic/softdevice/s140_nrf52_7.3.0_API/include/nrf_soc.h: In function 'uint32_t sd_power_mode_set(uint8_t)':
/home/staszek/.platformio/packages/framework-arduinoadafruitnrf52/cores/nRF5/nordic/softdevice/s140_nrf52_7.3.0_API/include/nrf_soc.h:520:63: warning: unused parameter 'power_mode' [-Wunused-parameter]
  520 | SVCALL(SD_POWER_MODE_SET, uint32_t, sd_power_mode_set(uint8_t power_mode));
      |                                                       ~~~~~~~~^~~~~~~~~~
/home/staszek/.platformio/packages/framework-arduinoadafruitnrf52/cores/nRF5/nordic/softdevice/s140_nrf52_7.3.0_API/include/nrf_svc.h:76:22: note: in definition of macro 'SVCALL'
   76 |   static return_type signature                          \
      |                      ^~~~~~~~~
/home/staszek/.platformio/packages/framework-arduinoadafruitnrf52/cores/nRF5/nordic/softdevice/s140_nrf52_7.3.0_API/include/nrf_soc.h: In function 'uint32_t sd_power_pof_enable(uint8_t)':
/home/staszek/.platformio/packages/framework-arduinoadafruitnrf52/cores/nRF5/nordic/softdevice/s140_nrf52_7.3.0_API/include/nrf_soc.h:537:67: warning: unused parameter 'pof_enable' [-Wunused-parameter]
  537 | SVCALL(SD_POWER_POF_ENABLE, uint32_t, sd_power_pof_enable(uint8_t pof_enable));
      |                                                           ~~~~~~~~^~~~~~~~~~
/home/staszek/.platformio/packages/framework-arduinoadafruitnrf52/cores/nRF5/nordic/softdevice/s140_nrf52_7.3.0_API/include/nrf_svc.h:76:22: note: in definition of macro 'SVCALL'
   76 |   static return_type signature                          \
      |                      ^~~~~~~~~
/home/staszek/.platformio/packages/framework-arduinoadafruitnrf52/cores/nRF5/nordic/softdevice/s140_nrf52_7.3.0_API/include/nrf_soc.h: In function 'uint32_t sd_power_usbpwrrdy_enable(uint8_t)':
/home/staszek/.platformio/packages/framework-arduinoadafruitnrf52/cores/nRF5/nordic/softdevice/s140_nrf52_7.3.0_API/include/nrf_soc.h:550:79: warning: unused parameter 'usbpwrrdy_enable' [-Wunused-parameter]
  550 | SVCALL(SD_POWER_USBPWRRDY_ENABLE, uint32_t, sd_power_usbpwrrdy_enable(uint8_t usbpwrrdy_enable));
      |                                                                       ~~~~~~~~^~~~~~~~~~~~~~~~
/home/staszek/.platformio/packages/framework-arduinoadafruitnrf52/cores/nRF5/nordic/softdevice/s140_nrf52_7.3.0_API/include/nrf_svc.h:76:22: note: in definition of macro 'SVCALL'
   76 |   static return_type signature                          \
      |                      ^~~~~~~~~
/home/staszek/.platformio/packages/framework-arduinoadafruitnrf52/cores/nRF5/nordic/softdevice/s140_nrf52_7.3.0_API/include/nrf_soc.h: In function 'uint32_t sd_power_usbdetected_enable(uint8_t)':
/home/staszek/.platformio/packages/framework-arduinoadafruitnrf52/cores/nRF5/nordic/softdevice/s140_nrf52_7.3.0_API/include/nrf_soc.h:563:83: warning: unused parameter 'usbdetected_enable' [-Wunused-parameter]
  563 | SVCALL(SD_POWER_USBDETECTED_ENABLE, uint32_t, sd_power_usbdetected_enable(uint8_t usbdetected_enable));
      |                                                                           ~~~~~~~~^~~~~~~~~~~~~~~~~~
/home/staszek/.platformio/packages/framework-arduinoadafruitnrf52/cores/nRF5/nordic/softdevice/s140_nrf52_7.3.0_API/include/nrf_svc.h:76:22: note: in definition of macro 'SVCALL'
   76 |   static return_type signature                          \
      |                      ^~~~~~~~~
/home/staszek/.platformio/packages/framework-arduinoadafruitnrf52/cores/nRF5/nordic/softdevice/s140_nrf52_7.3.0_API/include/nrf_soc.h: In function 'uint32_t sd_power_usbremoved_enable(uint8_t)':
/home/staszek/.platformio/packages/framework-arduinoadafruitnrf52/cores/nRF5/nordic/softdevice/s140_nrf52_7.3.0_API/include/nrf_soc.h:576:81: warning: unused parameter 'usbremoved_enable' [-Wunused-parameter]
  576 | SVCALL(SD_POWER_USBREMOVED_ENABLE, uint32_t, sd_power_usbremoved_enable(uint8_t usbremoved_enable));
      |                                                                         ~~~~~~~~^~~~~~~~~~~~~~~~~
/home/staszek/.platformio/packages/framework-arduinoadafruitnrf52/cores/nRF5/nordic/softdevice/s140_nrf52_7.3.0_API/include/nrf_svc.h:76:22: note: in definition of macro 'SVCALL'
   76 |   static return_type signature                          \
      |                      ^~~~~~~~~
/home/staszek/.platformio/packages/framework-arduinoadafruitnrf52/cores/nRF5/nordic/softdevice/s140_nrf52_7.3.0_API/include/nrf_soc.h: In function 'uint32_t sd_power_usbregstatus_get(uint32_t*)':
/home/staszek/.platformio/packages/framework-arduinoadafruitnrf52/cores/nRF5/nordic/softdevice/s140_nrf52_7.3.0_API/include/nrf_soc.h:586:82: warning: unused parameter 'usbregstatus' [-Wunused-parameter]
  586 | SVCALL(SD_POWER_USBREGSTATUS_GET, uint32_t, sd_power_usbregstatus_get(uint32_t * usbregstatus));
      |                                                                       ~~~~~~~~~~~^~~~~~~~~~~~
/home/staszek/.platformio/packages/framework-arduinoadafruitnrf52/cores/nRF5/nordic/softdevice/s140_nrf52_7.3.0_API/include/nrf_svc.h:76:22: note: in definition of macro 'SVCALL'
   76 |   static return_type signature                          \
      |                      ^~~~~~~~~
/home/staszek/.platformio/packages/framework-arduinoadafruitnrf52/cores/nRF5/nordic/softdevice/s140_nrf52_7.3.0_API/include/nrf_soc.h: In function 'uint32_t sd_power_pof_threshold_set(uint8_t)':
/home/staszek/.platformio/packages/framework-arduinoadafruitnrf52/cores/nRF5/nordic/softdevice/s140_nrf52_7.3.0_API/include/nrf_soc.h:599:81: warning: unused parameter 'threshold' [-Wunused-parameter]
  599 | SVCALL(SD_POWER_POF_THRESHOLD_SET, uint32_t, sd_power_pof_threshold_set(uint8_t threshold));
      |                                                                         ~~~~~~~~^~~~~~~~~
/home/staszek/.platformio/packages/framework-arduinoadafruitnrf52/cores/nRF5/nordic/softdevice/s140_nrf52_7.3.0_API/include/nrf_svc.h:76:22: note: in definition of macro 'SVCALL'
   76 |   static return_type signature                          \
      |                      ^~~~~~~~~
/home/staszek/.platformio/packages/framework-arduinoadafruitnrf52/cores/nRF5/nordic/softdevice/s140_nrf52_7.3.0_API/include/nrf_soc.h: In function 'uint32_t sd_power_pof_thresholdvddh_set(uint8_t)':
/home/staszek/.platformio/packages/framework-arduinoadafruitnrf52/cores/nRF5/nordic/softdevice/s140_nrf52_7.3.0_API/include/nrf_soc.h:612:89: warning: unused parameter 'threshold' [-Wunused-parameter]
  612 | SVCALL(SD_POWER_POF_THRESHOLDVDDH_SET, uint32_t, sd_power_pof_thresholdvddh_set(uint8_t threshold));
      |                                                                                 ~~~~~~~~^~~~~~~~~
/home/staszek/.platformio/packages/framework-arduinoadafruitnrf52/cores/nRF5/nordic/softdevice/s140_nrf52_7.3.0_API/include/nrf_svc.h:76:22: note: in definition of macro 'SVCALL'
   76 |   static return_type signature                          \
      |                      ^~~~~~~~~
/home/staszek/.platformio/packages/framework-arduinoadafruitnrf52/cores/nRF5/nordic/softdevice/s140_nrf52_7.3.0_API/include/nrf_soc.h: In function 'uint32_t sd_power_ram_power_set(uint8_t, uint32_t)':
/home/staszek/.platformio/packages/framework-arduinoadafruitnrf52/cores/nRF5/nordic/softdevice/s140_nrf52_7.3.0_API/include/nrf_soc.h:621:73: warning: unused parameter 'index' [-Wunused-parameter]
  621 | SVCALL(SD_POWER_RAM_POWER_SET, uint32_t, sd_power_ram_power_set(uint8_t index, uint32_t ram_powerset));
      |                                                                 ~~~~~~~~^~~~~
/home/staszek/.platformio/packages/framework-arduinoadafruitnrf52/cores/nRF5/nordic/softdevice/s140_nrf52_7.3.0_API/include/nrf_svc.h:76:22: note: in definition of macro 'SVCALL'
   76 |   static return_type signature                          \
      |                      ^~~~~~~~~
/home/staszek/.platformio/packages/framework-arduinoadafruitnrf52/cores/nRF5/nordic/softdevice/s140_nrf52_7.3.0_API/include/nrf_soc.h:621:89: warning: unused parameter 'ram_powerset' [-Wunused-parameter]
  621 | SVCALL(SD_POWER_RAM_POWER_SET, uint32_t, sd_power_ram_power_set(uint8_t index, uint32_t ram_powerset));
      |                                                                                ~~~~~~~~~^~~~~~~~~~~~
/home/staszek/.platformio/packages/framework-arduinoadafruitnrf52/cores/nRF5/nordic/softdevice/s140_nrf52_7.3.0_API/include/nrf_svc.h:76:22: note: in definition of macro 'SVCALL'
   76 |   static return_type signature                          \
      |                      ^~~~~~~~~
/home/staszek/.platformio/packages/framework-arduinoadafruitnrf52/cores/nRF5/nordic/softdevice/s140_nrf52_7.3.0_API/include/nrf_soc.h: In function 'uint32_t sd_power_ram_power_clr(uint8_t, uint32_t)':
/home/staszek/.platformio/packages/framework-arduinoadafruitnrf52/cores/nRF5/nordic/softdevice/s140_nrf52_7.3.0_API/include/nrf_soc.h:630:73: warning: unused parameter 'index' [-Wunused-parameter]
  630 | SVCALL(SD_POWER_RAM_POWER_CLR, uint32_t, sd_power_ram_power_clr(uint8_t index, uint32_t ram_powerclr));
      |                                                                 ~~~~~~~~^~~~~
/home/staszek/.platformio/packages/framework-arduinoadafruitnrf52/cores/nRF5/nordic/softdevice/s140_nrf52_7.3.0_API/include/nrf_svc.h:76:22: note: in definition of macro 'SVCALL'
   76 |   static return_type signature                          \
      |                      ^~~~~~~~~
/home/staszek/.platformio/packages/framework-arduinoadafruitnrf52/cores/nRF5/nordic/softdevice/s140_nrf52_7.3.0_API/include/nrf_soc.h:630:89: warning: unused parameter 'ram_powerclr' [-Wunused-parameter]
  630 | SVCALL(SD_POWER_RAM_POWER_CLR, uint32_t, sd_power_ram_power_clr(uint8_t index, uint32_t ram_powerclr));
      |                                                                                ~~~~~~~~~^~~~~~~~~~~~
/home/staszek/.platformio/packages/framework-arduinoadafruitnrf52/cores/nRF5/nordic/softdevice/s140_nrf52_7.3.0_API/include/nrf_svc.h:76:22: note: in definition of macro 'SVCALL'
   76 |   static return_type signature                          \
      |                      ^~~~~~~~~
/home/staszek/.platformio/packages/framework-arduinoadafruitnrf52/cores/nRF5/nordic/softdevice/s140_nrf52_7.3.0_API/include/nrf_soc.h: In function 'uint32_t sd_power_ram_power_get(uint8_t, uint32_t*)':
/home/staszek/.platformio/packages/framework-arduinoadafruitnrf52/cores/nRF5/nordic/softdevice/s140_nrf52_7.3.0_API/include/nrf_soc.h:639:73: warning: unused parameter 'index' [-Wunused-parameter]
  639 | SVCALL(SD_POWER_RAM_POWER_GET, uint32_t, sd_power_ram_power_get(uint8_t index, uint32_t * p_ram_power));
      |                                                                 ~~~~~~~~^~~~~
/home/staszek/.platformio/packages/framework-arduinoadafruitnrf52/cores/nRF5/nordic/softdevice/s140_nrf52_7.3.0_API/include/nrf_svc.h:76:22: note: in definition of macro 'SVCALL'
   76 |   static return_type signature                          \
      |                      ^~~~~~~~~
/home/staszek/.platformio/packages/framework-arduinoadafruitnrf52/cores/nRF5/nordic/softdevice/s140_nrf52_7.3.0_API/include/nrf_soc.h:639:91: warning: unused parameter 'p_ram_power' [-Wunused-parameter]
  639 | SVCALL(SD_POWER_RAM_POWER_GET, uint32_t, sd_power_ram_power_get(uint8_t index, uint32_t * p_ram_power));
      |                                                                                ~~~~~~~~~~~^~~~~~~~~~~
/home/staszek/.platformio/packages/framework-arduinoadafruitnrf52/cores/nRF5/nordic/softdevice/s140_nrf52_7.3.0_API/include/nrf_svc.h:76:22: note: in definition of macro 'SVCALL'
   76 |   static return_type signature                          \
      |                      ^~~~~~~~~
/home/staszek/.platformio/packages/framework-arduinoadafruitnrf52/cores/nRF5/nordic/softdevice/s140_nrf52_7.3.0_API/include/nrf_soc.h: In function 'uint32_t sd_power_gpregret_set(uint32_t, uint32_t)':
/home/staszek/.platformio/packages/framework-arduinoadafruitnrf52/cores/nRF5/nordic/softdevice/s140_nrf52_7.3.0_API/include/nrf_soc.h:648:72: warning: unused parameter 'gpregret_id' [-Wunused-parameter]
  648 | SVCALL(SD_POWER_GPREGRET_SET, uint32_t, sd_power_gpregret_set(uint32_t gpregret_id, uint32_t gpregret_msk));
      |                                                               ~~~~~~~~~^~~~~~~~~~~
/home/staszek/.platformio/packages/framework-arduinoadafruitnrf52/cores/nRF5/nordic/softdevice/s140_nrf52_7.3.0_API/include/nrf_svc.h:76:22: note: in definition of macro 'SVCALL'
   76 |   static return_type signature                          \
      |                      ^~~~~~~~~
/home/staszek/.platformio/packages/framework-arduinoadafruitnrf52/cores/nRF5/nordic/softdevice/s140_nrf52_7.3.0_API/include/nrf_soc.h:648:94: warning: unused parameter 'gpregret_msk' [-Wunused-parameter]
  648 | SVCALL(SD_POWER_GPREGRET_SET, uint32_t, sd_power_gpregret_set(uint32_t gpregret_id, uint32_t gpregret_msk));
      |                                                                                     ~~~~~~~~~^~~~~~~~~~~~
/home/staszek/.platformio/packages/framework-arduinoadafruitnrf52/cores/nRF5/nordic/softdevice/s140_nrf52_7.3.0_API/include/nrf_svc.h:76:22: note: in definition of macro 'SVCALL'
   76 |   static return_type signature                          \
      |                      ^~~~~~~~~
/home/staszek/.platformio/packages/framework-arduinoadafruitnrf52/cores/nRF5/nordic/softdevice/s140_nrf52_7.3.0_API/include/nrf_soc.h: In function 'uint32_t sd_power_gpregret_clr(uint32_t, uint32_t)':
/home/staszek/.platformio/packages/framework-arduinoadafruitnrf52/cores/nRF5/nordic/softdevice/s140_nrf52_7.3.0_API/include/nrf_soc.h:657:72: warning: unused parameter 'gpregret_id' [-Wunused-parameter]
  657 | SVCALL(SD_POWER_GPREGRET_CLR, uint32_t, sd_power_gpregret_clr(uint32_t gpregret_id, uint32_t gpregret_msk));
      |                                                               ~~~~~~~~~^~~~~~~~~~~
/home/staszek/.platformio/packages/framework-arduinoadafruitnrf52/cores/nRF5/nordic/softdevice/s140_nrf52_7.3.0_API/include/nrf_svc.h:76:22: note: in definition of macro 'SVCALL'
   76 |   static return_type signature                          \
      |                      ^~~~~~~~~
/home/staszek/.platformio/packages/framework-arduinoadafruitnrf52/cores/nRF5/nordic/softdevice/s140_nrf52_7.3.0_API/include/nrf_soc.h:657:94: warning: unused parameter 'gpregret_msk' [-Wunused-parameter]
  657 | SVCALL(SD_POWER_GPREGRET_CLR, uint32_t, sd_power_gpregret_clr(uint32_t gpregret_id, uint32_t gpregret_msk));
      |                                                                                     ~~~~~~~~~^~~~~~~~~~~~
/home/staszek/.platformio/packages/framework-arduinoadafruitnrf52/cores/nRF5/nordic/softdevice/s140_nrf52_7.3.0_API/include/nrf_svc.h:76:22: note: in definition of macro 'SVCALL'
   76 |   static return_type signature                          \
      |                      ^~~~~~~~~
/home/staszek/.platformio/packages/framework-arduinoadafruitnrf52/cores/nRF5/nordic/softdevice/s140_nrf52_7.3.0_API/include/nrf_soc.h: In function 'uint32_t sd_power_gpregret_get(uint32_t, uint32_t*)':
/home/staszek/.platformio/packages/framework-arduinoadafruitnrf52/cores/nRF5/nordic/softdevice/s140_nrf52_7.3.0_API/include/nrf_soc.h:666:72: warning: unused parameter 'gpregret_id' [-Wunused-parameter]
  666 | SVCALL(SD_POWER_GPREGRET_GET, uint32_t, sd_power_gpregret_get(uint32_t gpregret_id, uint32_t *p_gpregret));
      |                                                               ~~~~~~~~~^~~~~~~~~~~
/home/staszek/.platformio/packages/framework-arduinoadafruitnrf52/cores/nRF5/nordic/softdevice/s140_nrf52_7.3.0_API/include/nrf_svc.h:76:22: note: in definition of macro 'SVCALL'
   76 |   static return_type signature                          \
      |                      ^~~~~~~~~
/home/staszek/.platformio/packages/framework-arduinoadafruitnrf52/cores/nRF5/nordic/softdevice/s140_nrf52_7.3.0_API/include/nrf_soc.h:666:95: warning: unused parameter 'p_gpregret' [-Wunused-parameter]
  666 | SVCALL(SD_POWER_GPREGRET_GET, uint32_t, sd_power_gpregret_get(uint32_t gpregret_id, uint32_t *p_gpregret));
      |                                                                                     ~~~~~~~~~~^~~~~~~~~~
/home/staszek/.platformio/packages/framework-arduinoadafruitnrf52/cores/nRF5/nordic/softdevice/s140_nrf52_7.3.0_API/include/nrf_svc.h:76:22: note: in definition of macro 'SVCALL'
   76 |   static return_type signature                          \
      |                      ^~~~~~~~~
/home/staszek/.platformio/packages/framework-arduinoadafruitnrf52/cores/nRF5/nordic/softdevice/s140_nrf52_7.3.0_API/include/nrf_soc.h: In function 'uint32_t sd_power_dcdc_mode_set(uint8_t)':
/home/staszek/.platformio/packages/framework-arduinoadafruitnrf52/cores/nRF5/nordic/softdevice/s140_nrf52_7.3.0_API/include/nrf_soc.h:675:73: warning: unused parameter 'dcdc_mode' [-Wunused-parameter]
  675 | SVCALL(SD_POWER_DCDC_MODE_SET, uint32_t, sd_power_dcdc_mode_set(uint8_t dcdc_mode));
      |                                                                 ~~~~~~~~^~~~~~~~~
/home/staszek/.platformio/packages/framework-arduinoadafruitnrf52/cores/nRF5/nordic/softdevice/s140_nrf52_7.3.0_API/include/nrf_svc.h:76:22: note: in definition of macro 'SVCALL'
   76 |   static return_type signature                          \
      |                      ^~~~~~~~~
/home/staszek/.platformio/packages/framework-arduinoadafruitnrf52/cores/nRF5/nordic/softdevice/s140_nrf52_7.3.0_API/include/nrf_soc.h: In function 'uint32_t sd_power_dcdc0_mode_set(uint8_t)':
/home/staszek/.platformio/packages/framework-arduinoadafruitnrf52/cores/nRF5/nordic/softdevice/s140_nrf52_7.3.0_API/include/nrf_soc.h:686:75: warning: unused parameter 'dcdc_mode' [-Wunused-parameter]
  686 | SVCALL(SD_POWER_DCDC0_MODE_SET, uint32_t, sd_power_dcdc0_mode_set(uint8_t dcdc_mode));
      |                                                                   ~~~~~~~~^~~~~~~~~
/home/staszek/.platformio/packages/framework-arduinoadafruitnrf52/cores/nRF5/nordic/softdevice/s140_nrf52_7.3.0_API/include/nrf_svc.h:76:22: note: in definition of macro 'SVCALL'
   76 |   static return_type signature                          \
      |                      ^~~~~~~~~
/home/staszek/.platformio/packages/framework-arduinoadafruitnrf52/cores/nRF5/nordic/softdevice/s140_nrf52_7.3.0_API/include/nrf_soc.h: In function 'uint32_t sd_clock_hfclk_is_running(uint32_t*)':
/home/staszek/.platformio/packages/framework-arduinoadafruitnrf52/cores/nRF5/nordic/softdevice/s140_nrf52_7.3.0_API/include/nrf_soc.h:720:82: warning: unused parameter 'p_is_running' [-Wunused-parameter]
  720 | SVCALL(SD_CLOCK_HFCLK_IS_RUNNING, uint32_t, sd_clock_hfclk_is_running(uint32_t * p_is_running));
      |                                                                       ~~~~~~~~~~~^~~~~~~~~~~~
/home/staszek/.platformio/packages/framework-arduinoadafruitnrf52/cores/nRF5/nordic/softdevice/s140_nrf52_7.3.0_API/include/nrf_svc.h:76:22: note: in definition of macro 'SVCALL'
   76 |   static return_type signature                          \
      |                      ^~~~~~~~~
/home/staszek/.platformio/packages/framework-arduinoadafruitnrf52/cores/nRF5/nordic/softdevice/s140_nrf52_7.3.0_API/include/nrf_soc.h: In function 'uint32_t sd_ppi_channel_enable_get(uint32_t*)':
/home/staszek/.platformio/packages/framework-arduinoadafruitnrf52/cores/nRF5/nordic/softdevice/s140_nrf52_7.3.0_API/include/nrf_soc.h:756:82: warning: unused parameter 'p_channel_enable' [-Wunused-parameter]
  756 | SVCALL(SD_PPI_CHANNEL_ENABLE_GET, uint32_t, sd_ppi_channel_enable_get(uint32_t * p_channel_enable));
      |                                                                       ~~~~~~~~~~~^~~~~~~~~~~~~~~~
/home/staszek/.platformio/packages/framework-arduinoadafruitnrf52/cores/nRF5/nordic/softdevice/s140_nrf52_7.3.0_API/include/nrf_svc.h:76:22: note: in definition of macro 'SVCALL'
   76 |   static return_type signature                          \
      |                      ^~~~~~~~~
/home/staszek/.platformio/packages/framework-arduinoadafruitnrf52/cores/nRF5/nordic/softdevice/s140_nrf52_7.3.0_API/include/nrf_soc.h: In function 'uint32_t sd_ppi_channel_enable_set(uint32_t)':
/home/staszek/.platformio/packages/framework-arduinoadafruitnrf52/cores/nRF5/nordic/softdevice/s140_nrf52_7.3.0_API/include/nrf_soc.h:764:80: warning: unused parameter 'channel_enable_set_msk' [-Wunused-parameter]
  764 | SVCALL(SD_PPI_CHANNEL_ENABLE_SET, uint32_t, sd_ppi_channel_enable_set(uint32_t channel_enable_set_msk));
      |                                                                       ~~~~~~~~~^~~~~~~~~~~~~~~~~~~~~~
/home/staszek/.platformio/packages/framework-arduinoadafruitnrf52/cores/nRF5/nordic/softdevice/s140_nrf52_7.3.0_API/include/nrf_svc.h:76:22: note: in definition of macro 'SVCALL'
   76 |   static return_type signature                          \
      |                      ^~~~~~~~~
/home/staszek/.platformio/packages/framework-arduinoadafruitnrf52/cores/nRF5/nordic/softdevice/s140_nrf52_7.3.0_API/include/nrf_soc.h: In function 'uint32_t sd_ppi_channel_enable_clr(uint32_t)':
/home/staszek/.platformio/packages/framework-arduinoadafruitnrf52/cores/nRF5/nordic/softdevice/s140_nrf52_7.3.0_API/include/nrf_soc.h:772:80: warning: unused parameter 'channel_enable_clr_msk' [-Wunused-parameter]
  772 | SVCALL(SD_PPI_CHANNEL_ENABLE_CLR, uint32_t, sd_ppi_channel_enable_clr(uint32_t channel_enable_clr_msk));
      |                                                                       ~~~~~~~~~^~~~~~~~~~~~~~~~~~~~~~
/home/staszek/.platformio/packages/framework-arduinoadafruitnrf52/cores/nRF5/nordic/softdevice/s140_nrf52_7.3.0_API/include/nrf_svc.h:76:22: note: in definition of macro 'SVCALL'
   76 |   static return_type signature                          \
      |                      ^~~~~~~~~
/home/staszek/.platformio/packages/framework-arduinoadafruitnrf52/cores/nRF5/nordic/softdevice/s140_nrf52_7.3.0_API/include/nrf_soc.h: In function 'uint32_t sd_ppi_channel_assign(uint8_t, const volatile void*, const volatile void*)':
/home/staszek/.platformio/packages/framework-arduinoadafruitnrf52/cores/nRF5/nordic/softdevice/s140_nrf52_7.3.0_API/include/nrf_soc.h:783:71: warning: unused parameter 'channel_num' [-Wunused-parameter]
  783 | SVCALL(SD_PPI_CHANNEL_ASSIGN, uint32_t, sd_ppi_channel_assign(uint8_t channel_num, const volatile void * evt_endpoint, const volatile void * task_endpoint));
      |                                                               ~~~~~~~~^~~~~~~~~~~
/home/staszek/.platformio/packages/framework-arduinoadafruitnrf52/cores/nRF5/nordic/softdevice/s140_nrf52_7.3.0_API/include/nrf_svc.h:76:22: note: in definition of macro 'SVCALL'
   76 |   static return_type signature                          \
      |                      ^~~~~~~~~
/home/staszek/.platformio/packages/framework-arduinoadafruitnrf52/cores/nRF5/nordic/softdevice/s140_nrf52_7.3.0_API/include/nrf_soc.h:783:106: warning: unused parameter 'evt_endpoint' [-Wunused-parameter]
  783 | SVCALL(SD_PPI_CHANNEL_ASSIGN, uint32_t, sd_ppi_channel_assign(uint8_t channel_num, const volatile void * evt_endpoint, const volatile void * task_endpoint));
      |                                                                                    ~~~~~~~~~~~~~~~~~~~~~~^~~~~~~~~~~~
/home/staszek/.platformio/packages/framework-arduinoadafruitnrf52/cores/nRF5/nordic/softdevice/s140_nrf52_7.3.0_API/include/nrf_svc.h:76:22: note: in definition of macro 'SVCALL'
   76 |   static return_type signature                          \
      |                      ^~~~~~~~~
/home/staszek/.platformio/packages/framework-arduinoadafruitnrf52/cores/nRF5/nordic/softdevice/s140_nrf52_7.3.0_API/include/nrf_soc.h:783:142: warning: unused parameter 'task_endpoint' [-Wunused-parameter]
  783 | SVCALL(SD_PPI_CHANNEL_ASSIGN, uint32_t, sd_ppi_channel_assign(uint8_t channel_num, const volatile void * evt_endpoint, const volatile void * task_endpoint));
      |                                                                                                                        ~~~~~~~~~~~~~~~~~~~~~~^~~~~~~~~~~~~
/home/staszek/.platformio/packages/framework-arduinoadafruitnrf52/cores/nRF5/nordic/softdevice/s140_nrf52_7.3.0_API/include/nrf_svc.h:76:22: note: in definition of macro 'SVCALL'
   76 |   static return_type signature                          \
      |                      ^~~~~~~~~
/home/staszek/.platformio/packages/framework-arduinoadafruitnrf52/cores/nRF5/nordic/softdevice/s140_nrf52_7.3.0_API/include/nrf_soc.h: In function 'uint32_t sd_ppi_group_task_enable(uint8_t)':
/home/staszek/.platformio/packages/framework-arduinoadafruitnrf52/cores/nRF5/nordic/softdevice/s140_nrf52_7.3.0_API/include/nrf_soc.h:792:77: warning: unused parameter 'group_num' [-Wunused-parameter]
  792 | SVCALL(SD_PPI_GROUP_TASK_ENABLE, uint32_t, sd_ppi_group_task_enable(uint8_t group_num));
      |                                                                     ~~~~~~~~^~~~~~~~~
/home/staszek/.platformio/packages/framework-arduinoadafruitnrf52/cores/nRF5/nordic/softdevice/s140_nrf52_7.3.0_API/include/nrf_svc.h:76:22: note: in definition of macro 'SVCALL'
   76 |   static return_type signature                          \
      |                      ^~~~~~~~~
/home/staszek/.platformio/packages/framework-arduinoadafruitnrf52/cores/nRF5/nordic/softdevice/s140_nrf52_7.3.0_API/include/nrf_soc.h: In function 'uint32_t sd_ppi_group_task_disable(uint8_t)':
/home/staszek/.platformio/packages/framework-arduinoadafruitnrf52/cores/nRF5/nordic/softdevice/s140_nrf52_7.3.0_API/include/nrf_soc.h:801:79: warning: unused parameter 'group_num' [-Wunused-parameter]
  801 | SVCALL(SD_PPI_GROUP_TASK_DISABLE, uint32_t, sd_ppi_group_task_disable(uint8_t group_num));
      |                                                                       ~~~~~~~~^~~~~~~~~
/home/staszek/.platformio/packages/framework-arduinoadafruitnrf52/cores/nRF5/nordic/softdevice/s140_nrf52_7.3.0_API/include/nrf_svc.h:76:22: note: in definition of macro 'SVCALL'
   76 |   static return_type signature                          \
      |                      ^~~~~~~~~
/home/staszek/.platformio/packages/framework-arduinoadafruitnrf52/cores/nRF5/nordic/softdevice/s140_nrf52_7.3.0_API/include/nrf_soc.h: In function 'uint32_t sd_ppi_group_assign(uint8_t, uint32_t)':
/home/staszek/.platformio/packages/framework-arduinoadafruitnrf52/cores/nRF5/nordic/softdevice/s140_nrf52_7.3.0_API/include/nrf_soc.h:811:67: warning: unused parameter 'group_num' [-Wunused-parameter]
  811 | SVCALL(SD_PPI_GROUP_ASSIGN, uint32_t, sd_ppi_group_assign(uint8_t group_num, uint32_t channel_msk));
      |                                                           ~~~~~~~~^~~~~~~~~
/home/staszek/.platformio/packages/framework-arduinoadafruitnrf52/cores/nRF5/nordic/softdevice/s140_nrf52_7.3.0_API/include/nrf_svc.h:76:22: note: in definition of macro 'SVCALL'
   76 |   static return_type signature                          \
      |                      ^~~~~~~~~
/home/staszek/.platformio/packages/framework-arduinoadafruitnrf52/cores/nRF5/nordic/softdevice/s140_nrf52_7.3.0_API/include/nrf_soc.h:811:87: warning: unused parameter 'channel_msk' [-Wunused-parameter]
  811 | SVCALL(SD_PPI_GROUP_ASSIGN, uint32_t, sd_ppi_group_assign(uint8_t group_num, uint32_t channel_msk));
      |                                                                              ~~~~~~~~~^~~~~~~~~~~
/home/staszek/.platformio/packages/framework-arduinoadafruitnrf52/cores/nRF5/nordic/softdevice/s140_nrf52_7.3.0_API/include/nrf_svc.h:76:22: note: in definition of macro 'SVCALL'
   76 |   static return_type signature                          \
      |                      ^~~~~~~~~
/home/staszek/.platformio/packages/framework-arduinoadafruitnrf52/cores/nRF5/nordic/softdevice/s140_nrf52_7.3.0_API/include/nrf_soc.h: In function 'uint32_t sd_ppi_group_get(uint8_t, uint32_t*)':
/home/staszek/.platformio/packages/framework-arduinoadafruitnrf52/cores/nRF5/nordic/softdevice/s140_nrf52_7.3.0_API/include/nrf_soc.h:821:61: warning: unused parameter 'group_num' [-Wunused-parameter]
  821 | SVCALL(SD_PPI_GROUP_GET, uint32_t, sd_ppi_group_get(uint8_t group_num, uint32_t * p_channel_msk));
      |                                                     ~~~~~~~~^~~~~~~~~
/home/staszek/.platformio/packages/framework-arduinoadafruitnrf52/cores/nRF5/nordic/softdevice/s140_nrf52_7.3.0_API/include/nrf_svc.h:76:22: note: in definition of macro 'SVCALL'
   76 |   static return_type signature                          \
      |                      ^~~~~~~~~
/home/staszek/.platformio/packages/framework-arduinoadafruitnrf52/cores/nRF5/nordic/softdevice/s140_nrf52_7.3.0_API/include/nrf_soc.h:821:83: warning: unused parameter 'p_channel_msk' [-Wunused-parameter]
  821 | SVCALL(SD_PPI_GROUP_GET, uint32_t, sd_ppi_group_get(uint8_t group_num, uint32_t * p_channel_msk));
      |                                                                        ~~~~~~~~~~~^~~~~~~~~~~~~
/home/staszek/.platformio/packages/framework-arduinoadafruitnrf52/cores/nRF5/nordic/softdevice/s140_nrf52_7.3.0_API/include/nrf_svc.h:76:22: note: in definition of macro 'SVCALL'
   76 |   static return_type signature                          \
      |                      ^~~~~~~~~
/home/staszek/.platformio/packages/framework-arduinoadafruitnrf52/cores/nRF5/nordic/softdevice/s140_nrf52_7.3.0_API/include/nrf_soc.h: In function 'uint32_t sd_radio_notification_cfg_set(uint8_t, uint8_t)':
/home/staszek/.platformio/packages/framework-arduinoadafruitnrf52/cores/nRF5/nordic/softdevice/s140_nrf52_7.3.0_API/include/nrf_soc.h:852:87: warning: unused parameter 'type' [-Wunused-parameter]
  852 | SVCALL(SD_RADIO_NOTIFICATION_CFG_SET, uint32_t, sd_radio_notification_cfg_set(uint8_t type, uint8_t distance));
      |                                                                               ~~~~~~~~^~~~
/home/staszek/.platformio/packages/framework-arduinoadafruitnrf52/cores/nRF5/nordic/softdevice/s140_nrf52_7.3.0_API/include/nrf_svc.h:76:22: note: in definition of macro 'SVCALL'
   76 |   static return_type signature                          \
      |                      ^~~~~~~~~
/home/staszek/.platformio/packages/framework-arduinoadafruitnrf52/cores/nRF5/nordic/softdevice/s140_nrf52_7.3.0_API/include/nrf_soc.h:852:101: warning: unused parameter 'distance' [-Wunused-parameter]
  852 | SVCALL(SD_RADIO_NOTIFICATION_CFG_SET, uint32_t, sd_radio_notification_cfg_set(uint8_t type, uint8_t distance));
      |                                                                                             ~~~~~~~~^~~~~~~~
/home/staszek/.platformio/packages/framework-arduinoadafruitnrf52/cores/nRF5/nordic/softdevice/s140_nrf52_7.3.0_API/include/nrf_svc.h:76:22: note: in definition of macro 'SVCALL'
   76 |   static return_type signature                          \
      |                      ^~~~~~~~~
/home/staszek/.platformio/packages/framework-arduinoadafruitnrf52/cores/nRF5/nordic/softdevice/s140_nrf52_7.3.0_API/include/nrf_soc.h: In function 'uint32_t sd_ecb_block_encrypt(nrf_ecb_hal_data_t*)':
/home/staszek/.platformio/packages/framework-arduinoadafruitnrf52/cores/nRF5/nordic/softdevice/s140_nrf52_7.3.0_API/include/nrf_soc.h:868:82: warning: unused parameter 'p_ecb_data' [-Wunused-parameter]
  868 | SVCALL(SD_ECB_BLOCK_ENCRYPT, uint32_t, sd_ecb_block_encrypt(nrf_ecb_hal_data_t * p_ecb_data));
      |                                                             ~~~~~~~~~~~~~~~~~~~~~^~~~~~~~~~
/home/staszek/.platformio/packages/framework-arduinoadafruitnrf52/cores/nRF5/nordic/softdevice/s140_nrf52_7.3.0_API/include/nrf_svc.h:76:22: note: in definition of macro 'SVCALL'
   76 |   static return_type signature                          \
      |                      ^~~~~~~~~
/home/staszek/.platformio/packages/framework-arduinoadafruitnrf52/cores/nRF5/nordic/softdevice/s140_nrf52_7.3.0_API/include/nrf_soc.h: In function 'uint32_t sd_ecb_blocks_encrypt(uint8_t, nrf_ecb_hal_data_block_t*)':
/home/staszek/.platformio/packages/framework-arduinoadafruitnrf52/cores/nRF5/nordic/softdevice/s140_nrf52_7.3.0_API/include/nrf_soc.h:885:71: warning: unused parameter 'block_count' [-Wunused-parameter]
  885 | SVCALL(SD_ECB_BLOCKS_ENCRYPT, uint32_t, sd_ecb_blocks_encrypt(uint8_t block_count, nrf_ecb_hal_data_block_t * p_data_blocks));
      |                                                               ~~~~~~~~^~~~~~~~~~~
/home/staszek/.platformio/packages/framework-arduinoadafruitnrf52/cores/nRF5/nordic/softdevice/s140_nrf52_7.3.0_API/include/nrf_svc.h:76:22: note: in definition of macro 'SVCALL'
   76 |   static return_type signature                          \
      |                      ^~~~~~~~~
/home/staszek/.platformio/packages/framework-arduinoadafruitnrf52/cores/nRF5/nordic/softdevice/s140_nrf52_7.3.0_API/include/nrf_soc.h:885:111: warning: unused parameter 'p_data_blocks' [-Wunused-parameter]
  885 | SVCALL(SD_ECB_BLOCKS_ENCRYPT, uint32_t, sd_ecb_blocks_encrypt(uint8_t block_count, nrf_ecb_hal_data_block_t * p_data_blocks));
      |                                                                                    ~~~~~~~~~~~~~~~~~~~~~~~~~~~^~~~~~~~~~~~~
/home/staszek/.platformio/packages/framework-arduinoadafruitnrf52/cores/nRF5/nordic/softdevice/s140_nrf52_7.3.0_API/include/nrf_svc.h:76:22: note: in definition of macro 'SVCALL'
   76 |   static return_type signature                          \
      |                      ^~~~~~~~~
/home/staszek/.platformio/packages/framework-arduinoadafruitnrf52/cores/nRF5/nordic/softdevice/s140_nrf52_7.3.0_API/include/nrf_soc.h: In function 'uint32_t sd_evt_get(uint32_t*)':
/home/staszek/.platformio/packages/framework-arduinoadafruitnrf52/cores/nRF5/nordic/softdevice/s140_nrf52_7.3.0_API/include/nrf_soc.h:896:52: warning: unused parameter 'p_evt_id' [-Wunused-parameter]
  896 | SVCALL(SD_EVT_GET, uint32_t, sd_evt_get(uint32_t * p_evt_id));
      |                                         ~~~~~~~~~~~^~~~~~~~
/home/staszek/.platformio/packages/framework-arduinoadafruitnrf52/cores/nRF5/nordic/softdevice/s140_nrf52_7.3.0_API/include/nrf_svc.h:76:22: note: in definition of macro 'SVCALL'
   76 |   static return_type signature                          \
      |                      ^~~~~~~~~
/home/staszek/.platformio/packages/framework-arduinoadafruitnrf52/cores/nRF5/nordic/softdevice/s140_nrf52_7.3.0_API/include/nrf_soc.h: In function 'uint32_t sd_temp_get(int32_t*)':
/home/staszek/.platformio/packages/framework-arduinoadafruitnrf52/cores/nRF5/nordic/softdevice/s140_nrf52_7.3.0_API/include/nrf_soc.h:907:53: warning: unused parameter 'p_temp' [-Wunused-parameter]
  907 | SVCALL(SD_TEMP_GET, uint32_t, sd_temp_get(int32_t * p_temp));
      |                                           ~~~~~~~~~~^~~~~~
/home/staszek/.platformio/packages/framework-arduinoadafruitnrf52/cores/nRF5/nordic/softdevice/s140_nrf52_7.3.0_API/include/nrf_svc.h:76:22: note: in definition of macro 'SVCALL'
   76 |   static return_type signature                          \
      |                      ^~~~~~~~~
/home/staszek/.platformio/packages/framework-arduinoadafruitnrf52/cores/nRF5/nordic/softdevice/s140_nrf52_7.3.0_API/include/nrf_soc.h: In function 'uint32_t sd_flash_write(uint32_t*, const uint32_t*, uint32_t)':
/home/staszek/.platformio/packages/framework-arduinoadafruitnrf52/cores/nRF5/nordic/softdevice/s140_nrf52_7.3.0_API/include/nrf_soc.h:944:60: warning: unused parameter 'p_dst' [-Wunused-parameter]
  944 | SVCALL(SD_FLASH_WRITE, uint32_t, sd_flash_write(uint32_t * p_dst, uint32_t const * p_src, uint32_t size));
      |                                                 ~~~~~~~~~~~^~~~~
/home/staszek/.platformio/packages/framework-arduinoadafruitnrf52/cores/nRF5/nordic/softdevice/s140_nrf52_7.3.0_API/include/nrf_svc.h:76:22: note: in definition of macro 'SVCALL'
   76 |   static return_type signature                          \
      |                      ^~~~~~~~~
/home/staszek/.platformio/packages/framework-arduinoadafruitnrf52/cores/nRF5/nordic/softdevice/s140_nrf52_7.3.0_API/include/nrf_soc.h:944:84: warning: unused parameter 'p_src' [-Wunused-parameter]
  944 | SVCALL(SD_FLASH_WRITE, uint32_t, sd_flash_write(uint32_t * p_dst, uint32_t const * p_src, uint32_t size));
      |                                                                   ~~~~~~~~~~~~~~~~~^~~~~
/home/staszek/.platformio/packages/framework-arduinoadafruitnrf52/cores/nRF5/nordic/softdevice/s140_nrf52_7.3.0_API/include/nrf_svc.h:76:22: note: in definition of macro 'SVCALL'
   76 |   static return_type signature                          \
      |                      ^~~~~~~~~
/home/staszek/.platformio/packages/framework-arduinoadafruitnrf52/cores/nRF5/nordic/softdevice/s140_nrf52_7.3.0_API/include/nrf_soc.h:944:100: warning: unused parameter 'size' [-Wunused-parameter]
  944 | SVCALL(SD_FLASH_WRITE, uint32_t, sd_flash_write(uint32_t * p_dst, uint32_t const * p_src, uint32_t size));
      |                                                                                           ~~~~~~~~~^~~~
/home/staszek/.platformio/packages/framework-arduinoadafruitnrf52/cores/nRF5/nordic/softdevice/s140_nrf52_7.3.0_API/include/nrf_svc.h:76:22: note: in definition of macro 'SVCALL'
   76 |   static return_type signature                          \
      |                      ^~~~~~~~~
/home/staszek/.platformio/packages/framework-arduinoadafruitnrf52/cores/nRF5/nordic/softdevice/s140_nrf52_7.3.0_API/include/nrf_soc.h: In function 'uint32_t sd_flash_page_erase(uint32_t)':
/home/staszek/.platformio/packages/framework-arduinoadafruitnrf52/cores/nRF5/nordic/softdevice/s140_nrf52_7.3.0_API/include/nrf_soc.h:976:68: warning: unused parameter 'page_number' [-Wunused-parameter]
  976 | SVCALL(SD_FLASH_PAGE_ERASE, uint32_t, sd_flash_page_erase(uint32_t page_number));
      |                                                           ~~~~~~~~~^~~~~~~~~~~
/home/staszek/.platformio/packages/framework-arduinoadafruitnrf52/cores/nRF5/nordic/softdevice/s140_nrf52_7.3.0_API/include/nrf_svc.h:76:22: note: in definition of macro 'SVCALL'
   76 |   static return_type signature                          \
      |                      ^~~~~~~~~
/home/staszek/.platformio/packages/framework-arduinoadafruitnrf52/cores/nRF5/nordic/softdevice/s140_nrf52_7.3.0_API/include/nrf_soc.h: In function 'uint32_t sd_radio_session_open(nrf_radio_signal_callback_t)':
/home/staszek/.platformio/packages/framework-arduinoadafruitnrf52/cores/nRF5/nordic/softdevice/s140_nrf52_7.3.0_API/include/nrf_soc.h:1000:92: warning: unused parameter 'p_radio_signal_callback' [-Wunused-parameter]
 1000 |  SVCALL(SD_RADIO_SESSION_OPEN, uint32_t, sd_radio_session_open(nrf_radio_signal_callback_t p_radio_signal_callback));
      |                                                                ~~~~~~~~~~~~~~~~~~~~~~~~~~~~^~~~~~~~~~~~~~~~~~~~~~~
/home/staszek/.platformio/packages/framework-arduinoadafruitnrf52/cores/nRF5/nordic/softdevice/s140_nrf52_7.3.0_API/include/nrf_svc.h:76:22: note: in definition of macro 'SVCALL'
   76 |   static return_type signature                          \
      |                      ^~~~~~~~~
/home/staszek/.platformio/packages/framework-arduinoadafruitnrf52/cores/nRF5/nordic/softdevice/s140_nrf52_7.3.0_API/include/nrf_soc.h: In function 'uint32_t sd_radio_request(const nrf_radio_request_t*)':
/home/staszek/.platformio/packages/framework-arduinoadafruitnrf52/cores/nRF5/nordic/softdevice/s140_nrf52_7.3.0_API/include/nrf_soc.h:1050:82: warning: unused parameter 'p_request' [-Wunused-parameter]
 1050 |  SVCALL(SD_RADIO_REQUEST, uint32_t, sd_radio_request(nrf_radio_request_t const * p_request));
      |                                                      ~~~~~~~~~~~~~~~~~~~~~~~~~~~~^~~~~~~~~
/home/staszek/.platformio/packages/framework-arduinoadafruitnrf52/cores/nRF5/nordic/softdevice/s140_nrf52_7.3.0_API/include/nrf_svc.h:76:22: note: in definition of macro 'SVCALL'
   76 |   static return_type signature                          \
      |                      ^~~~~~~~~
/home/staszek/.platformio/packages/framework-arduinoadafruitnrf52/cores/nRF5/nordic/softdevice/s140_nrf52_7.3.0_API/include/nrf_soc.h: In function 'uint32_t sd_protected_register_write(volatile uint32_t*, uint32_t)':
/home/staszek/.platformio/packages/framework-arduinoadafruitnrf52/cores/nRF5/nordic/softdevice/s140_nrf52_7.3.0_API/include/nrf_soc.h:1071:95: warning: unused parameter 'p_register' [-Wunused-parameter]
 1071 | SVCALL(SD_PROTECTED_REGISTER_WRITE, uint32_t, sd_protected_register_write(volatile uint32_t * p_register, uint32_t value));
      |                                                                           ~~~~~~~~~~~~~~~~~~~~^~~~~~~~~~
/home/staszek/.platformio/packages/framework-arduinoadafruitnrf52/cores/nRF5/nordic/softdevice/s140_nrf52_7.3.0_API/include/nrf_svc.h:76:22: note: in definition of macro 'SVCALL'
   76 |   static return_type signature                          \
      |                      ^~~~~~~~~
/home/staszek/.platformio/packages/framework-arduinoadafruitnrf52/cores/nRF5/nordic/softdevice/s140_nrf52_7.3.0_API/include/nrf_soc.h:1071:116: warning: unused parameter 'value' [-Wunused-parameter]
 1071 | SVCALL(SD_PROTECTED_REGISTER_WRITE, uint32_t, sd_protected_register_write(volatile uint32_t * p_register, uint32_t value));
      |                                                                                                           ~~~~~~~~~^~~~~
/home/staszek/.platformio/packages/framework-arduinoadafruitnrf52/cores/nRF5/nordic/softdevice/s140_nrf52_7.3.0_API/include/nrf_svc.h:76:22: note: in definition of macro 'SVCALL'
   76 |   static return_type signature                          \
      |                      ^~~~~~~~~
