{
  "native": {
    "base": {
      "mr_abi_activation_offset": 276,
      "mr_abi_blob": 280,
      "mr_abi_blob_align": 8,
      "mr_abi_intro_offset": 201,
      "mr_abi_node": 235248,
      "mr_abi_team_id_offset": 268,
      "mr_abi_team_pub_offset": 202
    },
    "shadow": {
      "mr_abi_activation_offset": 236,
      "mr_abi_blob": 240,
      "mr_abi_blob_align": 8,
      "mr_abi_intro_offset": 162,
      "mr_abi_node": 235208,
      "mr_abi_team_id_offset": 228,
      "mr_abi_team_pub_offset": 163
    }
  },
  "gateway": {
    "base": {
      "mr_abi_activation_offset": 276,
      "mr_abi_blob": 280,
      "mr_abi_blob_align": 8,
      "mr_abi_intro_offset": 201,
      "mr_abi_node": 157344,
      "mr_abi_team_id_offset": 268,
      "mr_abi_team_pub_offset": 202
    },
    "shadow": {
      "mr_abi_activation_offset": 236,
      "mr_abi_blob": 240,
      "mr_abi_blob_align": 8,
      "mr_abi_intro_offset": 162,
      "mr_abi_node": 157304,
      "mr_abi_team_id_offset": 228,
      "mr_abi_team_pub_offset": 163
    }
  },
  "heltec_mobile": {
    "base": {
      "mr_abi_activation_offset": 276,
      "mr_abi_blob": 280,
      "mr_abi_blob_align": 8,
      "mr_abi_intro_offset": 201,
      "mr_abi_node": 122176,
      "mr_abi_team_id_offset": 268,
      "mr_abi_team_pub_offset": 202
    },
    "shadow": {
      "mr_abi_activation_offset": 236,
      "mr_abi_blob": 240,
      "mr_abi_blob_align": 8,
      "mr_abi_intro_offset": 162,
      "mr_abi_node": 122176,
      "mr_abi_team_id_offset": 228,
      "mr_abi_team_pub_offset": 163
    }
  }
}
   structural: 83 passed / 0 failed / 83 total
[
  {
    "name": "structural",
    "observed": 83,
    "pin": 83,
    "exit": 0,
    "stdout": ""
  },
  {
    "name": "structural",
    "observed": 84,
    "pin": 83,
    "exit": 1,
    "stdout": "   !! PIN structural: observed 84, expected 83\n"
  },
  {
    "name": "controls",
    "observed": 149,
    "pin": 149,
    "exit": 0,
    "stdout": ""
  },
  {
    "name": "controls",
    "observed": 152,
    "pin": 149,
    "exit": 1,
    "stdout": "   !! PIN controls: observed 152, expected 149\n"
  }
]
host load=0 save=0

