-- target radmin8client: /home/staszek/mr-s8b-qa-stage/lib/core/remote_client.cpp (57 entries)
-- selection: IN FULL (all 57 entries)
-- workers: 3
-- scratch root: /tmp/mr_mutation_run-nufr516q   (removed on exit; MR_MUT_KEEP_SCRATCH=1 to keep)
  [w1] -- target radmin8client: /tmp/mr_mutation_run-nufr516q/w1/lib/core/remote_client.cpp (19 of 57 entries in this shard)
  [w1] -- baseline gate: THIS WORKER'S OWN clean tree must run 0 FAILED; its own counts become this shard's baseline
  [w0] -- target radmin8client: /tmp/mr_mutation_run-nufr516q/w0/lib/core/remote_client.cpp (19 of 57 entries in this shard)
  [w0] -- baseline gate: THIS WORKER'S OWN clean tree must run 0 FAILED; its own counts become this shard's baseline
  [w2] -- target radmin8client: /tmp/mr_mutation_run-nufr516q/w2/lib/core/remote_client.cpp (19 of 57 entries in this shard)
  [w2] -- baseline gate: THIS WORKER'S OWN clean tree must run 0 FAILED; its own counts become this shard's baseline
  [w2]   ok   clean baseline 2970 / 195942 / 0   (DERIVED from this tree)
  [w1]   ok   clean baseline 2970 / 195942 / 0   (DERIVED from this tree)
  [w0]   ok   clean baseline 2970 / 195942 / 0   (DERIVED from this tree)
  [w2]   ok   C03 zero and duplicate IDs admitted -> RED (6 assertion(s) failed, match count 1)
  [w1]   ok   C02 entropy failure publishes an ID -> RED (207 assertion(s) failed, match count 1)
  [w0]   ok   C01 bootstrap cache ignores selected controller -> RED (6 assertion(s) failed, match count 1)
  [w0]   ok   C04 wrong target source accepted -> RED (3 assertion(s) failed, match count 1)
  [w2]   ok   C06 auth failure uncounted -> RED (5 assertion(s) failed, match count 1)
  [w1]   ok   C05 sequence check bypassed -> RED (1 assertion(s) failed, match count 1)
  [w1]   ok   C08 BLE result autoaccepted -> RED (51 assertion(s) failed, match count 1)
  [w2]   ok   C09 incomplete local ACK accepted -> RED (6 assertion(s) failed, match count 1)
  [w0]   ok   C07 terminal detail lost -> RED (1 assertion(s) failed, match count 1)
  [w1]   ok   C11 ACK debt not retried -> RED (15 assertion(s) failed, match count 1)
  [w2]   ok   C12 changed epoch permits replay -> RED (1 assertion(s) failed, match count 1)
  [w0]   ok   C10 ACK debt cleared on submission -> RED (34 assertion(s) failed, match count 1)
  [w1]   ok   C14 pool contents are lost -> RED (29 assertion(s) failed, match count 1)
  [w2]   ok   C15 half-sized pool allocation -> RED (10 assertion(s) failed, match count 1)
  [w0]   ok   C13 exact retry corrupts retained request -> RED (1 assertion(s) failed, match count 1)
  [w1]   ok   C17 automatic rollover keeps old request ID -> RED (8 assertion(s) failed, match count 1)
  [w2]   ok   C18 completed bytes not wiped -> RED (24 assertion(s) failed, match count 1)
  [w0]   ok   C16 repeated automatic rollover -> RED (2 assertion(s) failed, match count 1)
  [w1]   ok   C20 local disconnect consumes result -> RED (4 assertion(s) failed, match count 1)
  [w2]   ok   C21 counter wraps -> RED (1 assertion(s) failed, match count 1)
  [w0]   ok   C19 USB short write treated as acceptance -> RED (15 assertion(s) failed, match count 1)
  [w1]   ok   C23 retained pressure overwrites BLE result -> RED (1 assertion(s) failed, match count 1)
  [w2]   ok   C24 radio-unavailable refusal leaves pending debt -> RED (7 assertion(s) failed, match count 1)
  [w0]   ok   C22 assembly pressure sends anyway -> RED (1 assertion(s) failed, match count 1)
  [w1]   ok   C26 assembly fallback ignores disconnect reoffer -> RED (1 assertion(s) failed, match count 1)
  [w0]   ok   C25 explicit show keeps the original transport -> RED (4 assertion(s) failed, match count 1)
  [w2]   ok   C27 disconnect forgets prior complete local acceptance -> RED (2 assertion(s) failed, match count 1)
  [w1]   ok   C29 session controls accept an execution terminal -> RED (24 assertion(s) failed, match count 1)
  [w2]   ok   C30 non-execute ACK admitted -> RED (9 assertion(s) failed, match count 1)
  [w0]   ok   C28 full ACK debt blocks rollover recovery -> RED (26 assertion(s) failed, match count 1)
  [w1]   ok   C32 initial correlation bound bypassed -> RED (3 assertion(s) failed, match count 1)
  [w2]   ok   C33 correlation pressure becomes radio failure -> RED (6 assertion(s) failed, match count 1)
  [w0]   ok   C31 bootstrap requests ACK -> RED (20 assertion(s) failed, match count 1)
  [w1]   ok   C35 automatic resend disabled -> RED (50 assertion(s) failed, match count 1)
  [w2]   ok   C36 resend early -> RED (8 assertion(s) failed, match count 1)
  [w0]   ok   C34 resend uses reversed route tier -> RED (28 assertion(s) failed, match count 1)
  [w1]   ok   C38 expiry loses request retry edge -> RED (8 assertion(s) failed, match count 1)
  [w2]   ok   C39 ACK burst never goes dormant -> RED (5 assertion(s) failed, match count 1)
  [w0]   ok   C37 resend repeats -> RED (21 assertion(s) failed, match count 1)
  [w1]   ok   C41 ACK delay stops doubling -> RED (8 assertion(s) failed, match count 1)
  [w2]   ok   C42 dormant debt not kicked -> RED (2 assertion(s) failed, match count 1)
  [w0]   ok   C40 ACK budget consumed on failure -> RED (15 assertion(s) failed, match count 1)
  [w1]   ok   C44 submitted counter lost -> RED (76 assertion(s) failed, match count 1)
  [w2]   ok   C45 ACK match ignores opt-in -> RED (2 assertion(s) failed, match count 1)
  [w0]   ok   C43 unrelated target kicks dormant debt -> RED (3 assertion(s) failed, match count 1)
  [w1]   ok   C47 custody permits reply type -> RED (19 assertion(s) failed, match count 1)
  [w2]   ok   C48 custody accepts node-id target -> RED (1 assertion(s) failed, match count 1)
  [w0]   ok   C46 ACK match ignores counter -> RED (10 assertion(s) failed, match count 1)
  [w1]   ok   C50 custody ignores opt-in -> RED (2 assertion(s) failed, match count 1)
  [w2]   ok   C51 custody ignores counter -> RED (3 assertion(s) failed, match count 1)
  [w0]   ok   C49 custody ignores target -> RED (3 assertion(s) failed, match count 1)
  [w1]   ok   C53 direct timeout matches wrapper -> RED (2 assertion(s) failed, match count 1)
  [w2]   ok   C54 ACK identity ignored -> RED (6 assertion(s) failed, match count 1)
  [w0]   ok   C52 replay keeps partial assembly sequence -> RED (4 assertion(s) failed, match count 1)
  [w1]   ok   C56 same-layer ACK needs XL hash -> RED (30 assertion(s) failed, match count 1)
  [w1] source restored: md5 ab81b097e473bc904b65c37c940b2d77 (MATCHES)
  [w1] shard 1: 19 RED / 0 unusable   (of 19 entries)
  [w2]   ok   C57 candidate target missing -> RED (5 assertion(s) failed, match count 1)
  [w2] source restored: md5 ab81b097e473bc904b65c37c940b2d77 (MATCHES)
  [w2] shard 2: 19 RED / 0 unusable   (of 19 entries)
  [w0]   ok   C55 XL ACK treated as same layer -> RED (7 assertion(s) failed, match count 1)
  [w0] source restored: md5 ab81b097e473bc904b65c37c940b2d77 (MATCHES)
  [w0] shard 0: 19 RED / 0 unusable   (of 19 entries)

======================================================================================================================
-- MERGED REPORT — target radmin8client: /home/staszek/mr-s8b-qa-stage/lib/core/remote_client.cpp
  ok   clean baseline 2970 / 195942 / 0   (DERIVED per worker tree; 3 tree(s) agree)
  ok   C01 bootstrap cache ignores selected controller -> RED (6 assertion(s) failed, match count 1)
  ok   C02 entropy failure publishes an ID -> RED (207 assertion(s) failed, match count 1)
  ok   C03 zero and duplicate IDs admitted -> RED (6 assertion(s) failed, match count 1)
  ok   C04 wrong target source accepted -> RED (3 assertion(s) failed, match count 1)
  ok   C05 sequence check bypassed -> RED (1 assertion(s) failed, match count 1)
  ok   C06 auth failure uncounted -> RED (5 assertion(s) failed, match count 1)
  ok   C07 terminal detail lost -> RED (1 assertion(s) failed, match count 1)
  ok   C08 BLE result autoaccepted -> RED (51 assertion(s) failed, match count 1)
  ok   C09 incomplete local ACK accepted -> RED (6 assertion(s) failed, match count 1)
  ok   C10 ACK debt cleared on submission -> RED (34 assertion(s) failed, match count 1)
  ok   C11 ACK debt not retried -> RED (15 assertion(s) failed, match count 1)
  ok   C12 changed epoch permits replay -> RED (1 assertion(s) failed, match count 1)
  ok   C13 exact retry corrupts retained request -> RED (1 assertion(s) failed, match count 1)
  ok   C14 pool contents are lost -> RED (29 assertion(s) failed, match count 1)
  ok   C15 half-sized pool allocation -> RED (10 assertion(s) failed, match count 1)
  ok   C16 repeated automatic rollover -> RED (2 assertion(s) failed, match count 1)
  ok   C17 automatic rollover keeps old request ID -> RED (8 assertion(s) failed, match count 1)
  ok   C18 completed bytes not wiped -> RED (24 assertion(s) failed, match count 1)
  ok   C19 USB short write treated as acceptance -> RED (15 assertion(s) failed, match count 1)
  ok   C20 local disconnect consumes result -> RED (4 assertion(s) failed, match count 1)
  ok   C21 counter wraps -> RED (1 assertion(s) failed, match count 1)
  ok   C22 assembly pressure sends anyway -> RED (1 assertion(s) failed, match count 1)
  ok   C23 retained pressure overwrites BLE result -> RED (1 assertion(s) failed, match count 1)
  ok   C24 radio-unavailable refusal leaves pending debt -> RED (7 assertion(s) failed, match count 1)
  ok   C25 explicit show keeps the original transport -> RED (4 assertion(s) failed, match count 1)
  ok   C26 assembly fallback ignores disconnect reoffer -> RED (1 assertion(s) failed, match count 1)
  ok   C27 disconnect forgets prior complete local acceptance -> RED (2 assertion(s) failed, match count 1)
  ok   C28 full ACK debt blocks rollover recovery -> RED (26 assertion(s) failed, match count 1)
  ok   C29 session controls accept an execution terminal -> RED (24 assertion(s) failed, match count 1)
  ok   C30 non-execute ACK admitted -> RED (9 assertion(s) failed, match count 1)
  ok   C31 bootstrap requests ACK -> RED (20 assertion(s) failed, match count 1)
  ok   C32 initial correlation bound bypassed -> RED (3 assertion(s) failed, match count 1)
  ok   C33 correlation pressure becomes radio failure -> RED (6 assertion(s) failed, match count 1)
  ok   C34 resend uses reversed route tier -> RED (28 assertion(s) failed, match count 1)
  ok   C35 automatic resend disabled -> RED (50 assertion(s) failed, match count 1)
  ok   C36 resend early -> RED (8 assertion(s) failed, match count 1)
  ok   C37 resend repeats -> RED (21 assertion(s) failed, match count 1)
  ok   C38 expiry loses request retry edge -> RED (8 assertion(s) failed, match count 1)
  ok   C39 ACK burst never goes dormant -> RED (5 assertion(s) failed, match count 1)
  ok   C40 ACK budget consumed on failure -> RED (15 assertion(s) failed, match count 1)
  ok   C41 ACK delay stops doubling -> RED (8 assertion(s) failed, match count 1)
  ok   C42 dormant debt not kicked -> RED (2 assertion(s) failed, match count 1)
  ok   C43 unrelated target kicks dormant debt -> RED (3 assertion(s) failed, match count 1)
  ok   C44 submitted counter lost -> RED (76 assertion(s) failed, match count 1)
  ok   C45 ACK match ignores opt-in -> RED (2 assertion(s) failed, match count 1)
  ok   C46 ACK match ignores counter -> RED (10 assertion(s) failed, match count 1)
  ok   C47 custody permits reply type -> RED (19 assertion(s) failed, match count 1)
  ok   C48 custody accepts node-id target -> RED (1 assertion(s) failed, match count 1)
  ok   C49 custody ignores target -> RED (3 assertion(s) failed, match count 1)
  ok   C50 custody ignores opt-in -> RED (2 assertion(s) failed, match count 1)
  ok   C51 custody ignores counter -> RED (3 assertion(s) failed, match count 1)
  ok   C52 replay keeps partial assembly sequence -> RED (4 assertion(s) failed, match count 1)
  ok   C53 direct timeout matches wrapper -> RED (2 assertion(s) failed, match count 1)
  ok   C54 ACK identity ignored -> RED (6 assertion(s) failed, match count 1)
  ok   C55 XL ACK treated as same layer -> RED (7 assertion(s) failed, match count 1)
  ok   C56 same-layer ACK needs XL hash -> RED (30 assertion(s) failed, match count 1)
  ok   C57 candidate target missing -> RED (5 assertion(s) failed, match count 1)
  worker 0: 19/19 entries, 19 RED / 0 worthless, wall 138.3s, rc 0, source restored: md5 ab81b097e473bc904b65c37c940b2d77 (MATCHES)   /tmp/mr_mutation_run-nufr516q/w0
  worker 1: 19/19 entries, 19 RED / 0 worthless, wall 137.8s, rc 0, source restored: md5 ab81b097e473bc904b65c37c940b2d77 (MATCHES)   /tmp/mr_mutation_run-nufr516q/w1
  worker 2: 19/19 entries, 19 RED / 0 worthless, wall 138.2s, rc 0, source restored: md5 ab81b097e473bc904b65c37c940b2d77 (MATCHES)   /tmp/mr_mutation_run-nufr516q/w2
real tree untouched: all 62 target files byte-identical to launch (md5); no build ran in /home/staszek/mr-s8b-qa-stage
timing: copy 4.6s + battery 138.3s = 143.0s total, 57 entries over 3 worker(s)
mutations: 57 RED / 0 unusable
