drained to fake radio
  ok   R7-A28 authenticated flight actually admits prep-restart
  ok   R7-A12 main-loop completion releases ingress
  ok   R7-A7 controller ECDH
  ok   R7-A8 ordered base KDF
  ok   R7-A9 session KDF
  ok   R7-A6 HAL queue really drained to fake radio
  ok   R7-A6 HAL queue really drained to fake radio
  ok   R7-A29 actual response RTS precedes controller CTS
  ok   R7-A6 HAL queue really drained to fake radio
  ok   R7-A6 HAL queue really drained to fake radio
  ok   R7-A30 actual DATA hop ACK finishes the response flight
  ok   R7-A13 response has valid real carrier
  ok   R7-A14 air source is target identity
  ok   R7-A15 controller decodes sealed frame
  ok   R7-A16 request and sequence match
  ok   R7-A17 typed terminal matches 1
  ok   R7-A18 exactly one mandatory terminal aired
  ok   R7-A21 only scheduled scalar metadata may reach the local console
  ok   R7-A7 controller ECDH
  ok   R7-A8 ordered base KDF
  ok   R7-A9 session KDF
  ok   R7-A10 controller encodes request with its real security domain
  ok   R7-A11 real DATA packer
  ok   R7-A6 HAL queue really drained to fake radio
  ok   R7-A6 HAL queue really drained to fake radio
  ok   R7-A6 HAL queue really drained to fake radio
  ok   R7-A22 response ACK releases transcript, retains tombstone, and consumes no ingress/reply
  ok   R7-A1 fake radio initialized through real device adapter
  ok   R7-A2 real Node initializes
  ok   R7-A3 administration identity seeded through typed writer
  ok   R7-A4 ACL seeded through typed writer
  ok   R7-A5 real boot binding installed session
  ok   R7-A7 controller ECDH
  ok   R7-A8 ordered base KDF
  ok   R7-A9 session KDF
  ok   R7-A10 controller encodes request with its real security domain
  ok   R7-A11 real DATA packer
  ok   R7-A6 HAL queue really drained to fake radio
  ok   R7-A6 HAL queue really drained to fake radio
  ok   R7-A6 HAL queue really drained to fake radio
  ok   R7-A28 authenticated flight actually admits prep-restart
  ok   R7-A12 main-loop completion releases ingress
  ok   R7-A7 controller ECDH
  ok   R7-A8 ordered base KDF
  ok   R7-A9 session KDF
  ok   R7-A6 HAL queue really drained to fake radio
  ok   R7-A6 HAL queue really drained to fake radio
  ok   R7-A29 actual response RTS precedes controller CTS
  ok   R7-A6 HAL queue really drained to fake radio
  ok   R7-A6 HAL queue really drained to fake radio
  ok   R7-A30 actual DATA hop ACK finishes the response flight
  ok   R7-A13 response has valid real carrier
  ok   R7-A14 air source is target identity
  ok   R7-A15 controller decodes sealed frame
  ok   R7-A16 request and sequence match
  ok   R7-A17 typed terminal matches 1
  ok   R7-A18 exactly one mandatory terminal aired
  ok   R7-A21 only scheduled scalar metadata may reach the local console
  ok   R7-A1 fake radio initialized through real device adapter
  ok   R7-A2 real Node initializes
  ok   R7-A3 administration identity seeded through typed writer
  ok   R7-A4 ACL seeded through typed writer
  ok   R7-A5 real boot binding installed session
  ok   R7-A1 fake radio initialized through real device adapter
  ok   R7-A2 real Node initializes
  ok   R7-A3 administration identity seeded through typed writer
  ok   R7-A4 ACL seeded through typed writer
  ok   R7-A5 real boot binding installed session
  ok   R7-A7 controller ECDH
  ok   R7-A8 ordered base KDF
  ok   R7-A9 session KDF
  ok   R7-A10 controller encodes request with its real security domain
  ok   R7-A11 real DATA packer
  ok   R7-A6 HAL queue really drained to fake radio
  ok   R7-A6 HAL queue really drained to fake radio
  ok   R7-A6 HAL queue really drained to fake radio
  ok   R7-A28 authenticated flight actually admits prep-restart
  ok   R7-A12 main-loop completion releases ingress
  ok   R7-A7 controller ECDH
  ok   R7-A8 ordered base KDF
  ok   R7-A9 session KDF
  ok   R7-A6 HAL queue really drained to fake radio
  ok   R7-A6 HAL queue really drained to fake radio
  ok   R7-A29 actual response RTS precedes controller CTS
  ok   R7-A6 HAL queue really drained to fake radio
  ok   R7-A6 HAL queue really drained to fake radio
  ok   R7-A30 actual DATA hop ACK finishes the response flight
  ok   R7-A13 response has valid real carrier
  ok   R7-A14 air source is target identity
  ok   R7-A15 controller decodes sealed frame
  ok   R7-A16 request and sequence match
  ok   R7-A17 typed terminal matches 1
  ok   R7-A18 exactly one mandatory terminal aired
  ok   R7-A21 only scheduled scalar metadata may reach the local console
  ok   R7-A1 fake radio initialized through real device adapter
  ok   R7-A2 real Node initializes
  ok   R7-A3 administration identity seeded through typed writer
  ok   R7-A4 ACL seeded through typed writer
  ok   R7-A5 real boot binding installed session
  ok   R7-A7 controller ECDH
  ok   R7-A8 ordered base KDF
  ok   R7-A9 session KDF
  ok   R7-A10 controller encodes request with its real security domain
  ok   R7-A11 real DATA packer
  ok   R7-A6 HAL queue really drained to fake radio
  ok   R7-A6 HAL queue really drained to fake radio
  ok   R7-A6 HAL queue really drained to fake radio
  ok   R7-A28 authenticated flight actually admits prep-restart
  ok   R7-A12 main-loop completion releases ingress
  ok   R7-A7 controller ECDH
  ok   R7-A8 ordered base KDF
  ok   R7-A9 session KDF
  ok   R7-A6 HAL queue really drained to fake radio
  ok   R7-A6 HAL queue really drained to fake radio
  ok   R7-A29 actual response RTS precedes controller CTS
  ok   R7-A6 HAL queue really drained to fake radio
  ok   R7-A6 HAL queue really drained to fake radio
  ok   R7-A30 actual DATA hop ACK finishes the response flight
  ok   R7-A13 response has valid real carrier
  ok   R7-A14 air source is target identity
  ok   R7-A15 controller decodes sealed frame
  ok   R7-A16 request and sequence match
  ok   R7-A17 typed terminal matches 1
  ok   R7-A18 exactly one mandatory terminal aired
  ok   R7-A21 only scheduled scalar metadata may reach the local console
  ok   R7-A7 controller ECDH
  ok   R7-A8 ordered base KDF
  ok   R7-A9 session KDF
  ok   R7-A10 controller encodes request with its real security domain
  ok   R7-A11 real DATA packer
  ok   R7-A6 HAL queue really drained to fake radio
  ok   R7-A6 HAL queue really drained to fake radio
  ok   R7-A6 HAL queue really drained to fake radio
  ok   R7-A28 authenticated flight actually admits prep-restart
  ok   R7-A12 main-loop completion releases ingress
  ok   R7-A7 controller ECDH
  ok   R7-A8 ordered base KDF
  ok   R7-A9 session KDF
  ok   R7-A6 HAL queue really drained to fake radio
  ok   R7-A6 HAL queue really drained to fake radio
  ok   R7-A6 HAL queue really drained to fake radio
  ok   R7-A29 actual response RTS precedes controller CTS
  ok   R7-A6 HAL queue really drained to fake radio
  ok   R7-A6 HAL queue really drained to fake radio
  ok   R7-A30 actual DATA hop ACK finishes the response flight
  ok   R7-A13 response has valid real carrier
  ok   R7-A14 air source is target identity
  ok   R7-A15 controller decodes sealed frame
  ok   R7-A16 request and sequence match
  ok   R7-A17 typed terminal matches 8
  ok   R7-A18 exactly one mandatory terminal aired
  ok   R7-A21 only scheduled scalar metadata may reach the local console
  ok   R7-A7 controller ECDH
  ok   R7-A8 ordered base KDF
  ok   R7-A9 session KDF
  ok   R7-A10 controller encodes request with its real security domain
  ok   R7-A11 real DATA packer
  ok   R7-A6 HAL queue really drained to fake radio
  ok   R7-A6 HAL queue really drained to fake radio
  ok   R7-A6 HAL queue really drained to fake radio
  ok   R7-A22 response ACK releases transcript, retains tombstone, and consumes no ingress/reply
  ok   R7-A1 fake radio initialized through real device adapter
  ok   R7-A2 real Node initializes
  ok   R7-A3 administration identity seeded through typed writer
  ok   R7-A4 ACL seeded through typed writer
  ok   R7-A5 real boot binding installed session
REMOTE ACTION CHECKS 334 RADIO 2990 FAILED 2

