START native
0000000000000055 0000000000000001 B mr_align_ActionAdmission
0000000000000059 0000000000000001 B mr_align_ActionPlan
0000000000000050 0000000000000001 B mr_align_ActionSupport
0000000000000028 0000000000000001 B mr_align_RemoteActionBytes
000000000000005a 0000000000000002 B mr_size_ActionPlan
0000000000000029 0000000000000002 B mr_size_RemoteActionBytes
0000000000000056 0000000000000003 B mr_size_ActionAdmission
0000000000000051 0000000000000004 B mr_size_ActionSupport
0000000000000030 0000000000000008 B mr_align_ActionObserver
0000000000000040 0000000000000010 B mr_size_ActionObserver
0000000000000000 0000000000000028 B mr_size_DeferredActionRecord

START gateway
00000000 00000001 B mr_align_ActionAdmission
00000000 00000001 B mr_align_ActionPlan
00000000 00000001 B mr_align_ActionSupport
00000000 00000001 B mr_align_RemoteActionBytes
00000000 00000002 B mr_size_ActionPlan
00000000 00000002 B mr_size_RemoteActionBytes
00000000 00000003 B mr_size_ActionAdmission
00000000 00000004 B mr_align_ActionObserver
00000000 00000004 B mr_size_ActionSupport
00000000 00000008 B mr_size_ActionObserver
00000000 00000028 B mr_size_DeferredActionRecord

gateway base src/fw_main.cpp 0
gateway final src/fw_main.cpp 0
gateway base src/firmware_commands.cpp 0
gateway final src/firmware_commands.cpp 0
gateway final src/firmware_remote_actions.cpp 0
gateway base lib/core/remote_session.cpp 0
gateway final lib/core/remote_session.cpp 0
gateway base lib/core/node.cpp 0
gateway final lib/core/node.cpp 0
gateway base lib/core/node_mac_rx.cpp 0
gateway final lib/core/node_mac_rx.cpp 0
gateway allocated [('.bss', 76), ('.data', 4), ('.heap', -80), ('.text', 6528)]
removed
g_node	OBJECT	GLOBAL	DEFAULT	.bss	157264
_ZN4mrfw8dispatchEPKcjR5Print	FUNC	GLOBAL	DEFAULT	.text	8532
_ZN4mrfw8acl_verbERNS_10AclServiceERNS_14AdminIdServiceEPKcjRNS_11IAdminLinesE	FUNC	WEAK	DEFAULT	.text	8324
_ZL17mesh_service_oncev	FUNC	LOCAL	DEFAULT	.text	7156
_ZN9meshroute22remote_session_receiveERNS_18RemoteSessionStateERKNS_13RemoteRxInputERNS_14RemoteRxResultE	FUNC	GLOBAL	DEFAULT	.text	5720
_ZN9meshroute4Node12send_by_hashEmPKhhhNS_11CryptIntentEmtNS_5PlaneEhbPNS0_12SendDispatchE	FUNC	GLOBAL	DEFAULT	.text	4432
_ZN9meshroute4Node11handle_dataEPKhjRKNS_6RxMetaE	FUNC	GLOBAL	DEFAULT	.text	4116
_ZN4mrfwL8dump_cfgER5Print	FUNC	LOCAL	DEFAULT	.text	3496
_ZN9meshroute4Node8handle_jEPKhjRKNS_6RxMetaE	FUNC	GLOBAL	DEFAULT	.text	3384
_ZN9meshroute4Node10handle_rtsEPKhjRKNS_6RxMetaE	FUNC	GLOBAL	DEFAULT	.text	3036
_ZN9meshroute4NodeC1ERNS_3HalEhmPKc	FUNC	GLOBAL	DEFAULT	.text	1944
_ZN9meshroute4NodeC2ERNS_3HalEhmPKc	FUNC	GLOBAL	DEFAULT	.text	1944
_ZN9meshroute4Node18drain_parked_sendsEmhh	FUNC	GLOBAL	DEFAULT	.text	1784
_ZN9meshroute4Node12enqueue_dataEhPKhhhPKcbhNS_11CryptIntentEmmhNS_5PlaneEPNS0_12SendDispatchE	FUNC	GLOBAL	DEFAULT	.text	1678
_ZN9meshroute22remote_session_installERNS_18RemoteSessionStateERKNS_20RemoteSessionInstallE	FUNC	GLOBAL	DEFAULT	.text	1600
_ZN9meshroute4Node17mobile_offer_fireEv	FUNC	GLOBAL	DEFAULT	.text	1588
_ZN9meshroute4Node27drain_resolved_parked_sendsEv	FUNC	GLOBAL	DEFAULT	.text	1552
_ZN9meshroute4Node17purge_tx_carriersENS0_9PurgeAxisE	FUNC	GLOBAL	DEFAULT	.text	1546
_ZN9meshroute12_GLOBAL__N_115invalidate_slotERNS_18RemoteSessionStateEh	FUNC	LOCAL	DEFAULT	.text	1384
_ZN9meshroute4Node8on_timerEm	FUNC	GLOBAL	DEFAULT	.text	1378
_ZN4mrfw17exec_console_lineEPKcjNS_10LineFormatER5PrintPcjRKNS_14CommandContextE	FUNC	GLOBAL	DEFAULT	.text	1292
_ZN9meshroute4Node18deleg_ack_activateEhtNS0_12DelegAckPeerEmhhNS0_15DelegAckCustodyE	FUNC	GLOBAL	DEFAULT	.text	1148
_ZN4mrfw15make_cfg_extrasEv	FUNC	GLOBAL	DEFAULT	.text	1120
_ZNK9meshroute4Node14peer_book_walkEbPFvRKNS0_11PeerBookRowEPvES4_	FUNC	GLOBAL	DEFAULT	.text	1108
_ZNK9meshroute4Node30deleg_ack_activation_availableEhtNS0_12DelegAckPeerEmhRm	FUNC	GLOBAL	DEFAULT	.text	1108
_ZN9meshroute4Node20age_out_parked_sendsEv	FUNC	GLOBAL	DEFAULT	.text	1018
_ZN9meshroute4Node16handle_flood_rtsERKNS_7rts_outEPKhs	FUNC	GLOBAL	DEFAULT	.text	972
_ZN9meshroute4Node19clear_learned_stateEv	FUNC	GLOBAL	DEFAULT	.text	896
_ZN4mrfw19radmin_service_onceERNS_13IRadminTargetERNS_11IRadminExecE.constprop.0	FUNC	LOCAL	DEFAULT	.text	782
_ZN9meshroute4Node15do_send_channelEhPKhhbb	FUNC	GLOBAL	DEFAULT	.text	728
_ZN9meshroute21remote_session_expireERNS_18RemoteSessionStateEy	FUNC	GLOBAL	DEFAULT	.text	690
_ZN4mrfw12handle_leaveER5Print	FUNC	GLOBAL	DEFAULT	.text	680
_ZNK9meshroute4Node15limits_snapshotEv	FUNC	GLOBAL	DEFAULT	.text	676
_ZN9meshroute26remote_transcript_completeERNS_18RemoteSessionStateEhNS_14RemoteTerminalE	FUNC	GLOBAL	DEFAULT	.text	672
_ZN9meshroute24remote_transcript_encodeERKNS_18RemoteSessionStateEhSt4spanIhLj4294967295EERj	FUNC	GLOBAL	DEFAULT	.text	648
_ZN9meshroute24remote_transcript_appendERNS_18RemoteSessionStateEhPKhj	FUNC	GLOBAL	DEFAULT	.text	636
_ZN9meshroute20remote_control_checkERKNS_18RemoteSessionStateERKNS_17RadminControlViewERh	FUNC	GLOBAL	DEFAULT	.text	620
_ZN9meshroute4Node12join_deny_idEh	FUNC	GLOBAL	DEFAULT	.text	618
_ZN9meshroute22remote_transcript_nextERKNS_18RemoteSessionStateE	FUNC	GLOBAL	DEFAULT	.text	554
_ZN9meshroute4Node17deleg_ack_releaseEmtNS0_12DelegAckPeerEmhNS0_20DelegAckReleaseCauseE	FUNC	GLOBAL	DEFAULT	.text	546
added
g_node	OBJECT	GLOBAL	DEFAULT	.bss	157344
_ZN4mrfw8dispatchEPKcjR5Print	FUNC	GLOBAL	DEFAULT	.text	8540
_ZN4mrfw8acl_verbERNS_10AclServiceERNS_14AdminIdServiceEPKcjRNS_11IAdminLinesE	FUNC	WEAK	DEFAULT	.text	8300
_ZL17mesh_service_oncev	FUNC	LOCAL	DEFAULT	.text	7160
_ZN9meshroute22remote_session_receiveERNS_18RemoteSessionStateERKNS_13RemoteRxInputERNS_14RemoteRxResultE	FUNC	GLOBAL	DEFAULT	.text	5838
_ZN9meshroute4Node12send_by_hashEmPKhhhNS_11CryptIntentEmtNS_5PlaneEhbPNS0_12SendDispatchE	FUNC	GLOBAL	DEFAULT	.text	4464
_ZN9meshroute4Node11handle_dataEPKhjRKNS_6RxMetaE	FUNC	GLOBAL	DEFAULT	.text	4128
_ZN4mrfwL8dump_cfgER5Print	FUNC	LOCAL	DEFAULT	.text	3504
_ZN9meshroute4Node8handle_jEPKhjRKNS_6RxMetaE	FUNC	GLOBAL	DEFAULT	.text	3388
_ZN9meshroute4Node10handle_rtsEPKhjRKNS_6RxMetaE	FUNC	GLOBAL	DEFAULT	.text	3028
_ZN9meshroute4NodeC1ERNS_3HalEhmPKc	FUNC	GLOBAL	DEFAULT	.text	1964
_ZN9meshroute4NodeC2ERNS_3HalEhmPKc	FUNC	GLOBAL	DEFAULT	.text	1964
_ZN4mrfw21remote_action_prepareEPKcjRKNS_13CommandPolicyERKNS_14CommandContextEmR5Print	FUNC	GLOBAL	DEFAULT	.text	1784
_ZN9meshroute4Node18drain_parked_sendsEmhh	FUNC	GLOBAL	DEFAULT	.text	1760
_ZN9meshroute4Node12enqueue_dataEhPKhhhPKcbhNS_11CryptIntentEmmhNS_5PlaneEPNS0_12SendDispatchE	FUNC	GLOBAL	DEFAULT	.text	1682
_ZN9meshroute22remote_session_installERNS_18RemoteSessionStateERKNS_20RemoteSessionInstallE	FUNC	GLOBAL	DEFAULT	.text	1656
_ZN9meshroute4Node17mobile_offer_fireEv	FUNC	GLOBAL	DEFAULT	.text	1582
_ZN9meshroute4Node27drain_resolved_parked_sendsEv	FUNC	GLOBAL	DEFAULT	.text	1560
_ZN9meshroute4Node17purge_tx_carriersENS0_9PurgeAxisE	FUNC	GLOBAL	DEFAULT	.text	1550
_ZN4mrfw17exec_console_lineEPKcjNS_10LineFormatER5PrintPcjRKNS_14CommandContextE	FUNC	GLOBAL	DEFAULT	.text	1388
_ZN9meshroute4Node8on_timerEm	FUNC	GLOBAL	DEFAULT	.text	1382
_ZN9meshroute12_GLOBAL__N_115invalidate_slotERNS_18RemoteSessionStateEh	FUNC	LOCAL	DEFAULT	.text	1278
_ZN9meshroute4Node18deleg_ack_activateEhtNS0_12DelegAckPeerEmhhNS0_15DelegAckCustodyE	FUNC	GLOBAL	DEFAULT	.text	1160
_ZN4mrfw15make_cfg_extrasEv	FUNC	GLOBAL	DEFAULT	.text	1124
_ZNK9meshroute4Node30deleg_ack_activation_availableEhtNS0_12DelegAckPeerEmhRm	FUNC	GLOBAL	DEFAULT	.text	1124
_ZNK9meshroute4Node14peer_book_walkEbPFvRKNS0_11PeerBookRowEPvES4_	FUNC	GLOBAL	DEFAULT	.text	1112
_ZN9meshroute4Node20age_out_parked_sendsEv	FUNC	GLOBAL	DEFAULT	.text	1020
_ZN9meshroute21remote_action_reserveERNS_18RemoteSessionStateEhyhhm	FUNC	GLOBAL	DEFAULT	.text	992
_ZN9meshroute4Node16handle_flood_rtsERKNS_7rts_outEPKhs	FUNC	GLOBAL	DEFAULT	.text	976
_ZN9meshroute4Node19clear_learned_stateEv	FUNC	GLOBAL	DEFAULT	.text	960
_ZN9meshroute26remote_transcript_completeERNS_18RemoteSessionStateEhNS_14RemoteTerminalE	FUNC	GLOBAL	DEFAULT	.text	912
_ZN4mrfw19radmin_service_onceERNS_13IRadminTargetERNS_11IRadminExecE.constprop.0	FUNC	LOCAL	DEFAULT	.text	808
_ZN9meshroute21remote_session_expireERNS_18RemoteSessionStateEy	FUNC	GLOBAL	DEFAULT	.text	746
_ZN9meshroute4Node15do_send_channelEhPKhhbb	FUNC	GLOBAL	DEFAULT	.text	732
_ZN4mrfw12handle_leaveER5Print	FUNC	GLOBAL	DEFAULT	.text	684
_ZNK9meshroute4Node15limits_snapshotEv	FUNC	GLOBAL	DEFAULT	.text	684
_ZN9meshroute24remote_transcript_encodeERKNS_18RemoteSessionStateEhSt4spanIhLj4294967295EERj	FUNC	GLOBAL	DEFAULT	.text	666
_ZN9meshroute20remote_control_checkERKNS_18RemoteSessionStateERKNS_17RadminControlViewERh	FUNC	GLOBAL	DEFAULT	.text	636
_ZN9meshroute24remote_transcript_appendERNS_18RemoteSessionStateEhPKhj	FUNC	GLOBAL	DEFAULT	.text	628
_ZN9meshroute4Node12join_deny_idEh	FUNC	GLOBAL	DEFAULT	.text	578
START heltec_mobile
00000000 00000001 B mr_align_ActionAdmission
00000000 00000001 B mr_align_ActionPlan
00000000 00000001 B mr_align_ActionSupport
00000000 00000001 B mr_align_RemoteActionBytes
00000000 00000002 B mr_size_ActionPlan
00000000 00000002 B mr_size_RemoteActionBytes
00000000 00000003 B mr_size_ActionAdmission
00000000 00000004 B mr_align_ActionObserver
00000000 00000004 B mr_size_ActionSupport
00000000 00000008 B mr_size_ActionObserver
00000000 00000028 B mr_size_DeferredActionRecord

heltec_mobile base src/fw_main.cpp 0
heltec_mobile final src/fw_main.cpp 0
heltec_mobile base src/firmware_commands.cpp 0
heltec_mobile final src/firmware_commands.cpp 0
heltec_mobile final src/firmware_remote_actions.cpp 0
heltec_mobile base lib/core/remote_session.cpp 0
heltec_mobile final lib/core/remote_session.cpp 0
heltec_mobile base lib/core/node.cpp 0
heltec_mobile final lib/core/node.cpp 0
heltec_mobile base lib/core/node_mac_rx.cpp 0
heltec_mobile final lib/core/node_mac_rx.cpp 0
heltec_mobile allocated [('.flash.text', 28)]
removed
_ZN4mrfw17exec_console_lineEPKcjNS_10LineFormatER5PrintPcjRKNS_14CommandContextE	FUNC	GLOBAL	DEFAULT	.flash.text	804
added
_ZN4mrfw17exec_console_lineEPKcjNS_10LineFormatER5PrintPcjRKNS_14CommandContextE	FUNC	GLOBAL	DEFAULT	.flash.text	826
