== §B105 feature-layer probe (src/firmware_ui.cpp, host-compiled) ==
-- building the l2 support archive (lib/core + lib/hal + lib/console + monocypher) ...
-- building the v3 support archive (lib/core + lib/hal + lib/console + monocypher) ...
== §B105 probe — src/firmware_ui.cpp, host-compiled ==
  INFO strip right edge x=127, bottom y=7; BODY right edge x=119
  INFO §7.3 audit: widest ordinary body line = 19 columns, right edge x = 125 (bound 19 / 127)
  INFO §UI-17 STATUS body: [TEAM 3D9348A5] [ME T220] [6 KNOWN] [0 NEW / HOME --] [52.123,21.456]
  INFO §UI-17 TEAM rows: [ Wolfga  3m        ] [ 0x00c0  2m        ] [ id 83   1m        ] [-]
  INFO §UI-17 S5 TEAM rows: [ Alpha   1h 2.0k  N] [ Bravo   1h        ] [ Cleo    1h        ] [ Delta   1h   0m   ]

433 passed / 0 failed / 433 total
probe exit=0

== [[B225]] child-enabled arm: [env:heltec_v3] (a leaf env: MR_N_LAYERS defaults to 1, MR_FEAT_TEAM=1) ==
  ok   the child-enabled arm builds and PASSES
       868 passed / 0 failed / 868 total

== §UI-14 second arm: the BLE row's condition MET (-DMR_UI_BLE_ROW=1) ==
  ok   the BLE-row arm builds and PASSES (8 lines)
       433 passed / 0 failed / 433 total

== [[B229]] the coverage roll-up attributes a label of ANY length ==
  ok   a 91-character label is attributed to its control
  ok   ...and the WITHDRAWN 64-column parse does miss it, so the defect was real

== [[B227]] every control label is inert data ==
  ok   none of the 223 ctl labels (all 223 calls) contains a backtick or a $-substitution
  ok   ...and the detector DOES fire on a label that carries one
  ok   ...and a backtick/$-bearing label prints verbatim, executing nothing

== [[B237]] a CRASHING control is UNUSABLE, never verified ==
  ok   a real SIGSEGV (exit 139, 0 failures) classifies as UNUSABLE
  ok   ...and a genuine 1/3 stays RED, 0/0 is passes, 1/0 is silent — it still discriminates
  ok   ...and the shell's crash notice was CAPTURED, not printed to this gate

== negative controls (each MUST make the probe red — or, for C0, must fail to build) ==
  ok   C0  restoring #include "fw_context.h" breaks the host build (build fails, as required)
  ok   C1  mac_idle() -> true (no gate at all) -> RED (5 check(s) failed)
  ok   C2  mac_idle() keeps only the radio clause -> RED (1 check(s) failed)
  ok   C3  mac_idle() keeps only the queue clause -> RED (4 check(s) failed)
  ok   C10 mac_idle() -> false (suppressed for ever; the panel never paints) -> RED (249 check(s) failed)
  ok   C11 next_page()'s verdict is never fed back to the gate -> RED (17 check(s) failed)
  ok   C4  pages advance WITHOUT re-drawing the scene (7 of 8 blank) -> RED (12 check(s) failed)
  ok   C5  the idle arm forces a repaint, bypassing the 2 Hz throttle -> RED (214 check(s) failed)
  ok   C6  the ADC burst is no longer gated on a MAC-idle radio -> RED (1 check(s) failed)
  ok   C7  the cadence gates on SUCCEEDED instead of ATTEMPTED -> RED (4 check(s) failed)
  ok   C8  the 30 s period is never re-armed (sample every pass) -> RED (4 check(s) failed)
  ok   C9  the dead-panel report tests board_init() the wrong way round -> RED (1 check(s) failed)
  ok   C12 mr_ui_init no longer brings the panel up -> RED (2 check(s) failed)
  ok   C13 an unavailable read ERASES the last good value -> RED (1 check(s) failed)
  ok   C14 the battery token is invented instead of formatted (a plausible voltage for --) -> RED (4 check(s) failed)
  ok   C15 the strip renders a PERCENTAGE instead of volts (ruled out) -> RED (7 check(s) failed)
  ok   C16 the strip hardcodes a voltage instead of reading the frozen chrome -> RED (4 check(s) failed)
  ok   C17 the record lookup matches seq only (the kind clause dropped) -> RED (17 check(s) failed)
  ok   C18 the erase targets the DM store unconditionally (B133's shape) -> RED (6 check(s) failed)
  ok   C19 the preview row carries msg_id where the identity should be -> RED (16 check(s) failed)
  ok   C20 the preview row hardcodes the kind (every row reads DM) -> RED (28 check(s) failed)
  ok   C21 every erase is reported as a SUCCESS regardless of the outcome -> RED (7 check(s) failed)
  ok   C27 the erase targets the CHANNEL store unconditionally -> RED (4 check(s) failed)
  ok   C28 opening a record DELETES it (the switch arms crossed) -> RED (24 check(s) failed)
  ok   CC1 the ordinary-view gate is dropped (E2E receipts come back as inbox rows) -> RED (3 check(s) failed)
  ok   CC2 the gate is applied AFTER the budget (the row slot and the total are already spent) -> RED (3 check(s) failed)
  ok   C22 the tick never serves the inbox request (the modal cannot open) -> RED (20 check(s) failed)
  ok   C23 the body length is left for the model to measure (the strlen shape) -> RED (3 check(s) failed)
  ok   C24 draw_frame stops giving the modal the body -> RED (12 check(s) failed)
  ok   C25 the MESSAGE GONE refusal row is dropped from the list -> RED (1 check(s) failed)
  ok   C29 the SETTINGS screen is never drawn (the switch arm dropped) -> RED (58 check(s) failed)
  ok   C30 the model is never given the config service (the menu is inert) -> RED (61 check(s) failed)
  ok   C31 the draft marker renders UiState::dirty instead of config_unsaved() -> RED (2 check(s) failed)
  ok   C32 the value row shows a default instead of the DRAFT -> RED (2 check(s) failed)
  ok   C33 the SETTINGS badge always draws the clean gear (the state becomes invisible) -> RED (6 check(s) failed)
  ok   C34 the editor is indistinguishable from the browsing row (no bracket) -> RED (2 check(s) failed)
  ok   C35 RESTART NEEDED never reaches STATUS (the reboot fact is dropped) -> RED (1 check(s) failed)
  ok   C36 the BLE row is rendered unconditionally (the transport condition ignored) -> RED (1 check(s) failed)
  ok   C37 the hook never tells the service (the notification is dropped) -> RED (8 check(s) failed)
  ok   C38 the latch is raised and NOTHING asks for a repaint (INVISIBLE) -> RED (12 check(s) failed)
  ok   C39 the is_open() guard is dropped (flash is read on every cfg set) -> RED (1 check(s) failed)
  ok   C40 an unreadable record is treated as a conflict (a latch from no evidence) -> RED (2 check(s) failed)
  ok   C41 ChanState::waiting says SENT again (the pre-T3 false confirmation) -> RED (4 check(s) failed)
  ok   C42 ChanState::aired says QUEUED (the earned state never shows) -> RED (2 check(s) failed)
  ok   C43 the no-relay outcome reads SENT, no relay again -> RED (2 check(s) failed)
  ok   C44 DmState::aired_waiting is rendered as QUEUED too -> RED (1 check(s) failed)
  ok   C45 the fail-closed guard is dropped (sleeps after a hardware refusal) -> RED (1 check(s) failed)
  ok   C46 the board is never asked (the arm is answered from a constant) -> RED (4 check(s) failed)
  ok   C47 a held button is treated as a hardware failure (latches sleep off for the boot) -> RED (3 check(s) failed)
  ok   C48 the arm failure is never said on the console -> RED (2 check(s) failed)
  ok   C52 the arm report is inverted (silent on the first failure, cries later) -> RED (2 check(s) failed)
  ok   C53 the failure is said on every pass, not once (a USB-CDC flood) -> RED (1 check(s) failed)
  ok   C54 an arm is put back into mr_ui_init() (B200, literally) -> RED (1 check(s) failed)
  ok   C55 the disarm's answer is discarded (a stuck level is reported as clean) -> RED (1 check(s) failed)
  ok   C56 the policy hook arms the wake itself (a per-pass arm on a possibly-held pin) -> RED (2 check(s) failed)
  ok   C57 the boot announces a wake source again (nothing arms one there) -> RED (1 check(s) failed)
  ok   C58 a SUCCESSFUL arm is reported as a failure (the vacuity control) -> RED (3 check(s) failed)
  ok   C59 the disarm is never performed (the board is not even asked) -> RED (3 check(s) failed)
  ok   C60 a successful disarm reports a problem anyway (cries wolf) -> RED (1 check(s) failed)
  ok   C49 the hook always permits sleep (the whole policy bypassed) -> RED (3 check(s) failed)
  ok   C50 the hook never permits sleep (the panel-lit answer for ever) -> RED (3 check(s) failed)
  ok   C51 the policy is re-derived here without the input term (B197 back) -> RED (1 check(s) failed)
  ok   C26 the highlight is NOT suppressed while the refusal stands -> RED (1 check(s) failed)
  ok   C61 the strip is drawn from the LIVE chrome instead of the frozen copy -> RED (4 check(s) failed)
  ok   C62 nothing invalidates on a chrome change (the strip goes stale on a lit panel) -> RED (6 check(s) failed)
  ok   C63 the comparison reference is updated where the change is OBSERVED, not at the freeze -> RED (4 check(s) failed)
  ok   C64 every home state draws the same house (the four-state table bypassed) -> RED (2 check(s) failed)
  ok   C65 a missing team content key draws the NORMAL key (the slot claims a capability) -> RED (1 check(s) failed)
  ok   C66 the battery token's column is moved (the frozen slot redefined) -> RED (10 check(s) failed)
  ok   C67 every glyph is drawn at the same x (the layout table bypassed) -> RED (24 check(s) failed)
  ok   C68 the battery is drawn at the shared 7-px width (its 2-byte stride ignored) -> RED (1 check(s) failed)
  ok   C69 the strip is drawn after the body, so body-replacing views lose it -> RED (51 check(s) failed)
  ok   C70 the strip's icons are drawn below their y=0..8 band -> RED (29 check(s) failed)
  ok   C71 the blanked arm falls through and paints into a dark panel -> RED (5 check(s) failed)
  ok   C74 a chrome change is treated as user input (the panel never blanks) -> RED (52 check(s) failed)
  ok   C72 the live chrome is built once and cached (a stale projection for ever) -> RED (155 check(s) failed)
  ok   C73 the strip opens a frame of its own while composing -> RED (210 check(s) failed)
  ok   C75 the strip parks the panel mid-compose (a bus command from a draw) -> RED (6 check(s) failed)
  ok   C76 the emergency rail suppression is dropped entirely (§5.3) -> RED (1 check(s) failed)
  ok   C77 the rail is never drawn (the screens lose their only heading) -> RED (132 check(s) failed)
  ok   C78 every rail slot gets a selection frame (exactly-one becomes all-five) -> RED (112 check(s) failed)
  ok   C79 the selection comes from a renderer-local cursor, not the frozen nav -> RED (121 check(s) failed)
  ok   C80 the rail packs its slots consecutively (a second layout) -> RED (129 check(s) failed)
  ok   C81 the ordinary body is drawn at x=0, under the rail's icons -> RED (47 check(s) failed)
  ok   C82 the emergency headline is shifted to kBodyX (a clipped distress string) -> RED (1 check(s) failed)
  ok   C83 the STATUS identity goes back onto one 21-column row -> RED (4 check(s) failed)
  ok   C84 the withdrawn CFG marker is put back on the STATUS body (§6.1's other direction) -> RED (2 check(s) failed)
  ok   C85 SETTINGS drops its actionable marker text, leaving only the badge (§6 forbids) -> RED (5 check(s) failed)
  ok   C86 the SETTINGS marker row is drawn unconditionally (a clean draft reads UNSAVED) -> RED (8 check(s) failed)
  ok   C87 the rail's glyphs are drawn at the body's x, over the text -> RED (23 check(s) failed)
  ok   C88 the PROVISION row is rendered unconditionally (the ruling not applied) -> RED (19 check(s) failed)
  ok   C89 the child predicates are published as TRUE on a build with no children -> RED (1 check(s) failed)
  ok   C90 the closed view draws the MENU's rows anyway (the ruling not applied at the renderer) -> RED (58 check(s) failed)
  ok   C91 the closed view keeps the note/reboot row to itself (§6's icon-only error) -> RED (1 check(s) failed)
  ok   C92 the entry row's label is re-spelled at the draw site -> RED (57 check(s) failed)
  ok   C93 the list is drawn as ENTERED whatever the model says -> RED (23 check(s) failed)
  ok   C94 an entered list is drawn as PASSIVE (no marker, no exit) -> RED (93 check(s) failed)
  ok   C95 the interactive list's BACK row is never drawn -> RED (93 check(s) failed)
  ok   C96 the reserved 24x24 mark is never drawn (the slot vanishes) -> RED (2 check(s) failed)
  ok   C97 rows 0-2 are drawn at the body origin, through the reserved mark -> RED (6 check(s) failed)
  ok   C98 row 3 is drawn at the NARROWED origin (18 columns in 14) -> RED (4 check(s) failed)
  ok   C99 the mark is drawn in the chrome, so EVERY screen shows it -> RED (4 check(s) failed)
  ok   C100 STATUS row 2 is never placed (the pure row is composed and dropped) -> RED (1 check(s) failed)
  ok   C101 STATUS row 2 is placed on row 1's baseline (a misroute) -> RED (1 check(s) failed)
  ok   C102 row 4 reads the LIVE config again (the row can TEAR mid-frame) -> RED (2 check(s) failed)
  ok   C103 own_fix is published as a constant (a fix that was never configured) -> RED (1 check(s) failed)
  ok   C104 own_fix is published from ONE coordinate (the OR narrowed to lat) -> RED (1 check(s) failed)
  ok   C105 the pre-S4 row (9-column label + hops) is composed inline again -> RED (25 check(s) failed)
  ok   C106 every row is drawn from snapshot row 0 (the wrong teammate) -> RED (7 check(s) failed)
  ok   C107 the row marker is hard-wired off (no pick is ever shown) -> RED (19 check(s) failed)
  ok   C108 the team rows are ALSO drawn at the STATUS x=40 origin -> RED (3 check(s) failed)
  ok   C109 the S4 repaint invalidation is never called (F-8 re-opened) -> RED (5 check(s) failed)
  ok   C110 the invalidation compares the live snapshot with ITSELF -> RED (5 check(s) failed)
  ok   C111 the tick marks the model dirty unconditionally instead -> RED (65 check(s) failed)
  ok   C112 the roster is drawn in REVERSE order (a re-sort by any other name) -> RED (22 check(s) failed)
  ok   C113 the own fix is read LIVE in the renderer (the rows can TEAR mid-frame) -> RED (1 check(s) failed)
  ok   C114 the cache is never read, so no teammate ever has a position -> RED (6 check(s) failed)
  ok   C115 the location age is published as ZERO, so a stale position renders as current -> RED (2 check(s) failed)
  ok   C116 latitude and longitude are published crossed -> RED (5 check(s) failed)
  ok   C117 the cache miss is published as a hit (0,0 becomes a position) -> RED (1 check(s) failed)
  ok   C118 the renderer transmits a request for a peer it has no position for -> RED (168 check(s) failed)
  ok   C119 the wake is hard-wired into the device push entry (wake-on-any-push) -> RED (4 check(s) failed)
  ok   C120 the RX kinds are routed to the SEND half, so no message ever wakes the panel -> RED (22 check(s) failed)
  ok   C121 the mark is drawn at the STATUS text origin (through rows 0-2) -> RED (1 check(s) failed)
  ok   C122 the mark slot is drawn with a STRIP glyph (right place, wrong bytes) -> RED (1 check(s) failed)
  ok   C123 S6's swap is HALF DONE: the placeholder rect is still drawn behind the artwork -> RED (1 check(s) failed)
  ok   C124 the leftover placeholder drifts into the chrome (every screen shows an empty reserved box) -> RED (4 check(s) failed)
  ok   C125 the duty gauge's slot is moved (the amendment's frozen x redefined) -> RED (18 check(s) failed)
  ok   C126 a node with no duty limit draws the EMPTY gauge (no limit collapsed into 0 % used) -> RED (5 check(s) failed)
  ok   C127 the duty-BLOCKED state loses its warning mark (100 % looks like 99 %) -> RED (3 check(s) failed)
  ok   C128 every fill level draws the same picture (the bucket's level ignored) -> RED (11 check(s) failed)
  ok   C129 the gauge is read live from the node instead of the frozen bucket -> RED (2 check(s) failed)
  ok   C130 the utilization is never published (the gauge is empty at every percentage) -> RED (14 check(s) failed)
  ok   C131 the duty limit is published as always-on (an unlimited node claims a utilization) -> RED (5 check(s) failed)
  ok   C132 the gauge is driven by the five-minute anti-spam budget, not duty_status() -> RED (13 check(s) failed)
  ok   C133 the home slot keeps its superseded x (the re-anchoring only half done) -> RED (4 check(s) failed)
  ok   C134 an ARMED alarm is not treated as busy (the fire has not happened yet) -> RED (1 check(s) failed)
  ok   C135 a FIRING alarm is not treated as busy (the attempt series is editable mid-flight) -> RED (3 check(s) failed)
  ok   C136 an IDLE node answers busy (every preset verb dead with no alarm at all) -> RED (20 check(s) failed)
  ok   C137 the catalog is never published into the frame (every compose list is empty on the device) -> RED (27 check(s) failed)
  ok   C138 the DM compose renders the CHANNEL list (the two projections crossed) -> RED (9 check(s) failed)
  ok   C139 the row is composed here as %c%s (the location column dropped) -> RED (7 check(s) failed)
  ok   C140 the zero-enabled empty state is bypassed (no note is ever placed) -> RED (1 check(s) failed)
  ok   C141 the stale-generation refusal renders the generic failure lines instead of PRESET CHANGED -> RED (1 check(s) failed)

-- [[B225]] controls on the child-enabled arm ([env:heltec_v3]) --
  ok   L1 the result's headline is dropped (the verdict never shows) -> RED (20 check(s) failed)
  ok   L2 the id and fingerprint rows are swapped -> RED (5 check(s) failed)
  ok   L3 the fingerprint row is dropped (only the full id is drawn) -> RED (3 check(s) failed)
  ok   L4 the REPLACES warning is composed unconditionally -> RED (1 check(s) failed)
  ok   L5 the REPLACES warning is never drawn (§3.6.3 not applied) -> RED (1 check(s) failed)
  ok   L6 the refusal detail row is dropped (a verdict with no reason) -> RED (8 check(s) failed)
  ok   L7 the confirm and result arms are crossed (the wrong screen) -> RED (44 check(s) failed)
  ok   L8 the model is never given the provisioning adapter -> RED (153 check(s) failed)
  ok   L9 the CREATE child is published as absent on a build that has it -> RED (132 check(s) failed)
  ok   L10 the parent row is hidden on a build that HAS a child -> RED (310 check(s) failed)
  ok   L11 the slot label is drawn from the ROW INDEX instead of the slot number (§B66) -> RED (1 check(s) failed)
  ok   L12 the store-state note is never drawn (an unreadable store looks like an empty list) -> RED (1 check(s) failed)
  ok   L13 the note is drawn but the list is not moved down (the rows collide with it) -> RED (1 check(s) failed)
  ok   L14 the confirmation shows only the label — design §3.6.3's COMPLETE values are dropped -> RED (1 check(s) failed)
  ok   L15 the confirmation always renders SLOT 1 (the pick is ignored) -> RED (1 check(s) failed)
  ok   L16 the waiting screen says JOINED before any correlated adopt (plan §2.3 rule 1) -> RED (8 check(s) failed)
  ok   L17 the RESULT never shows the adopted node id (the one thing §2.3 rule 2 requires) -> RED (1 check(s) failed)
  ok   L18 ★★ the correlation is fed the PUSH's OWN id, so term 4 becomes a tautology -> RED (7 check(s) failed)
  ok   L19 the session guard is dropped (a /mrcfg read on every inbound push) -> RED (1 check(s) failed)
  ok   L20 the push tap is never called, so no adopt can ever complete the screen -> RED (4 check(s) failed)
  ok   L21 ★★ the waiting head is hard-wired to false, so STILL JOINING can never appear -> RED (1 check(s) failed)
  ok   L22 the kind prefilter is dropped (every push pays a /mrcfg read again) -> RED (1 check(s) failed)
  ok   N1 the projection is never published (an audible team reads as an empty band) -> RED (96 check(s) failed)
  ok   N2 the age is published as the raw ARRIVAL STAMP instead of the elapsed time (every row reads old) -> RED (5 check(s) failed)
  ok   N3 the ring is walked BACKWARDS (strongest/newest first) — the ruled first-observed order is gone -> RED (65 check(s) failed)
  ok   N4 the advertiser NODE NAME is resolved into the row and drawn as the TEAM (R-13 rule 1) -> RED (8 check(s) failed)
  ok   N9 the TEAM ID is treated as a peer key hash and drawn through the name resolver (a third hash spelling) -> RED (8 check(s) failed)
  ok   N10 the scan pings each observed team to refresh it (a read-only scan that transmits) -> RED (220 check(s) failed)
  ok   N5 the scan draws the LIVE snapshot array instead of the model FROZEN copy (R-10, and the own-team row returns) -> RED (66 check(s) failed)
  ok   N6 F-1's honest second line is never drawn (the panel claims a general PHY scan) -> RED (1 check(s) failed)
  ok   N7 the empty note is drawn but the list is not moved down (the note and BACK collide) -> RED (1 check(s) failed)
  ok   N8 the JOIN TEAM child is published as absent on a build that has it -> RED (105 check(s) failed)
  ok   N11 the join confirmation is drawn with the CREATE title -> RED (1 check(s) failed)
  ok   N13 the confirmation names the team we are LEAVING, not the selected one -> RED (2 check(s) failed)
  ok   N12 the confirmation re-spells its actions with the CREATE pair (S-9 not called) -> RED (2 check(s) failed)
  ok   N14 the confirmation opens with JOIN marked instead of BACK (P-13 inverted) -> RED (2 check(s) failed)
  ok   N15 the result screen never learned about team_joined (no id, no fingerprint) -> RED (2 check(s) failed)
  ok   N16 the join result adds a KEYLESS row of its own (S-33, straight into the renderer) -> RED (1 check(s) failed)
  ok   K5a the offer draws USE SAVED KEY on the BACK row too (the safe word gone from the safe arm) -> RED (2 check(s) failed)
  ok   K5b the offer draws no team identity at all (which team is this key for?) -> RED (1 check(s) failed)
  ok   K5c the offer is drawn with the CREATE title instead of S-28 -> RED (2 check(s) failed)
  ok   O1 the window draws a FROZEN list instead of the live members (no local refresh, F-14) -> RED (6 check(s) failed)
  ok   O2 the window heads itself with the TEAM label instead of its fingerprint (F-3 / S-36) -> RED (1 check(s) failed)
  ok   O3 every candidate row is drawn UNMARKED — the cursor is invisible on the one list that grants a key -> RED (1 check(s) failed)
  ok   O4 the note row is drawn but the list is not moved down (the note and the first candidate collide) -> RED (7 check(s) failed)
  ok   O5 the confirmation is drawn with the six-column selection aid instead of the FULL hash (P-7c) -> RED (3 check(s) failed)
  ok   O6 the confirmation shows the cached NAME instead of the hash — a mutable label as the only identity (P-7c) -> RED (1 check(s) failed)
  ok   O7 the INVITE child is published as absent on a build and a node that have it -> RED (115 check(s) failed)
  ok   O8 the member name is published through label_from_hash — the truncated 0x third spelling (F-15) -> RED (2 check(s) failed)
  ok   O9 the confirmation re-reads the row under the cursor instead of the FROZEN selection (F-14 / P-7d) -> RED (1 check(s) failed)
  ok   O9b B249's announcement forward calls team-DAD instead of the existing triggered scheduler -> RED (101 check(s) failed)
  ok   O10 ★★ the reqpubkey device forward DROPS the real executor call (the panel waits after airing nothing) -> RED (144 check(s) failed)
  ok   O11 ★★ the peer_key_cached push is never forwarded to the invite model (WAITING can never complete) -> RED (2 check(s) failed)
  ok   O12 NEED PUBKEY is rendered as WAITING before the operator has authorised a request -> RED (3 check(s) failed)
  ok   O13 the waiting screen prints the forbidden ambiguous words WAITING FOR KEY (S-34) -> RED (3 check(s) failed)
  ok   O14 the NEED PUBKEY renderer marks REQUEST instead of the model default BACK -> RED (3 check(s) failed)
  ok   O15 the grant-ready renderer marks GRANT KEY instead of the model default REJECT -> RED (2 check(s) failed)
  ok   O16 ★★ the forward INVENTS the outcome code instead of reporting the executor's (a refusal reads as queued) -> RED (143 check(s) failed)
  ok   O17 the verdict screen draws a FIXED word instead of the outcome's own (S-24 collapsed at the renderer) -> RED (16 check(s) failed)
  ok   O18 the verdict draws the DISCARDED window selection instead of the verdict's own identity (P-7c) -> RED (17 check(s) failed)
  ok   O19 ★★ the device forward PICKS ITS OWN PLANE instead of passing the pure unit's (delegated made reachable) -> RED (13 check(s) failed)
  ok   O20 the confirmation shows the NAME in place of the full hash once one is cached (P-7c) -> RED (3 check(s) failed)
  ok   O21 ★★ the grant forward SWALLOWS the origination handle — nothing can ever correlate -> RED (3 check(s) failed)
  ok   O23 ★★ the grant forward SWALLOWS the SEND-TIME resolved dst — the TxDone edge can never match (N6b) -> RED (3 check(s) failed)
  ok   O22 ★★ the verdict screen adds a JOIN COMPLETE row of its own (S-32, straight into the renderer) -> RED (11 check(s) failed)
  ok   K1 ★★★ the team_key_received case is dropped from mr_ui_on_push (the receipt never reaches the note) -> RED (50 check(s) failed)
  ok   K2 ★★ the grant receipt's name= is drawn as a row of its own (F-3/P-5, S-36's forbidden usage) -> RED (1 check(s) failed)
  ok   K3 ★★★ the failed-save door renders the SUCCESS verdict (a RAM-only key reads as RECEIVED) -> RED (28 check(s) failed)
  ok   K4 ★★★ the failed-save door does nothing at all ([[B243]] restored from the new end) -> RED (24 check(s) failed)
  ok   K5 ★★ the fifth child is never published, so SAVED KEYS is unreachable from the panel -> RED (38 check(s) failed)
  ok   K6 ★★★ the ACTIVE marker is drawn on EVERY row — the protected record is indistinguishable (S-44 collapsed) -> RED (4 check(s) failed)
  ok   K7 ★★★★ the IRREVERSIBLE confirmation draws the six-hex FINGERPRINT instead of the FULL id — a short-token collision can then name the wrong record on the one screen that destroys one -> RED (1 check(s) failed)
  ok   K8 ★★★★ the PROTECTED screen grows the destructive action row — the panel offers FORGET KEY for the ACTIVE key -> RED (1 check(s) failed)
  ok   K9 ★★★ the removal's verdict screen draws a FIXED word instead of the outcome's own — a failed removal reads as KEY FORGOTTEN -> RED (2 check(s) failed)
  ok   K10 ★★★ the retention list is drawn WITHOUT its store-state note, so an unreadable keyring reads as an empty one -> RED (2 check(s) failed)
  ok   R1 ★★★ the act sub-view's LENGTH comes from the canned table again, so the optional row pushes the way out off the panel (§B66) -> RED (5 check(s) failed)
  ok   R2 ★★★ the row TEXT is resolved without the act, so the grant row renders as a second way out -> RED (4 check(s) failed)
  ok   R3 ★★★★ the act's row is drawn on EVERY DM sub-view, ignoring the model's offer (the four vetoes bypassed) -> RED (6 check(s) failed)
  ok   R4 ★★★ our own stable identity is never published, so the SELF veto can never fire -> RED (1 check(s) failed)

== §T3 P6: the retired string is absent from every rendering source ==
  ok   'SENT, no relay' appears in no src/ or tools/ source
  ok   ...and its replacement IS present, so the grep is not matching nothing

sources unchanged: md5 f87779aa254f64992ba36d19611e48a0

checks per arm: l2 404 · v3 839
coverage: 703 of 840 checks (both arms, unioned) are reddened by at least one control
  (no control reddens) P15b ...and nothing was applied live
  (no control reddens) P15b ...the adapter was not entered at all
  (no control reddens) P15b ...zero durable writes and zero record loads
  (no control reddens) P15b precondition: the node is in a team already
  (no control reddens) P15c ...having entered no transaction
  (no control reddens) P15c ...spent no write and applied nothing
  (no control reddens) P15d precondition: the node left its team
  (no control reddens) P15e ...and NO retune happened ([[B209]])
  (no control reddens) P15e ...the record holds that same team id
  (no control reddens) P15g ...but nothing reached the live node
  (no control reddens) P15h ...applying nothing at all
  (no control reddens) P15j ⛔ ...and the arm spent no durable write and applied nothing live
  (no control reddens) P15k ...and no forbidden completion word came with it
  (no control reddens) P15k ⛔ ...and the panel's power latch did not move (a receipt is not a wake edge)
  (no control reddens) P15k ⛔ ...the push itself touched no panel bus (the repaint belongs to the tick)
  (no control reddens) P15k ⛔ ...zero durable writes and zero live applies from a push
  (no control reddens) P15k2 ⛔ ...and the panel's power latch did not move (⛔ no wake)
  (no control reddens) P15k2 ⛔ ...the door touched no panel bus (the tick owns that)
  (no control reddens) P15k2 ⛔ ...zero durable /mrcfg writes and zero live applies
  (no control reddens) P15k3 ...and it classifies as SUPPRESSED, never a door
  (no control reddens) P15k3 ⛔ ...and no power transition, no write, nothing applied
  (no control reddens) P15k3 ⛔ ...the suppressed route touched no panel bus
  (no control reddens) P16a ...and opening it spent no write of either record
  (no control reddens) P16b ...and 869.4625 MHz renders EXACTLY
  (no control reddens) P16b ...and it has still spent nothing
  (no control reddens) P16c ...having spent nothing at all
  (no control reddens) P16f ...and was CONSUMED as the wake — the screen did not move
  (no control reddens) P16f ...having written nothing and applied nothing
  (no control reddens) P16f a single short press wakes the panel
  (no control reddens) P16f the panel blanks while the join is still in flight
  (no control reddens) P16h a STORAGE FAILURE never reads as empty/corrupt
  (no control reddens) P18 precondition: the named teammate's key and name are cached
  (no control reddens) P18 precondition: the unnamed teammate's hash is 0x00c0ffee
  (no control reddens) P19 precondition: four teammate keys and names are cached
  (no control reddens) P19d precondition: Alpha's position is re-stamped exactly
  (no control reddens) P20d the whole enum was driven, one kind excepted
  (no control reddens) P21 precondition: ...and this node CAN resolve that name from the advertiser's id
  (no control reddens) P21 precondition: the REAL core cache holds all three observations
  (no control reddens) P21 precondition: the advertiser HAS a cached node name (else the negative is vacuous)
  (no control reddens) P21g a single short press wakes it
  (no control reddens) P21h precondition: the core cache has aged out at the READ
  (no control reddens) P22 precondition: in a team, HOLDING its key, with a retained key for the target
  (no control reddens) P22a ...and opening it entered NO transaction and spent NO write
  (no control reddens) P22b ⛔ ...and the membership and the key are exactly as they were
  (no control reddens) P22b ⛔ ...having performed NOTHING: no transaction, no write, no live move
  (no control reddens) P22c ...the two are DIFFERENT tokens, both drawn
  (no control reddens) P22c ⛔ ...and the toggle is still not the act
  (no control reddens) P22c ⛔⛔ the RETAINED key for that team was NOT installed and NOT rewritten (P-2b)
  (no control reddens) P22d ⛔ ...and `FORGET KEY` (S-31, a future verb) is nowhere on the panel
  (no control reddens) P22d2 ⛔ ...and the retained record is STILL there for a later offer
  (no control reddens) P22e the team we just JOINED is no longer offered as a candidate
  (no control reddens) P22f precondition: the keyring holds NO record for BADBAD (else the negative is vacuous)
  (no control reddens) P22f ⛔ ...no K5 lexeme was ever drawn for it
  (no control reddens) P22g precondition: the simulated power cycle really left it keyless
  (no control reddens) P22g ⛔ ...and never TEAM KEY RECEIVED — nothing was received
  (no control reddens) P22g ⛔ the offer and the activation enqueued NOTHING
  (no control reddens) P23 precondition: the old member has a key; the arriving member has NO cached pubkey/name
  (no control reddens) P23 precondition: the route-only member resolves to NO hash at the authoritative floor
  (no control reddens) P23 precondition: we are IN a team (the row's runtime predicate)
  (no control reddens) P23a ⛔ no forbidden word is anywhere on the panel
  (no control reddens) P23b ⛔ the ROUTE-ONLY member is on no row (no invented fingerprint anywhere)
  (no control reddens) P23d ⛔ preflight/entry emitted no WANT_PUBKEY
  (no control reddens) P23f ⛔ ...and the expiry granted, revoked and rewrote NOTHING
  (no control reddens) P24 precondition: the injected frame's airtime is non-zero and the window fits a uint32
  (no control reddens) P24 precondition: the node now HAS a duty limit and has spent none of it
  (no control reddens) P24 the fixture is restored: the node reports no duty limit again
  (no control reddens) P24c precondition: a team content key to grant, and an AUTHORITATIVE pubkey to seal to
  (no control reddens) P24c ⛔ ...and NO handle and NO dst are offered for a flight that never existed
  (no control reddens) P24c ⛔ ...and never the blocked picture below 100 %
  (no control reddens) P24c ⛔ no team private-key material anywhere on the panel (P-8)
  (no control reddens) P24c2 ⛔ ...and ⛔ NO generic send_aired / send_failed is produced for the grant (0xA2 has generic_send_lifecycle = false — the rejected option (a) reddens here)
  (no control reddens) P24e precondition: the core now reports no duty limit, pct 0
  (no control reddens) P24e ⛔ ...and neither blocked nor full
  (no control reddens) P24k7a ⛔ ...and it offers no grant of any kind
  (no control reddens) P24k7b ⛔ ...and reaching it STILL granted nothing
  (no control reddens) P24k7d precondition: the member is bound but we hold NO pubkey for them
  (no control reddens) P24k7d ⛔ ...and no key was granted anywhere along the way
  (no control reddens) P24k7e precondition: the member resolves to NO hash at the authoritative floor
  (no control reddens) P24k7f precondition: this node HAS a stable identity to be confused with
  (no control reddens) P25 precondition: FOUR real records are retained and one of them is the ACTIVE binding
  (no control reddens) P25a ⛔ ...and NO key material reached the glass (P-8): no 64-hex blob, no `tkpriv`
  (no control reddens) P25a ⛔ OPENING THE SCREEN PERFORMED NOTHING — zero writes, zero evictions, the blob untouched
  (no control reddens) P25b ⛔ ...and STILL nothing was written or evicted
  (no control reddens) P25b ⛔ ...and nothing was written or evicted on that path
  (no control reddens) P25c ⛔ ...and opening it performed NOTHING
  (no control reddens) P25d ⛔ ...and the ACTIVE record is untouched, live binding and all
  (no control reddens) P25d ⛔ ...and the row that was removed is NOT on it any more
  (no control reddens) P25d ⛔ ...and the toggle is still not the act
  (no control reddens) P25f ⛔ the whole retention walk enqueued NOTHING
  (no control reddens) P25g ⛔ ...and a refusing store still cost ZERO writes
  (no control reddens) P25h ...and the key really IS live, so the three rows are three true sentences
  (no control reddens) P25h the REAL receive refuses with the FULL keyring, and writes NOTHING
  (no control reddens) P25h the verdict keeps the LANDED route and adds the FULL fact
  (no control reddens) P26a ...while `list` still answers 17 records + the end record during the alarm
  (no control reddens) P26b ...and the emergency slot is live and non-empty on every one of the four
  (no control reddens) P26b the four /mrui states each drive the ruled boot line and return their own state
  (no control reddens) P26b ⛔ ...and `ok` / `absent` print NOTHING AT ALL (not even a blank line)
  (no control reddens) P26b ⛔ ...and the boot NEVER writes, not even to repair a corrupt record
  (no control reddens) P27a the shipped catalog starts on the compiled defaults (2 DM presets, non-zero generation)
  (no control reddens) P27b ⛔ the derived `back` row carries NO location column
  (no control reddens) P27b2 precondition: a bound teammate, a team key to grant, and a NOT-us identity
  (no control reddens) P27b2 ⛔ ...and the act row carries NO location column (R-1: byte-identical)
  (no control reddens) P27c the interleaved write really ran inside that tick
  (no control reddens) P27d ⛔ ...and it sent NOTHING on the way out
  (no control reddens) P2b ...and the frame really went to the radio
  (no control reddens) P2b ...with the radio still idle
  (no control reddens) P2b the frame was accepted by the real queue
  (no control reddens) P2b the queue drained
  (no control reddens) P2b the real DeviceHal queue is non-empty
  (no control reddens) P6 a DM is recorded
  (no control reddens) P6 a channel post is recorded
  (no control reddens) P6 six live records to browse, seq 1..3 in BOTH stores
  (no control reddens) P6 the probe's real inbox is wired
  (no control reddens) P6b2 ...and the store came through it untouched
  (no control reddens) P6c ...including the one that was open
  (no control reddens) P6d ...and so did the other channel posts
  (no control reddens) P6e ★ the channel posts are untouched
  (no control reddens) P6f ...and deletes nothing else
  (no control reddens) P6i an E2E-ack RECEIPT is recorded through the real record_ack
  (no control reddens) P6i ★ the RAW pull DOES see BOTH — the fixture is real, not a no-op
  (no control reddens) P6i ⛔ hidden is NOT deleted — the diagnostic stream still carries both
  (no control reddens) P7 ...and applied NOTHING live
  (no control reddens) P7 ...opening it wrote NOTHING
  (no control reddens) P7a ...and no live apply
  (no control reddens) P7a ...in the RAM DRAFT ONLY — no durable write
  (no control reddens) P7a ...the persisted record is untouched
  (no control reddens) P7b ...and it is NOT the word `dirty` in any form
  (no control reddens) P7c ...and no RESTART is claimed for a live field
  (no control reddens) P7c ...and the NON-covered fields carried through
  (no control reddens) P7d ...and changed nothing
  (no control reddens) P8b ...with zero writes
  (no control reddens) P8b DISCARD clears it
  (no control reddens) P8c a NON-covered external write raises no conflict
  (no control reddens) P8d repeated notifications with no change claim nothing
  (no control reddens) P8f ...with zero writes
  (no control reddens) P8f DISCARD clears it, onto the record leave left
  (no control reddens) P8g a JOIN-shaped write moves no covered field, raises nothing
controls: 223 verified / 0 unusable
PASS
