gen_command_inventory: FAIL: tracked inventory is stale
--- tracked
+++ generated
@@ -12,55 +12,55 @@
 
 | verb | sub-verb | owning function | transports | feature gate | file:line | authority |
 | --- | --- | --- | --- | --- | --- | --- |
-| `admin-key` | — | `admin_client_router_arm` | serial | `MR_FEAT_RADMIN_CLIENT` | `src/firmware_commands.cpp:534` | controller_local |
-| `admin-target` | — | `admin_client_router_arm` | serial | `MR_FEAT_RADMIN_CLIENT` | `src/firmware_commands.cpp:535` | controller_local |
-| `acl` | — | `admin_router_arm` | serial | `MR_FEAT_RADMIN_ACCEPT` | `src/firmware_commands.cpp:375` | owner |
-| `admin-id` | — | `admin_router_arm` | serial | `MR_FEAT_RADMIN_ACCEPT` | `src/firmware_commands.cpp:374` | owner |
-| `cfg` | — | `dispatch` | serial,ble | — | `src/firmware_commands.cpp:1577` | operator |
-| `cfg set` | — | `dispatch` | serial,ble | — | `src/firmware_commands.cpp:1576` | operator |
-| `clear_inbox` | — | `dispatch` | serial,ble | — | `src/firmware_commands.cpp:1634` | owner |
-| `crashtest` | — | `dispatch` | serial,ble | — | `src/firmware_commands.cpp:1532` | owner D |
-| `create` | — | `dispatch` | serial,ble | `MR_N_LAYERS < 2` | `src/firmware_commands.cpp:1557` | operator D |
-| `debug` | — | `dispatch` | serial,ble | — | `src/firmware_commands.cpp:1579` | operator |
-| `del_msg` | — | `dispatch` | serial,ble | — | `src/firmware_commands.cpp:1631` | owner |
-| `duty` | — | `dispatch` | serial,ble | — | `src/firmware_commands.cpp:1545` | operator |
-| `factory_reset` | — | `dispatch` | serial,ble | — | `src/firmware_commands.cpp:1548` | owner D |
-| `faults` | — | `dispatch` | serial,ble | — | `src/firmware_commands.cpp:1523` | operator |
-| `gateway` | — | `dispatch` | serial,ble | — | `src/firmware_commands.cpp:1551` | operator D |
-| `hashof` | — | `dispatch` | serial,ble | — | `src/firmware_commands.cpp:1628` | operator |
-| `join` | — | `dispatch` | serial,ble | `MR_N_LAYERS < 2` | `src/firmware_commands.cpp:1553` | operator D |
-| `join (alias: create)` | — | `dispatch` | serial,ble | `!(MR_N_LAYERS < 2)` | `src/firmware_commands.cpp:1563` | operator D |
-| `joinprofile` | — | `dispatch` | serial,ble | `MR_N_LAYERS < 2` | `src/firmware_commands.cpp:1556` | operator |
-| `joinprofile` | `— refused gateway_build` | `dispatch` | serial,ble | `!(MR_N_LAYERS < 2)` | `src/firmware_commands.cpp:1570` | operator |
-| `leave` | — | `dispatch` | serial,ble | — | `src/firmware_commands.cpp:1575` | operator D |
-| `limits` | — | `dispatch` | serial,ble | — | `src/firmware_commands.cpp:1546` | operator |
-| `lock` | — | `dispatch` | serial,ble | `MR_FEAT_REMOTE_MGMT` | `src/firmware_commands.cpp:1638` | legacy |
-| `lookup` | — | `dispatch` | serial,ble | — | `src/firmware_commands.cpp:1626` | operator |
-| `mark_read` | — | `dispatch` | serial,ble | — | `src/firmware_commands.cpp:1630` | operator |
-| `mobile` | — | `dispatch` | serial,ble | `MR_N_LAYERS < 2 && MR_FEAT_MOBILE` | `src/firmware_commands.cpp:1560` | operator |
-| `nameof` | — | `dispatch` | serial,ble | — | `src/firmware_commands.cpp:1627` | operator |
-| `ota` | — | `dispatch` | serial,ble | — | `src/firmware_commands.cpp:1550` | owner D |
-| `password` | — | `dispatch` | serial,ble | `MR_FEAT_REMOTE_MGMT` | `src/firmware_commands.cpp:1636` | legacy |
-| `peers` | `all` | `dispatch` | serial,ble | — | `src/firmware_commands.cpp:1540` | operator |
-| `peers` | — | `dispatch` | serial,ble | — | `src/firmware_commands.cpp:1536` | operator |
-| `prep-restart` | — | `dispatch` | serial,ble | — | `src/firmware_commands.cpp:1524` | operator D |
-| `pull_inbox` | — | `dispatch` | serial,ble | — | `src/firmware_commands.cpp:1629` | operator |
-| `rcmd` | — | `dispatch` | serial,ble | — | `src/firmware_commands.cpp:1525` | legacy |
-| `reboot` | — | `dispatch` | serial,ble | — | `src/firmware_commands.cpp:1547` | operator D |
-| `regen` | — | `dispatch` | serial,ble | — | `src/firmware_commands.cpp:1549` | owner D |
-| `route` | — | `dispatch` | serial,ble | — | `src/firmware_commands.cpp:1543` | operator |
-| `routes` | — | `dispatch` | serial,ble | — | `src/firmware_commands.cpp:1533` | open |
-| `sleep` | — | `dispatch` | serial,ble | — | `src/firmware_commands.cpp:1578` | operator D |
-| `status` | — | `dispatch` | serial,ble | — | `src/firmware_commands.cpp:1544` | open |
-| `team` | — | `dispatch` | serial,ble | `MR_N_LAYERS < 2` | `src/firmware_commands.cpp:1558` | operator D |
-| `testch` | — | `dispatch` | serial,ble | — | `src/firmware_commands.cpp:1530` | operator |
-| `testclear` | — | `dispatch` | serial,ble | — | `src/firmware_commands.cpp:1526` | operator |
-| `testsend` | — | `dispatch` | serial,ble | — | `src/firmware_commands.cpp:1528` | operator |
-| `teststatus` | — | `dispatch` | serial,ble | — | `src/firmware_commands.cpp:1527` | operator |
-| `ui` | — | `dispatch` | serial,ble | `MR_FEAT_OLED` | `src/firmware_commands.cpp:1595` | operator |
-| `unlock` | — | `dispatch` | serial,ble | `MR_FEAT_REMOTE_MGMT` | `src/firmware_commands.cpp:1637` | legacy |
-| `version` | — | `dispatch` | serial,ble | — | `src/firmware_commands.cpp:1522` | operator |
-| `whoami` | — | `dispatch` | serial,ble | — | `src/firmware_commands.cpp:1625` | operator |
+| `admin-key` | — | `admin_client_router_arm` | serial | `MR_FEAT_RADMIN_CLIENT` | `src/firmware_commands.cpp:535` | controller_local |
+| `admin-target` | — | `admin_client_router_arm` | serial | `MR_FEAT_RADMIN_CLIENT` | `src/firmware_commands.cpp:536` | controller_local |
+| `acl` | — | `admin_router_arm` | serial | `MR_FEAT_RADMIN_ACCEPT` | `src/firmware_commands.cpp:376` | owner |
+| `admin-id` | — | `admin_router_arm` | serial | `MR_FEAT_RADMIN_ACCEPT` | `src/firmware_commands.cpp:375` | owner |
+| `cfg` | — | `dispatch` | serial,ble | — | `src/firmware_commands.cpp:1579` | operator |
+| `cfg set` | — | `dispatch` | serial,ble | — | `src/firmware_commands.cpp:1578` | operator |
+| `clear_inbox` | — | `dispatch` | serial,ble | — | `src/firmware_commands.cpp:1636` | owner |
+| `crashtest` | — | `dispatch` | serial,ble | — | `src/firmware_commands.cpp:1534` | owner D |
+| `create` | — | `dispatch` | serial,ble | `MR_N_LAYERS < 2` | `src/firmware_commands.cpp:1559` | operator D |
+| `debug` | — | `dispatch` | serial,ble | — | `src/firmware_commands.cpp:1581` | operator |
+| `del_msg` | — | `dispatch` | serial,ble | — | `src/firmware_commands.cpp:1633` | owner |
+| `duty` | — | `dispatch` | serial,ble | — | `src/firmware_commands.cpp:1547` | operator |
+| `factory_reset` | — | `dispatch` | serial,ble | — | `src/firmware_commands.cpp:1550` | owner D |
+| `faults` | — | `dispatch` | serial,ble | — | `src/firmware_commands.cpp:1525` | operator |
+| `gateway` | — | `dispatch` | serial,ble | — | `src/firmware_commands.cpp:1553` | operator D |
+| `hashof` | — | `dispatch` | serial,ble | — | `src/firmware_commands.cpp:1630` | operator |
+| `join` | — | `dispatch` | serial,ble | `MR_N_LAYERS < 2` | `src/firmware_commands.cpp:1555` | operator D |
+| `join (alias: create)` | — | `dispatch` | serial,ble | `!(MR_N_LAYERS < 2)` | `src/firmware_commands.cpp:1565` | operator D |
+| `joinprofile` | — | `dispatch` | serial,ble | `MR_N_LAYERS < 2` | `src/firmware_commands.cpp:1558` | operator |
+| `joinprofile` | `— refused gateway_build` | `dispatch` | serial,ble | `!(MR_N_LAYERS < 2)` | `src/firmware_commands.cpp:1572` | operator |
+| `leave` | — | `dispatch` | serial,ble | — | `src/firmware_commands.cpp:1577` | operator D |
+| `limits` | — | `dispatch` | serial,ble | — | `src/firmware_commands.cpp:1548` | operator |
+| `lock` | — | `dispatch` | serial,ble | `MR_FEAT_REMOTE_MGMT` | `src/firmware_commands.cpp:1640` | legacy |
+| `lookup` | — | `dispatch` | serial,ble | — | `src/firmware_commands.cpp:1628` | operator |
+| `mark_read` | — | `dispatch` | serial,ble | — | `src/firmware_commands.cpp:1632` | operator |
