[doctest] doctest version is "2.4.12"
[doctest] run with "--help" for options
[activation search] SF10 BW7800 CR8 preamble=16 slop=0 floor=155904 default=311808 ceiling=299999
===============================================================================
test/test_remote_session.cpp:1277:
TEST CASE:  §radmin-73/control armed or preparing promise is target-wide executing; unowned force remains same-slot

test/test_remote_session.cpp:1290: ERROR: CHECK( t.deliver(t.request(slot,static_cast<uint8_t>(opcode),2,{},11,same_layer_cmd()),11).verdict==RemoteAdmitVerdict::control_admitted ) is NOT correct!
  values: CHECK( 7 == 6 )

test/test_remote_session.cpp:1291: ERROR: CHECK( remote_control_next(t.st,view) ) is NOT correct!
  values: CHECK( false )

test/test_remote_session.cpp:1293: ERROR: CHECK( decision==RadminControlDecision::executing ) is NOT correct!
  values: CHECK( 3 == 2 )

test/test_remote_session.cpp:1297: ERROR: CHECK( remote_control_prepare(t.st,view,999,bytes,n,plan,install)==RemoteStatus::ok ) is NOT correct!
  values: CHECK( 4 == 0 )

test/test_remote_session.cpp:1290: ERROR: CHECK( t.deliver(t.request(slot,static_cast<uint8_t>(opcode),2,{},11,same_layer_cmd()),11).verdict==RemoteAdmitVerdict::control_admitted ) is NOT correct!
  values: CHECK( 7 == 6 )

test/test_remote_session.cpp:1291: ERROR: CHECK( remote_control_next(t.st,view) ) is NOT correct!
  values: CHECK( false )

test/test_remote_session.cpp:1293: ERROR: CHECK( decision==RadminControlDecision::executing ) is NOT correct!
  values: CHECK( 3 == 2 )

test/test_remote_session.cpp:1297: ERROR: CHECK( remote_control_prepare(t.st,view,999,bytes,n,plan,install)==RemoteStatus::ok ) is NOT correct!
  values: CHECK( 4 == 0 )

test/test_remote_session.cpp:1290: ERROR: CHECK( t.deliver(t.request(slot,static_cast<uint8_t>(opcode),2,{},11,same_layer_cmd()),11).verdict==RemoteAdmitVerdict::control_admitted ) is NOT correct!
  values: CHECK( 7 == 6 )

test/test_remote_session.cpp:1291: ERROR: CHECK( remote_control_next(t.st,view) ) is NOT correct!
  values: CHECK( false )

test/test_remote_session.cpp:1293: ERROR: CHECK( decision==RadminControlDecision::executing ) is NOT correct!
  values: CHECK( 3 == 2 )

test/test_remote_session.cpp:1297: ERROR: CHECK( remote_control_prepare(t.st,view,999,bytes,n,plan,install)==RemoteStatus::ok ) is NOT correct!
  values: CHECK( 4 == 0 )

test/test_remote_session.cpp:1290: ERROR: CHECK( t.deliver(t.request(slot,static_cast<uint8_t>(opcode),2,{},11,same_layer_cmd()),11).verdict==RemoteAdmitVerdict::control_admitted ) is NOT correct!
  values: CHECK( 7 == 6 )

test/test_remote_session.cpp:1291: ERROR: CHECK( remote_control_next(t.st,view) ) is NOT correct!
  values: CHECK( false )

test/test_remote_session.cpp:1293: ERROR: CHECK( decision==RadminControlDecision::executing ) is NOT correct!
  values: CHECK( 3 == 2 )

test/test_remote_session.cpp:1297: ERROR: CHECK( remote_control_prepare(t.st,view,999,bytes,n,plan,install)==RemoteStatus::ok ) is NOT correct!
  values: CHECK( 4 == 0 )

===============================================================================
[doctest] test cases:   2930 |   2929 passed |  1 failed | 0 skipped
[doctest] assertions: 189843 | 189827 passed | 16 failed |
[doctest] Status: FAILURE!
