Verbosity level can be increased via `-v, -vv, or -vvv` option
Collected 1 tests

Processing * in native environment
--------------------------------------------------------------------------------
Building...
In file included from test/test_firmware_action_admission.cpp:1:
test/test_firmware_action_admission.cpp: In lambda function:
.pio/libdeps/native/doctest/doctest/doctest.h:2824:57: error: static assertion failed: Exceptions are disabled! Use DOCTEST_CONFIG_NO_EXCEPTIONS_BUT_WITH_ALL_ASSERTS if you want to compile with exceptions disabled.
 2824 | #define DOCTEST_EXCEPTION_EMPTY_FUNC [] { static_assert(false, "Exceptions are disabled! " \
      |                                                         ^~~~~
.pio/libdeps/native/doctest/doctest/doctest.h:2840:25: note: in expansion of macro ‘DOCTEST_EXCEPTION_EMPTY_FUNC’
 2840 | #define DOCTEST_REQUIRE DOCTEST_EXCEPTION_EMPTY_FUNC
      |                         ^~~~~~~~~~~~~~~~~~~~~~~~~~~~
.pio/libdeps/native/doctest/doctest/doctest.h:2977:22: note: in expansion of macro ‘DOCTEST_REQUIRE’
 2977 | #define REQUIRE(...) DOCTEST_REQUIRE(__VA_ARGS__)
      |                      ^~~~~~~~~~~~~~~
test/test_firmware_action_admission.cpp:133:72: note: in expansion of macro ‘REQUIRE’
  133 |         const auto* p=command_policy_lookup(row.line,strlen(row.line));REQUIRE(p);
      |                                                                        ^~~~~~~
test/test_firmware_action_admission.cpp: In function ‘void DOCTEST_ANON_FUNC_12()’:
.pio/libdeps/native/doctest/doctest/doctest.h:2977:37: error: expression cannot be used as a function
 2977 | #define REQUIRE(...) DOCTEST_REQUIRE(__VA_ARGS__)
      |                                     ^
test/test_firmware_action_admission.cpp:133:72: note: in expansion of macro ‘REQUIRE’
  133 |         const auto* p=command_policy_lookup(row.line,strlen(row.line));REQUIRE(p);
      |                                                                        ^~~~~~~
*** [.pio/build/native/test/test_firmware_action_admission.o] Error 1
In file included from test/test_remote_session.cpp:23:
test/test_remote_session.cpp: In lambda function:
.pio/libdeps/native/doctest/doctest/doctest.h:2824:57: error: static assertion failed: Exceptions are disabled! Use DOCTEST_CONFIG_NO_EXCEPTIONS_BUT_WITH_ALL_ASSERTS if you want to compile with exceptions disabled.
 2824 | #define DOCTEST_EXCEPTION_EMPTY_FUNC [] { static_assert(false, "Exceptions are disabled! " \
      |                                                         ^~~~~
.pio/libdeps/native/doctest/doctest/doctest.h:2840:25: note: in expansion of macro ‘DOCTEST_EXCEPTION_EMPTY_FUNC’
 2840 | #define DOCTEST_REQUIRE DOCTEST_EXCEPTION_EMPTY_FUNC
      |                         ^~~~~~~~~~~~~~~~~~~~~~~~~~~~
.pio/libdeps/native/doctest/doctest/doctest.h:2977:22: note: in expansion of macro ‘DOCTEST_REQUIRE’
 2977 | #define REQUIRE(...) DOCTEST_REQUIRE(__VA_ARGS__)
      |                      ^~~~~~~~~~~~~~~
test/test_remote_session.cpp:1284:58: note: in expansion of macro ‘REQUIRE’
 1284 |         const auto si=remote_session_seen_find(t.st,0,1);REQUIRE(si<kRadminSeenSlots);
      |                                                          ^~~~~~~
test/test_remote_session.cpp: In function ‘void DOCTEST_ANON_FUNC_80()’:
.pio/libdeps/native/doctest/doctest/doctest.h:2977:37: error: expression cannot be used as a function
 2977 | #define REQUIRE(...) DOCTEST_REQUIRE(__VA_ARGS__)
      |                                     ^
test/test_remote_session.cpp:1284:58: note: in expansion of macro ‘REQUIRE’
 1284 |         const auto si=remote_session_seen_find(t.st,0,1);REQUIRE(si<kRadminSeenSlots);
      |                                                          ^~~~~~~
*** [.pio/build/native/test/test_remote_session.o] Error 1
test/test_node_remote_session.cpp: In function ‘void DOCTEST_ANON_FUNC_42()’:
test/test_node_remote_session.cpp:1335:21: warning: loop variable ‘pair’ creates a copy from type ‘const std::pair<unsigned char, long unsigned int>’ [-Wrange-loop-construct]
 1335 |     for (const auto pair : {std::pair<uint8_t,uint64_t>{0,1}, {1,2}, {2,3}, {0,4}}) {
      |                     ^~~~
test/test_node_remote_session.cpp:1335:21: note: use reference type to prevent copying
 1335 |     for (const auto pair : {std::pair<uint8_t,uint64_t>{0,1}, {1,2}, {2,3}, {0,4}}) {
      |                     ^~~~
      |                     &
In file included from test/test_node_remote_session.cpp:18:
test/test_node_remote_session.cpp: In lambda function:
.pio/libdeps/native/doctest/doctest/doctest.h:2824:57: error: static assertion failed: Exceptions are disabled! Use DOCTEST_CONFIG_NO_EXCEPTIONS_BUT_WITH_ALL_ASSERTS if you want to compile with exceptions disabled.
 2824 | #define DOCTEST_EXCEPTION_EMPTY_FUNC [] { static_assert(false, "Exceptions are disabled! " \
      |                                                         ^~~~~
.pio/libdeps/native/doctest/doctest/doctest.h:2840:25: note: in expansion of macro ‘DOCTEST_EXCEPTION_EMPTY_FUNC’
 2840 | #define DOCTEST_REQUIRE DOCTEST_EXCEPTION_EMPTY_FUNC
      |                         ^~~~~~~~~~~~~~~~~~~~~~~~~~~~
.pio/libdeps/native/doctest/doctest/doctest.h:2977:22: note: in expansion of macro ‘DOCTEST_REQUIRE’
 2977 | #define REQUIRE(...) DOCTEST_REQUIRE(__VA_ARGS__)
      |                      ^~~~~~~~~~~~~~~
test/test_node_remote_session.cpp:1514:5: note: in expansion of macro ‘REQUIRE’
 1514 |     REQUIRE(si<kRadminSeenSlots);const auto ti=s.seen[si].record.transcript_slot;
      |     ^~~~~~~
test/test_node_remote_session.cpp: In function ‘void DOCTEST_ANON_FUNC_50()’:
.pio/libdeps/native/doctest/doctest/doctest.h:2977:37: error: expression cannot be used as a function
 2977 | #define REQUIRE(...) DOCTEST_REQUIRE(__VA_ARGS__)
      |                                     ^
test/test_node_remote_session.cpp:1514:5: note: in expansion of macro ‘REQUIRE’
 1514 |     REQUIRE(si<kRadminSeenSlots);const auto ti=s.seen[si].record.transcript_slot;
      |     ^~~~~~~
test/test_node_remote_session.cpp: In lambda function:
.pio/libdeps/native/doctest/doctest/doctest.h:2824:57: error: static assertion failed: Exceptions are disabled! Use DOCTEST_CONFIG_NO_EXCEPTIONS_BUT_WITH_ALL_ASSERTS if you want to compile with exceptions disabled.
 2824 | #define DOCTEST_EXCEPTION_EMPTY_FUNC [] { static_assert(false, "Exceptions are disabled! " \
      |                                                         ^~~~~
.pio/libdeps/native/doctest/doctest/doctest.h:2840:25: note: in expansion of macro ‘DOCTEST_EXCEPTION_EMPTY_FUNC’
 2840 | #define DOCTEST_REQUIRE DOCTEST_EXCEPTION_EMPTY_FUNC
      |                         ^~~~~~~~~~~~~~~~~~~~~~~~~~~~
.pio/libdeps/native/doctest/doctest/doctest.h:2977:22: note: in expansion of macro ‘DOCTEST_REQUIRE’
 2977 | #define REQUIRE(...) DOCTEST_REQUIRE(__VA_ARGS__)
      |                      ^~~~~~~~~~~~~~~
test/test_node_remote_session.cpp:1515:5: note: in expansion of macro ‘REQUIRE’
 1515 |     REQUIRE(ti<kRadminTranscriptSlots);CHECK(s.action.phase==RemoteActionPhase::prepared);
      |     ^~~~~~~
test/test_node_remote_session.cpp: In function ‘void DOCTEST_ANON_FUNC_50()’:
.pio/libdeps/native/doctest/doctest/doctest.h:2977:37: error: expression cannot be used as a function
 2977 | #define REQUIRE(...) DOCTEST_REQUIRE(__VA_ARGS__)
      |                                     ^
test/test_node_remote_session.cpp:1515:5: note: in expansion of macro ‘REQUIRE’
 1515 |     REQUIRE(ti<kRadminTranscriptSlots);CHECK(s.action.phase==RemoteActionPhase::prepared);
      |     ^~~~~~~
test/test_node_remote_session.cpp: In lambda function:
.pio/libdeps/native/doctest/doctest/doctest.h:2824:57: error: static assertion failed: Exceptions are disabled! Use DOCTEST_CONFIG_NO_EXCEPTIONS_BUT_WITH_ALL_ASSERTS if you want to compile with exceptions disabled.
 2824 | #define DOCTEST_EXCEPTION_EMPTY_FUNC [] { static_assert(false, "Exceptions are disabled! " \
      |                                                         ^~~~~
.pio/libdeps/native/doctest/doctest/doctest.h:2840:25: note: in expansion of macro ‘DOCTEST_EXCEPTION_EMPTY_FUNC’
 2840 | #define DOCTEST_REQUIRE DOCTEST_EXCEPTION_EMPTY_FUNC
      |                         ^~~~~~~~~~~~~~~~~~~~~~~~~~~~
.pio/libdeps/native/doctest/doctest/doctest.h:2977:22: note: in expansion of macro ‘DOCTEST_REQUIRE’
 2977 | #define REQUIRE(...) DOCTEST_REQUIRE(__VA_ARGS__)
      |                      ^~~~~~~~~~~~~~~
test/test_node_remote_session.cpp:1575:9: note: in expansion of macro ‘REQUIRE’
 1575 |         REQUIRE(t.node.tx_queue_full());const auto before=t.node.admin_session_state();
      |         ^~~~~~~
test/test_node_remote_session.cpp: In function ‘void DOCTEST_ANON_FUNC_54()’:
.pio/libdeps/native/doctest/doctest/doctest.h:2977:37: error: expression cannot be used as a function
 2977 | #define REQUIRE(...) DOCTEST_REQUIRE(__VA_ARGS__)
      |                                     ^
test/test_node_remote_session.cpp:1575:9: note: in expansion of macro ‘REQUIRE’
 1575 |         REQUIRE(t.node.tx_queue_full());const auto before=t.node.admin_session_state();
      |         ^~~~~~~
*** [.pio/build/native/test/test_node_remote_session.o] Error 1
Building stage has failed, see errors above. Use `pio test -vvv` option to enable verbose output.
--------------------- native:* [ERRORED] Took 2.13 seconds ---------------------

=================================== SUMMARY ===================================
Environment    Test    Status    Duration
-------------  ------  --------  ------------
native         *       ERRORED   00:00:02.132
================== 1 test cases: 0 succeeded in 00:00:02.132 ==================
