-- target a0rx: /tmp/mr-s10-r2-_iyw9vw8/union-inputs/lib/core/node_mac_rx.cpp (7 entries)
-- selection: IN FULL (all 7 entries)
-- workers: 3
-- scratch root: /tmp/mr_mutation_run-rnfh4h2q   (removed on exit; MR_MUT_KEEP_SCRATCH=1 to keep)
  [w0] -- target a0rx: /tmp/mr_mutation_run-rnfh4h2q/w0/lib/core/node_mac_rx.cpp (3 of 7 entries in this shard)
  [w0] -- baseline gate: THIS WORKER'S OWN clean tree must run 0 FAILED; its own counts become this shard's baseline
  [w1] -- target a0rx: /tmp/mr_mutation_run-rnfh4h2q/w1/lib/core/node_mac_rx.cpp (2 of 7 entries in this shard)
  [w1] -- baseline gate: THIS WORKER'S OWN clean tree must run 0 FAILED; its own counts become this shard's baseline
  [w2] -- target a0rx: /tmp/mr_mutation_run-rnfh4h2q/w2/lib/core/node_mac_rx.cpp (2 of 7 entries in this shard)
  [w2] -- baseline gate: THIS WORKER'S OWN clean tree must run 0 FAILED; its own counts become this shard's baseline
  [w1]   ABORT the clean tree is RED — 2950 / 195770 / 5 FAILED. Every mutation below would read RED for the wrong reason. No mutation was applied.
  [w1]         TEST CASE:  §B278-S3/20 the bounded translation action is 56 B of value types and costs Node nothing
  [w1]         test/test_custody_receive_g.cpp:2315: ERROR: CHECK( sizeof(Node) == 235248 ) is NOT correct!
  [w1]         TEST CASE:  device_nv: the record sizes the version policy guards are what the stored layout expects
  [w1]         test/test_device_nv.cpp:526: ERROR: CHECK( kVersion == 25 ) is NOT correct!
  [w1]         test/test_device_nv.cpp:527: ERROR: CHECK( kVersionMinLoad == 25 ) is NOT correct!
  [w1]         test/test_device_nv.cpp:528: ERROR: CHECK( sizeof(Blob) == 280 ) is NOT correct!
  [w1]         test/test_device_nv.cpp:530: ERROR: CHECK( __builtin_offsetof (Blob, remote_action_activation_ms) == 276 ) is NOT correct!
  [w2]   ABORT the clean tree is RED — 2950 / 195770 / 5 FAILED. Every mutation below would read RED for the wrong reason. No mutation was applied.
  [w2]         TEST CASE:  §B278-S3/20 the bounded translation action is 56 B of value types and costs Node nothing
  [w2]         test/test_custody_receive_g.cpp:2315: ERROR: CHECK( sizeof(Node) == 235248 ) is NOT correct!
  [w2]         TEST CASE:  device_nv: the record sizes the version policy guards are what the stored layout expects
  [w2]         test/test_device_nv.cpp:526: ERROR: CHECK( kVersion == 25 ) is NOT correct!
  [w2]         test/test_device_nv.cpp:527: ERROR: CHECK( kVersionMinLoad == 25 ) is NOT correct!
  [w2]         test/test_device_nv.cpp:528: ERROR: CHECK( sizeof(Blob) == 280 ) is NOT correct!
  [w2]         test/test_device_nv.cpp:530: ERROR: CHECK( __builtin_offsetof (Blob, remote_action_activation_ms) == 276 ) is NOT correct!
  [w0]   ABORT the clean tree is RED — 2950 / 195770 / 5 FAILED. Every mutation below would read RED for the wrong reason. No mutation was applied.
  [w0]         TEST CASE:  §B278-S3/20 the bounded translation action is 56 B of value types and costs Node nothing
  [w0]         test/test_custody_receive_g.cpp:2315: ERROR: CHECK( sizeof(Node) == 235248 ) is NOT correct!
  [w0]         TEST CASE:  device_nv: the record sizes the version policy guards are what the stored layout expects
  [w0]         test/test_device_nv.cpp:526: ERROR: CHECK( kVersion == 25 ) is NOT correct!
  [w0]         test/test_device_nv.cpp:527: ERROR: CHECK( kVersionMinLoad == 25 ) is NOT correct!
  [w0]         test/test_device_nv.cpp:528: ERROR: CHECK( sizeof(Blob) == 280 ) is NOT correct!
  [w0]         test/test_device_nv.cpp:530: ERROR: CHECK( __builtin_offsetof (Blob, remote_action_activation_ms) == 276 ) is NOT correct!

======================================================================================================================
-- MERGED REPORT — target a0rx: /tmp/mr-s10-r2-_iyw9vw8/union-inputs/lib/core/node_mac_rx.cpp
  MISSING A04 ★★★ THE MISSING DEFAULT ARM IS INSTALLED (Slice B's fail-closed rule, applied early) — an addressed unknown type is dropped instead of inboxed, so the pre-transition fall-through stops being pinned — NO VERDICT (its worker did not report it)
  MISSING A08 ★★★ THE E2E-ACK REPLY IS GATED ON A KNOWN TYPE — an unknown addressed type stops earning an ACK, so the amplification half of the unknown-type fall-through ([[A0-F3]]) stops being pinned — NO VERDICT (its worker did not report it)
  MISSING 1b-01 ★★★ THE ACCEPT-OWNED CALL IS DELETED FROM THE DISPATCH — a REMOTE_CMD is still CONSUMED (become_free + return) but nothing stages it, so the command is swallowed in silence: no slot, no main-loop execution, and no fail-closed drop either — NO VERDICT (its worker did not report it)
  MISSING 1b-02 ★★★ THE CLIENT-OWNED CALL IS DELETED FROM THE DISPATCH — a REMOTE_RESP is consumed and never staged, so the issuer's reply disappears with no drop, no print and no evidence — NO VERDICT (its worker did not report it)
  MISSING 1b-03 ★★★ THE ACCEPT ARM STOPS CONSUMING — a staged REMOTE_CMD falls through to the fail-closed internal guard as well, so a HANDLED type reports itself unsupported (and any later arm gets a second opinion on it) — NO VERDICT (its worker did not report it)
  MISSING 1b-04 ★★★ THE TWO OWNED CALLS ARE SWAPPED AT THE DISPATCH — a REMOTE_CMD is handed to the CLIENT entry point, so an incoming command stages as `is_response=true` and fw_main would PRINT it instead of executing it — NO VERDICT (its worker did not report it)
  MISSING A05 ★★★ THE E2E-ACK ARM STOPS CONSUMING — the receipt falls through to the generic deliver, so an ack becomes an ordinary inbox message and the "consumed types are not delivered" control stops being pinned — NO VERDICT (its worker did not report it)
  worker 0: 0/3 entries, 0 RED / 0 worthless, wall 0.0s, rc 2, source restored: md5 None (DIFFERS — FAIL)   /tmp/mr_mutation_run-rnfh4h2q/w0
  worker 1: 0/2 entries, 0 RED / 0 worthless, wall 0.0s, rc 2, source restored: md5 None (DIFFERS — FAIL)   /tmp/mr_mutation_run-rnfh4h2q/w1
  worker 2: 0/2 entries, 0 RED / 0 worthless, wall 0.0s, rc 2, source restored: md5 None (DIFFERS — FAIL)   /tmp/mr_mutation_run-rnfh4h2q/w2
real tree untouched: all 62 target files byte-identical to launch (md5); no build ran in /tmp/mr-s10-r2-_iyw9vw8/union-inputs
timing: copy 3.7s + battery 91.9s = 95.7s total, 7 entries over 3 worker(s)
mutations: 0 RED / 7 unusable (of which 7 MISSING — never judged)
  ################################################################################################################
  ##  ⛔ RUN INTEGRITY FAILURE — this run's verdicts may NOT be read as a battery result.
  ##    worker 0 exited 2 — not a verdict code (0 = all RED, 1 = something worthless); its shard was not completed
  ##    worker 0 did not report its source restored
  ##    worker 1 exited 2 — not a verdict code (0 = all RED, 1 = something worthless); its shard was not completed
  ##    worker 1 did not report its source restored
  ##    worker 2 exited 2 — not a verdict code (0 = all RED, 1 = something worthless); its shard was not completed
  ##    worker 2 did not report its source restored
  ##    no worker derived a clean baseline — nothing measured a clean tree
  ##    7 selected entries came back with NO verdict: A04, A08, 1b-01, 1b-02, 1b-03, 1b-04, A05
  ##  A shard that did not report is NOT a shard that passed ([[B227]]/[[B237]]).
  ################################################################################################################
