-- target b134store: /tmp/mr-s10-r2-_iyw9vw8/union-inputs/lib/core/segmented_inbox_store.h (39 entries)
-- selection: IN FULL (all 39 entries)
-- workers: 3
-- scratch root: /tmp/mr_mutation_run-qxphu4lo   (removed on exit; MR_MUT_KEEP_SCRATCH=1 to keep)
  [w0] -- target b134store: /tmp/mr_mutation_run-qxphu4lo/w0/lib/core/segmented_inbox_store.h (13 of 39 entries in this shard)
  [w0] -- baseline gate: THIS WORKER'S OWN clean tree must run 0 FAILED; its own counts become this shard's baseline
  [w2] -- target b134store: /tmp/mr_mutation_run-qxphu4lo/w2/lib/core/segmented_inbox_store.h (13 of 39 entries in this shard)
  [w2] -- baseline gate: THIS WORKER'S OWN clean tree must run 0 FAILED; its own counts become this shard's baseline
  [w1] -- target b134store: /tmp/mr_mutation_run-qxphu4lo/w1/lib/core/segmented_inbox_store.h (13 of 39 entries in this shard)
  [w1] -- baseline gate: THIS WORKER'S OWN clean tree must run 0 FAILED; its own counts become this shard's baseline
  [w2]   ABORT the clean tree is RED — 2950 / 195770 / 5 FAILED. Every mutation below would read RED for the wrong reason. No mutation was applied.
  [w2]         TEST CASE:  §B278-S3/20 the bounded translation action is 56 B of value types and costs Node nothing
  [w2]         test/test_custody_receive_g.cpp:2315: ERROR: CHECK( sizeof(Node) == 235248 ) is NOT correct!
  [w2]         TEST CASE:  device_nv: the record sizes the version policy guards are what the stored layout expects
  [w2]         test/test_device_nv.cpp:526: ERROR: CHECK( kVersion == 25 ) is NOT correct!
  [w2]         test/test_device_nv.cpp:527: ERROR: CHECK( kVersionMinLoad == 25 ) is NOT correct!
  [w2]         test/test_device_nv.cpp:528: ERROR: CHECK( sizeof(Blob) == 280 ) is NOT correct!
  [w2]         test/test_device_nv.cpp:530: ERROR: CHECK( __builtin_offsetof (Blob, remote_action_activation_ms) == 276 ) is NOT correct!
  [w1]   ABORT the clean tree is RED — 2950 / 195770 / 5 FAILED. Every mutation below would read RED for the wrong reason. No mutation was applied.
  [w1]         TEST CASE:  §B278-S3/20 the bounded translation action is 56 B of value types and costs Node nothing
  [w1]         test/test_custody_receive_g.cpp:2315: ERROR: CHECK( sizeof(Node) == 235248 ) is NOT correct!
  [w1]         TEST CASE:  device_nv: the record sizes the version policy guards are what the stored layout expects
  [w1]         test/test_device_nv.cpp:526: ERROR: CHECK( kVersion == 25 ) is NOT correct!
  [w1]         test/test_device_nv.cpp:527: ERROR: CHECK( kVersionMinLoad == 25 ) is NOT correct!
  [w1]         test/test_device_nv.cpp:528: ERROR: CHECK( sizeof(Blob) == 280 ) is NOT correct!
  [w1]         test/test_device_nv.cpp:530: ERROR: CHECK( __builtin_offsetof (Blob, remote_action_activation_ms) == 276 ) is NOT correct!
  [w0]   ABORT the clean tree is RED — 2950 / 195770 / 5 FAILED. Every mutation below would read RED for the wrong reason. No mutation was applied.
  [w0]         TEST CASE:  §B278-S3/20 the bounded translation action is 56 B of value types and costs Node nothing
  [w0]         test/test_custody_receive_g.cpp:2315: ERROR: CHECK( sizeof(Node) == 235248 ) is NOT correct!
  [w0]         TEST CASE:  device_nv: the record sizes the version policy guards are what the stored layout expects
  [w0]         test/test_device_nv.cpp:526: ERROR: CHECK( kVersion == 25 ) is NOT correct!
  [w0]         test/test_device_nv.cpp:527: ERROR: CHECK( kVersionMinLoad == 25 ) is NOT correct!
  [w0]         test/test_device_nv.cpp:528: ERROR: CHECK( sizeof(Blob) == 280 ) is NOT correct!
  [w0]         test/test_device_nv.cpp:530: ERROR: CHECK( __builtin_offsetof (Blob, remote_action_activation_ms) == 276 ) is NOT correct!

======================================================================================================================
-- MERGED REPORT — target b134store: /tmp/mr-s10-r2-_iyw9vw8/union-inputs/lib/core/segmented_inbox_store.h
  MISSING G01 ★★★ wipe() reverts to the base NO-OP — `factory_reset confirm` and `prep-restart` leave the ENTIRE durable history on the medium, which is the exact state [[B134]] exists to end — NO VERDICT (its worker did not report it)
  MISSING G02 ★★ wipe() erases the records but leaves the ring bookkeeping stale (its nRF52 twin's shape) — the store resumes at a head that describes bytes that no longer exist — NO VERDICT (its worker did not report it)
  MISSING G04 ★★ wipe() also resets next_seq — 'a wipe means start over' makes a wiped store REUSE sequences the companion has already filed, which no epoch bump can repair — NO VERDICT (its worker did not report it)
  MISSING G05 ★★★ THE BLOCKER VERBATIM: the ROTATION's save_meta() result is discarded again — the head moves, the record is written and `append` returns TRUE while the persisted meta still points at the OLD head, so a reboot loses an ACKNOWLEDGED record and a tombstone written this way lets the deleted message COME BACK — NO VERDICT (its worker did not report it)
  MISSING G06 ★★★ the RETRY-BEFORE-WRITE latch is dropped — after one failed save the store keeps accepting records under a topology the medium does not have, and never re-persists it either — NO VERDICT (its worker did not report it)
  MISSING G07 ★★ the retry is attempted but its RESULT is ignored — 'we tried, carry on': the append proceeds under the same unpersisted topology it was supposed to refuse — NO VERDICT (its worker did not report it)
  MISSING G08 ★★★ begin()'s FRESH-baseline save goes back to persisting nothing — the store runs with no topology, epoch or high-water on the medium, and a reboot inside the first seq batch REUSES sequences over a live log — NO VERDICT (its worker did not report it)
  MISSING G09 ★★ begin()'s §10.1 epoch-bump save is unchecked — the records were wiped, the bump never reaches the medium, and the companion keeps its cursors against a history that no longer exists — NO VERDICT (its worker did not report it)
  MISSING G10 ★★ the ROLL's target-segment erase is unchecked — stale lapped bytes survive into the new head and read_since parses them as frames (the §B135 mis-parse arriving from the other end) — NO VERDICT (its worker did not report it)
  MISSING G11 ★★★ wipe() ignores every erase result — `prep-restart` and `factory_reset` report a cleared inbox over records that are still RECOVERABLE on flash (a data-retention lie, the worst direction) — NO VERDICT (its worker did not report it)
  MISSING G12 ★★ wipe() ignores the metadata half — the segments went but the topology saying so did not, and the verb still claims success — NO VERDICT (its worker did not report it)
  MISSING G13 ★★ wipe() STOPS at the first failing segment — same `false`, but strictly MORE recoverable history left behind, which is the opposite of what a destructive verb owes — NO VERDICT (its worker did not report it)
  MISSING G15 ★★★ THE ROUND-2 BLOCKER VERBATIM: the fresh-vs-corrupted DISCRIMINATOR is dropped — missing/invalid metadata over EXISTING records re-initialises again, so head/tail reset to 0/0 hides every segment past the first and next_seq resets to 1 over a log the companion has already filed — NO VERDICT (its worker did not report it)
  MISSING G16 ★★★ the INSPECTION FAILURE is mapped onto 'no records' — the other door into the same silent re-init: a records store that could not ANSWER is treated as one that answered 'empty' — NO VERDICT (its worker did not report it)
  MISSING G17 ★★ the discriminator is inverted by trusting `formatted` alone — a store that mounted CLEANLY over live records is re-initialised because nothing had to be formatted — NO VERDICT (its worker did not report it)
  MISSING G18 ★★ the discriminator REFUSES EVERY torn meta, records or not — first boot and every post-format boot then come up with a dead inbox, which is the 19.7 reflash-wipes-once expectation broken from the safe side — NO VERDICT (its worker did not report it)
  MISSING G19 ★★★ THE ROUND-3 BLOCKER VERBATIM: a CORRUPT meta is read back as ABSENT — so corrupt metadata over an EMPTY record store is 'first boot' again, which is exactly the post-prep-restart state where the meta is the only thing still holding the sequence high-water and the epoch — NO VERDICT (its worker did not report it)
  MISSING G20 ★★ the OTHER direction: a genuinely ABSENT meta is treated as corrupt, so FIRST BOOT refuses to mount and every freshly flashed node comes up with a dead inbox (19.7 broken from the safe side) — NO VERDICT (its worker did not report it)
  MISSING G21 ★★★ `load_meta` stops classifying a STRUCTURALLY IMPOSSIBLE blob as an error and calls it absent again — the same conflation one layer down, where a torn seg_count/head/tail becomes 'we must be fresh' — NO VERDICT (its worker did not report it)
  MISSING G23 ★★★ THE ROUND-5 BLOCKER VERBATIM: the §10.1 detect goes back to guarding on `next_seq > 1`, which says 'this store once had traffic' and stays true for ever — so every reboot of an empty store bumps the epoch again (2, 3, 4...) and the companion re-pulls an unchanged empty inbox on each one — NO VERDICT (its worker did not report it)
  MISSING G24 ★★★ the detect stops RECORDING the acknowledgement — it bumps correctly once but never marks the store empty, so the very next boot detects the same loss again: the ratchet restored one line lower — NO VERDICT (its worker did not report it)
  MISSING G25 ★★★ the EMPTY -> NON_EMPTY transition's save is unchecked — a record is acknowledged under a marker that never reached the medium, so the next boot reads it as an external loss and bumps for nothing — NO VERDICT (its worker did not report it)
  MISSING G26 ★★ ...or the transition is not persisted AT ALL — the marker lives only in RAM, so every boot after a wipe re-detects the first append's records as a loss — NO VERDICT (its worker did not report it)
  MISSING G27 ★★★ the WIPE transition's bump+mark is dropped — a deliberate wipe stops telling the companion anything, and the §10.1 arm then has to re-derive it on the next boot (which is the ratchet again) — NO VERDICT (its worker did not report it)
  MISSING G28 ★★ the wipe bumps UNCONDITIONALLY — wiping an already-empty store destroyed no history but still tells every companion to drop its cursors and re-pull — NO VERDICT (its worker did not report it)
  MISSING G29 ★★★ THE EXTERNAL-LOSS ARM IS DROPPED ENTIRELY — §10.1 goes dead, so a records wipe outside this store is never announced and the companion reads its cursors against a history that no longer exists — NO VERDICT (its worker did not report it)
  MISSING G37 ★★★ THE ROUND-7 BLOCKER VERBATIM: the save result is discarded, so `mark_read` reports success over a cursor that never reached the medium — NO VERDICT (its worker did not report it)
  MISSING G38 ★★★ the failed value is RETAINED in RAM — the cursor then LOOKS persisted, and the retry with the same value is swallowed by the coalescing, so the medium can never be repaired — NO VERDICT (its worker did not report it)
  MISSING G39 ★★★ the coalescing stops consulting the dirty latch — a repeat of the same cursor short-circuits to success even while the store knows its metadata did not persist — NO VERDICT (its worker did not report it)
  MISSING G40 ★★ the wear guard is removed instead of being made dirty-aware — every mark_read in a pull session rewrites the meta blob again, which is the churn the coalescing exists to stop — NO VERDICT (its worker did not report it)
  MISSING G41 ★★ `set_next_seq` keeps the un-persisted high-water in RAM — `persisted_next_seq()` then reports a value that is not on the medium, which is the same over-claim one field along — NO VERDICT (its worker did not report it)
  MISSING G30 ★★★ THE ROUND-6 GAP VERBATIM: the pending state is dropped and the marker goes straight to `non_empty` before any bytes are written — a first append whose record write then lands NOTHING leaves that claim over an empty medium, and the next boot bumps the epoch for a message that never existed — NO VERDICT (its worker did not report it)
  MISSING G31 ★★★ pending resolves to `non_empty` REGARDLESS of the medium — 'an append was attempted, so there must be something there': the resolve stops looking and the false-wipe bump comes straight back — NO VERDICT (its worker did not report it)
  MISSING G32 ★★ ...or to `empty` regardless — the opposite guess, which DISARMS §10.1 for a store whose records really did land and then really were lost — NO VERDICT (its worker did not report it)
  MISSING G33 ★★★ the pending RESOLUTION bumps the epoch — resolving a bookkeeping question is reported to the companion as a wipe, so every interrupted append costs a full re-pull — NO VERDICT (its worker did not report it)
  MISSING G34 ★★★ the records_state RANGE CHECK is removed — a corrupt marker value falls through every arm that tests it, so the store mounts with fault=0 over a partition it cannot classify and §10.1 is bypassed entirely — NO VERDICT (its worker did not report it)
  MISSING G35 ★★ the range check REFUSES A VALID VALUE (`pending` becomes out of range) — every store caught mid-append then refuses to mount for ever, which is the guard broken from the safe side — NO VERDICT (its worker did not report it)
  MISSING G36 ★★ the wipe's pending arm stops consulting the medium and treats pending as history — an append that never landed then makes a wipe announce a loss that did not happen — NO VERDICT (its worker did not report it)
  MISSING G14 ★ the EVICTION path charges back bytes it never erased — `_total` under-counts the medium, so the byte cap stops capping and the partition fills past its ring — NO VERDICT (its worker did not report it)
  worker 0: 0/13 entries, 0 RED / 0 worthless, wall 0.0s, rc 2, source restored: md5 None (DIFFERS — FAIL)   /tmp/mr_mutation_run-qxphu4lo/w0
  worker 1: 0/13 entries, 0 RED / 0 worthless, wall 0.0s, rc 2, source restored: md5 None (DIFFERS — FAIL)   /tmp/mr_mutation_run-qxphu4lo/w1
  worker 2: 0/13 entries, 0 RED / 0 worthless, wall 0.0s, rc 2, source restored: md5 None (DIFFERS — FAIL)   /tmp/mr_mutation_run-qxphu4lo/w2
real tree untouched: all 62 target files byte-identical to launch (md5); no build ran in /tmp/mr-s10-r2-_iyw9vw8/union-inputs
timing: copy 8.2s + battery 10.8s = 19.1s total, 39 entries over 3 worker(s)
mutations: 0 RED / 39 unusable (of which 39 MISSING — never judged)
  ################################################################################################################
  ##  ⛔ RUN INTEGRITY FAILURE — this run's verdicts may NOT be read as a battery result.
  ##    worker 0 exited 2 — not a verdict code (0 = all RED, 1 = something worthless); its shard was not completed
  ##    worker 0 did not report its source restored
  ##    worker 1 exited 2 — not a verdict code (0 = all RED, 1 = something worthless); its shard was not completed
  ##    worker 1 did not report its source restored
  ##    worker 2 exited 2 — not a verdict code (0 = all RED, 1 = something worthless); its shard was not completed
  ##    worker 2 did not report its source restored
  ##    no worker derived a clean baseline — nothing measured a clean tree
  ##    39 selected entries came back with NO verdict: G01, G02, G04, G05, G06, G07, G08, G09, G10, G11, G12, G13, G15, G16, G17, G18, G19, G20, G21, G23, G24, G25, G26, G27, G28, G29, G37, G38, G39, G40, G41, G30, G31, G32, G33, G34, G35, G36, G14
  ##  A shard that did not report is NOT a shard that passed ([[B227]]/[[B237]]).
  ################################################################################################################
