-- target b251rx: /tmp/mr-s10-r2-_iyw9vw8/union-inputs/lib/core/node_mac_rx.cpp (19 entries)
-- selection: IN FULL (all 19 entries)
-- workers: 3
-- scratch root: /tmp/mr_mutation_run-z8gnyocv   (removed on exit; MR_MUT_KEEP_SCRATCH=1 to keep)
  [w0] -- target b251rx: /tmp/mr_mutation_run-z8gnyocv/w0/lib/core/node_mac_rx.cpp (7 of 19 entries in this shard)
  [w0] -- baseline gate: THIS WORKER'S OWN clean tree must run 0 FAILED; its own counts become this shard's baseline
  [w1] -- target b251rx: /tmp/mr_mutation_run-z8gnyocv/w1/lib/core/node_mac_rx.cpp (6 of 19 entries in this shard)
  [w1] -- baseline gate: THIS WORKER'S OWN clean tree must run 0 FAILED; its own counts become this shard's baseline
  [w2] -- target b251rx: /tmp/mr_mutation_run-z8gnyocv/w2/lib/core/node_mac_rx.cpp (6 of 19 entries in this shard)
  [w2] -- baseline gate: THIS WORKER'S OWN clean tree must run 0 FAILED; its own counts become this shard's baseline
  [w0]   ABORT the clean tree is RED — 2950 / 195770 / 5 FAILED. Every mutation below would read RED for the wrong reason. No mutation was applied.
  [w0]         TEST CASE:  §B278-S3/20 the bounded translation action is 56 B of value types and costs Node nothing
  [w0]         test/test_custody_receive_g.cpp:2315: ERROR: CHECK( sizeof(Node) == 235248 ) is NOT correct!
  [w0]         TEST CASE:  device_nv: the record sizes the version policy guards are what the stored layout expects
  [w0]         test/test_device_nv.cpp:526: ERROR: CHECK( kVersion == 25 ) is NOT correct!
  [w0]         test/test_device_nv.cpp:527: ERROR: CHECK( kVersionMinLoad == 25 ) is NOT correct!
  [w0]         test/test_device_nv.cpp:528: ERROR: CHECK( sizeof(Blob) == 280 ) is NOT correct!
  [w0]         test/test_device_nv.cpp:530: ERROR: CHECK( __builtin_offsetof (Blob, remote_action_activation_ms) == 276 ) is NOT correct!
  [w2]   ABORT the clean tree is RED — 2950 / 195770 / 5 FAILED. Every mutation below would read RED for the wrong reason. No mutation was applied.
  [w2]         TEST CASE:  §B278-S3/20 the bounded translation action is 56 B of value types and costs Node nothing
  [w2]         test/test_custody_receive_g.cpp:2315: ERROR: CHECK( sizeof(Node) == 235248 ) is NOT correct!
  [w2]         TEST CASE:  device_nv: the record sizes the version policy guards are what the stored layout expects
  [w2]         test/test_device_nv.cpp:526: ERROR: CHECK( kVersion == 25 ) is NOT correct!
  [w2]         test/test_device_nv.cpp:527: ERROR: CHECK( kVersionMinLoad == 25 ) is NOT correct!
  [w2]         test/test_device_nv.cpp:528: ERROR: CHECK( sizeof(Blob) == 280 ) is NOT correct!
  [w2]         test/test_device_nv.cpp:530: ERROR: CHECK( __builtin_offsetof (Blob, remote_action_activation_ms) == 276 ) is NOT correct!
  [w1]   ABORT the clean tree is RED — 2950 / 195770 / 5 FAILED. Every mutation below would read RED for the wrong reason. No mutation was applied.
  [w1]         TEST CASE:  §B278-S3/20 the bounded translation action is 56 B of value types and costs Node nothing
  [w1]         test/test_custody_receive_g.cpp:2315: ERROR: CHECK( sizeof(Node) == 235248 ) is NOT correct!
  [w1]         TEST CASE:  device_nv: the record sizes the version policy guards are what the stored layout expects
  [w1]         test/test_device_nv.cpp:526: ERROR: CHECK( kVersion == 25 ) is NOT correct!
  [w1]         test/test_device_nv.cpp:527: ERROR: CHECK( kVersionMinLoad == 25 ) is NOT correct!
  [w1]         test/test_device_nv.cpp:528: ERROR: CHECK( sizeof(Blob) == 280 ) is NOT correct!
  [w1]         test/test_device_nv.cpp:530: ERROR: CHECK( __builtin_offsetof (Blob, remote_action_activation_ms) == 276 ) is NOT correct!

======================================================================================================================
-- MERGED REPORT — target b251rx: /tmp/mr-s10-r2-_iyw9vw8/union-inputs/lib/core/node_mac_rx.cpp
  MISSING X01 B251 translation is removed, restoring the downstream home/mobile counter alias — NO VERDICT (its worker did not report it)
  MISSING X02 B251 first-hop identity is rebuilt from current row zero instead of the accepted hosted-mobile row — NO VERDICT (its worker did not report it)
  MISSING X03 B251 the hosted-mobile hash discriminator is dropped from the seen-origin key — NO VERDICT (its worker did not report it)
  MISSING X04 B251 ordinary CRYPTED mobile transit is admitted to counter rewriting — NO VERDICT (its worker did not report it)
  MISSING X05 B251 mobile_from alone authorises translation, collapsing TEAM and static planes — NO VERDICT (its worker did not report it)
  MISSING X06 B251 a mismatching SOURCE_HASH is allowed to borrow the hosted row's translation authority — NO VERDICT (its worker did not report it)
  MISSING X07 B251 queue/correlation pressure is checked but ignored, so the mobile is hop-ACKed anyway — NO VERDICT (its worker did not report it)
  MISSING X09 B251 completed-flight lookup drops the immediate sender, so two mobiles can alias before DATA — NO VERDICT (its worker did not report it)
  MISSING X10 B278 R1=A is defeated: a plain non-E2E delegated transit now reserves a correlation row — NO VERDICT (its worker did not report it)
  MISSING X11 B278 the long-busy BUSY_RX REQUEUE is deleted, so a refused -a send dies on its first NACK — NO VERDICT (its worker did not report it)
  MISSING X13 B278 S1b the wrapper reservation IGNORES `has_cross_layer`, so a cross-layer wrapper gets a candidate — NO VERDICT (its worker did not report it)
  MISSING X14 B278 S1b the wrapper reservation CLAIMS to know the enclosed type, so no wrapper is ever provisional — NO VERDICT (its worker did not report it)
  MISSING X16 B278 S1b the DIRECT-TRANSIT activation verdict is inverted (the one arm that must carry custody stops) — NO VERDICT (its worker did not report it)
  MISSING X17 B278 S1b the WRAPPER CROSS-LAYER branch acquires a custody obligation §5(6) forbids (ACK-only arm 3 of 4) — NO VERDICT (its worker did not report it)
  MISSING X18 B278 S1b the pre-ACK uniqueness refusal moves BEHIND the mobile's hop ACK — NO VERDICT (its worker did not report it)
  MISSING X19 B278 S1b F6 `mobile_hash`/`ctr_h` are DROPPED from `mobile_reverse_ack` (the census loses its exact bind) — NO VERDICT (its worker did not report it)
  MISSING X20 B278 S1b F6 `mobile_reverse_ack` is REORDERED instead of appended (its two pre-existing fields move) — NO VERDICT (its worker did not report it)
  MISSING X21 B278 S1b F6 `mobile_reverse_ack` reports the HOME's ctr as the mobile's (the two counters are swapped) — NO VERDICT (its worker did not report it)
  MISSING X24 ★★★ [[B296]] SHAPE 2: the home's refusal of a MOBILE_SEND wrapper WITHOUT its mandatory source hash is removed — the wrapper skips the delegation fork (which requires the field), is application-bearing so the fail-closed internal guard never sees it, and lands in the HOME'S OWN INBOX as an ordinary message — NO VERDICT (its worker did not report it)
  worker 0: 0/7 entries, 0 RED / 0 worthless, wall 0.0s, rc 2, source restored: md5 None (DIFFERS — FAIL)   /tmp/mr_mutation_run-z8gnyocv/w0
  worker 1: 0/6 entries, 0 RED / 0 worthless, wall 0.0s, rc 2, source restored: md5 None (DIFFERS — FAIL)   /tmp/mr_mutation_run-z8gnyocv/w1
  worker 2: 0/6 entries, 0 RED / 0 worthless, wall 0.0s, rc 2, source restored: md5 None (DIFFERS — FAIL)   /tmp/mr_mutation_run-z8gnyocv/w2
real tree untouched: all 62 target files byte-identical to launch (md5); no build ran in /tmp/mr-s10-r2-_iyw9vw8/union-inputs
timing: copy 4.0s + battery 7.3s = 11.3s total, 19 entries over 3 worker(s)
mutations: 0 RED / 19 unusable (of which 19 MISSING — never judged)
  ################################################################################################################
  ##  ⛔ RUN INTEGRITY FAILURE — this run's verdicts may NOT be read as a battery result.
  ##    worker 0 exited 2 — not a verdict code (0 = all RED, 1 = something worthless); its shard was not completed
  ##    worker 0 did not report its source restored
  ##    worker 1 exited 2 — not a verdict code (0 = all RED, 1 = something worthless); its shard was not completed
  ##    worker 1 did not report its source restored
  ##    worker 2 exited 2 — not a verdict code (0 = all RED, 1 = something worthless); its shard was not completed
  ##    worker 2 did not report its source restored
  ##    no worker derived a clean baseline — nothing measured a clean tree
  ##    19 selected entries came back with NO verdict: X01, X02, X03, X04, X05, X06, X07, X09, X10, X11, X13, X14, X16, X17, X18, X19, X20, X21, X24
  ##  A shard that did not report is NOT a shard that passed ([[B227]]/[[B237]]).
  ################################################################################################################
