-- target consoleline: /tmp/mr-s10-r2-_iyw9vw8/union-inputs/lib/console/console_line.h (12 entries)
-- selection: IN FULL (all 12 entries)
-- workers: 3
-- scratch root: /tmp/mr_mutation_run-0mxyu3ef   (removed on exit; MR_MUT_KEEP_SCRATCH=1 to keep)
  [w1] -- target consoleline: /tmp/mr_mutation_run-0mxyu3ef/w1/lib/console/console_line.h (4 of 12 entries in this shard)
  [w0] -- target consoleline: /tmp/mr_mutation_run-0mxyu3ef/w0/lib/console/console_line.h (4 of 12 entries in this shard)
  [w0] -- baseline gate: THIS WORKER'S OWN clean tree must run 0 FAILED; its own counts become this shard's baseline
  [w1] -- baseline gate: THIS WORKER'S OWN clean tree must run 0 FAILED; its own counts become this shard's baseline
  [w2] -- target consoleline: /tmp/mr_mutation_run-0mxyu3ef/w2/lib/console/console_line.h (4 of 12 entries in this shard)
  [w2] -- baseline gate: THIS WORKER'S OWN clean tree must run 0 FAILED; its own counts become this shard's baseline
  [w2]   ABORT the clean tree is RED — 2950 / 195770 / 5 FAILED. Every mutation below would read RED for the wrong reason. No mutation was applied.
  [w2]         TEST CASE:  §B278-S3/20 the bounded translation action is 56 B of value types and costs Node nothing
  [w2]         test/test_custody_receive_g.cpp:2315: ERROR: CHECK( sizeof(Node) == 235248 ) is NOT correct!
  [w2]         TEST CASE:  device_nv: the record sizes the version policy guards are what the stored layout expects
  [w2]         test/test_device_nv.cpp:526: ERROR: CHECK( kVersion == 25 ) is NOT correct!
  [w2]         test/test_device_nv.cpp:527: ERROR: CHECK( kVersionMinLoad == 25 ) is NOT correct!
  [w2]         test/test_device_nv.cpp:528: ERROR: CHECK( sizeof(Blob) == 280 ) is NOT correct!
  [w2]         test/test_device_nv.cpp:530: ERROR: CHECK( __builtin_offsetof (Blob, remote_action_activation_ms) == 276 ) is NOT correct!
  [w0]   ABORT the clean tree is RED — 2950 / 195770 / 5 FAILED. Every mutation below would read RED for the wrong reason. No mutation was applied.
  [w0]         TEST CASE:  §B278-S3/20 the bounded translation action is 56 B of value types and costs Node nothing
  [w0]         test/test_custody_receive_g.cpp:2315: ERROR: CHECK( sizeof(Node) == 235248 ) is NOT correct!
  [w0]         TEST CASE:  device_nv: the record sizes the version policy guards are what the stored layout expects
  [w0]         test/test_device_nv.cpp:526: ERROR: CHECK( kVersion == 25 ) is NOT correct!
  [w0]         test/test_device_nv.cpp:527: ERROR: CHECK( kVersionMinLoad == 25 ) is NOT correct!
  [w0]         test/test_device_nv.cpp:528: ERROR: CHECK( sizeof(Blob) == 280 ) is NOT correct!
  [w0]         test/test_device_nv.cpp:530: ERROR: CHECK( __builtin_offsetof (Blob, remote_action_activation_ms) == 276 ) is NOT correct!
  [w1]   ABORT the clean tree is RED — 2950 / 195770 / 5 FAILED. Every mutation below would read RED for the wrong reason. No mutation was applied.
  [w1]         TEST CASE:  §B278-S3/20 the bounded translation action is 56 B of value types and costs Node nothing
  [w1]         test/test_custody_receive_g.cpp:2315: ERROR: CHECK( sizeof(Node) == 235248 ) is NOT correct!
  [w1]         TEST CASE:  device_nv: the record sizes the version policy guards are what the stored layout expects
  [w1]         test/test_device_nv.cpp:526: ERROR: CHECK( kVersion == 25 ) is NOT correct!
  [w1]         test/test_device_nv.cpp:527: ERROR: CHECK( kVersionMinLoad == 25 ) is NOT correct!
  [w1]         test/test_device_nv.cpp:528: ERROR: CHECK( sizeof(Blob) == 280 ) is NOT correct!
  [w1]         test/test_device_nv.cpp:530: ERROR: CHECK( __builtin_offsetof (Blob, remote_action_activation_ms) == 276 ) is NOT correct!

======================================================================================================================
-- MERGED REPORT — target consoleline: /tmp/mr-s10-r2-_iyw9vw8/union-inputs/lib/console/console_line.h
  MISSING L01 inclusive cap becomes exclusive — NO VERDICT (its worker did not report it)
  MISSING L02 length check bypassed — NO VERDICT (its worker did not report it)
  MISSING L03 last byte is not scanned — NO VERDICT (its worker did not report it)
  MISSING L04 first byte is not scanned — NO VERDICT (its worker did not report it)
  MISSING L05 NUL accepted — NO VERDICT (its worker did not report it)
  MISSING L06 CR accepted — NO VERDICT (its worker did not report it)
  MISSING L07 LF accepted — NO VERDICT (its worker did not report it)
  MISSING L08 LF reason collapses to CR — NO VERDICT (its worker did not report it)
  MISSING L09 remote command cap drifts above the live codec derivation — NO VERDICT (its worker did not report it)
  MISSING L10 USB command bound drifts — NO VERDICT (its worker did not report it)
  MISSING L11 byte error incorrectly precedes length error — NO VERDICT (its worker did not report it)
  MISSING L12 unknown reason silently means ok — NO VERDICT (its worker did not report it)
  worker 0: 0/4 entries, 0 RED / 0 worthless, wall 0.0s, rc 2, source restored: md5 None (DIFFERS — FAIL)   /tmp/mr_mutation_run-0mxyu3ef/w0
  worker 1: 0/4 entries, 0 RED / 0 worthless, wall 0.0s, rc 2, source restored: md5 None (DIFFERS — FAIL)   /tmp/mr_mutation_run-0mxyu3ef/w1
  worker 2: 0/4 entries, 0 RED / 0 worthless, wall 0.0s, rc 2, source restored: md5 None (DIFFERS — FAIL)   /tmp/mr_mutation_run-0mxyu3ef/w2
real tree untouched: all 62 target files byte-identical to launch (md5); no build ran in /tmp/mr-s10-r2-_iyw9vw8/union-inputs
timing: copy 4.4s + battery 6.4s = 10.8s total, 12 entries over 3 worker(s)
mutations: 0 RED / 12 unusable (of which 12 MISSING — never judged)
  ################################################################################################################
  ##  ⛔ RUN INTEGRITY FAILURE — this run's verdicts may NOT be read as a battery result.
  ##    worker 0 exited 2 — not a verdict code (0 = all RED, 1 = something worthless); its shard was not completed
  ##    worker 0 did not report its source restored
  ##    worker 1 exited 2 — not a verdict code (0 = all RED, 1 = something worthless); its shard was not completed
  ##    worker 1 did not report its source restored
  ##    worker 2 exited 2 — not a verdict code (0 = all RED, 1 = something worthless); its shard was not completed
  ##    worker 2 did not report its source restored
  ##    no worker derived a clean baseline — nothing measured a clean tree
  ##    12 selected entries came back with NO verdict: L01, L02, L03, L04, L05, L06, L07, L08, L09, L10, L11, L12
  ##  A shard that did not report is NOT a shard that passed ([[B227]]/[[B237]]).
  ################################################################################################################
