-- target devicenv: /tmp/mr-s10-r2-_iyw9vw8/union-inputs/src/device_nv.h (42 entries)
-- selection: IN FULL (all 42 entries)
-- workers: 3
-- scratch root: /tmp/mr_mutation_run-6l2ej1rk   (removed on exit; MR_MUT_KEEP_SCRATCH=1 to keep)
  [w0] -- target devicenv: /tmp/mr_mutation_run-6l2ej1rk/w0/src/device_nv.h (14 of 42 entries in this shard)
  [w0] -- baseline gate: THIS WORKER'S OWN clean tree must run 0 FAILED; its own counts become this shard's baseline
  [w2] -- target devicenv: /tmp/mr_mutation_run-6l2ej1rk/w2/src/device_nv.h (14 of 42 entries in this shard)
  [w2] -- baseline gate: THIS WORKER'S OWN clean tree must run 0 FAILED; its own counts become this shard's baseline
  [w1] -- target devicenv: /tmp/mr_mutation_run-6l2ej1rk/w1/src/device_nv.h (14 of 42 entries in this shard)
  [w1] -- baseline gate: THIS WORKER'S OWN clean tree must run 0 FAILED; its own counts become this shard's baseline
  [w1]   ABORT the clean tree is RED — 2950 / 195770 / 5 FAILED. Every mutation below would read RED for the wrong reason. No mutation was applied.
  [w1]         TEST CASE:  §B278-S3/20 the bounded translation action is 56 B of value types and costs Node nothing
  [w1]         test/test_custody_receive_g.cpp:2315: ERROR: CHECK( sizeof(Node) == 235248 ) is NOT correct!
  [w1]         TEST CASE:  device_nv: the record sizes the version policy guards are what the stored layout expects
  [w1]         test/test_device_nv.cpp:526: ERROR: CHECK( kVersion == 25 ) is NOT correct!
  [w1]         test/test_device_nv.cpp:527: ERROR: CHECK( kVersionMinLoad == 25 ) is NOT correct!
  [w1]         test/test_device_nv.cpp:528: ERROR: CHECK( sizeof(Blob) == 280 ) is NOT correct!
  [w1]         test/test_device_nv.cpp:530: ERROR: CHECK( __builtin_offsetof (Blob, remote_action_activation_ms) == 276 ) is NOT correct!
  [w0]   ABORT the clean tree is RED — 2950 / 195770 / 5 FAILED. Every mutation below would read RED for the wrong reason. No mutation was applied.
  [w0]         TEST CASE:  §B278-S3/20 the bounded translation action is 56 B of value types and costs Node nothing
  [w0]         test/test_custody_receive_g.cpp:2315: ERROR: CHECK( sizeof(Node) == 235248 ) is NOT correct!
  [w0]         TEST CASE:  device_nv: the record sizes the version policy guards are what the stored layout expects
  [w0]         test/test_device_nv.cpp:526: ERROR: CHECK( kVersion == 25 ) is NOT correct!
  [w0]         test/test_device_nv.cpp:527: ERROR: CHECK( kVersionMinLoad == 25 ) is NOT correct!
  [w0]         test/test_device_nv.cpp:528: ERROR: CHECK( sizeof(Blob) == 280 ) is NOT correct!
  [w0]         test/test_device_nv.cpp:530: ERROR: CHECK( __builtin_offsetof (Blob, remote_action_activation_ms) == 276 ) is NOT correct!
  [w2]   ABORT the clean tree is RED — 2950 / 195770 / 5 FAILED. Every mutation below would read RED for the wrong reason. No mutation was applied.
  [w2]         TEST CASE:  §B278-S3/20 the bounded translation action is 56 B of value types and costs Node nothing
  [w2]         test/test_custody_receive_g.cpp:2315: ERROR: CHECK( sizeof(Node) == 235248 ) is NOT correct!
  [w2]         TEST CASE:  device_nv: the record sizes the version policy guards are what the stored layout expects
  [w2]         test/test_device_nv.cpp:526: ERROR: CHECK( kVersion == 25 ) is NOT correct!
  [w2]         test/test_device_nv.cpp:527: ERROR: CHECK( kVersionMinLoad == 25 ) is NOT correct!
  [w2]         test/test_device_nv.cpp:528: ERROR: CHECK( sizeof(Blob) == 280 ) is NOT correct!
  [w2]         test/test_device_nv.cpp:530: ERROR: CHECK( __builtin_offsetof (Blob, remote_action_activation_ms) == 276 ) is NOT correct!

======================================================================================================================
-- MERGED REPORT — target devicenv: /tmp/mr-s10-r2-_iyw9vw8/union-inputs/src/device_nv.h
  MISSING N01 ★★★ THE DEFECT ITSELF: the mount result is discarded again, so a dead FS reads as a fresh device — NO VERDICT (its worker did not report it)
  MISSING N02 the mount failure is recorded but the read continues (a half-fix: the fact is set, the early return dropped) — NO VERDICT (its worker did not report it)
  MISSING N03 ★★ THE ESP32 CLASSIFIER IS INVERTED: a first boot is called a STORAGE FAILURE (the same lie, other way) — NO VERDICT (its worker did not report it)
  MISSING N04 the ESP32 classifier is dropped, so 'NVS would not open' is a fresh device again — NO VERDICT (its worker did not report it)
  MISSING N05 ★★ the backend fact is consulted AFTER the absent test — the ordering that loses it entirely — NO VERDICT (its worker did not report it)
  MISSING N06 a storage failure is folded into `invalid` (the tempting collapse — it prints the WRONG remedy) — NO VERDICT (its worker did not report it)
  MISSING N13 ★★★ THE REOPENED DEFECT: ANY lookup error is absent again — a metadata error reads as a fresh device — NO VERDICT (its worker did not report it)
  MISSING N14 ★★★ present-but-unopenable collapses to absent — four possibly-intact profiles read as NO PROFILES — NO VERDICT (its worker did not report it)
  MISSING N15 ⛔ the lookup is issued for EVERY record ('compute first, gate later') — the four bool records pay a stat each — NO VERDICT (its worker did not report it)
  MISSING N07 ★★★ THE OVER-LENGTH CHECK IS DROPPED, so a longer file is accepted on its valid PREFIX — NO VERDICT (its worker did not report it)
  MISSING N08 the size comparison is `>=`, so an EXACTLY-sized record is rejected too (the off-by-one wrong fix) — NO VERDICT (its worker did not report it)
  MISSING N09 the ESP32 over-length check is dropped — NO VERDICT (its worker did not report it)
  MISSING N10 an over-length record is accepted anyway (the fact is gathered and then ignored) — NO VERDICT (its worker did not report it)
  MISSING N11 ⛔ the extra FS question is asked for EVERY record (⛔ /mrcfg, /mrid, /mrpeers, /mrfault must not move) — NO VERDICT (its worker did not report it)
  MISSING N12 ⛔ the ESP32 nvs_open classification runs for every record, on every open failure — NO VERDICT (its worker did not report it)
  MISSING N17 ★★ the keyring's backend-failure arm is ordered AFTER `absent`, so a dead flash reports NO STORED KEYS — NO VERDICT (its worker did not report it)
  MISSING N18 an OVER-LENGTH keyring is accepted as a valid PREFIX (the nRF52 short-read hazard, one record over) — NO VERDICT (its worker did not report it)
  MISSING N19 ★ the keyring's version policy is RELAXED from equality to a range — an unknown layout is parsed as keys — NO VERDICT (its worker did not report it)
  MISSING N20 the keyring seed does not STAMP the version, so a fresh record is rejected by its own read policy — NO VERDICT (its worker did not report it)
  MISSING N21 ★★★ THE CATALOG IS ADDRESSED AT `/mrcfg`: a phrase edit now writes the record whose version mismatch REPROVISIONS the node — NO VERDICT (its worker did not report it)
  MISSING N22 ★★ the catalog carries `/mrcfg`'s MAGIC — the two records become mutually readable, which is the same collapse one layer in — NO VERDICT (its worker did not report it)
  MISSING N23 ★★ the /mrui seed stamps generation ZERO — the value reserved for 'no generation', which a SendReq can never seal — NO VERDICT (its worker did not report it)
  MISSING N24 the /mrui version policy is RELAXED from equality to a range — an unknown layout is parsed as the wearer's phrases — NO VERDICT (its worker did not report it)
  MISSING N25 ★★ the /mrui read tests `absent` FIRST, so a store that would not open announces 'no catalog configured' — NO VERDICT (its worker did not report it)
  MISSING N40 ★★ /mradmid's VERSION POLICY becomes a RANGE — a record written under another layout is adopted — NO VERDICT (its worker did not report it)
  MISSING N41 /mracl's version policy becomes a range — NO VERDICT (its worker did not report it)
  MISSING N42 ★★ /mradmid's backend fact is consulted AFTER the absent test — a dead store reads as a fresh device — NO VERDICT (its worker did not report it)
  MISSING N43 ★★ /mracl's backend fact is consulted after the absent test — NO VERDICT (its worker did not report it)
  MISSING N44 ★ /mradmid's OVER-LENGTH check is dropped — a longer file is accepted on its valid PREFIX — NO VERDICT (its worker did not report it)
  MISSING N45 ★ /mracl's over-length check is dropped — NO VERDICT (its worker did not report it)
  MISSING N50 ★ `admin_id_blob_init` leaves the header UNSTAMPED, so a minted record reads back as invalid — NO VERDICT (its worker did not report it)
  MISSING N51 `acl_blob_init` stamps the WRONG magic (the two target records become interchangeable) — NO VERDICT (its worker did not report it)
  MISSING N52 `acl_blob_init` no longer value-initialises, so `reserved`/holes carry indeterminate bytes — NO VERDICT (its worker did not report it)
  MISSING N53 ★ the ACL slot table names the ADMIN record's file (both records share one file) — NO VERDICT (its worker did not report it)
  MISSING N54 ★★ /mradmid moves OUT of the factory-reset namespace — a factory reset would keep the root — NO VERDICT (its worker did not report it)
  MISSING N-S4-1 §RADMIN-4: `/mrmkeys` and `/mrtargets` share ONE backend key — an update to one lands on the other — NO VERDICT (its worker did not report it)
  MISSING N-S4-2 §RADMIN-4: the CONTROLLER keyring lands in the fault namespace — a factory reset would spare the seeds — NO VERDICT (its worker did not report it)
  MISSING N-S4-3 §RADMIN-4: `/mrmkeys` reuses the ACL magic — one record becomes readable as another — NO VERDICT (its worker did not report it)
  MISSING N-S4-4 §RADMIN-4: `/mrtargets` accepts ANY version — a v2 record is adopted under a v1 layout guess — NO VERDICT (its worker did not report it)
  MISSING N-S4-5 §RADMIN-4: a dead backend reads as a FRESH controller — the keyring's io_failed arm is gone — NO VERDICT (its worker did not report it)
  MISSING N-S4-6 §RADMIN-4: an OVER-LENGTH target book passes on its valid prefix — NO VERDICT (its worker did not report it)
  MISSING N-S4-7 §RADMIN-4: `mgmt_key_blob_init` stops stamping the magic — every fresh keyring reads as invalid — NO VERDICT (its worker did not report it)
  worker 0: 0/14 entries, 0 RED / 0 worthless, wall 0.0s, rc 2, source restored: md5 None (DIFFERS — FAIL)   /tmp/mr_mutation_run-6l2ej1rk/w0
  worker 1: 0/14 entries, 0 RED / 0 worthless, wall 0.0s, rc 2, source restored: md5 None (DIFFERS — FAIL)   /tmp/mr_mutation_run-6l2ej1rk/w1
  worker 2: 0/14 entries, 0 RED / 0 worthless, wall 0.0s, rc 2, source restored: md5 None (DIFFERS — FAIL)   /tmp/mr_mutation_run-6l2ej1rk/w2
real tree untouched: all 62 target files byte-identical to launch (md5); no build ran in /tmp/mr-s10-r2-_iyw9vw8/union-inputs
timing: copy 4.2s + battery 6.6s = 10.8s total, 42 entries over 3 worker(s)
mutations: 0 RED / 42 unusable (of which 42 MISSING — never judged)
  ################################################################################################################
  ##  ⛔ RUN INTEGRITY FAILURE — this run's verdicts may NOT be read as a battery result.
  ##    worker 0 exited 2 — not a verdict code (0 = all RED, 1 = something worthless); its shard was not completed
  ##    worker 0 did not report its source restored
  ##    worker 1 exited 2 — not a verdict code (0 = all RED, 1 = something worthless); its shard was not completed
  ##    worker 1 did not report its source restored
  ##    worker 2 exited 2 — not a verdict code (0 = all RED, 1 = something worthless); its shard was not completed
  ##    worker 2 did not report its source restored
  ##    no worker derived a clean baseline — nothing measured a clean tree
  ##    42 selected entries came back with NO verdict: N01, N02, N03, N04, N05, N06, N13, N14, N15, N07, N08, N09, N10, N11, N12, N17, N18, N19, N20, N21, N22, N23, N24, N25, N40, N41, N42, N43, N44, N45, N50, N51, N52, N53, N54, N-S4-1, N-S4-2, N-S4-3, N-S4-4, N-S4-5, N-S4-6, N-S4-7
  ##  A shard that did not report is NOT a shard that passed ([[B227]]/[[B237]]).
  ################################################################################################################
