-- target radmin3acl: /tmp/mr-s10-r2-_iyw9vw8/union-inputs/src/firmware_admin_acl.h (36 entries)
-- selection: IN FULL (all 36 entries)
-- workers: 3
-- scratch root: /tmp/mr_mutation_run-w0nyfr0r   (removed on exit; MR_MUT_KEEP_SCRATCH=1 to keep)
  [w1] -- target radmin3acl: /tmp/mr_mutation_run-w0nyfr0r/w1/src/firmware_admin_acl.h (12 of 36 entries in this shard)
  [w1] -- baseline gate: THIS WORKER'S OWN clean tree must run 0 FAILED; its own counts become this shard's baseline
  [w0] -- target radmin3acl: /tmp/mr_mutation_run-w0nyfr0r/w0/src/firmware_admin_acl.h (12 of 36 entries in this shard)
  [w0] -- baseline gate: THIS WORKER'S OWN clean tree must run 0 FAILED; its own counts become this shard's baseline
  [w2] -- target radmin3acl: /tmp/mr_mutation_run-w0nyfr0r/w2/src/firmware_admin_acl.h (12 of 36 entries in this shard)
  [w2] -- baseline gate: THIS WORKER'S OWN clean tree must run 0 FAILED; its own counts become this shard's baseline
  [w1]   ABORT the clean tree is RED — 2950 / 195770 / 5 FAILED. Every mutation below would read RED for the wrong reason. No mutation was applied.
  [w1]         TEST CASE:  §B278-S3/20 the bounded translation action is 56 B of value types and costs Node nothing
  [w1]         test/test_custody_receive_g.cpp:2315: ERROR: CHECK( sizeof(Node) == 235248 ) is NOT correct!
  [w1]         TEST CASE:  device_nv: the record sizes the version policy guards are what the stored layout expects
  [w1]         test/test_device_nv.cpp:526: ERROR: CHECK( kVersion == 25 ) is NOT correct!
  [w1]         test/test_device_nv.cpp:527: ERROR: CHECK( kVersionMinLoad == 25 ) is NOT correct!
  [w1]         test/test_device_nv.cpp:528: ERROR: CHECK( sizeof(Blob) == 280 ) is NOT correct!
  [w1]         test/test_device_nv.cpp:530: ERROR: CHECK( __builtin_offsetof (Blob, remote_action_activation_ms) == 276 ) is NOT correct!
  [w2]   ABORT the clean tree is RED — 2950 / 195770 / 5 FAILED. Every mutation below would read RED for the wrong reason. No mutation was applied.
  [w2]         TEST CASE:  §B278-S3/20 the bounded translation action is 56 B of value types and costs Node nothing
  [w2]         test/test_custody_receive_g.cpp:2315: ERROR: CHECK( sizeof(Node) == 235248 ) is NOT correct!
  [w2]         TEST CASE:  device_nv: the record sizes the version policy guards are what the stored layout expects
  [w2]         test/test_device_nv.cpp:526: ERROR: CHECK( kVersion == 25 ) is NOT correct!
  [w2]         test/test_device_nv.cpp:527: ERROR: CHECK( kVersionMinLoad == 25 ) is NOT correct!
  [w2]         test/test_device_nv.cpp:528: ERROR: CHECK( sizeof(Blob) == 280 ) is NOT correct!
  [w2]         test/test_device_nv.cpp:530: ERROR: CHECK( __builtin_offsetof (Blob, remote_action_activation_ms) == 276 ) is NOT correct!
  [w0]   ABORT the clean tree is RED — 2950 / 195770 / 5 FAILED. Every mutation below would read RED for the wrong reason. No mutation was applied.
  [w0]         TEST CASE:  §B278-S3/20 the bounded translation action is 56 B of value types and costs Node nothing
  [w0]         test/test_custody_receive_g.cpp:2315: ERROR: CHECK( sizeof(Node) == 235248 ) is NOT correct!
  [w0]         TEST CASE:  device_nv: the record sizes the version policy guards are what the stored layout expects
  [w0]         test/test_device_nv.cpp:526: ERROR: CHECK( kVersion == 25 ) is NOT correct!
  [w0]         test/test_device_nv.cpp:527: ERROR: CHECK( kVersionMinLoad == 25 ) is NOT correct!
  [w0]         test/test_device_nv.cpp:528: ERROR: CHECK( sizeof(Blob) == 280 ) is NOT correct!
  [w0]         test/test_device_nv.cpp:530: ERROR: CHECK( __builtin_offsetof (Blob, remote_action_activation_ms) == 276 ) is NOT correct!

======================================================================================================================
-- MERGED REPORT — target radmin3acl: /tmp/mr-s10-r2-_iyw9vw8/union-inputs/src/firmware_admin_acl.h
  MISSING B01 ★★ `count` NO LONGER HAS TO EQUAL THE POPULATION — a lying count is adopted — NO VERDICT (its worker did not report it)
  MISSING B02 the count is CLAMPED instead of refused (§6.5's 'never clamp' reversed) — NO VERDICT (its worker did not report it)
  MISSING B03 ★★ AN OWNERLESS NON-EMPTY ACL IS ACCEPTED — a node nobody can manage and nobody can repair remotely — NO VERDICT (its worker did not report it)
  MISSING B04 DUPLICATE KEYS ARE ACCEPTED — one controller holds two slots — NO VERDICT (its worker did not report it)
  MISSING B05 an ILLEGAL ROLE BYTE is treated as an ignorable row instead of a corrupt record — NO VERDICT (its worker did not report it)
  MISSING B06 an occupied row with an ALL-ZERO key is accepted (it grants nothing to nobody) — NO VERDICT (its worker did not report it)
  MISSING B07 a 'deleted' row that KEPT its key still reads as empty — NO VERDICT (its worker did not report it)
  MISSING B08 `reserved` leaves the content policy (the whole-record write guard becomes unsound) — NO VERDICT (its worker did not report it)
  MISSING B09 the CENSUS trusts the stored `count` instead of counting rows — NO VERDICT (its worker did not report it)
  MISSING B10 ★★ THE FIRST CREDENTIAL MAY BE AN OPERATOR — an unmanageable node is created — NO VERDICT (its worker did not report it)
  MISSING B11 ★ A DUPLICATE ADD SUCCEEDS instead of refusing (§6.5's explicit rejection reversed) — NO VERDICT (its worker did not report it)
  MISSING B12 a duplicate is answered as an UNCHANGED SUCCESS — the operator is not told he mistyped — NO VERDICT (its worker did not report it)
  MISSING B13 an ALL-ZERO key is accepted as a controller key — NO VERDICT (its worker did not report it)
  MISSING B14 ★★ A FULL ACL EVICTS SLOT 0 instead of refusing loudly — NO VERDICT (its worker did not report it)
  MISSING B15 ★★ ADD NO LONGER TAKES THE LOWEST FREE SLOT — holes are skipped and handles drift — NO VERDICT (its worker did not report it)
  MISSING B17 ★ THE IDENTITY GATE IS DROPPED: a first owner is granted with no administration root — NO VERDICT (its worker did not report it)
  MISSING B18 an ordinary ADD is allowed over an INVALID record (an implicit, silent re-seed) — NO VERDICT (its worker did not report it)
  MISSING B19 ★★★ THE LAST OWNER CAN BE DEMOTED — the node becomes unmanageable and unrepairable remotely — NO VERDICT (its worker did not report it)
  MISSING B20 ★★★ THE LAST OWNER CAN BE REMOVED — NO VERDICT (its worker did not report it)
  MISSING B21 ★★ THE SELF-SLOT RULE IS DROPPED FOR `remove` (a caller can delete its own authenticating slot) — NO VERDICT (its worker did not report it)
  MISSING B22 ★★ THE SELF-SLOT RULE IS DROPPED FOR `set` (a caller can demote itself) — NO VERDICT (its worker did not report it)
  MISSING B23 the SELF-SLOT rule is widened to a legal SAME-ROLE no-op (a correct request is refused) — NO VERDICT (its worker did not report it)
  MISSING B24 ★ THE NO-OP ARM CLAIMS A WRITE HAPPENED: an identical role assignment reports `changed`, so the console says `updated` for a flash write that never occurred — NO VERDICT (its worker did not report it)
  MISSING B25 `set`/`remove` accept an EMPTY slot (a hole is edited into an occupied-looking row) — NO VERDICT (its worker did not report it)
  MISSING B26 ★ REMOVE COMPACTS THE ROWS — §6.5's stable wire handles are shifted under the controller — NO VERDICT (its worker did not report it)
  MISSING B27 a removed row keeps its KEY (the slot reads empty but the material is still on flash) — NO VERDICT (its worker did not report it)
  MISSING B28 the slot RANGE check is dropped (slot 250 indexes past the ten rows) — NO VERDICT (its worker did not report it)
  MISSING B29 ⛔⛔ RECOVERY IS ALLOWED OVER `io_failed` — ten intact rows destroyed because a mount failed — NO VERDICT (its worker did not report it)
  MISSING B30 recovery re-initialises an `ok` record too (a 'repair' that erases a healthy authority list) — NO VERDICT (its worker did not report it)
  MISSING B31 ★ RECOVERY GRANTS AN OWNER — design §6.4's 'never invents an active owner' reversed — NO VERDICT (its worker did not report it)
  MISSING B33 a FAILED SAVE is reported as success — NO VERDICT (its worker did not report it)
  MISSING B34 ★ THE BYTE-COMPARISON WRITE GUARD IS INVERTED — a real change writes NOTHING and reports success — NO VERDICT (its worker did not report it)
  MISSING B35 `read()` leaves the PARTIAL bytes of a failed read in the caller's buffer — NO VERDICT (its worker did not report it)
  MISSING B36 provisioning readiness stops requiring an OWNER (an empty ACL reads as provisioned) — NO VERDICT (its worker did not report it)
  MISSING B38 ★ the ROLE NAMER returns the same token for both roles — a listing cannot be read — NO VERDICT (its worker did not report it)
  MISSING B37 the ROLE DOMAIN opens: `empty` becomes an assignable role, so a verb could blank a row — NO VERDICT (its worker did not report it)
  worker 0: 0/12 entries, 0 RED / 0 worthless, wall 0.0s, rc 2, source restored: md5 None (DIFFERS — FAIL)   /tmp/mr_mutation_run-w0nyfr0r/w0
  worker 1: 0/12 entries, 0 RED / 0 worthless, wall 0.0s, rc 2, source restored: md5 None (DIFFERS — FAIL)   /tmp/mr_mutation_run-w0nyfr0r/w1
  worker 2: 0/12 entries, 0 RED / 0 worthless, wall 0.0s, rc 2, source restored: md5 None (DIFFERS — FAIL)   /tmp/mr_mutation_run-w0nyfr0r/w2
real tree untouched: all 62 target files byte-identical to launch (md5); no build ran in /tmp/mr-s10-r2-_iyw9vw8/union-inputs
timing: copy 3.9s + battery 6.5s = 10.4s total, 36 entries over 3 worker(s)
mutations: 0 RED / 36 unusable (of which 36 MISSING — never judged)
  ################################################################################################################
  ##  ⛔ RUN INTEGRITY FAILURE — this run's verdicts may NOT be read as a battery result.
  ##    worker 0 exited 2 — not a verdict code (0 = all RED, 1 = something worthless); its shard was not completed
  ##    worker 0 did not report its source restored
  ##    worker 1 exited 2 — not a verdict code (0 = all RED, 1 = something worthless); its shard was not completed
  ##    worker 1 did not report its source restored
  ##    worker 2 exited 2 — not a verdict code (0 = all RED, 1 = something worthless); its shard was not completed
  ##    worker 2 did not report its source restored
  ##    no worker derived a clean baseline — nothing measured a clean tree
  ##    36 selected entries came back with NO verdict: B01, B02, B03, B04, B05, B06, B07, B08, B09, B10, B11, B12, B13, B14, B15, B17, B18, B19, B20, B21, B22, B23, B24, B25, B26, B27, B28, B29, B30, B31, B33, B34, B35, B36, B38, B37
  ##  A shard that did not report is NOT a shard that passed ([[B227]]/[[B237]]).
  ################################################################################################################
