-- target radmin5runtime: /tmp/mr-s10-r2-_iyw9vw8/union-inputs/src/firmware_admin_runtime.h (16 entries)
-- selection: IN FULL (all 16 entries)
-- workers: 3
-- scratch root: /tmp/mr_mutation_run-f28t2ntc   (removed on exit; MR_MUT_KEEP_SCRATCH=1 to keep)
  [w2] -- target radmin5runtime: /tmp/mr_mutation_run-f28t2ntc/w2/src/firmware_admin_runtime.h (5 of 16 entries in this shard)
  [w2] -- baseline gate: THIS WORKER'S OWN clean tree must run 0 FAILED; its own counts become this shard's baseline
  [w0] -- target radmin5runtime: /tmp/mr_mutation_run-f28t2ntc/w0/src/firmware_admin_runtime.h (6 of 16 entries in this shard)
  [w0] -- baseline gate: THIS WORKER'S OWN clean tree must run 0 FAILED; its own counts become this shard's baseline
  [w1] -- target radmin5runtime: /tmp/mr_mutation_run-f28t2ntc/w1/src/firmware_admin_runtime.h (5 of 16 entries in this shard)
  [w1] -- baseline gate: THIS WORKER'S OWN clean tree must run 0 FAILED; its own counts become this shard's baseline
  [w0]   ABORT the clean tree is RED — 2950 / 195770 / 5 FAILED. Every mutation below would read RED for the wrong reason. No mutation was applied.
  [w0]         TEST CASE:  §B278-S3/20 the bounded translation action is 56 B of value types and costs Node nothing
  [w0]         test/test_custody_receive_g.cpp:2315: ERROR: CHECK( sizeof(Node) == 235248 ) is NOT correct!
  [w0]         TEST CASE:  device_nv: the record sizes the version policy guards are what the stored layout expects
  [w0]         test/test_device_nv.cpp:526: ERROR: CHECK( kVersion == 25 ) is NOT correct!
  [w0]         test/test_device_nv.cpp:527: ERROR: CHECK( kVersionMinLoad == 25 ) is NOT correct!
  [w0]         test/test_device_nv.cpp:528: ERROR: CHECK( sizeof(Blob) == 280 ) is NOT correct!
  [w0]         test/test_device_nv.cpp:530: ERROR: CHECK( __builtin_offsetof (Blob, remote_action_activation_ms) == 276 ) is NOT correct!
  [w2]   ABORT the clean tree is RED — 2950 / 195770 / 5 FAILED. Every mutation below would read RED for the wrong reason. No mutation was applied.
  [w2]         TEST CASE:  §B278-S3/20 the bounded translation action is 56 B of value types and costs Node nothing
  [w2]         test/test_custody_receive_g.cpp:2315: ERROR: CHECK( sizeof(Node) == 235248 ) is NOT correct!
  [w2]         TEST CASE:  device_nv: the record sizes the version policy guards are what the stored layout expects
  [w2]         test/test_device_nv.cpp:526: ERROR: CHECK( kVersion == 25 ) is NOT correct!
  [w2]         test/test_device_nv.cpp:527: ERROR: CHECK( kVersionMinLoad == 25 ) is NOT correct!
  [w2]         test/test_device_nv.cpp:528: ERROR: CHECK( sizeof(Blob) == 280 ) is NOT correct!
  [w2]         test/test_device_nv.cpp:530: ERROR: CHECK( __builtin_offsetof (Blob, remote_action_activation_ms) == 276 ) is NOT correct!
  [w1]   ABORT the clean tree is RED — 2950 / 195770 / 5 FAILED. Every mutation below would read RED for the wrong reason. No mutation was applied.
  [w1]         TEST CASE:  §B278-S3/20 the bounded translation action is 56 B of value types and costs Node nothing
  [w1]         test/test_custody_receive_g.cpp:2315: ERROR: CHECK( sizeof(Node) == 235248 ) is NOT correct!
  [w1]         TEST CASE:  device_nv: the record sizes the version policy guards are what the stored layout expects
  [w1]         test/test_device_nv.cpp:526: ERROR: CHECK( kVersion == 25 ) is NOT correct!
  [w1]         test/test_device_nv.cpp:527: ERROR: CHECK( kVersionMinLoad == 25 ) is NOT correct!
  [w1]         test/test_device_nv.cpp:528: ERROR: CHECK( sizeof(Blob) == 280 ) is NOT correct!
  [w1]         test/test_device_nv.cpp:530: ERROR: CHECK( __builtin_offsetof (Blob, remote_action_activation_ms) == 276 ) is NOT correct!

======================================================================================================================
-- MERGED REPORT — target radmin5runtime: /tmp/mr-s10-r2-_iyw9vw8/union-inputs/src/firmware_admin_runtime.h
  MISSING T01 ★★★ every slot gets a fresh epoch on any ACL edit, so an unrelated controller's live session dies whenever someone else's row changes (design §6.5: "role change or removal invalidates THAT SLOT's session") — NO VERDICT (its worker did not report it)
  MISSING T02 ★★★ a REMOVED slot is re-minted with a fresh epoch instead of being made unusable, so a revoked controller's slot number stays live — NO VERDICT (its worker did not report it)
  MISSING T03 ★★★ a ROLE change is no longer a change, so demoting an owner to operator leaves that slot's session running under its old authority — NO VERDICT (its worker did not report it)
  MISSING T04 ★★★ a refused epoch draw does not abort the preparation, so a partially prepared plan reaches the durable save and the commit — NO VERDICT (its worker did not report it)
  MISSING T05 ★★★ a ROOT preparation publishes an INCOMPLETE candidate — a refused draw part-way through still installs, so some slots run whatever the plan left behind — NO VERDICT (its worker did not report it)
  MISSING T06 ★★★ an ALL-ZERO seed is accepted as an administration root, so a dead RNG mints one world-known identity on every such device — NO VERDICT (its worker did not report it)
  MISSING T07 ★★★ a ROOT change no longer invalidates the old sessions, so requests sealed to the previous pair keep matching stored fingerprints — NO VERDICT (its worker did not report it)
  MISSING T08 ★★★ `commit()` installs even when NOTHING was prepared, so a refused preparation followed by a commit publishes an EMPTY image over the running one — NO VERDICT (its worker did not report it)
  MISSING T09 ★★★ a failed PREPARATION leaves the plan ARMED, so the next commit installs the half-built state the refusal was supposed to abandon — NO VERDICT (its worker did not report it)
  MISSING T10 ★★★ BOOT reports READY without the readiness conjunction, so a node with a bad half still publishes an accepting boot line and a slot count — NO VERDICT (its worker did not report it)
  MISSING T11 ★★★ a BAD ACL half leaves the running image ALONE instead of installing the CLEARED one, so a node whose record went bad keeps its stale live ACL across the reboot — NO VERDICT (its worker did not report it)
  MISSING T12 ★★★ a cold-boot entropy refusal on the ROOT half is reported as an ordinary `disabled` and the seam is never told, so a live RNG fault is indistinguishable from an unprovisioned node — NO VERDICT (its worker did not report it)
  MISSING T13 ★★ the live image copies an UNRECOGNISED role byte verbatim, so a corrupt record could install a row no policy accepts — NO VERDICT (its worker did not report it)
  MISSING T14 ★★ `acl reset` leaves the epochs untouched, so the slots it emptied keep usable session keys — NO VERDICT (its worker did not report it)
  MISSING T15 ★★★ [[B341]] RESTORED: the boot installs NOTHING when the CONJUNCTION fails, so a valid half is discarded and live activation stops composing across a reboot — NO VERDICT (its worker did not report it)
  MISSING T16 ★★★ [[B341]] HALF-FIX: the ROOT half composes but the ACL half does not — a valid owner ACL is discarded whenever the root record is bad, so sequence D still leaves the node disabled after recovery — NO VERDICT (its worker did not report it)
  worker 0: 0/6 entries, 0 RED / 0 worthless, wall 0.0s, rc 2, source restored: md5 None (DIFFERS — FAIL)   /tmp/mr_mutation_run-f28t2ntc/w0
  worker 1: 0/5 entries, 0 RED / 0 worthless, wall 0.0s, rc 2, source restored: md5 None (DIFFERS — FAIL)   /tmp/mr_mutation_run-f28t2ntc/w1
  worker 2: 0/5 entries, 0 RED / 0 worthless, wall 0.0s, rc 2, source restored: md5 None (DIFFERS — FAIL)   /tmp/mr_mutation_run-f28t2ntc/w2
real tree untouched: all 62 target files byte-identical to launch (md5); no build ran in /tmp/mr-s10-r2-_iyw9vw8/union-inputs
timing: copy 4.0s + battery 6.2s = 10.3s total, 16 entries over 3 worker(s)
mutations: 0 RED / 16 unusable (of which 16 MISSING — never judged)
  ################################################################################################################
  ##  ⛔ RUN INTEGRITY FAILURE — this run's verdicts may NOT be read as a battery result.
  ##    worker 0 exited 2 — not a verdict code (0 = all RED, 1 = something worthless); its shard was not completed
  ##    worker 0 did not report its source restored
  ##    worker 1 exited 2 — not a verdict code (0 = all RED, 1 = something worthless); its shard was not completed
  ##    worker 1 did not report its source restored
  ##    worker 2 exited 2 — not a verdict code (0 = all RED, 1 = something worthless); its shard was not completed
  ##    worker 2 did not report its source restored
  ##    no worker derived a clean baseline — nothing measured a clean tree
  ##    16 selected entries came back with NO verdict: T01, T02, T03, T04, T05, T06, T07, T08, T09, T10, T11, T12, T13, T14, T15, T16
  ##  A shard that did not report is NOT a shard that passed ([[B227]]/[[B237]]).
  ################################################################################################################
