-- target radmin2codec: /tmp/mr-s10-r2-_iyw9vw8/union-inputs/lib/core/remote_codec.cpp (105 entries)
-- selection: IN FULL (all 105 entries)
-- workers: 3
-- scratch root: /tmp/mr_mutation_run-g8b0aako   (removed on exit; MR_MUT_KEEP_SCRATCH=1 to keep)
  [w1] -- target radmin2codec: /tmp/mr_mutation_run-g8b0aako/w1/lib/core/remote_codec.cpp (35 of 105 entries in this shard)
  [w1] -- baseline gate: THIS WORKER'S OWN clean tree must run 0 FAILED; its own counts become this shard's baseline
  [w0] -- target radmin2codec: /tmp/mr_mutation_run-g8b0aako/w0/lib/core/remote_codec.cpp (35 of 105 entries in this shard)
  [w0] -- baseline gate: THIS WORKER'S OWN clean tree must run 0 FAILED; its own counts become this shard's baseline
  [w2] -- target radmin2codec: /tmp/mr_mutation_run-g8b0aako/w2/lib/core/remote_codec.cpp (35 of 105 entries in this shard)
  [w2] -- baseline gate: THIS WORKER'S OWN clean tree must run 0 FAILED; its own counts become this shard's baseline
  [w1]   ABORT the clean tree is RED — 2950 / 195770 / 5 FAILED. Every mutation below would read RED for the wrong reason. No mutation was applied.
  [w1]         TEST CASE:  §B278-S3/20 the bounded translation action is 56 B of value types and costs Node nothing
  [w1]         test/test_custody_receive_g.cpp:2315: ERROR: CHECK( sizeof(Node) == 235248 ) is NOT correct!
  [w1]         TEST CASE:  device_nv: the record sizes the version policy guards are what the stored layout expects
  [w1]         test/test_device_nv.cpp:526: ERROR: CHECK( kVersion == 25 ) is NOT correct!
  [w1]         test/test_device_nv.cpp:527: ERROR: CHECK( kVersionMinLoad == 25 ) is NOT correct!
  [w1]         test/test_device_nv.cpp:528: ERROR: CHECK( sizeof(Blob) == 280 ) is NOT correct!
  [w1]         test/test_device_nv.cpp:530: ERROR: CHECK( __builtin_offsetof (Blob, remote_action_activation_ms) == 276 ) is NOT correct!
  [w2]   ABORT the clean tree is RED — 2950 / 195770 / 5 FAILED. Every mutation below would read RED for the wrong reason. No mutation was applied.
  [w2]         TEST CASE:  §B278-S3/20 the bounded translation action is 56 B of value types and costs Node nothing
  [w2]         test/test_custody_receive_g.cpp:2315: ERROR: CHECK( sizeof(Node) == 235248 ) is NOT correct!
  [w2]         TEST CASE:  device_nv: the record sizes the version policy guards are what the stored layout expects
  [w2]         test/test_device_nv.cpp:526: ERROR: CHECK( kVersion == 25 ) is NOT correct!
  [w2]         test/test_device_nv.cpp:527: ERROR: CHECK( kVersionMinLoad == 25 ) is NOT correct!
  [w2]         test/test_device_nv.cpp:528: ERROR: CHECK( sizeof(Blob) == 280 ) is NOT correct!
  [w2]         test/test_device_nv.cpp:530: ERROR: CHECK( __builtin_offsetof (Blob, remote_action_activation_ms) == 276 ) is NOT correct!
  [w0]   ABORT the clean tree is RED — 2950 / 195770 / 5 FAILED. Every mutation below would read RED for the wrong reason. No mutation was applied.
  [w0]         TEST CASE:  §B278-S3/20 the bounded translation action is 56 B of value types and costs Node nothing
  [w0]         test/test_custody_receive_g.cpp:2315: ERROR: CHECK( sizeof(Node) == 235248 ) is NOT correct!
  [w0]         TEST CASE:  device_nv: the record sizes the version policy guards are what the stored layout expects
  [w0]         test/test_device_nv.cpp:526: ERROR: CHECK( kVersion == 25 ) is NOT correct!
  [w0]         test/test_device_nv.cpp:527: ERROR: CHECK( kVersionMinLoad == 25 ) is NOT correct!
  [w0]         test/test_device_nv.cpp:528: ERROR: CHECK( sizeof(Blob) == 280 ) is NOT correct!
  [w0]         test/test_device_nv.cpp:530: ERROR: CHECK( __builtin_offsetof (Blob, remote_action_activation_ms) == 276 ) is NOT correct!

======================================================================================================================
-- MERGED REPORT — target radmin2codec: /tmp/mr-s10-r2-_iyw9vw8/union-inputs/lib/core/remote_codec.cpp
  MISSING R01 ★★★ the base KDF binds the two full public keys in the WRONG ROLE ORDER, so a controller and its target derive the same key from either end — the DM sorted-hash habit imported into a protocol whose two endpoints are NOT interchangeable — NO VERDICT (its worker did not report it)
  MISSING R02 ★★ the base KDF label loses its version tag (same length, so every static_assert still holds) — remote-admin v1 and v2 would derive the same key from the same inputs — NO VERDICT (its worker did not report it)
  MISSING R03 ★★ the base KDF drops the SHARED POINT and derives a key from two public keys alone — NO VERDICT (its worker did not report it)
  MISSING R04 ★★★ the session KDF drops the epoch, so a rollover does not change the session key — the whole point of the epoch — NO VERDICT (its worker did not report it)
  MISSING R05 ★★ the session KDF writes the epoch BIG-endian — the wrong-endian defect at a key boundary, invisible to any round-trip — NO VERDICT (its worker did not report it)
  MISSING R06 ★★ the base key is truncated from the WRONG END of the 64-byte digest — still 32 bytes, still self-consistent, and not the spec's [:32] — NO VERDICT (its worker did not report it)
  MISSING R07 ★★★ the ALL-ZERO shared point is accepted and turned into a key — exactly what the existing void `ecdh_shared` would hand over unchecked — NO VERDICT (its worker did not report it)
  MISSING R08 ★★★ the ECDH boundary stops rejecting a degenerate result, so every low-order peer point yields a key both sides agree on and an attacker knows — NO VERDICT (its worker did not report it)
  MISSING R09 ★★★ the nonce drops the DIRECTION byte, so a request and a response with the same opcode nibble and request id collide under one key — NO VERDICT (its worker did not report it)
  MISSING R10 ★★★ the nonce drops the CONTROL BYTE, so every opcode and every ACL slot share one nonce domain at a given request id — NO VERDICT (its worker did not report it)
  MISSING R11 ★★ the nonce drops the RESPONSE SEQUENCE, so two frames of one transcript reuse a nonce under the same session key — NO VERDICT (its worker did not report it)
  MISSING R12 ★★★ the nonce drops the stable controller SOURCE_HASH — two controllers deliberately sharing one credential lose their pre-encryption nonce separation (design §9) — NO VERDICT (its worker did not report it)
  MISSING R13 ★★★ EVERY domain gets the epoch in its nonce — including the bootstrap REQUEST, whose controller does not yet know one (§8.1) — NO VERDICT (its worker did not report it)
  MISSING R14 ★★ NO domain gets the epoch in its nonce, so a replayed bootstrap after a rollover reuses the old response nonce — NO VERDICT (its worker did not report it)
  MISSING R15 ★★ the nonce is truncated from the wrong end of the digest — NO VERDICT (its worker did not report it)
  MISSING R16 ★★★ an OPEN domain is handed a nonce, so an unauthenticated envelope could join an authenticated inequality claim as a fake zero-nonce member — NO VERDICT (its worker did not report it)
  MISSING R17 ★★ the ABSENT-SOURCE fallback comes back: a message with no captured controller source is derived against whatever number the field happens to hold — NO VERDICT (its worker did not report it)
  MISSING R18 ★★ one byte of the nonce LABEL changes (same length, so every static_assert still holds) — the derivation drifts out of its frozen domain without any structural sign — NO VERDICT (its worker did not report it)
  MISSING R19 ★★★ the AAD drops the DIRECTION byte, so a sealed request body would authenticate as a response body — NO VERDICT (its worker did not report it)
  MISSING R20 ★★★ the AAD drops the controller SOURCE_HASH, so the return identity is no longer bound and a relay could rewrite it without breaking the tag — NO VERDICT (its worker did not report it)
  MISSING R21 ★★ the AAD length stops covering the source hash — the bytes are written and then not authenticated, which is the shape that looks right in a hex dump — NO VERDICT (its worker did not report it)
  MISSING R22 ★★★ the request id is written BIG-endian in the clear header — wrong on the wire and wrong in the AAD, and a round-trip never notices — NO VERDICT (its worker did not report it)
  MISSING R23 ★★ the clear header puts the request id BEFORE the control byte — NO VERDICT (its worker did not report it)
  MISSING R24 ★★ the rollover result writes its abandoned count BEFORE the epoch — the field order of §8.6 reversed — NO VERDICT (its worker did not report it)
  MISSING R25 ★★ a bootstrap request may be built without its 32-byte controller key, or any other layout with one — the header/AAD field set stops being checked — NO VERDICT (its worker did not report it)
  MISSING R26 ★★★ the outer DATA type is not validated, so a FOREIGN typed frame's first body byte is read as a remote `ctl` — NO VERDICT (its worker did not report it)
  MISSING R27 ★★★ the RESERVED slot nibbles A..E stop being refused as a class — NO VERDICT (its worker did not report it)
  MISSING R28 ★★ a RESERVED REMOTE_CMD opcode (0x6..0xF) is admitted instead of refused — NO VERDICT (its worker did not report it)
  MISSING R29 ★★ a RESERVED REMOTE_RESP opcode (0x5..0xF) is admitted instead of refused — NO VERDICT (its worker did not report it)
  MISSING R30 ★★★ an AUTHENTICATED EXECUTE is accepted on the sentinel slot — open becomes a fake ACL slot, which §8.1 forbids by name — NO VERDICT (its worker did not report it)
  MISSING R31 ★★★ a BOOTSTRAP REQUEST is accepted on an established slot, i.e. on a row the controller cannot yet know — NO VERDICT (its worker did not report it)
  MISSING R32 ★★ a BOOTSTRAP RESPONSE is accepted on the sentinel, so it stops carrying the actual matched slot — NO VERDICT (its worker did not report it)
  MISSING R33 ★★★ the OPEN protocol error acquires the AUTHENTICATED `already_acknowledged` result namespace — an unauthenticated envelope gaining an authenticated meaning — NO VERDICT (its worker did not report it)
  MISSING R34 ★★★ a FIXED layout accepts a trailing byte (the exact-length rule becomes a minimum) — NO VERDICT (its worker did not report it)
  MISSING R35 ★★ a VARIABLE layout stops checking that its fixed fields are even present — NO VERDICT (its worker did not report it)
  MISSING R36 ★★ a FIXED layout is allowed to carry an application payload — NO VERDICT (its worker did not report it)
  MISSING R37 ★★★ ENCODE admission is skipped: an oversize body is built and handed on rather than refused — NO VERDICT (its worker did not report it)
  MISSING R38 ★★ ENCODE admission is off by one: a body EXACTLY at the carrier's cap is refused — NO VERDICT (its worker did not report it)
  MISSING R39 ★★★ DECODE admission is skipped, so an oversize body's size check hides behind a tag that happens to verify — NO VERDICT (its worker did not report it)
  MISSING R40 ★★★ [[R-RA-28]] REVERSED: the four DST_HASH bytes are reclaimed on a leg that does not transmit them — the optional-for-size decision the ruling exists to forbid — NO VERDICT (its worker did not report it)
  MISSING R41 ★★ the mandatory SOURCE_HASH reservation is dropped from the capacity derivation — NO VERDICT (its worker did not report it)
  MISSING R42 ★★ the origin byte is forgotten in the capacity derivation — NO VERDICT (its worker did not report it)
  MISSING R43 ★★★ the AIR-fit bound is ignored and STORAGE always governs — [[B20]]'s conflation at a new authority (the outer-CRYPTED shape then reads 232 instead of 229) — NO VERDICT (its worker did not report it)
  MISSING R44 ★★★ the STORAGE bound is ignored and AIR always governs, so a plaintext carrier is told it may fill 233 inner bytes the 241-byte TxItem buffer cannot hold alongside its fields — NO VERDICT (its worker did not report it)
  MISSING R45 ★★ the typed wrapper's enclosed-TYPE byte is free — NO VERDICT (its worker did not report it)
  MISSING R46 ★★ the cross-layer path forgets its two count bytes and charges only the layer ids — NO VERDICT (its worker did not report it)
  MISSING R47 ★★★ [[B309]]: the typed wrapper is given the FULL path's depth limit, so destination depth 4 is admitted as a 225-byte carrier the home could never re-originate — NO VERDICT (its worker did not report it)
  MISSING R48 ★★ the path cursor stops being validated against the depth (`pack_unicast_inner` refuses what this would admit) — NO VERDICT (its worker did not report it)
  MISSING R49 ★★ [[R-RA-13]] reversed: a carrier without SOURCE_HASH is admitted — NO VERDICT (its worker did not report it)
  MISSING R50 ★★ `pack_data`'s structural rule is dropped: outer CRYPTED with no DST_HASH is reported as a carrier with a lower cap instead of no carrier at all — NO VERDICT (its worker did not report it)
  MISSING R51 ★★ a same-layer descriptor is allowed to carry a path block that its flags would never emit — NO VERDICT (its worker did not report it)
  MISSING R52 ★★ `addr_len` beyond the mobile last mile is admitted (`pack_data` refuses it) — NO VERDICT (its worker did not report it)
  MISSING R53 ★★★ the ENCODE key selector collapses to the session key, so a bootstrap is sealed under a key the target cannot have yet — NO VERDICT (its worker did not report it)
  MISSING R54 ★★★ the DECODE key selector collapses to the session key — NO VERDICT (its worker did not report it)
  MISSING R55 ★★★ the AEAD verdict is IGNORED: a body with a broken tag publishes its plaintext — NO VERDICT (its worker did not report it)
  MISSING R56 ★★★ a FAILED authenticated open FALLS BACK to the open decoder — the exact behaviour §8.1 forbids by name — NO VERDICT (its worker did not report it)
  MISSING R57 ★★ an OPEN body is published as AUTHENTICATED — a success that isn't — NO VERDICT (its worker did not report it)
  MISSING R58 ★★★ the two result namespaces COLLAPSE: the authenticated protocol error accepts the whole terminal namespace, so 0x01..0x08 stop rejecting — NO VERDICT (its worker did not report it)
  MISSING R59 ★★★ the typed DOMAIN is lost: a protocol-error body decodes as a TERMINAL result, so 0x00 reads as `completed` instead of `already_acknowledged` — NO VERDICT (its worker did not report it)
  MISSING R60 ★★ an UNALLOCATED terminal code (0x09..0xFF) is decoded as a known meaning — NO VERDICT (its worker did not report it)
  MISSING R61 ★★ a TERMINAL body with NO result code defaults to `completed` instead of refusing — NO VERDICT (its worker did not report it)
  MISSING R62 ★★ the bounded terminal DETAIL bytes are dropped rather than preserved exactly — NO VERDICT (its worker did not report it)
  MISSING R63 ★★★ [[B312]] VERBATIM: the entropy provider's status is IGNORED, so a failed or partial draw becomes a usable request id — NO VERDICT (its worker did not report it)
  MISSING R64 ★★★ an ABSENT provider silently yields the reserved id zero instead of refusing — NO VERDICT (its worker did not report it)
  MISSING R65 ★★ the request id is composed BIG-endian from the drawn bytes — NO VERDICT (its worker did not report it)
  MISSING R66 ★★★ the request id is silently NARROWED to 32 bits — R-RA-5's rejected width, and the birthday bound moves from 2^-33 to about 0.5 — NO VERDICT (its worker did not report it)
  MISSING R67 R-RA-37 decoder retains the old terminal ceiling 07 (must compile and reject positive 08) — NO VERDICT (its worker did not report it)
  MISSING R68 R-RA-37 action_busy is misreported as session_busy — NO VERDICT (its worker did not report it)
  MISSING A01 R-RA-36 domain absent — NO VERDICT (its worker did not report it)
  MISSING A02 R-RA-36 notice is open — NO VERDICT (its worker did not report it)
  MISSING A03 R-RA-36 notice selects base key — NO VERDICT (its worker did not report it)
  MISSING A04 R-RA-36 notice variable body — NO VERDICT (its worker did not report it)
  MISSING A05 R-RA-36 wrong response opcode — NO VERDICT (its worker did not report it)
  MISSING A06 R-RA-36 wrong fixed overhead — NO VERDICT (its worker did not report it)
  MISSING A07 R-RA-36 nonce omits w.u8(msg.request_ctl); — NO VERDICT (its worker did not report it)
  MISSING A08 R-RA-36 nonce omits w.u8(static_cast<uint8_t>(msg.admission_code)); — NO VERDICT (its worker did not report it)
  MISSING A09 R-RA-36 nonce omits w.u8(msg.admission_detail); — NO VERDICT (its worker did not report it)
  MISSING A10 R-RA-36 nonce reorders suffix — NO VERDICT (its worker did not report it)
  MISSING A11 R-RA-36 old preimage contaminated — NO VERDICT (its worker did not report it)
  MISSING A12 R-RA-36 header field order reversed — NO VERDICT (its worker did not report it)
  MISSING A13 R-RA-36 AAD clear byte 0 zeroed — NO VERDICT (its worker did not report it)
  MISSING A14 R-RA-36 AAD clear byte 1 zeroed — NO VERDICT (its worker did not report it)
  MISSING A15 R-RA-36 AAD clear byte 9 zeroed — NO VERDICT (its worker did not report it)
  MISSING A16 R-RA-36 AAD clear byte 10 zeroed — NO VERDICT (its worker did not report it)
  MISSING A17 R-RA-36 AAD clear byte 11 zeroed — NO VERDICT (its worker did not report it)
  MISSING A18 R-RA-36 busy zero admitted — NO VERDICT (its worker did not report it)
  MISSING A19 R-RA-36 unused detail admitted — NO VERDICT (its worker did not report it)
  MISSING A20 R-RA-36 unsupported code admitted — NO VERDICT (its worker did not report it)
  MISSING A21 R-RA-36 unsupported request admitted — NO VERDICT (its worker did not report it)
  MISSING A22 R-RA-36 mismatched slot admitted — NO VERDICT (its worker did not report it)
  MISSING A23 R-RA-36 busy codec invents max four — NO VERDICT (its worker did not report it)
  MISSING A24 R-RA-36 typed notice becomes terminal — NO VERDICT (its worker did not report it)
  MISSING A25 R-RA-36 typed notice becomes protocol error — NO VERDICT (its worker did not report it)
  MISSING A26 R-RA-36 fixed trailing byte accepted — NO VERDICT (its worker did not report it)
  MISSING A27 R-RA-36 fixed receive carrier bypass — NO VERDICT (its worker did not report it)
  MISSING A28 R-RA-36 fixed encode carrier bypass — NO VERDICT (its worker did not report it)
  MISSING A29 R-RA-36 bad tag publishes parsed header — NO VERDICT (its worker did not report it)
  MISSING A30 R-RA-36 semantic failure publishes parsed header — NO VERDICT (its worker did not report it)
  MISSING A31 R-RA-36 decode semantic check bypassed — NO VERDICT (its worker did not report it)
  MISSING A32 R-RA-36 encode semantic check bypassed — NO VERDICT (its worker did not report it)
  MISSING A33 R-RA-36 clear detail becomes payload view — NO VERDICT (its worker did not report it)
  MISSING A34 R-RA-36 unused sequence contaminates nonce — NO VERDICT (its worker did not report it)
  MISSING A35 R-RA-36 request field not decoded — NO VERDICT (its worker did not report it)
  MISSING A36 R-RA-36 detail field not decoded — NO VERDICT (its worker did not report it)
  MISSING A37 R-RA-36 notice sentinel admitted — NO VERDICT (its worker did not report it)
  worker 0: 0/35 entries, 0 RED / 0 worthless, wall 0.0s, rc 2, source restored: md5 None (DIFFERS — FAIL)   /tmp/mr_mutation_run-g8b0aako/w0
  worker 1: 0/35 entries, 0 RED / 0 worthless, wall 0.0s, rc 2, source restored: md5 None (DIFFERS — FAIL)   /tmp/mr_mutation_run-g8b0aako/w1
  worker 2: 0/35 entries, 0 RED / 0 worthless, wall 0.0s, rc 2, source restored: md5 None (DIFFERS — FAIL)   /tmp/mr_mutation_run-g8b0aako/w2
real tree untouched: all 62 target files byte-identical to launch (md5); no build ran in /tmp/mr-s10-r2-_iyw9vw8/union-inputs
timing: copy 3.9s + battery 6.5s = 10.5s total, 105 entries over 3 worker(s)
mutations: 0 RED / 105 unusable (of which 105 MISSING — never judged)
  ################################################################################################################
  ##  ⛔ RUN INTEGRITY FAILURE — this run's verdicts may NOT be read as a battery result.
  ##    worker 0 exited 2 — not a verdict code (0 = all RED, 1 = something worthless); its shard was not completed
  ##    worker 0 did not report its source restored
  ##    worker 1 exited 2 — not a verdict code (0 = all RED, 1 = something worthless); its shard was not completed
  ##    worker 1 did not report its source restored
  ##    worker 2 exited 2 — not a verdict code (0 = all RED, 1 = something worthless); its shard was not completed
  ##    worker 2 did not report its source restored
  ##    no worker derived a clean baseline — nothing measured a clean tree
  ##    105 selected entries came back with NO verdict: R01, R02, R03, R04, R05, R06, R07, R08, R09, R10, R11, R12, R13, R14, R15, R16, R17, R18, R19, R20, R21, R22, R23, R24, R25, R26, R27, R28, R29, R30, R31, R32, R33, R34, R35, R36, R37, R38, R39, R40, R41, R42, R43, R44, R45, R46, R47, R48, R49, R50, R51, R52, R53, R54, R55, R56, R57, R58, R59, R60, R61, R62, R63, R64, R65, R66, R67, R68, A01, A02, A03, A04, A05, A06, A07, A08, A09, A10, A11, A12, A13, A14, A15, A16, A17, A18, A19, A20, A21, A22, A23, A24, A25, A26, A27, A28, A29, A30, A31, A32, A33, A34, A35, A36, A37
  ##  A shard that did not report is NOT a shard that passed ([[B227]]/[[B237]]).
  ################################################################################################################
