-- target radmin3id: /tmp/mr-s10-r2-_iyw9vw8/union-inputs/src/firmware_admin_identity.h (23 entries)
-- selection: IN FULL (all 23 entries)
-- workers: 3
-- scratch root: /tmp/mr_mutation_run-cu0o2qak   (removed on exit; MR_MUT_KEEP_SCRATCH=1 to keep)
  [w1] -- target radmin3id: /tmp/mr_mutation_run-cu0o2qak/w1/src/firmware_admin_identity.h (8 of 23 entries in this shard)
  [w1] -- baseline gate: THIS WORKER'S OWN clean tree must run 0 FAILED; its own counts become this shard's baseline
  [w0] -- target radmin3id: /tmp/mr_mutation_run-cu0o2qak/w0/src/firmware_admin_identity.h (8 of 23 entries in this shard)
  [w0] -- baseline gate: THIS WORKER'S OWN clean tree must run 0 FAILED; its own counts become this shard's baseline
  [w2] -- target radmin3id: /tmp/mr_mutation_run-cu0o2qak/w2/src/firmware_admin_identity.h (7 of 23 entries in this shard)
  [w2] -- baseline gate: THIS WORKER'S OWN clean tree must run 0 FAILED; its own counts become this shard's baseline
  [w0]   ABORT the clean tree is RED — 2950 / 195770 / 5 FAILED. Every mutation below would read RED for the wrong reason. No mutation was applied.
  [w0]         TEST CASE:  §B278-S3/20 the bounded translation action is 56 B of value types and costs Node nothing
  [w0]         test/test_custody_receive_g.cpp:2315: ERROR: CHECK( sizeof(Node) == 235248 ) is NOT correct!
  [w0]         TEST CASE:  device_nv: the record sizes the version policy guards are what the stored layout expects
  [w0]         test/test_device_nv.cpp:526: ERROR: CHECK( kVersion == 25 ) is NOT correct!
  [w0]         test/test_device_nv.cpp:527: ERROR: CHECK( kVersionMinLoad == 25 ) is NOT correct!
  [w0]         test/test_device_nv.cpp:528: ERROR: CHECK( sizeof(Blob) == 280 ) is NOT correct!
  [w0]         test/test_device_nv.cpp:530: ERROR: CHECK( __builtin_offsetof (Blob, remote_action_activation_ms) == 276 ) is NOT correct!
  [w1]   ABORT the clean tree is RED — 2950 / 195770 / 5 FAILED. Every mutation below would read RED for the wrong reason. No mutation was applied.
  [w1]         TEST CASE:  §B278-S3/20 the bounded translation action is 56 B of value types and costs Node nothing
  [w1]         test/test_custody_receive_g.cpp:2315: ERROR: CHECK( sizeof(Node) == 235248 ) is NOT correct!
  [w1]         TEST CASE:  device_nv: the record sizes the version policy guards are what the stored layout expects
  [w1]         test/test_device_nv.cpp:526: ERROR: CHECK( kVersion == 25 ) is NOT correct!
  [w1]         test/test_device_nv.cpp:527: ERROR: CHECK( kVersionMinLoad == 25 ) is NOT correct!
  [w1]         test/test_device_nv.cpp:528: ERROR: CHECK( sizeof(Blob) == 280 ) is NOT correct!
  [w1]         test/test_device_nv.cpp:530: ERROR: CHECK( __builtin_offsetof (Blob, remote_action_activation_ms) == 276 ) is NOT correct!
  [w2]   ABORT the clean tree is RED — 2950 / 195770 / 5 FAILED. Every mutation below would read RED for the wrong reason. No mutation was applied.
  [w2]         TEST CASE:  §B278-S3/20 the bounded translation action is 56 B of value types and costs Node nothing
  [w2]         test/test_custody_receive_g.cpp:2315: ERROR: CHECK( sizeof(Node) == 235248 ) is NOT correct!
  [w2]         TEST CASE:  device_nv: the record sizes the version policy guards are what the stored layout expects
  [w2]         test/test_device_nv.cpp:526: ERROR: CHECK( kVersion == 25 ) is NOT correct!
  [w2]         test/test_device_nv.cpp:527: ERROR: CHECK( kVersionMinLoad == 25 ) is NOT correct!
  [w2]         test/test_device_nv.cpp:528: ERROR: CHECK( sizeof(Blob) == 280 ) is NOT correct!
  [w2]         test/test_device_nv.cpp:530: ERROR: CHECK( __builtin_offsetof (Blob, remote_action_activation_ms) == 276 ) is NOT correct!

======================================================================================================================
-- MERGED REPORT — target radmin3id: /tmp/mr-s10-r2-_iyw9vw8/union-inputs/src/firmware_admin_identity.h
  MISSING A01 ★★★ THE DEAD-RNG REFUSAL IS DELETED: an all-zero draw mints the world-known root and reports SUCCESS — NO VERDICT (its worker did not report it)
  MISSING A02 the PROVIDER'S ANSWER is ignored — a refused/partial draw is minted from anyway — NO VERDICT (its worker did not report it)
  MISSING A03 ★★ THE ORDER IS INVERTED: the record is SAVED BEFORE the draw is validated — NO VERDICT (its worker did not report it)
  MISSING A04 a FAILED SAVE is reported as success (the record is not there, the console says it is) — NO VERDICT (its worker did not report it)
  MISSING A05 the all-zero predicate EXITS EARLY on the first byte — a seed of 00 ff ff … would read as zero — NO VERDICT (its worker did not report it)
  MISSING A06 `reserved` is no longer part of the content policy (a non-canonical record compares unequal forever) — NO VERDICT (its worker did not report it)
  MISSING A07 ★★ a STORAGE-ok record with a dead seed is called `ok` — the composition is dropped — NO VERDICT (its worker did not report it)
  MISSING A08 `io_failed` is folded into `invalid` — a transient mount failure becomes a recoverable corruption — NO VERDICT (its worker did not report it)
  MISSING A09 `absent` is folded into `invalid` — a fresh device reports a corrupt root — NO VERDICT (its worker did not report it)
  MISSING A10 ★★ `generate` OVERWRITES an existing root instead of refusing — NO VERDICT (its worker did not report it)
  MISSING A11 `generate` mints over an INVALID record (an implicit re-seed, which only recovery may do) — NO VERDICT (its worker did not report it)
  MISSING A12 ⛔⛔ `generate` WRITES OVER AN UNREADABLE STORE — nothing is known and an intact root is destroyed — NO VERDICT (its worker did not report it)
  MISSING A13 `rotate` mints on an ABSENT node (a rotation invents a root that never existed) — NO VERDICT (its worker did not report it)
  MISSING A14 ⛔⛔ RECOVERY IS ALLOWED OVER `io_failed` — a transient mount failure re-mints the node's root — NO VERDICT (its worker did not report it)
  MISSING A15 recovery re-mints an `ok` record too (a 'repair' that destroys a healthy root) — NO VERDICT (its worker did not report it)
  MISSING A16 `show` WRITES: the read-only path gains a durable save — NO VERDICT (its worker did not report it)
  MISSING A17 ★★★ THE DIGEST SIZE BECOMES 8 — an 8-byte BLAKE2b is a DIFFERENT function, not a truncation — NO VERDICT (its worker did not report it)
  MISSING A18 ★★ THE PREFIX OFFSET MOVES: bytes 8..15 instead of 0..7 — NO VERDICT (its worker did not report it)
  MISSING A19 the prefix LENGTH moves to four bytes (the grindable `key_hash32` shape R-RA-29 forbids) — NO VERDICT (its worker did not report it)
  MISSING A20 the INPUT is the whole 64-byte digest of something else — the key is hashed with a stray extra byte — NO VERDICT (its worker did not report it)
  MISSING A21 the hex renderer emits UPPERCASE (a selector that changes case is a different string) — NO VERDICT (its worker did not report it)
  MISSING A22 the hex renderer swaps the nibble order (every byte reads back reversed) — NO VERDICT (its worker did not report it)
  MISSING A23 ★ THE PUBLISHED KEY IS THE SEED — the one substitution that leaks the secret to the console — NO VERDICT (its worker did not report it)
  worker 0: 0/8 entries, 0 RED / 0 worthless, wall 0.0s, rc 2, source restored: md5 None (DIFFERS — FAIL)   /tmp/mr_mutation_run-cu0o2qak/w0
  worker 1: 0/8 entries, 0 RED / 0 worthless, wall 0.0s, rc 2, source restored: md5 None (DIFFERS — FAIL)   /tmp/mr_mutation_run-cu0o2qak/w1
  worker 2: 0/7 entries, 0 RED / 0 worthless, wall 0.0s, rc 2, source restored: md5 None (DIFFERS — FAIL)   /tmp/mr_mutation_run-cu0o2qak/w2
real tree untouched: all 62 target files byte-identical to launch (md5); no build ran in /tmp/mr-s10-r2-_iyw9vw8/union-inputs
timing: copy 3.9s + battery 7.4s = 11.4s total, 23 entries over 3 worker(s)
mutations: 0 RED / 23 unusable (of which 23 MISSING — never judged)
  ################################################################################################################
  ##  ⛔ RUN INTEGRITY FAILURE — this run's verdicts may NOT be read as a battery result.
  ##    worker 0 exited 2 — not a verdict code (0 = all RED, 1 = something worthless); its shard was not completed
  ##    worker 0 did not report its source restored
  ##    worker 1 exited 2 — not a verdict code (0 = all RED, 1 = something worthless); its shard was not completed
  ##    worker 1 did not report its source restored
  ##    worker 2 exited 2 — not a verdict code (0 = all RED, 1 = something worthless); its shard was not completed
  ##    worker 2 did not report its source restored
  ##    no worker derived a clean baseline — nothing measured a clean tree
  ##    23 selected entries came back with NO verdict: A01, A02, A03, A04, A05, A06, A07, A08, A09, A10, A11, A12, A13, A14, A15, A16, A17, A18, A19, A20, A21, A22, A23
  ##  A shard that did not report is NOT a shard that passed ([[B227]]/[[B237]]).
  ################################################################################################################
