-- target radmin3verbs: /tmp/mr-s10-r2-_iyw9vw8/union-inputs/src/firmware_admin_verbs.h (28 entries)
-- selection: IN FULL (all 28 entries)
-- workers: 3
-- scratch root: /tmp/mr_mutation_run-lkru8hob   (removed on exit; MR_MUT_KEEP_SCRATCH=1 to keep)
  [w0] -- target radmin3verbs: /tmp/mr_mutation_run-lkru8hob/w0/src/firmware_admin_verbs.h (10 of 28 entries in this shard)
  [w0] -- baseline gate: THIS WORKER'S OWN clean tree must run 0 FAILED; its own counts become this shard's baseline
  [w1] -- target radmin3verbs: /tmp/mr_mutation_run-lkru8hob/w1/src/firmware_admin_verbs.h (9 of 28 entries in this shard)
  [w1] -- baseline gate: THIS WORKER'S OWN clean tree must run 0 FAILED; its own counts become this shard's baseline
  [w2] -- target radmin3verbs: /tmp/mr_mutation_run-lkru8hob/w2/src/firmware_admin_verbs.h (9 of 28 entries in this shard)
  [w2] -- baseline gate: THIS WORKER'S OWN clean tree must run 0 FAILED; its own counts become this shard's baseline
  [w2]   ABORT the clean tree is RED — 2950 / 195770 / 5 FAILED. Every mutation below would read RED for the wrong reason. No mutation was applied.
  [w2]         TEST CASE:  §B278-S3/20 the bounded translation action is 56 B of value types and costs Node nothing
  [w2]         test/test_custody_receive_g.cpp:2315: ERROR: CHECK( sizeof(Node) == 235248 ) is NOT correct!
  [w2]         TEST CASE:  device_nv: the record sizes the version policy guards are what the stored layout expects
  [w2]         test/test_device_nv.cpp:526: ERROR: CHECK( kVersion == 25 ) is NOT correct!
  [w2]         test/test_device_nv.cpp:527: ERROR: CHECK( kVersionMinLoad == 25 ) is NOT correct!
  [w2]         test/test_device_nv.cpp:528: ERROR: CHECK( sizeof(Blob) == 280 ) is NOT correct!
  [w2]         test/test_device_nv.cpp:530: ERROR: CHECK( __builtin_offsetof (Blob, remote_action_activation_ms) == 276 ) is NOT correct!
  [w0]   ABORT the clean tree is RED — 2950 / 195770 / 5 FAILED. Every mutation below would read RED for the wrong reason. No mutation was applied.
  [w0]         TEST CASE:  §B278-S3/20 the bounded translation action is 56 B of value types and costs Node nothing
  [w0]         test/test_custody_receive_g.cpp:2315: ERROR: CHECK( sizeof(Node) == 235248 ) is NOT correct!
  [w0]         TEST CASE:  device_nv: the record sizes the version policy guards are what the stored layout expects
  [w0]         test/test_device_nv.cpp:526: ERROR: CHECK( kVersion == 25 ) is NOT correct!
  [w0]         test/test_device_nv.cpp:527: ERROR: CHECK( kVersionMinLoad == 25 ) is NOT correct!
  [w0]         test/test_device_nv.cpp:528: ERROR: CHECK( sizeof(Blob) == 280 ) is NOT correct!
  [w0]         test/test_device_nv.cpp:530: ERROR: CHECK( __builtin_offsetof (Blob, remote_action_activation_ms) == 276 ) is NOT correct!
  [w1]   ABORT the clean tree is RED — 2950 / 195770 / 5 FAILED. Every mutation below would read RED for the wrong reason. No mutation was applied.
  [w1]         TEST CASE:  §B278-S3/20 the bounded translation action is 56 B of value types and costs Node nothing
  [w1]         test/test_custody_receive_g.cpp:2315: ERROR: CHECK( sizeof(Node) == 235248 ) is NOT correct!
  [w1]         TEST CASE:  device_nv: the record sizes the version policy guards are what the stored layout expects
  [w1]         test/test_device_nv.cpp:526: ERROR: CHECK( kVersion == 25 ) is NOT correct!
  [w1]         test/test_device_nv.cpp:527: ERROR: CHECK( kVersionMinLoad == 25 ) is NOT correct!
  [w1]         test/test_device_nv.cpp:528: ERROR: CHECK( sizeof(Blob) == 280 ) is NOT correct!
  [w1]         test/test_device_nv.cpp:530: ERROR: CHECK( __builtin_offsetof (Blob, remote_action_activation_ms) == 276 ) is NOT correct!

======================================================================================================================
-- MERGED REPORT — target radmin3verbs: /tmp/mr-s10-r2-_iyw9vw8/union-inputs/src/firmware_admin_verbs.h
  MISSING C01 ★★ THE PRIMARY TOKEN BECOMES A PREFIX TEST — `admin-identity` and `aclx` are swallowed — NO VERDICT (its worker did not report it)
  MISSING C02 the family loses its `admin-id` half (only `acl` is recognised) — NO VERDICT (its worker did not report it)
  MISSING C03 the family loses its `acl` half — NO VERDICT (its worker did not report it)
  MISSING C04 a TAB no longer separates the primary token from its tail — NO VERDICT (its worker did not report it)
  MISSING C05 ★★★ THE TOKEN SCAN IGNORES `len` — it reads past the span into whatever follows the console stage — NO VERDICT (its worker did not report it)
  MISSING C06 ★★ THE KEY TOKEN IS TRUNCATED TO THE FIELD WIDTH instead of refused — a 65-character paste installs a DIFFERENT key than the operator copied, silently — NO VERDICT (its worker did not report it)
  MISSING C07 the key scratch is sized to a slot number, so every legal 64-hex key is refused — NO VERDICT (its worker did not report it)
  MISSING C08 ★★ `admin-id rotate` NO LONGER NEEDS ITS CONFIRMATION — a bare word rotates the root — NO VERDICT (its worker did not report it)
  MISSING C09 ★★ `admin-id reset` loses its confirmation — NO VERDICT (its worker did not report it)
  MISSING C10 ★★ `acl remove` loses its confirmation — NO VERDICT (its worker did not report it)
  MISSING C11 ★★ `acl reset` loses its confirmation — NO VERDICT (its worker did not report it)
  MISSING C12 a MALFORMED confirmation is TRIMMED into an accepted one (`confirm x` becomes `confirm`) — NO VERDICT (its worker did not report it)
  MISSING C13 ★★ THE SLOT IS PARSED WITH A PREFIX PARSE AGAIN — `acl remove 2junk confirm` frees slot 2 — NO VERDICT (its worker did not report it)
  MISSING C14 the 0..9 domain check is dropped, so slot 250 is narrowed into slot 250 % 256 — NO VERDICT (its worker did not report it)
  MISSING C15 the ROLE token becomes a PREFIX match — `own` and `operators` are accepted — NO VERDICT (its worker did not report it)
  MISSING C16 an unknown role DEFAULTS to operator instead of refusing (C2's fail-loud reversed) — NO VERDICT (its worker did not report it)
  MISSING C17 `admin-id show` silently ignores an extra token — NO VERDICT (its worker did not report it)
  MISSING C18 `acl add` silently ignores everything after the key — NO VERDICT (its worker did not report it)
  MISSING C19 an UNKNOWN subcommand falls through silently instead of answering bad_args — NO VERDICT (its worker did not report it)
  MISSING C20 ★ `unchanged` is reported as `updated` — the operator is told a write happened that did not — NO VERDICT (its worker did not report it)
  MISSING C21 the ACL listing renders EMPTY rows too (holes are published as slots) — NO VERDICT (its worker did not report it)
  MISSING C22 the listing's end line counts from the STORED count instead of the census — NO VERDICT (its worker did not report it)
  MISSING C23 ★ the ADD line prints the FINGERPRINT in place of the full key — the USB exchange loses the key — NO VERDICT (its worker did not report it)
  MISSING C24 ★ the BOOT line drops its `state=` field — absent and io_failed become indistinguishable — NO VERDICT (its worker did not report it)
  MISSING C25 the boot report starts printing the ADMINISTRATION KEY (a boot line must carry no material) — NO VERDICT (its worker did not report it)
  MISSING C26 a REFUSAL reason is mapped to the wrong lexeme (`last_owner` prints as `slot_empty`) — NO VERDICT (its worker did not report it)
  MISSING C27 the STATE names collapse (`io_failed` prints as `invalid` — the wrong remedy) — NO VERDICT (its worker did not report it)
  MISSING C29 the `acl add` path stops reading the administration identity (the gate is bypassed at the VERB) — NO VERDICT (its worker did not report it)
  worker 0: 0/10 entries, 0 RED / 0 worthless, wall 0.0s, rc 2, source restored: md5 None (DIFFERS — FAIL)   /tmp/mr_mutation_run-lkru8hob/w0
  worker 1: 0/9 entries, 0 RED / 0 worthless, wall 0.0s, rc 2, source restored: md5 None (DIFFERS — FAIL)   /tmp/mr_mutation_run-lkru8hob/w1
  worker 2: 0/9 entries, 0 RED / 0 worthless, wall 0.0s, rc 2, source restored: md5 None (DIFFERS — FAIL)   /tmp/mr_mutation_run-lkru8hob/w2
real tree untouched: all 62 target files byte-identical to launch (md5); no build ran in /tmp/mr-s10-r2-_iyw9vw8/union-inputs
timing: copy 4.1s + battery 7.1s = 11.2s total, 28 entries over 3 worker(s)
mutations: 0 RED / 28 unusable (of which 28 MISSING — never judged)
  ################################################################################################################
  ##  ⛔ RUN INTEGRITY FAILURE — this run's verdicts may NOT be read as a battery result.
  ##    worker 0 exited 2 — not a verdict code (0 = all RED, 1 = something worthless); its shard was not completed
  ##    worker 0 did not report its source restored
  ##    worker 1 exited 2 — not a verdict code (0 = all RED, 1 = something worthless); its shard was not completed
  ##    worker 1 did not report its source restored
  ##    worker 2 exited 2 — not a verdict code (0 = all RED, 1 = something worthless); its shard was not completed
  ##    worker 2 did not report its source restored
  ##    no worker derived a clean baseline — nothing measured a clean tree
  ##    28 selected entries came back with NO verdict: C01, C02, C03, C04, C05, C06, C07, C08, C09, C10, C11, C12, C13, C14, C15, C16, C17, C18, C19, C20, C21, C22, C23, C24, C25, C26, C27, C29
  ##  A shard that did not report is NOT a shard that passed ([[B227]]/[[B237]]).
  ################################################################################################################
