-- target a0rx: /tmp/mr-qa-s7b2-gate-0phs0ag4/mutations/lib/core/node_mac_rx.cpp (7 entries)
-- selection: IN FULL (all 7 entries)
-- workers: 4
-- scratch root: /tmp/mr_mutation_run-a81k61ft   (removed on exit; MR_MUT_KEEP_SCRATCH=1 to keep)
  [w0] -- target a0rx: /tmp/mr_mutation_run-a81k61ft/w0/lib/core/node_mac_rx.cpp (2 of 7 entries in this shard)
  [w0] -- baseline gate: THIS WORKER'S OWN clean tree must run 0 FAILED; its own counts become this shard's baseline
  [w2] -- target a0rx: /tmp/mr_mutation_run-a81k61ft/w2/lib/core/node_mac_rx.cpp (2 of 7 entries in this shard)
  [w2] -- baseline gate: THIS WORKER'S OWN clean tree must run 0 FAILED; its own counts become this shard's baseline
  [w1] -- target a0rx: /tmp/mr_mutation_run-a81k61ft/w1/lib/core/node_mac_rx.cpp (2 of 7 entries in this shard)
  [w1] -- baseline gate: THIS WORKER'S OWN clean tree must run 0 FAILED; its own counts become this shard's baseline
  [w3] -- target a0rx: /tmp/mr_mutation_run-a81k61ft/w3/lib/core/node_mac_rx.cpp (1 of 7 entries in this shard)
  [w3] -- baseline gate: THIS WORKER'S OWN clean tree must run 0 FAILED; its own counts become this shard's baseline
  [w2]   ok   clean baseline 2909 / 174485 / 0   (DERIVED from this tree)
  [w1]   ok   clean baseline 2909 / 174485 / 0   (DERIVED from this tree)
  [w0]   ok   clean baseline 2909 / 174485 / 0   (DERIVED from this tree)
  [w3]   ok   clean baseline 2909 / 174485 / 0   (DERIVED from this tree)
  [w2]   ok   1b-01 ★★★ THE ACCEPT-OWNED CALL IS DELETED FROM THE DISPATCH — a REMOTE_CMD is still CONSUMED (become_free + return) but nothing stages it, so the command is swallowed in silence: no slot, no main-loop execution, and no fail-closed drop either -> RED (166 assertion(s) failed, match count 1)
  [w1]   ok   A08 ★★★ THE E2E-ACK REPLY IS GATED ON A KNOWN TYPE — an unknown addressed type stops earning an ACK, so the amplification half of the unknown-type fall-through ([[A0-F3]]) stops being pinned -> RED (1 assertion(s) failed, match count 1)
  [w3]   ok   1b-02 ★★★ THE CLIENT-OWNED CALL IS DELETED FROM THE DISPATCH — a REMOTE_RESP is consumed and never staged, so the issuer's reply disappears with no drop, no print and no evidence -> RED (26 assertion(s) failed, match count 1)
  [w3] source restored: md5 286e851176b2a03ee5b5d579d94849c8 (MATCHES)
  [w3] shard 3: 1 RED / 0 unusable   (of 1 entries)
  [w0]   ok   A04 ★★★ THE MISSING DEFAULT ARM IS INSTALLED (Slice B's fail-closed rule, applied early) — an addressed unknown type is dropped instead of inboxed, so the pre-transition fall-through stops being pinned -> RED (35 assertion(s) failed, match count 1)
  [w2]   ok   A05 ★★★ THE E2E-ACK ARM STOPS CONSUMING — the receipt falls through to the generic deliver, so an ack becomes an ordinary inbox message and the "consumed types are not delivered" control stops being pinned -> RED (1 assertion(s) failed, match count 1)
  [w2] source restored: md5 286e851176b2a03ee5b5d579d94849c8 (MATCHES)
  [w2] shard 2: 2 RED / 0 unusable   (of 2 entries)
  [w1]   ok   1b-04 ★★★ THE TWO OWNED CALLS ARE SWAPPED AT THE DISPATCH — a REMOTE_CMD is handed to the CLIENT entry point, so an incoming command stages as `is_response=true` and fw_main would PRINT it instead of executing it -> RED (171 assertion(s) failed, match count 1)
  [w1] source restored: md5 286e851176b2a03ee5b5d579d94849c8 (MATCHES)
  [w1] shard 1: 2 RED / 0 unusable   (of 2 entries)
  [w0]   ok   1b-03 ★★★ THE ACCEPT ARM STOPS CONSUMING — a staged REMOTE_CMD falls through to the fail-closed internal guard as well, so a HANDLED type reports itself unsupported (and any later arm gets a second opinion on it) -> RED (1 assertion(s) failed, match count 1)
  [w0] source restored: md5 286e851176b2a03ee5b5d579d94849c8 (MATCHES)
  [w0] shard 0: 2 RED / 0 unusable   (of 2 entries)

======================================================================================================================
-- MERGED REPORT — target a0rx: /tmp/mr-qa-s7b2-gate-0phs0ag4/mutations/lib/core/node_mac_rx.cpp
  ok   clean baseline 2909 / 174485 / 0   (DERIVED per worker tree; 4 tree(s) agree)
  ok   A04 ★★★ THE MISSING DEFAULT ARM IS INSTALLED (Slice B's fail-closed rule, applied early) — an addressed unknown type is dropped instead of inboxed, so the pre-transition fall-through stops being pinned -> RED (35 assertion(s) failed, match count 1)
  ok   A08 ★★★ THE E2E-ACK REPLY IS GATED ON A KNOWN TYPE — an unknown addressed type stops earning an ACK, so the amplification half of the unknown-type fall-through ([[A0-F3]]) stops being pinned -> RED (1 assertion(s) failed, match count 1)
  ok   1b-01 ★★★ THE ACCEPT-OWNED CALL IS DELETED FROM THE DISPATCH — a REMOTE_CMD is still CONSUMED (become_free + return) but nothing stages it, so the command is swallowed in silence: no slot, no main-loop execution, and no fail-closed drop either -> RED (166 assertion(s) failed, match count 1)
  ok   1b-02 ★★★ THE CLIENT-OWNED CALL IS DELETED FROM THE DISPATCH — a REMOTE_RESP is consumed and never staged, so the issuer's reply disappears with no drop, no print and no evidence -> RED (26 assertion(s) failed, match count 1)
  ok   1b-03 ★★★ THE ACCEPT ARM STOPS CONSUMING — a staged REMOTE_CMD falls through to the fail-closed internal guard as well, so a HANDLED type reports itself unsupported (and any later arm gets a second opinion on it) -> RED (1 assertion(s) failed, match count 1)
  ok   1b-04 ★★★ THE TWO OWNED CALLS ARE SWAPPED AT THE DISPATCH — a REMOTE_CMD is handed to the CLIENT entry point, so an incoming command stages as `is_response=true` and fw_main would PRINT it instead of executing it -> RED (171 assertion(s) failed, match count 1)
  ok   A05 ★★★ THE E2E-ACK ARM STOPS CONSUMING — the receipt falls through to the generic deliver, so an ack becomes an ordinary inbox message and the "consumed types are not delivered" control stops being pinned -> RED (1 assertion(s) failed, match count 1)
  worker 0: 2/2 entries, 2 RED / 0 worthless, wall 13.1s, rc 0, source restored: md5 286e851176b2a03ee5b5d579d94849c8 (MATCHES)   /tmp/mr_mutation_run-a81k61ft/w0
  worker 1: 2/2 entries, 2 RED / 0 worthless, wall 12.4s, rc 0, source restored: md5 286e851176b2a03ee5b5d579d94849c8 (MATCHES)   /tmp/mr_mutation_run-a81k61ft/w1
  worker 2: 2/2 entries, 2 RED / 0 worthless, wall 12.2s, rc 0, source restored: md5 286e851176b2a03ee5b5d579d94849c8 (MATCHES)   /tmp/mr_mutation_run-a81k61ft/w2
  worker 3: 1/1 entries, 1 RED / 0 worthless, wall 9.2s, rc 0, source restored: md5 286e851176b2a03ee5b5d579d94849c8 (MATCHES)   /tmp/mr_mutation_run-a81k61ft/w3
real tree untouched: all 56 target files byte-identical to launch (md5); no build ran in /tmp/mr-qa-s7b2-gate-0phs0ag4/mutations
timing: copy 0.9s + battery 13.2s = 14.0s total, 7 entries over 4 worker(s)
mutations: 7 RED / 0 unusable
