-- target consoleline: /tmp/mr-qa-s7b2-gate-0phs0ag4/mutations/lib/console/console_line.h (12 entries)
-- selection: IN FULL (all 12 entries)
-- workers: 4
-- scratch root: /tmp/mr_mutation_run-2ovlz51k   (removed on exit; MR_MUT_KEEP_SCRATCH=1 to keep)
  [w0] -- target consoleline: /tmp/mr_mutation_run-2ovlz51k/w0/lib/console/console_line.h (3 of 12 entries in this shard)
  [w0] -- baseline gate: THIS WORKER'S OWN clean tree must run 0 FAILED; its own counts become this shard's baseline
  [w1] -- target consoleline: /tmp/mr_mutation_run-2ovlz51k/w1/lib/console/console_line.h (3 of 12 entries in this shard)
  [w1] -- baseline gate: THIS WORKER'S OWN clean tree must run 0 FAILED; its own counts become this shard's baseline
  [w2] -- target consoleline: /tmp/mr_mutation_run-2ovlz51k/w2/lib/console/console_line.h (3 of 12 entries in this shard)
  [w2] -- baseline gate: THIS WORKER'S OWN clean tree must run 0 FAILED; its own counts become this shard's baseline
  [w3] -- target consoleline: /tmp/mr_mutation_run-2ovlz51k/w3/lib/console/console_line.h (3 of 12 entries in this shard)
  [w3] -- baseline gate: THIS WORKER'S OWN clean tree must run 0 FAILED; its own counts become this shard's baseline
  [w2]   ok   clean baseline 2909 / 174485 / 0   (DERIVED from this tree)
  [w3]   ok   clean baseline 2909 / 174485 / 0   (DERIVED from this tree)
  [w1]   ok   clean baseline 2909 / 174485 / 0   (DERIVED from this tree)
  [w0]   ok   clean baseline 2909 / 174485 / 0   (DERIVED from this tree)
  [w1]   ok   L02 length check bypassed -> RED (4 assertion(s) failed, match count 1)
  [w2]   ok   L03 last byte is not scanned -> RED (4 assertion(s) failed, match count 1)
  [w3]   ok   L04 first byte is not scanned -> RED (6 assertion(s) failed, match count 1)
  [w0]   ok   L01 inclusive cap becomes exclusive -> RED (777 assertion(s) failed, match count 1)
  [w1]   ok   L06 CR accepted -> RED (4 assertion(s) failed, match count 1)
  [w3]   ok   L08 LF reason collapses to CR -> RED (1 assertion(s) failed, match count 1)
  [w2]   ok   L07 LF accepted -> RED (4 assertion(s) failed, match count 1)
  [w0]   ok   L05 NUL accepted -> RED (4 assertion(s) failed, match count 1)
  [w1]   ok   L10 USB command bound drifts -> RED (1 assertion(s) failed, match count 1)
  [w1] source restored: md5 906e1a837b8ca667d191e55ac5bdd848 (MATCHES)
  [w1] shard 1: 3 RED / 0 unusable   (of 3 entries)
  [w3]   ok   L12 unknown reason silently means ok -> RED (1 assertion(s) failed, match count 1)
  [w3] source restored: md5 906e1a837b8ca667d191e55ac5bdd848 (MATCHES)
  [w3] shard 3: 3 RED / 0 unusable   (of 3 entries)
  [w2]   ok   L11 byte error incorrectly precedes length error -> RED (1 assertion(s) failed, match count 1)
  [w2] source restored: md5 906e1a837b8ca667d191e55ac5bdd848 (MATCHES)
  [w2] shard 2: 3 RED / 0 unusable   (of 3 entries)
  [w0]   ok   L09 remote command cap drifts above the live codec derivation -> RED (3 assertion(s) failed, match count 1)
  [w0] source restored: md5 906e1a837b8ca667d191e55ac5bdd848 (MATCHES)
  [w0] shard 0: 3 RED / 0 unusable   (of 3 entries)

======================================================================================================================
-- MERGED REPORT — target consoleline: /tmp/mr-qa-s7b2-gate-0phs0ag4/mutations/lib/console/console_line.h
  ok   clean baseline 2909 / 174485 / 0   (DERIVED per worker tree; 4 tree(s) agree)
  ok   L01 inclusive cap becomes exclusive -> RED (777 assertion(s) failed, match count 1)
  ok   L02 length check bypassed -> RED (4 assertion(s) failed, match count 1)
  ok   L03 last byte is not scanned -> RED (4 assertion(s) failed, match count 1)
  ok   L04 first byte is not scanned -> RED (6 assertion(s) failed, match count 1)
  ok   L05 NUL accepted -> RED (4 assertion(s) failed, match count 1)
  ok   L06 CR accepted -> RED (4 assertion(s) failed, match count 1)
  ok   L07 LF accepted -> RED (4 assertion(s) failed, match count 1)
  ok   L08 LF reason collapses to CR -> RED (1 assertion(s) failed, match count 1)
  ok   L09 remote command cap drifts above the live codec derivation -> RED (3 assertion(s) failed, match count 1)
  ok   L10 USB command bound drifts -> RED (1 assertion(s) failed, match count 1)
  ok   L11 byte error incorrectly precedes length error -> RED (1 assertion(s) failed, match count 1)
  ok   L12 unknown reason silently means ok -> RED (1 assertion(s) failed, match count 1)
  worker 0: 3/3 entries, 3 RED / 0 worthless, wall 17.4s, rc 0, source restored: md5 906e1a837b8ca667d191e55ac5bdd848 (MATCHES)   /tmp/mr_mutation_run-2ovlz51k/w0
  worker 1: 3/3 entries, 3 RED / 0 worthless, wall 16.2s, rc 0, source restored: md5 906e1a837b8ca667d191e55ac5bdd848 (MATCHES)   /tmp/mr_mutation_run-2ovlz51k/w1
  worker 2: 3/3 entries, 3 RED / 0 worthless, wall 17.3s, rc 0, source restored: md5 906e1a837b8ca667d191e55ac5bdd848 (MATCHES)   /tmp/mr_mutation_run-2ovlz51k/w2
  worker 3: 3/3 entries, 3 RED / 0 worthless, wall 17.1s, rc 0, source restored: md5 906e1a837b8ca667d191e55ac5bdd848 (MATCHES)   /tmp/mr_mutation_run-2ovlz51k/w3
real tree untouched: all 56 target files byte-identical to launch (md5); no build ran in /tmp/mr-qa-s7b2-gate-0phs0ag4/mutations
timing: copy 0.9s + battery 17.4s = 18.3s total, 12 entries over 4 worker(s)
mutations: 12 RED / 0 unusable
