-- target radmin5session: /tmp/mr-qa-s7b2-gate-0phs0ag4/mutations/lib/core/remote_session.cpp (25 entries)
-- selection: IN FULL (all 25 entries)
-- workers: 4
-- scratch root: /tmp/mr_mutation_run-5_gvuoff   (removed on exit; MR_MUT_KEEP_SCRATCH=1 to keep)
  [w0] -- target radmin5session: /tmp/mr_mutation_run-5_gvuoff/w0/lib/core/remote_session.cpp (7 of 25 entries in this shard)
  [w0] -- baseline gate: THIS WORKER'S OWN clean tree must run 0 FAILED; its own counts become this shard's baseline
  [w3] -- target radmin5session: /tmp/mr_mutation_run-5_gvuoff/w3/lib/core/remote_session.cpp (6 of 25 entries in this shard)
  [w3] -- baseline gate: THIS WORKER'S OWN clean tree must run 0 FAILED; its own counts become this shard's baseline
  [w1] -- target radmin5session: /tmp/mr_mutation_run-5_gvuoff/w1/lib/core/remote_session.cpp (6 of 25 entries in this shard)
  [w1] -- baseline gate: THIS WORKER'S OWN clean tree must run 0 FAILED; its own counts become this shard's baseline
  [w2] -- target radmin5session: /tmp/mr_mutation_run-5_gvuoff/w2/lib/core/remote_session.cpp (6 of 25 entries in this shard)
  [w2] -- baseline gate: THIS WORKER'S OWN clean tree must run 0 FAILED; its own counts become this shard's baseline
  [w1]   ok   clean baseline 2909 / 174485 / 0   (DERIVED from this tree)
  [w2]   ok   clean baseline 2909 / 174485 / 0   (DERIVED from this tree)
  [w3]   ok   clean baseline 2909 / 174485 / 0   (DERIVED from this tree)
  [w0]   ok   clean baseline 2909 / 174485 / 0   (DERIVED from this tree)
  [w1]   ok   S02 ★★★ the tag comparison always succeeds, so an ID-REUSE request (case 3) is answered as a replay and the shared credential loses its at-most-once separation -> RED (2 assertion(s) failed, match count 1)
  [w2]   ok   S03 ★★★ the AUTHENTICATED SOURCE is dropped from the retry comparison, so a second controller holding the same credential can take over an existing request id -> RED (1 assertion(s) failed, match count 1)
  [w3]   ok   S04 ★★★ a FULL seen pool EVICTS row 0 instead of refusing — design §10, verbatim: "session records are not silently evicted while their session key remains valid" -> RED (9 assertion(s) failed, match count 1)
  [w0]   ok   S01 ★★★ the request FINGERPRINT is taken from the FRONT of the body instead of the authenticated TAG at its end — a same-id retry with a different payload would compare EQUAL on its clear header and be answered as a replay (design §10 case 3 collapses into case 2) -> RED (2 assertion(s) failed, match count 1)
  [w1]   ok   S06 ★★ the expiry boundary becomes STRICTLY greater, so a row whose deadline is exactly `now` survives the scan it was armed for and the next arm is a zero delay -> RED (25 assertion(s) failed, match count 1)
  [w2]   ok   S07 ★★★ the deadline addition WRAPS instead of saturating, so a `now` near the top of the range produces a deadline in the PAST and the row expires instantly -> RED (2 assertion(s) failed, match count 1)
  [w3]   ok   S08 ★★★ an OVER-CAP body is CLAMPED to the storage array instead of refused — Slice 1b named refuse-not-clamp as this slice's obligation, and a clamp hands a truncated ciphertext to the AEAD -> RED (1 assertion(s) failed, match count 1)
  [w0]   ok   S05 ★★★ expired NEVER-EXECUTED work retains its fingerprint and cannot re-admit (B369) -> RED (13 assertion(s) failed, match count 1)
  [w1]   ok   S10 ★★★ BOOTSTRAP ROTATES THE EPOCH it reports, so a replayed read-only discovery disrupts every live session — design §7.2 says in as many words that it "never changes the epoch" -> RED (23 assertion(s) failed, match count 1)
  [w2]   ok   S11 ★★★ BOOTSTRAP CONSUMES A SEEN ROW, so a controller that repeats a lost discovery exhausts the shared pool the executes need -> RED (12 assertion(s) failed, match count 1)
  [w3]   ok   S12 ★★★ the bootstrap key lookup matches the FIRST OCCUPIED ROW instead of the exact full key — an ACL-membership oracle, and it would answer a stranger under someone else's slot -> RED (110 assertion(s) failed, match count 1)
  [w0]   ok   S09 ★★★ ABSENCE is re-spelled as the VALUE ZERO, so a legitimate source hash of 0 is refused and a missing field is admitted — the exact confusion `RemoteSource`'s two separate members exist to prevent -> RED (24 assertion(s) failed, match count 1)
  [w1]   ok   S14 ★★★ an occupied slot holding EPOCH 0 counts as usable, so a node publishes readiness while a slot would run the zero epoch §4.1 forbids -> RED (1 assertion(s) failed, match count 1)
  [w3]   ok   S16 ★★★ CONTROL ADMISSION ALLOCATES AN EXECUTE SEEN ROW, so seen exhaustion consumes the reservation the partition exists to protect -> RED (103 assertion(s) failed, match count 1)
  [w2]   ok   S15 ★★★ the HARD PARTITION collapses: control work takes the general row, so a saturated ordinary-execute stream starves the reserved owner/control class -> RED (128 assertion(s) failed, match count 1)
  [w0]   ok   S13 ★★★ the bootstrap response reports the SENTINEL slot instead of the MATCHED ACL slot, so a controller cannot learn which credential the target actually recognised -> RED (124 assertion(s) failed, match count 1)
  [w1]   ok   S18 ★★ an OPEN request BORROWS the reserved bootstrap row, so an open flood locks out the one thing this slice can actually answer -> RED (1 assertion(s) failed, match count 1)
  [w3]   ok   S20 ★★★ an ACL change invalidates EVERY slot instead of the one that moved, so an unrelated controller's live session dies on someone else's role edit -> RED (5 assertion(s) failed, match count 1)
  [w2]   ok   S19 ★★ the PER-SOURCE open bound is dropped, so one peer fills all three open rows by changing its request id -> RED (6 assertion(s) failed, match count 1)
  [w0]   ok   S17 ★★★ the reservation stops being ATOMIC — the seen row is committed before the ingress row is known to be free, so a refused ingress strands a fingerprint that will answer `replay` for a request that was never admitted -> RED (7 assertion(s) failed, match count 1)
  [w1]   ok   S22 ★★★ the RETRY's route replaces the FIRST-ADMITTED one, so a later request re-addresses an already-admitted operation's answer -> RED (1 assertion(s) failed, match count 1)
  [w1] source restored: md5 ec5071e06ee86ffe7b90b60e7a03c454 (MATCHES)
  [w1] shard 1: 6 RED / 0 unusable   (of 6 entries)
  [w2]   ok   S23 ★★★ an admitted row is stored as FREE, so the pool never fills, every retry RE-ADMITS instead of classifying, and at-most-once execution is gone entirely -> RED (213 assertion(s) failed, match count 1)
  [w2] source restored: md5 ec5071e06ee86ffe7b90b60e7a03c454 (MATCHES)
  [w2] shard 2: 6 RED / 0 unusable   (of 6 entries)
  [w3]   ok   S24 ★★★ the bootstrap response is sealed against the RESPONSE carrier's own source instead of the ORIGINAL controller's, so the controller cannot open its own answer -> RED (58 assertion(s) failed, match count 1)
  [w3] source restored: md5 ec5071e06ee86ffe7b90b60e7a03c454 (MATCHES)
  [w3] shard 3: 6 RED / 0 unusable   (of 6 entries)
  [w0]   ok   S21 ★★★ a ROOT change no longer invalidates the old sessions, so a rotated node keeps answering `replay` for requests sealed under a key it no longer holds -> RED (2 assertion(s) failed, match count 1)
  [w0]   ok   S25 ★★★ the released ingress body keeps its decoded plaintext, so administration command bytes outlive the row that owned them -> RED (2 assertion(s) failed, match count 1)
  [w0] source restored: md5 ec5071e06ee86ffe7b90b60e7a03c454 (MATCHES)
  [w0] shard 0: 7 RED / 0 unusable   (of 7 entries)

======================================================================================================================
-- MERGED REPORT — target radmin5session: /tmp/mr-qa-s7b2-gate-0phs0ag4/mutations/lib/core/remote_session.cpp
  ok   clean baseline 2909 / 174485 / 0   (DERIVED per worker tree; 4 tree(s) agree)
  ok   S01 ★★★ the request FINGERPRINT is taken from the FRONT of the body instead of the authenticated TAG at its end — a same-id retry with a different payload would compare EQUAL on its clear header and be answered as a replay (design §10 case 3 collapses into case 2) -> RED (2 assertion(s) failed, match count 1)
  ok   S02 ★★★ the tag comparison always succeeds, so an ID-REUSE request (case 3) is answered as a replay and the shared credential loses its at-most-once separation -> RED (2 assertion(s) failed, match count 1)
  ok   S03 ★★★ the AUTHENTICATED SOURCE is dropped from the retry comparison, so a second controller holding the same credential can take over an existing request id -> RED (1 assertion(s) failed, match count 1)
  ok   S04 ★★★ a FULL seen pool EVICTS row 0 instead of refusing — design §10, verbatim: "session records are not silently evicted while their session key remains valid" -> RED (9 assertion(s) failed, match count 1)
  ok   S05 ★★★ expired NEVER-EXECUTED work retains its fingerprint and cannot re-admit (B369) -> RED (13 assertion(s) failed, match count 1)
  ok   S06 ★★ the expiry boundary becomes STRICTLY greater, so a row whose deadline is exactly `now` survives the scan it was armed for and the next arm is a zero delay -> RED (25 assertion(s) failed, match count 1)
  ok   S07 ★★★ the deadline addition WRAPS instead of saturating, so a `now` near the top of the range produces a deadline in the PAST and the row expires instantly -> RED (2 assertion(s) failed, match count 1)
  ok   S08 ★★★ an OVER-CAP body is CLAMPED to the storage array instead of refused — Slice 1b named refuse-not-clamp as this slice's obligation, and a clamp hands a truncated ciphertext to the AEAD -> RED (1 assertion(s) failed, match count 1)
  ok   S09 ★★★ ABSENCE is re-spelled as the VALUE ZERO, so a legitimate source hash of 0 is refused and a missing field is admitted — the exact confusion `RemoteSource`'s two separate members exist to prevent -> RED (24 assertion(s) failed, match count 1)
  ok   S10 ★★★ BOOTSTRAP ROTATES THE EPOCH it reports, so a replayed read-only discovery disrupts every live session — design §7.2 says in as many words that it "never changes the epoch" -> RED (23 assertion(s) failed, match count 1)
  ok   S11 ★★★ BOOTSTRAP CONSUMES A SEEN ROW, so a controller that repeats a lost discovery exhausts the shared pool the executes need -> RED (12 assertion(s) failed, match count 1)
  ok   S12 ★★★ the bootstrap key lookup matches the FIRST OCCUPIED ROW instead of the exact full key — an ACL-membership oracle, and it would answer a stranger under someone else's slot -> RED (110 assertion(s) failed, match count 1)
  ok   S13 ★★★ the bootstrap response reports the SENTINEL slot instead of the MATCHED ACL slot, so a controller cannot learn which credential the target actually recognised -> RED (124 assertion(s) failed, match count 1)
  ok   S14 ★★★ an occupied slot holding EPOCH 0 counts as usable, so a node publishes readiness while a slot would run the zero epoch §4.1 forbids -> RED (1 assertion(s) failed, match count 1)
  ok   S15 ★★★ the HARD PARTITION collapses: control work takes the general row, so a saturated ordinary-execute stream starves the reserved owner/control class -> RED (128 assertion(s) failed, match count 1)
  ok   S16 ★★★ CONTROL ADMISSION ALLOCATES AN EXECUTE SEEN ROW, so seen exhaustion consumes the reservation the partition exists to protect -> RED (103 assertion(s) failed, match count 1)
  ok   S17 ★★★ the reservation stops being ATOMIC — the seen row is committed before the ingress row is known to be free, so a refused ingress strands a fingerprint that will answer `replay` for a request that was never admitted -> RED (7 assertion(s) failed, match count 1)
  ok   S18 ★★ an OPEN request BORROWS the reserved bootstrap row, so an open flood locks out the one thing this slice can actually answer -> RED (1 assertion(s) failed, match count 1)
  ok   S19 ★★ the PER-SOURCE open bound is dropped, so one peer fills all three open rows by changing its request id -> RED (6 assertion(s) failed, match count 1)
  ok   S20 ★★★ an ACL change invalidates EVERY slot instead of the one that moved, so an unrelated controller's live session dies on someone else's role edit -> RED (5 assertion(s) failed, match count 1)
  ok   S21 ★★★ a ROOT change no longer invalidates the old sessions, so a rotated node keeps answering `replay` for requests sealed under a key it no longer holds -> RED (2 assertion(s) failed, match count 1)
  ok   S22 ★★★ the RETRY's route replaces the FIRST-ADMITTED one, so a later request re-addresses an already-admitted operation's answer -> RED (1 assertion(s) failed, match count 1)
  ok   S23 ★★★ an admitted row is stored as FREE, so the pool never fills, every retry RE-ADMITS instead of classifying, and at-most-once execution is gone entirely -> RED (213 assertion(s) failed, match count 1)
  ok   S24 ★★★ the bootstrap response is sealed against the RESPONSE carrier's own source instead of the ORIGINAL controller's, so the controller cannot open its own answer -> RED (58 assertion(s) failed, match count 1)
  ok   S25 ★★★ the released ingress body keeps its decoded plaintext, so administration command bytes outlive the row that owned them -> RED (2 assertion(s) failed, match count 1)
  worker 0: 7/7 entries, 7 RED / 0 worthless, wall 32.6s, rc 0, source restored: md5 ec5071e06ee86ffe7b90b60e7a03c454 (MATCHES)   /tmp/mr_mutation_run-5_gvuoff/w0
  worker 1: 6/6 entries, 6 RED / 0 worthless, wall 27.9s, rc 0, source restored: md5 ec5071e06ee86ffe7b90b60e7a03c454 (MATCHES)   /tmp/mr_mutation_run-5_gvuoff/w1
  worker 2: 6/6 entries, 6 RED / 0 worthless, wall 28.5s, rc 0, source restored: md5 ec5071e06ee86ffe7b90b60e7a03c454 (MATCHES)   /tmp/mr_mutation_run-5_gvuoff/w2
  worker 3: 6/6 entries, 6 RED / 0 worthless, wall 28.5s, rc 0, source restored: md5 ec5071e06ee86ffe7b90b60e7a03c454 (MATCHES)   /tmp/mr_mutation_run-5_gvuoff/w3
real tree untouched: all 56 target files byte-identical to launch (md5); no build ran in /tmp/mr-qa-s7b2-gate-0phs0ag4/mutations
timing: copy 0.8s + battery 32.7s = 33.6s total, 25 entries over 4 worker(s)
mutations: 25 RED / 0 unusable
