-- target radmin72rx: /tmp/mr-qa-s7b2-gate-0phs0ag4/mutations/lib/core/node_mac_rx.cpp (15 entries)
-- selection: IN FULL (all 15 entries)
-- workers: 4
-- scratch root: /tmp/mr_mutation_run-2w33v9mc   (removed on exit; MR_MUT_KEEP_SCRATCH=1 to keep)
  [w2] -- target radmin72rx: /tmp/mr_mutation_run-2w33v9mc/w2/lib/core/node_mac_rx.cpp (4 of 15 entries in this shard)
  [w2] -- baseline gate: THIS WORKER'S OWN clean tree must run 0 FAILED; its own counts become this shard's baseline
  [w3] -- target radmin72rx: /tmp/mr_mutation_run-2w33v9mc/w3/lib/core/node_mac_rx.cpp (3 of 15 entries in this shard)
  [w3] -- baseline gate: THIS WORKER'S OWN clean tree must run 0 FAILED; its own counts become this shard's baseline
  [w0] -- target radmin72rx: /tmp/mr_mutation_run-2w33v9mc/w0/lib/core/node_mac_rx.cpp (4 of 15 entries in this shard)
  [w0] -- baseline gate: THIS WORKER'S OWN clean tree must run 0 FAILED; its own counts become this shard's baseline
  [w1] -- target radmin72rx: /tmp/mr_mutation_run-2w33v9mc/w1/lib/core/node_mac_rx.cpp (4 of 15 entries in this shard)
  [w1] -- baseline gate: THIS WORKER'S OWN clean tree must run 0 FAILED; its own counts become this shard's baseline
  [w2]   ok   clean baseline 2909 / 174485 / 0   (DERIVED from this tree)
  [w0]   ok   clean baseline 2909 / 174485 / 0   (DERIVED from this tree)
  [w3]   ok   clean baseline 2909 / 174485 / 0   (DERIVED from this tree)
  [w1]   ok   clean baseline 2909 / 174485 / 0   (DERIVED from this tree)
  [w0]   ok   P01 control ignores TX pressure -> RED (6 assertion(s) failed, match count 1)
  [w3]   ok   P04 successful epoch installation is dropped -> RED (28 assertion(s) failed, match count 1)
  [w2]   ok   P03 epoch changes before reply preparation -> RED (62 assertion(s) failed, match count 1)
  [w1]   ok   P02 epoch draws retry after refusal -> RED (1 assertion(s) failed, match count 1)
  [w0]   ok   P05 sent or lost rollover resurrects the old epoch -> RED (8 assertion(s) failed, match count 1)
  [w3]   ok   P08 bootstrap and fixed sender refusals are not counted -> RED (1 assertion(s) failed, match count 1)
  [w2]   ok   P07 control send refusal is not counted -> RED (2 assertion(s) failed, match count 1)
  [w1]   ok   P06 control refusal leaves its reservation held -> RED (17 assertion(s) failed, match count 1)
  [w0]   ok   P09 open sender ignores full TX -> RED (2 assertion(s) failed, match count 1)
  [w3]   ok   P12 open encoder failure resets a nonzero cursor -> RED (4 assertion(s) failed, match count 1)
  [w3] source restored: md5 286e851176b2a03ee5b5d579d94849c8 (MATCHES)
  [w3] shard 3: 3 RED / 0 unusable   (of 3 entries)
  [w2]   ok   P11 open encoder failure replaces frozen terminal -> RED (2 assertion(s) failed, match count 1)
  [w1]   ok   P10 open encoder failure consumes cursor -> RED (7 assertion(s) failed, match count 1)
  [w0]   ok   P13 open ownership success does not advance -> RED (59 assertion(s) failed, match count 1)
  [w0] source restored: md5 286e851176b2a03ee5b5d579d94849c8 (MATCHES)
  [w0] shard 0: 4 RED / 0 unusable   (of 4 entries)
  [w2]   ok   P15 open sender refusal advances cursor -> RED (26 assertion(s) failed, match count 1)
  [w2] source restored: md5 286e851176b2a03ee5b5d579d94849c8 (MATCHES)
  [w2] shard 2: 4 RED / 0 unusable   (of 4 entries)
  [w1]   ok   P14 parked open result is misclassified as refusal -> RED (4 assertion(s) failed, match count 1)
  [w1] source restored: md5 286e851176b2a03ee5b5d579d94849c8 (MATCHES)
  [w1] shard 1: 4 RED / 0 unusable   (of 4 entries)

======================================================================================================================
-- MERGED REPORT — target radmin72rx: /tmp/mr-qa-s7b2-gate-0phs0ag4/mutations/lib/core/node_mac_rx.cpp
  ok   clean baseline 2909 / 174485 / 0   (DERIVED per worker tree; 4 tree(s) agree)
  ok   P01 control ignores TX pressure -> RED (6 assertion(s) failed, match count 1)
  ok   P02 epoch draws retry after refusal -> RED (1 assertion(s) failed, match count 1)
  ok   P03 epoch changes before reply preparation -> RED (62 assertion(s) failed, match count 1)
  ok   P04 successful epoch installation is dropped -> RED (28 assertion(s) failed, match count 1)
  ok   P05 sent or lost rollover resurrects the old epoch -> RED (8 assertion(s) failed, match count 1)
  ok   P06 control refusal leaves its reservation held -> RED (17 assertion(s) failed, match count 1)
  ok   P07 control send refusal is not counted -> RED (2 assertion(s) failed, match count 1)
  ok   P08 bootstrap and fixed sender refusals are not counted -> RED (1 assertion(s) failed, match count 1)
  ok   P09 open sender ignores full TX -> RED (2 assertion(s) failed, match count 1)
  ok   P10 open encoder failure consumes cursor -> RED (7 assertion(s) failed, match count 1)
  ok   P11 open encoder failure replaces frozen terminal -> RED (2 assertion(s) failed, match count 1)
  ok   P12 open encoder failure resets a nonzero cursor -> RED (4 assertion(s) failed, match count 1)
  ok   P13 open ownership success does not advance -> RED (59 assertion(s) failed, match count 1)
  ok   P14 parked open result is misclassified as refusal -> RED (4 assertion(s) failed, match count 1)
  ok   P15 open sender refusal advances cursor -> RED (26 assertion(s) failed, match count 1)
  worker 0: 4/4 entries, 4 RED / 0 worthless, wall 24.7s, rc 0, source restored: md5 286e851176b2a03ee5b5d579d94849c8 (MATCHES)   /tmp/mr_mutation_run-2w33v9mc/w0
  worker 1: 4/4 entries, 4 RED / 0 worthless, wall 25.2s, rc 0, source restored: md5 286e851176b2a03ee5b5d579d94849c8 (MATCHES)   /tmp/mr_mutation_run-2w33v9mc/w1
  worker 2: 4/4 entries, 4 RED / 0 worthless, wall 25.2s, rc 0, source restored: md5 286e851176b2a03ee5b5d579d94849c8 (MATCHES)   /tmp/mr_mutation_run-2w33v9mc/w2
  worker 3: 3/3 entries, 3 RED / 0 worthless, wall 21.1s, rc 0, source restored: md5 286e851176b2a03ee5b5d579d94849c8 (MATCHES)   /tmp/mr_mutation_run-2w33v9mc/w3
real tree untouched: all 56 target files byte-identical to launch (md5); no build ran in /tmp/mr-qa-s7b2-gate-0phs0ag4/mutations
timing: copy 1.5s + battery 25.4s = 26.9s total, 15 entries over 4 worker(s)
mutations: 15 RED / 0 unusable
