-- target radmin7exec: /tmp/mr-qa-s7b2-gate-0phs0ag4/mutations/src/firmware_remote_executor.h (20 entries)
-- selection: IN FULL (all 20 entries)
-- workers: 4
-- scratch root: /tmp/mr_mutation_run-qjc3ekpv   (removed on exit; MR_MUT_KEEP_SCRATCH=1 to keep)
  [w0] -- target radmin7exec: /tmp/mr_mutation_run-qjc3ekpv/w0/src/firmware_remote_executor.h (5 of 20 entries in this shard)
  [w0] -- baseline gate: THIS WORKER'S OWN clean tree must run 0 FAILED; its own counts become this shard's baseline
  [w2] -- target radmin7exec: /tmp/mr_mutation_run-qjc3ekpv/w2/src/firmware_remote_executor.h (5 of 20 entries in this shard)
  [w2] -- baseline gate: THIS WORKER'S OWN clean tree must run 0 FAILED; its own counts become this shard's baseline
  [w1] -- target radmin7exec: /tmp/mr_mutation_run-qjc3ekpv/w1/src/firmware_remote_executor.h (5 of 20 entries in this shard)
  [w1] -- baseline gate: THIS WORKER'S OWN clean tree must run 0 FAILED; its own counts become this shard's baseline
  [w3] -- target radmin7exec: /tmp/mr_mutation_run-qjc3ekpv/w3/src/firmware_remote_executor.h (5 of 20 entries in this shard)
  [w3] -- baseline gate: THIS WORKER'S OWN clean tree must run 0 FAILED; its own counts become this shard's baseline
  [w3]   ok   clean baseline 2909 / 174485 / 0   (DERIVED from this tree)
  [w1]   ok   clean baseline 2909 / 174485 / 0   (DERIVED from this tree)
  [w0]   ok   clean baseline 2909 / 174485 / 0   (DERIVED from this tree)
  [w2]   ok   clean baseline 2909 / 174485 / 0   (DERIVED from this tree)
  [w3]   ok   E04 reserve at storage rather than carrier cap -> RED (6 assertion(s) failed, match count 1)
  [w1]   ok   E02 only queued consumes pass -> RED (6 assertion(s) failed, match count 1)
  [w0]   ok   E01 ignore queue pacing -> RED (2 assertion(s) failed, match count 1)
  [w2]   ok   E03 dispatch without reservation -> RED (15 assertion(s) failed, match count 1)
  [w3]   ok   E08 disruptive remote handler called -> RED (12 assertion(s) failed, match count 1)
  [w1]   ok   E06 authenticated slot lost -> RED (4 assertion(s) failed, match count 1)
  [w0]   ok   E05 operators become owners -> RED (1 assertion(s) failed, match count 1)
  [w2]   ok   E07 remote context becomes local -> RED (23 assertion(s) failed, match count 1)
  [w3]   ok   E12 pending control is not serviced first -> RED (71 assertion(s) failed, match count 1)
  [w0]   ok   E09 unclassified collapses into refused -> RED (1 assertion(s) failed, match count 1)
  [w1]   ok   E10 internal failure becomes success -> RED (2 assertion(s) failed, match count 1)
  [w2]   ok   E11 one request dispatched twice -> RED (115 assertion(s) failed, match count 1)
  [w3]   ok   E16 open context becomes owner -> RED (2 assertion(s) failed, match count 1)
  [w0]   ok   E13 service omits expiry snapshot -> RED (15 assertion(s) failed, match count 1)
  [w2]   ok   E15 open context falsely authenticates ACL slot zero -> RED (2 assertion(s) failed, match count 1)
  [w1]   ok   E14 open input is not copied before capture overwrite -> RED (2 assertion(s) failed, match count 1)
  [w3]   ok   E20 open executor uses the overwritten borrowed input -> RED (2 assertion(s) failed, match count 1)
  [w3] source restored: md5 cf230e192cc0102c9a5538e0f0fe99fd (MATCHES)
  [w3] shard 3: 5 RED / 0 unusable   (of 5 entries)
  [w0]   ok   E17 refused open send does not consume the pass -> RED (6 assertion(s) failed, match count 1)
  [w0] source restored: md5 cf230e192cc0102c9a5538e0f0fe99fd (MATCHES)
  [w0] shard 0: 5 RED / 0 unusable   (of 5 entries)
  [w1]   ok   E18 open operation executes twice -> RED (41 assertion(s) failed, match count 1)
  [w1] source restored: md5 cf230e192cc0102c9a5538e0f0fe99fd (MATCHES)
  [w1] shard 1: 5 RED / 0 unusable   (of 5 entries)
  [w2]   ok   E19 an authenticated dispatch also permits an open dispatch in one pass -> RED (5 assertion(s) failed, match count 1)
  [w2] source restored: md5 cf230e192cc0102c9a5538e0f0fe99fd (MATCHES)
  [w2] shard 2: 5 RED / 0 unusable   (of 5 entries)

======================================================================================================================
-- MERGED REPORT — target radmin7exec: /tmp/mr-qa-s7b2-gate-0phs0ag4/mutations/src/firmware_remote_executor.h
  ok   clean baseline 2909 / 174485 / 0   (DERIVED per worker tree; 4 tree(s) agree)
  ok   E01 ignore queue pacing -> RED (2 assertion(s) failed, match count 1)
  ok   E02 only queued consumes pass -> RED (6 assertion(s) failed, match count 1)
  ok   E03 dispatch without reservation -> RED (15 assertion(s) failed, match count 1)
  ok   E04 reserve at storage rather than carrier cap -> RED (6 assertion(s) failed, match count 1)
  ok   E05 operators become owners -> RED (1 assertion(s) failed, match count 1)
  ok   E06 authenticated slot lost -> RED (4 assertion(s) failed, match count 1)
  ok   E07 remote context becomes local -> RED (23 assertion(s) failed, match count 1)
  ok   E08 disruptive remote handler called -> RED (12 assertion(s) failed, match count 1)
  ok   E09 unclassified collapses into refused -> RED (1 assertion(s) failed, match count 1)
  ok   E10 internal failure becomes success -> RED (2 assertion(s) failed, match count 1)
  ok   E11 one request dispatched twice -> RED (115 assertion(s) failed, match count 1)
  ok   E12 pending control is not serviced first -> RED (71 assertion(s) failed, match count 1)
  ok   E13 service omits expiry snapshot -> RED (15 assertion(s) failed, match count 1)
  ok   E14 open input is not copied before capture overwrite -> RED (2 assertion(s) failed, match count 1)
  ok   E15 open context falsely authenticates ACL slot zero -> RED (2 assertion(s) failed, match count 1)
  ok   E16 open context becomes owner -> RED (2 assertion(s) failed, match count 1)
  ok   E17 refused open send does not consume the pass -> RED (6 assertion(s) failed, match count 1)
  ok   E18 open operation executes twice -> RED (41 assertion(s) failed, match count 1)
  ok   E19 an authenticated dispatch also permits an open dispatch in one pass -> RED (5 assertion(s) failed, match count 1)
  ok   E20 open executor uses the overwritten borrowed input -> RED (2 assertion(s) failed, match count 1)
  worker 0: 5/5 entries, 5 RED / 0 worthless, wall 23.8s, rc 0, source restored: md5 cf230e192cc0102c9a5538e0f0fe99fd (MATCHES)   /tmp/mr_mutation_run-qjc3ekpv/w0
  worker 1: 5/5 entries, 5 RED / 0 worthless, wall 23.9s, rc 0, source restored: md5 cf230e192cc0102c9a5538e0f0fe99fd (MATCHES)   /tmp/mr_mutation_run-qjc3ekpv/w1
  worker 2: 5/5 entries, 5 RED / 0 worthless, wall 24.0s, rc 0, source restored: md5 cf230e192cc0102c9a5538e0f0fe99fd (MATCHES)   /tmp/mr_mutation_run-qjc3ekpv/w2
  worker 3: 5/5 entries, 5 RED / 0 worthless, wall 23.3s, rc 0, source restored: md5 cf230e192cc0102c9a5538e0f0fe99fd (MATCHES)   /tmp/mr_mutation_run-qjc3ekpv/w3
real tree untouched: all 56 target files byte-identical to launch (md5); no build ran in /tmp/mr-qa-s7b2-gate-0phs0ag4/mutations
timing: copy 0.9s + battery 24.0s = 25.0s total, 20 entries over 4 worker(s)
mutations: 20 RED / 0 unusable
