-- target radmin72session: /tmp/mr-qa-s7b2-gate-0phs0ag4/mutations/lib/core/remote_session.cpp (36 entries)
-- selection: IN FULL (all 36 entries)
-- workers: 4
-- scratch root: /tmp/mr_mutation_run-jjky8ag4   (removed on exit; MR_MUT_KEEP_SCRATCH=1 to keep)
  [w1] -- target radmin72session: /tmp/mr_mutation_run-jjky8ag4/w1/lib/core/remote_session.cpp (9 of 36 entries in this shard)
  [w1] -- baseline gate: THIS WORKER'S OWN clean tree must run 0 FAILED; its own counts become this shard's baseline
  [w0] -- target radmin72session: /tmp/mr_mutation_run-jjky8ag4/w0/lib/core/remote_session.cpp (9 of 36 entries in this shard)
  [w0] -- baseline gate: THIS WORKER'S OWN clean tree must run 0 FAILED; its own counts become this shard's baseline
  [w3] -- target radmin72session: /tmp/mr_mutation_run-jjky8ag4/w3/lib/core/remote_session.cpp (9 of 36 entries in this shard)
  [w3] -- baseline gate: THIS WORKER'S OWN clean tree must run 0 FAILED; its own counts become this shard's baseline
  [w2] -- target radmin72session: /tmp/mr_mutation_run-jjky8ag4/w2/lib/core/remote_session.cpp (9 of 36 entries in this shard)
  [w2] -- baseline gate: THIS WORKER'S OWN clean tree must run 0 FAILED; its own counts become this shard's baseline
  [w3]   ok   clean baseline 2909 / 174485 / 0   (DERIVED from this tree)
  [w0]   ok   clean baseline 2909 / 174485 / 0   (DERIVED from this tree)
  [w1]   ok   clean baseline 2909 / 174485 / 0   (DERIVED from this tree)
  [w2]   ok   clean baseline 2909 / 174485 / 0   (DERIVED from this tree)
  [w0]   ok   O01 open admission loses owned command bytes -> RED (2 assertion(s) failed, match count 1)
  [w3]   ok   O04 cooldown peer evades its bound while another pair is free -> RED (9 assertion(s) failed, match count 1)
  [w1]   ok   O02 open admission skips execution phase -> RED (77 assertion(s) failed, match count 1)
  [w2]   ok   O03 a fresh ID evades an active peer's bound -> RED (6 assertion(s) failed, match count 1)
  [w0]   ok   O05 global cooldown refusal charged as active pressure -> RED (2 assertion(s) failed, match count 1)
  [w3]   ok   O08 completion starts a second rate window -> RED (70 assertion(s) failed, match count 1)
  [w2]   ok   O07 duplicate refreshes the admission deadline -> RED (6 assertion(s) failed, match count 1)
  [w1]   ok   O06 exact rolling-window edge remains occupied -> RED (4 assertion(s) failed, match count 1)
  [w0]   ok   O09 staging release leaves plaintext capture resident -> RED (4 assertion(s) failed, match count 1)
  [w3]   ok   O12 truncated output reports completed -> RED (4 assertion(s) failed, match count 1)
  [w2]   ok   O11 bound-plus-one output silently truncates -> RED (4 assertion(s) failed, match count 1)
  [w1]   ok   O10 reserve accepts a cap that is not this carrier's open cap -> RED (32 assertion(s) failed, match count 1)
  [w0]   ok   O13 open output sequence resets at every frame -> RED (84 assertion(s) failed, match count 1)
  [w3]   ok   O16 open bytes are overwritten instead of appended -> RED (12 assertion(s) failed, match count 1)
  [w2]   ok   O15 clear output enters an authenticated slot domain -> RED (65 assertion(s) failed, match count 1)
  [w1]   ok   O14 open completion frees quota immediately -> RED (31 assertion(s) failed, match count 1)
  [w0]   ok   C01 safe rollover ignores completed work -> RED (20 assertion(s) failed, match count 1)
  [w3]   ok   C04 force misreports abandoned work -> RED (2 assertion(s) failed, match count 1)
  [w2]   ok   C03 current epoch accepted as fresh -> RED (6 assertion(s) failed, match count 1)
  [w1]   ok   C02 another slot's completions enter the abandoned count -> RED (8 assertion(s) failed, match count 1)
  [w0]   ok   C05 preparation uses the opposite key domain -> RED (28 assertion(s) failed, match count 1)
  [w3]   ok   C08 short-buffer failure publishes an install plan -> RED (1 assertion(s) failed, match count 1)
  [w2]   ok   C07 control reply authenticates the wrong source -> RED (28 assertion(s) failed, match count 1)
  [w1]   ok   C06 successful control invalidates every slot -> RED (31 assertion(s) failed, match count 1)
  [w0]   ok   C09 changed control route accepted as the original -> RED (3 assertion(s) failed, match count 1)
  [w2]   ok   C11 executing notice uses the wrong code -> RED (4 assertion(s) failed, match count 1)
  [w3]   ok   C12 capacity notice uses ordinary terminal nonce space -> RED (6 assertion(s) failed, match count 1)
  [w1]   ok   C10 busy notice uses the wrong code -> RED (15 assertion(s) failed, match count 1)
  [w1]   ok   C14 full TX still encodes a fixed refusal reply -> RED (1 assertion(s) failed, match count 1)
  [w2]   ok   N01 scalar counter never advances -> RED (35 assertion(s) failed, match count 1)
  [w3]   ok   N02 scalar counter wraps -> RED (6 assertion(s) failed, match count 1)
  [w0]   ok   C13 already-acknowledged reply invents a second protocol-error byte -> RED (6 assertion(s) failed, match count 1)
  [w1]   ok   N04 rate refusal charged to inbound counter -> RED (4 assertion(s) failed, match count 1)
  [w1] source restored: md5 ec5071e06ee86ffe7b90b60e7a03c454 (MATCHES)
  [w1] shard 1: 9 RED / 0 unusable   (of 9 entries)
  [w0]   ok   N03 inbound refusal charged to rate counter -> RED (11 assertion(s) failed, match count 1)
  [w0] source restored: md5 ec5071e06ee86ffe7b90b60e7a03c454 (MATCHES)
  [w0] shard 0: 9 RED / 0 unusable   (of 9 entries)
  [w3]   ok   N06 sender failure charged to encoder -> RED (25 assertion(s) failed, match count 1)
  [w3] source restored: md5 ec5071e06ee86ffe7b90b60e7a03c454 (MATCHES)
  [w3] shard 3: 9 RED / 0 unusable   (of 9 entries)
  [w2]   ok   N05 encoder failure charged to enqueue -> RED (9 assertion(s) failed, match count 1)
  [w2] source restored: md5 ec5071e06ee86ffe7b90b60e7a03c454 (MATCHES)
  [w2] shard 2: 9 RED / 0 unusable   (of 9 entries)

======================================================================================================================
-- MERGED REPORT — target radmin72session: /tmp/mr-qa-s7b2-gate-0phs0ag4/mutations/lib/core/remote_session.cpp
  ok   clean baseline 2909 / 174485 / 0   (DERIVED per worker tree; 4 tree(s) agree)
  ok   O01 open admission loses owned command bytes -> RED (2 assertion(s) failed, match count 1)
  ok   O02 open admission skips execution phase -> RED (77 assertion(s) failed, match count 1)
  ok   O03 a fresh ID evades an active peer's bound -> RED (6 assertion(s) failed, match count 1)
  ok   O04 cooldown peer evades its bound while another pair is free -> RED (9 assertion(s) failed, match count 1)
  ok   O05 global cooldown refusal charged as active pressure -> RED (2 assertion(s) failed, match count 1)
  ok   O06 exact rolling-window edge remains occupied -> RED (4 assertion(s) failed, match count 1)
  ok   O07 duplicate refreshes the admission deadline -> RED (6 assertion(s) failed, match count 1)
  ok   O08 completion starts a second rate window -> RED (70 assertion(s) failed, match count 1)
  ok   O09 staging release leaves plaintext capture resident -> RED (4 assertion(s) failed, match count 1)
  ok   O10 reserve accepts a cap that is not this carrier's open cap -> RED (32 assertion(s) failed, match count 1)
  ok   O11 bound-plus-one output silently truncates -> RED (4 assertion(s) failed, match count 1)
  ok   O12 truncated output reports completed -> RED (4 assertion(s) failed, match count 1)
  ok   O13 open output sequence resets at every frame -> RED (84 assertion(s) failed, match count 1)
  ok   O14 open completion frees quota immediately -> RED (31 assertion(s) failed, match count 1)
  ok   O15 clear output enters an authenticated slot domain -> RED (65 assertion(s) failed, match count 1)
  ok   O16 open bytes are overwritten instead of appended -> RED (12 assertion(s) failed, match count 1)
  ok   C01 safe rollover ignores completed work -> RED (20 assertion(s) failed, match count 1)
  ok   C02 another slot's completions enter the abandoned count -> RED (8 assertion(s) failed, match count 1)
  ok   C03 current epoch accepted as fresh -> RED (6 assertion(s) failed, match count 1)
  ok   C04 force misreports abandoned work -> RED (2 assertion(s) failed, match count 1)
  ok   C05 preparation uses the opposite key domain -> RED (28 assertion(s) failed, match count 1)
  ok   C06 successful control invalidates every slot -> RED (31 assertion(s) failed, match count 1)
  ok   C07 control reply authenticates the wrong source -> RED (28 assertion(s) failed, match count 1)
  ok   C08 short-buffer failure publishes an install plan -> RED (1 assertion(s) failed, match count 1)
  ok   C09 changed control route accepted as the original -> RED (3 assertion(s) failed, match count 1)
  ok   C10 busy notice uses the wrong code -> RED (15 assertion(s) failed, match count 1)
  ok   C11 executing notice uses the wrong code -> RED (4 assertion(s) failed, match count 1)
  ok   C12 capacity notice uses ordinary terminal nonce space -> RED (6 assertion(s) failed, match count 1)
  ok   C13 already-acknowledged reply invents a second protocol-error byte -> RED (6 assertion(s) failed, match count 1)
  ok   C14 full TX still encodes a fixed refusal reply -> RED (1 assertion(s) failed, match count 1)
  ok   N01 scalar counter never advances -> RED (35 assertion(s) failed, match count 1)
  ok   N02 scalar counter wraps -> RED (6 assertion(s) failed, match count 1)
  ok   N03 inbound refusal charged to rate counter -> RED (11 assertion(s) failed, match count 1)
  ok   N04 rate refusal charged to inbound counter -> RED (4 assertion(s) failed, match count 1)
  ok   N05 encoder failure charged to enqueue -> RED (9 assertion(s) failed, match count 1)
  ok   N06 sender failure charged to encoder -> RED (25 assertion(s) failed, match count 1)
  worker 0: 9/9 entries, 9 RED / 0 worthless, wall 53.9s, rc 0, source restored: md5 ec5071e06ee86ffe7b90b60e7a03c454 (MATCHES)   /tmp/mr_mutation_run-jjky8ag4/w0
  worker 1: 9/9 entries, 9 RED / 0 worthless, wall 51.5s, rc 0, source restored: md5 ec5071e06ee86ffe7b90b60e7a03c454 (MATCHES)   /tmp/mr_mutation_run-jjky8ag4/w1
  worker 2: 9/9 entries, 9 RED / 0 worthless, wall 53.9s, rc 0, source restored: md5 ec5071e06ee86ffe7b90b60e7a03c454 (MATCHES)   /tmp/mr_mutation_run-jjky8ag4/w2
  worker 3: 9/9 entries, 9 RED / 0 worthless, wall 53.9s, rc 0, source restored: md5 ec5071e06ee86ffe7b90b60e7a03c454 (MATCHES)   /tmp/mr_mutation_run-jjky8ag4/w3
real tree untouched: all 56 target files byte-identical to launch (md5); no build ran in /tmp/mr-qa-s7b2-gate-0phs0ag4/mutations
timing: copy 0.9s + battery 54.0s = 54.9s total, 36 entries over 4 worker(s)
mutations: 36 RED / 0 unusable
