-- target sliceCpull: /tmp/mr-qa-s7b2-gate-0phs0ag4/mutations/lib/core/inbox.cpp (2 entries)
-- selection: IN FULL (all 2 entries)
-- workers: 2
-- scratch root: /tmp/mr_mutation_run-hl4jix__   (removed on exit; MR_MUT_KEEP_SCRATCH=1 to keep)
  [w0] -- target sliceCpull: /tmp/mr_mutation_run-hl4jix__/w0/lib/core/inbox.cpp (1 of 2 entries in this shard)
  [w0] -- baseline gate: THIS WORKER'S OWN clean tree must run 0 FAILED; its own counts become this shard's baseline
  [w1] -- target sliceCpull: /tmp/mr_mutation_run-hl4jix__/w1/lib/core/inbox.cpp (1 of 2 entries in this shard)
  [w1] -- baseline gate: THIS WORKER'S OWN clean tree must run 0 FAILED; its own counts become this shard's baseline
  [w1]   ok   clean baseline 2909 / 174485 / 0   (DERIVED from this tree)
  [w0]   ok   clean baseline 2909 / 174485 / 0   (DERIVED from this tree)
  [w1]   ok   S09 ★★★ `Inbox::erase` PROTECTS AN INTERNAL RECORD — `del_msg dm <seq>` on a receipt answers not_found, so a record the diagnostic stream still shows can never be deleted -> RED (3 assertion(s) failed, match count 1)
  [w1] source restored: md5 a8088417e948aef2e5ffbe8cec312b27 (MATCHES)
  [w1] shard 1: 1 RED / 0 unusable   (of 1 entries)
  [w0]   ok   S08 ★★★★ `Inbox::pull()` FILTERS INTERNAL RECORDS — the diagnostic stream loses every E2E receipt, so an offline-delivered message can never be confirmed and the DM cursor never advances past it -> RED (99 assertion(s) failed, match count 1)
  [w0] source restored: md5 a8088417e948aef2e5ffbe8cec312b27 (MATCHES)
  [w0] shard 0: 1 RED / 0 unusable   (of 1 entries)

======================================================================================================================
-- MERGED REPORT — target sliceCpull: /tmp/mr-qa-s7b2-gate-0phs0ag4/mutations/lib/core/inbox.cpp
  ok   clean baseline 2909 / 174485 / 0   (DERIVED per worker tree; 2 tree(s) agree)
  ok   S08 ★★★★ `Inbox::pull()` FILTERS INTERNAL RECORDS — the diagnostic stream loses every E2E receipt, so an offline-delivered message can never be confirmed and the DM cursor never advances past it -> RED (99 assertion(s) failed, match count 1)
  ok   S09 ★★★ `Inbox::erase` PROTECTS AN INTERNAL RECORD — `del_msg dm <seq>` on a receipt answers not_found, so a record the diagnostic stream still shows can never be deleted -> RED (3 assertion(s) failed, match count 1)
  worker 0: 1/1 entries, 1 RED / 0 worthless, wall 8.8s, rc 0, source restored: md5 a8088417e948aef2e5ffbe8cec312b27 (MATCHES)   /tmp/mr_mutation_run-hl4jix__/w0
  worker 1: 1/1 entries, 1 RED / 0 worthless, wall 8.7s, rc 0, source restored: md5 a8088417e948aef2e5ffbe8cec312b27 (MATCHES)   /tmp/mr_mutation_run-hl4jix__/w1
real tree untouched: all 56 target files byte-identical to launch (md5); no build ran in /tmp/mr-qa-s7b2-gate-0phs0ag4/mutations
timing: copy 0.4s + battery 8.9s = 9.4s total, 2 entries over 2 worker(s)
mutations: 2 RED / 0 unusable
