-- target sliceBmac: /tmp/mr-qa-s7b2-gate-0phs0ag4/mutations/lib/core/node_mac.cpp (4 entries)
-- selection: IN FULL (all 4 entries)
-- workers: 4
-- scratch root: /tmp/mr_mutation_run-z72j929k   (removed on exit; MR_MUT_KEEP_SCRATCH=1 to keep)
  [w0] -- target sliceBmac: /tmp/mr_mutation_run-z72j929k/w0/lib/core/node_mac.cpp (1 of 4 entries in this shard)
  [w0] -- baseline gate: THIS WORKER'S OWN clean tree must run 0 FAILED; its own counts become this shard's baseline
  [w1] -- target sliceBmac: /tmp/mr_mutation_run-z72j929k/w1/lib/core/node_mac.cpp (1 of 4 entries in this shard)
  [w1] -- baseline gate: THIS WORKER'S OWN clean tree must run 0 FAILED; its own counts become this shard's baseline
  [w2] -- target sliceBmac: /tmp/mr_mutation_run-z72j929k/w2/lib/core/node_mac.cpp (1 of 4 entries in this shard)
  [w2] -- baseline gate: THIS WORKER'S OWN clean tree must run 0 FAILED; its own counts become this shard's baseline
  [w3] -- target sliceBmac: /tmp/mr_mutation_run-z72j929k/w3/lib/core/node_mac.cpp (1 of 4 entries in this shard)
  [w3] -- baseline gate: THIS WORKER'S OWN clean tree must run 0 FAILED; its own counts become this shard's baseline
  [w0]   ok   clean baseline 2909 / 174485 / 0   (DERIVED from this tree)
  [w2]   ok   clean baseline 2909 / 174485 / 0   (DERIVED from this tree)
  [w1]   ok   clean baseline 2909 / 174485 / 0   (DERIVED from this tree)
  [w3]   ok   clean baseline 2909 / 174485 / 0   (DERIVED from this tree)
  [w0]   ok   B01 ★★★ THE CHECK HALF REVERTS TO THE HISTORICAL THREE-TYPE LIST — every hash/mobile answer is paced behind the 3 s USER-DM floor again, which is the §6.2(4) widening undone at the half §A0-2 cannot see -> RED (2 assertion(s) failed, match count 1)
  [w0] source restored: md5 677c65439817a380f3fc94d9b651341d (MATCHES)
  [w0] shard 0: 1 RED / 0 unusable   (of 1 entries)
  [w2]   ok   B03 ★★★ THE ORIGINATION GATE ASKS `app_dm` INSTEAD OF THE TRAIT — the sealed team-key grant keeps a generic user-send failure it does not own (design §6.1: app_dm is an encoding input, not a lifecycle authority) -> RED (2 assertion(s) failed, match count 1)
  [w2] source restored: md5 677c65439817a380f3fc94d9b651341d (MATCHES)
  [w2] shard 2: 1 RED / 0 unusable   (of 1 entries)
  [w1]   ok   B02 ★★★ THE STAMP HALF REVERTS TO THE HISTORICAL THREE-TYPE LIST — an internal origination arms the user-DM floor again, so the NEXT user DM waits behind a frame the user never sent -> RED (2 assertion(s) failed, match count 1)
  [w1] source restored: md5 677c65439817a380f3fc94d9b651341d (MATCHES)
  [w1] shard 1: 1 RED / 0 unusable   (of 1 entries)
  [w3]   FAIL M04 ★★ THE HELPER CALL IN `do_data_tx`'s PACK-FAILED PATH IS DELETED — the SEVENTH site this sweep found reverts to destroying an admitted carrier in total silence, grant included ([[B268]] blocker-1) — the suite still PASSES; nothing measures this
  [w3] source restored: md5 677c65439817a380f3fc94d9b651341d (MATCHES)
  [w3] shard 3: 0 RED / 1 unusable   (of 1 entries)

======================================================================================================================
-- MERGED REPORT — target sliceBmac: /tmp/mr-qa-s7b2-gate-0phs0ag4/mutations/lib/core/node_mac.cpp
  ok   clean baseline 2909 / 174485 / 0   (DERIVED per worker tree; 4 tree(s) agree)
  ok   B01 ★★★ THE CHECK HALF REVERTS TO THE HISTORICAL THREE-TYPE LIST — every hash/mobile answer is paced behind the 3 s USER-DM floor again, which is the §6.2(4) widening undone at the half §A0-2 cannot see -> RED (2 assertion(s) failed, match count 1)
  ok   B02 ★★★ THE STAMP HALF REVERTS TO THE HISTORICAL THREE-TYPE LIST — an internal origination arms the user-DM floor again, so the NEXT user DM waits behind a frame the user never sent -> RED (2 assertion(s) failed, match count 1)
  ok   B03 ★★★ THE ORIGINATION GATE ASKS `app_dm` INSTEAD OF THE TRAIT — the sealed team-key grant keeps a generic user-send failure it does not own (design §6.1: app_dm is an encoding input, not a lifecycle authority) -> RED (2 assertion(s) failed, match count 1)
  FAIL M04 ★★ THE HELPER CALL IN `do_data_tx`'s PACK-FAILED PATH IS DELETED — the SEVENTH site this sweep found reverts to destroying an admitted carrier in total silence, grant included ([[B268]] blocker-1) — the suite still PASSES; nothing measures this
  worker 0: 1/1 entries, 1 RED / 0 worthless, wall 8.9s, rc 0, source restored: md5 677c65439817a380f3fc94d9b651341d (MATCHES)   /tmp/mr_mutation_run-z72j929k/w0
  worker 1: 1/1 entries, 1 RED / 0 worthless, wall 9.0s, rc 0, source restored: md5 677c65439817a380f3fc94d9b651341d (MATCHES)   /tmp/mr_mutation_run-z72j929k/w1
  worker 2: 1/1 entries, 1 RED / 0 worthless, wall 8.9s, rc 0, source restored: md5 677c65439817a380f3fc94d9b651341d (MATCHES)   /tmp/mr_mutation_run-z72j929k/w2
  worker 3: 1/1 entries, 0 RED / 1 worthless, wall 9.1s, rc 1, source restored: md5 677c65439817a380f3fc94d9b651341d (MATCHES)   /tmp/mr_mutation_run-z72j929k/w3
real tree untouched: all 56 target files byte-identical to launch (md5); no build ran in /tmp/mr-qa-s7b2-gate-0phs0ag4/mutations
timing: copy 0.9s + battery 9.2s = 10.1s total, 4 entries over 4 worker(s)
mutations: 3 RED / 1 unusable
