== BASE
b9d75aaca55a0e350d9707512e9b6eec8a81ab22
15
06746a97de5764415d6fcef10b97bca90569b9c7
dcd8d09c8e223dee  lib/core/remote_codec.h
afc81d9205ba0e1d  lib/core/remote_codec.cpp
1e5d61080edf4c0a  test/test_remote_codec.cpp
08c7471b91db70db  tools/probe_ui_model_mutations.py
== NATIVE
pio rc=0
prog rc=0
[doctest] test cases:   2912 |   2912 passed | 0 failed | 0 skipped
[doctest] assertions: 184461 | 184461 passed | 0 failed |
== REFERENCE (extended, strict 94 + old-89 identity + selftest)
rc=0
  resp_output_auth             ctl=0x03 outer=0xa1 key=session epoch_in_nonce=False nonce=cc8175a34361c80f0744009890b44dc455bb508ccc97fe75
  resp_terminal_auth           ctl=0x13 outer=0xa1 key=session epoch_in_nonce=False nonce=94f6c3d9bebaff786a5c96a23a923530e4efa25b63c35e51
  resp_bootstrap               ctl=0x23 outer=0xa1 key=base epoch_in_nonce=True nonce=9af77ceb80a62baaca897655e0e2336f5fae180e2732cc3d
Frozen independent inputs: five additions and all old 89 hashes match
Strict comparison: 94/94 literals match
Strict comparison: 89/89 literals match
Old-89 identity: 89/89 unchanged
COMPARATOR CONTROL RED (changed): MISMATCH kRefBody_resp_terminal_auth_code09 at byte 0
COMPARATOR CONTROL RED (missing): MISSING kRefBody_resp_terminal_auth_code09
COMPARATOR CONTROL RED (extra): EXTRA kRefExtra
COMPARATOR CONTROL RED (duplicate): duplicate/mis-sized literal: kRefBody_resp_terminal_auth_code09
COMPARATOR CONTROL RED (mis-sized): duplicate/mis-sized literal: kRefBody_resp_terminal_auth_code09
== DOMAIN PROOF
compile rc=0
default rc=1
FAIL check 2
allocated rc=0
authenticated PROTOCOL_ERROR: encode 256/256; decode accepted 1 / rejected 255
open PROTOCOL_ERROR: encode 256/256; decode accepted 256 / rejected 0
PASS: 9787 checks; terminal ceiling 0x08; valid-tag failure writes plaintext; bad-tag controls preserve it
== LUS before
1c1a7435713ea2dfb50457aac6b1db50  /home/staszek/lora-universal-simulator/build/orchestrator/lus
cmake rc=0
38
2
== LUS after
34140fc15805686720075e686f69aaf1  /home/staszek/lora-universal-simulator/build/orchestrator/lus
== CORPUS
corpus rc=0
  [35/36] ok  s18_meshroute                                32afbf11 events=269517 (21.3s)
PASS: 36/36 streams produced and validated, 0 failures
  anchors: 36/36 rows reproduce simulation/BASELINE.md
0
== ABI
rc=0
  meshroute::Node                         230896/8 T              117912/8 T              157264/8 T *
PASS: board ABI (191 checks, 9/9 controls RED, 0 unusable)
== ROW ABI
rc=0
PASS: B278 production correlation-row ABI mirror (42 measurements, 6/6 controls RED)
== PROBE console_sink
rc=0
S-C34c ★★ §RADMIN slice 5: the IDENTITY service loses its live-install seam, so a root rotation never reaches the running node and the old pair keeps authenticating
S-C35 load_acl is re-pointed at the ADMIN slot (one record read through the other's name)
S-C39 factory_erase stops erasing wholesale on the ESP32 arm (the new records would SURVIVE a factory reset)
D-C11 the guard is gated on the WRONG capability (MR_FEAT_RADMIN_ACCEPT — the R-RA-8 inversion)
   -> extraction REFUSES: the 'write_err(out, cap, "admin-client", "console_only")' refusal is gated on 'MR_FEAT_RADMIN_ACCEPT', expecte
real sources verified UNCHANGED; 8 sink + 35 source + 23 help + 5 BLE + 22 radmin3 + 21 radmin4 controls run + 22 activation controls + 13 executor ownership controls (CONTROLS-TOTAL 149)
PINS profiles=6 checks=720 structural=83 ble_guard=905 ownership=6 ownership_controls=3 controls=149 unusable_controls=0
PASS: probe + structural + controls all green
== PROBE console_sink --no-neg
rc=0

PROBE-ONLY (negative controls SKIPPED) — this is NOT a gate result. Re-run without --no-neg.
== PROBE inbox_verbs
rc=0
  ok   C7  the dispatch arm routes `clear_inbox` to `handle_del_msg` instead -> RED (19 check(s) failed: W2 W3 W3 W3 W3 W3 W3 W3 W4b W4c W4d W4e W5 W5c W5d W6 W6b W7 W9 )
  ok   C8  the dispatch arm hands `do_regen` the GLOBAL console instead of its supplied `out` ([[B279]] restored) -> RED (11 check(s) failed: R2 R3 R12 R13 R14 R25 R26 Q12b Q12c Q12d Q12h )
  ok   C17 the TEXT arm drops print_reqpubkey_hint (a refusal names the wall but not the way round it) -> RED (1 check(s) failed: X13 )
  ok   C18 the TEXT arm writes to the global `mrcon` instead of the sink it was handed ([[B279]] shape) -> RED (4 check(s) failed: X18 Y2 Y2 Y2 )
  ok   C21 the TEXT arm executes the Node command TWICE (two ctrs burned, one answer printed) -> RED (4 check(s) failed: X6 Y4 Y4 Y4 )
probe: 384 checks against the REAL dispatch()+handle_clear_inbox, 0 failed (pin 384)
controls: 45 verified / 0 unusable (pin 45)
PASS
== PROBE inbox_verbs --no-neg
rc=0

BOTH ARMS PASS
== PROBE firmware_ui
rc=0
  ok   L7 the confirm and result arms are crossed (the wrong screen) -> RED (44 check(s) failed)
  ok   K5a the offer draws USE SAVED KEY on the BACK row too (the safe word gone from the safe arm) -> RED (2 check(s) failed)
checks per arm: l2 404 · v3 839
coverage: 703 of 840 checks (both arms, unioned) are reddened by at least one control
  (no control reddens) P15j ⛔ ...and the arm spent no durable write and applied nothing live
  (no control reddens) P26a ...while `list` still answers 17 records + the end record during the alarm
controls: 223 verified / 0 unusable
PASS
== PROBE firmware_ui --no-neg
rc=0
controls: 0 verified / 0 unusable
PASS
== PROBE custody_usb
rc=0
  ok   U24 the custody switch arm delegates to the helper EXACTLY ONCE, and nothing else does
  ok   U26 the switch arm holds no target selection, no counter choice and no wording
probe: 27 ok, 0 failed
  ok   C1  the `fw_main.cpp` switch arm no longer calls the renderer -> RED (1 check(s) failed)
probe: 27 checks against the REAL print_custody_failure(), 0 failed (pin 27)
controls: 10 verified / 0 unusable (pin 10)
PASS
== PROBE custody_usb --no-neg
rc=0
probe: 27 checks against the REAL print_custody_failure(), 0 failed (pin 27)
PROBE-ONLY — NOT A GATE (controls skipped; run without --no-neg to gate)
== PROBE ble_line
rc=0
probe: 40 checks against the REAL device_ble.h intake, 0 failed
probe: 40 checks against the REAL device_ble.h intake, 0 failed (pin 40)
controls: 8 verified / 0 unusable (pin 8)
PASS
== PROBE ble_line --no-neg
rc=0
probe: 40 checks against the REAL device_ble.h intake, 0 failed (pin 40)
PROBE-ONLY — NOT A GATE (controls skipped; run without --no-neg to gate)
== PROBE features
rc=0
  ctl-ok   W-S5-GATE-PURE-SESSION -> REJECTED by O1 — ★ §RADMIN slice 5: the PURE SESSION IMPLEMENTATION acquires a capability macro — the [[B255]] idiom's own violation, which would stop the native suite driving the classifier, the crypto and the expiry at all
  ctl-ok   W-S5-GATE-PURE-RUNTIME -> REJECTED by O1 — §RADMIN slice 5: the PURE prepare/commit/discard SEAM acquires a capability macro — the same violation on the file that owns the durable/live ORDERING
  ctl-ok   W-S4-GATE-PURE -> REJECTED by O1 — §RADMIN slice 4: a PURE CONTROLLER SERVICE HEADER acquires a capability macro — the [[B255]] idiom's own violation, which would stop the native suite exercising the keyring's arms at all
  ctl-ok   W-S4-GATE-PURE-VERBS -> REJECTED by O1 — §RADMIN slice 4: the CONTROLLER VERB header acquires a capability macro — the same violation on the file that owns R-RA-30's split predicate, which the BLE guard's extractor compiles UNGATED
ownership controls: 40 verified / 0 unusable
matrix: 9 configuration cells (pin 9), 120 checks against the REAL mr_features.h, 0 failed (pin 120)
controls: 59 verified / 0 unusable (pin 59)
PASS
== PROBE features --no-neg
rc=0
matrix: 9 configuration cells (pin 9), 120 checks against the REAL mr_features.h, 0 failed (pin 120)
PROBE-ONLY — NOT A GATE (controls skipped; run without --no-neg to gate)
== PROBE inbox_verbs CLIENT arm
rc=0
  ok   C8  the dispatch arm hands `do_regen` the GLOBAL console instead of its supplied `out` ([[B279]] restored) -> RED (11 check(s) failed: R2 R3 R12 R13 R14 R25 R26 Q12b Q12c Q12d Q12h )
  ok   C17 the TEXT arm drops print_reqpubkey_hint (a refusal names the wall but not the way round it) -> RED (1 check(s) failed: X13 )
  ok   C18 the TEXT arm writes to the global `mrcon` instead of the sink it was handed ([[B279]] shape) -> RED (4 check(s) failed: X18 Y2 Y2 Y2 )
  ok   C21 the TEXT arm executes the Node command TWICE (two ctrs burned, one answer printed) -> RED (4 check(s) failed: X6 Y4 Y4 Y4 )
controls: 45 verified / 0 unusable (pin 45)
PASS
== UNITTEST
rc=0
Ran 343 tests in 634.602s
OK
== INVENTORY
write rc=0
bare rc=0
gen_command_inventory: PASS: /home/staszek/MeshRoute/docs/superpowers/evidence/2026-09-04-radmin-command-inventory.md matches fresh generation byte-for-byte (204 command rows)
check rc=0
gen_command_inventory: PASS: /home/staszek/MeshRoute/docs/superpowers/evidence/2026-09-04-radmin-command-inventory.md matches fresh generation byte-for-byte (204 command rows)
== AUTHORITY
rc=0
PASS: command authority — ruled table / production header / generated inventory agree
selftest rc=0
7
RED: surface mark dropped -> authority/surface mark disagreement at src/firmware_remote.cpp:47
PASS: command authority — ruled table / production header / generated inventory agree; 6/6 selftests RED
== A0
rc=0
== DTL
rc=0
       semantic set = 21 current allocated value(s) | the 19 pre-transition ordinals
== DIFF CHECK
mr rc=0
sim rc=0
== CENSUS
rc=0
env                   objs      warn    expect  -Wswitch        RAM      Flash  verdict
gateway_heltec         329       173       173         0     239068    1335816  ok
gateway_heltec_v4      330       178       178         0     239340    1333812  ok
heltec_mobile          329       177       177         0     207756    1372992  ok
heltec_v3              329       177       177         0     214284    1390048  ok
heltec_v4              330       182       182         0     214556    1388052  ok
heltec_v4_mobile       330       182       182         0     208028    1371028  ok
PASS — 6 OLED env(s) match their pinned warning baseline
== BOARD PAIR
rc=0
  RAM=203956 flash=570588 objects=285
  RAM=207756 flash=1372992 objects=329
gateway elf=584829bf15ca09eb
heltec_mobile elf=5149d76a5a721df9
