== radmin2codec 16:20:47
rc=0
  [w1]   ok   clean baseline 2912 / 184461 / 0   (DERIVED from this tree)
  [w2]   ok   clean baseline 2912 / 184461 / 0   (DERIVED from this tree)
  ok   clean baseline 2912 / 184461 / 0   (DERIVED per worker tree; 3 tree(s) agree)
mutations: 105 RED / 0 unusable
== radmin5rx 16:24:29
rc=0
  [w0]   ok   clean baseline 2912 / 184461 / 0   (DERIVED from this tree)
  [w2]   ok   clean baseline 2912 / 184461 / 0   (DERIVED from this tree)
  ok   clean baseline 2912 / 184461 / 0   (DERIVED per worker tree; 3 tree(s) agree)
mutations: 14 RED / 0 unusable
== a0rx 16:25:24
rc=0
  [w1]   ok   clean baseline 2912 / 184461 / 0   (DERIVED from this tree)
  [w2]   ok   clean baseline 2912 / 184461 / 0   (DERIVED from this tree)
  ok   clean baseline 2912 / 184461 / 0   (DERIVED per worker tree; 3 tree(s) agree)
mutations: 7 RED / 0 unusable
== b134ack 16:25:47
rc=0
  [w1]   ok   clean baseline 2912 / 184461 / 0   (DERIVED from this tree)
  [w0]   ok   clean baseline 2912 / 184461 / 0   (DERIVED from this tree)
  ok   clean baseline 2912 / 184461 / 0   (DERIVED per worker tree; 2 tree(s) agree)
mutations: 2 RED / 0 unusable
== b134inbox 16:26:01
rc=0
  [w0]   ok   clean baseline 2912 / 184461 / 0   (DERIVED from this tree)
  [w1]   ok   clean baseline 2912 / 184461 / 0   (DERIVED from this tree)
  ok   clean baseline 2912 / 184461 / 0   (DERIVED per worker tree; 3 tree(s) agree)
mutations: 5 RED / 0 unusable
== b134ram 16:26:16
rc=0
  [w2]   ok   clean baseline 2912 / 184461 / 0   (DERIVED from this tree)
  [w0]   ok   clean baseline 2912 / 184461 / 0   (DERIVED from this tree)
  ok   clean baseline 2912 / 184461 / 0   (DERIVED per worker tree; 3 tree(s) agree)
mutations: 3 RED / 0 unusable
== b134store 16:26:29
rc=0
  [w0]   ok   G08 ★★★ begin()'s FRESH-baseline save goes back to persisting nothing — the store runs with no topology, epoch or high-water on the medium, and a reboot inside the first seq batch REUSES sequences over a live log -> RED (7 assertion(s) failed, match count 1)
  ok   clean baseline 2912 / 184461 / 0   (DERIVED per worker tree; 3 tree(s) agree)
  ok   G08 ★★★ begin()'s FRESH-baseline save goes back to persisting nothing — the store runs with no topology, epoch or high-water on the medium, and a reboot inside the first seq batch REUSES sequences over a live log -> RED (7 assertion(s) failed, match count 1)
mutations: 39 RED / 0 unusable
== b159mac 16:27:59
rc=0
  [w1]   ok   clean baseline 2912 / 184461 / 0   (DERIVED from this tree)
  [w0]   ok   clean baseline 2912 / 184461 / 0   (DERIVED from this tree)
  ok   clean baseline 2912 / 184461 / 0   (DERIVED per worker tree; 2 tree(s) agree)
mutations: 2 RED / 0 unusable
== b159map 16:28:10
rc=0
  [w0]   ok   clean baseline 2912 / 184461 / 0   (DERIVED from this tree)
  [w1]   ok   clean baseline 2912 / 184461 / 0   (DERIVED from this tree)
  ok   clean baseline 2912 / 184461 / 0   (DERIVED per worker tree; 2 tree(s) agree)
mutations: 2 RED / 0 unusable
== b159rx 16:28:21
rc=0
  [w2]   ok   clean baseline 2912 / 184461 / 0   (DERIVED from this tree)
  [w1]   ok   clean baseline 2912 / 184461 / 0   (DERIVED from this tree)
  ok   clean baseline 2912 / 184461 / 0   (DERIVED per worker tree; 3 tree(s) agree)
mutations: 3 RED / 0 unusable
== b161hash 16:28:33
rc=0
  [w1]   ok   clean baseline 2912 / 184461 / 0   (DERIVED from this tree)
  [w2]   ok   clean baseline 2912 / 184461 / 0   (DERIVED from this tree)
  ok   clean baseline 2912 / 184461 / 0   (DERIVED per worker tree; 3 tree(s) agree)
mutations: 6 RED / 0 unusable
== b161mac 16:28:49
rc=0
  [w0] -- baseline gate: THIS WORKER'S OWN clean tree must run 0 FAILED; its own counts become this shard's baseline
  [w0]   ok   clean baseline 2912 / 184461 / 0   (DERIVED from this tree)
  ok   clean baseline 2912 / 184461 / 0   (DERIVED per worker tree; 1 tree(s) agree)
mutations: 1 RED / 0 unusable
== b161rx 16:29:00
rc=0
  [w1]   ok   clean baseline 2912 / 184461 / 0   (DERIVED from this tree)
  [w0]   ok   clean baseline 2912 / 184461 / 0   (DERIVED from this tree)
  ok   clean baseline 2912 / 184461 / 0   (DERIVED per worker tree; 3 tree(s) agree)
mutations: 8 RED / 0 unusable
== b20codec 16:29:22
rc=0
  [w2]   ok   clean baseline 2912 / 184461 / 0   (DERIVED from this tree)
  [w1]   ok   clean baseline 2912 / 184461 / 0   (DERIVED from this tree)
  ok   clean baseline 2912 / 184461 / 0   (DERIVED per worker tree; 3 tree(s) agree)
mutations: 5 RED / 0 unusable
== b20mac 16:30:35
rc=0
  [w2]   ok   clean baseline 2912 / 184461 / 0   (DERIVED from this tree)
  [w1]   ok   clean baseline 2912 / 184461 / 0   (DERIVED from this tree)
  ok   clean baseline 2912 / 184461 / 0   (DERIVED per worker tree; 3 tree(s) agree)
mutations: 11 RED / 0 unusable
== b251hash 16:31:01
rc=0
  [w2]   ok   clean baseline 2912 / 184461 / 0   (DERIVED from this tree)
  [w0]   ok   clean baseline 2912 / 184461 / 0   (DERIVED from this tree)
  ok   clean baseline 2912 / 184461 / 0   (DERIVED per worker tree; 3 tree(s) agree)
mutations: 55 RED / 0 unusable
== b251rx 16:32:43
rc=0
  [w0]   ok   clean baseline 2912 / 184461 / 0   (DERIVED from this tree)
  [w2]   ok   clean baseline 2912 / 184461 / 0   (DERIVED from this tree)
  ok   clean baseline 2912 / 184461 / 0   (DERIVED per worker tree; 3 tree(s) agree)
mutations: 19 RED / 0 unusable
== cmdauthority 16:33:25
rc=0
  [w1]   ok   clean baseline 2912 / 184461 / 0   (DERIVED from this tree)
  [w2]   ok   clean baseline 2912 / 184461 / 0   (DERIVED from this tree)
  ok   clean baseline 2912 / 184461 / 0   (DERIVED per worker tree; 3 tree(s) agree)
mutations: 16 RED / 0 unusable
== consoleline 16:34:16
rc=0
  [w1]   ok   clean baseline 2912 / 184461 / 0   (DERIVED from this tree)
  [w2]   ok   clean baseline 2912 / 184461 / 0   (DERIVED from this tree)
  ok   clean baseline 2912 / 184461 / 0   (DERIVED per worker tree; 3 tree(s) agree)
mutations: 12 RED / 0 unusable
== devicenv 16:34:53
rc=0
  [w1]   ok   clean baseline 2912 / 184461 / 0   (DERIVED from this tree)
  [w0]   ok   clean baseline 2912 / 184461 / 0   (DERIVED from this tree)
  ok   clean baseline 2912 / 184461 / 0   (DERIVED per worker tree; 3 tree(s) agree)
mutations: 42 RED / 0 unusable
== fwactivation 16:39:30
rc=0
  [w2]   ok   clean baseline 2912 / 184461 / 0   (DERIVED from this tree)
  [w0]   ok   clean baseline 2912 / 184461 / 0   (DERIVED from this tree)
  ok   clean baseline 2912 / 184461 / 0   (DERIVED per worker tree; 3 tree(s) agree)
mutations: 10 RED / 0 unusable
== grantadmit 16:39:54
rc=0
  [w0] -- baseline gate: THIS WORKER'S OWN clean tree must run 0 FAILED; its own counts become this shard's baseline
  [w0]   ok   clean baseline 2912 / 184461 / 0   (DERIVED from this tree)
  ok   clean baseline 2912 / 184461 / 0   (DERIVED per worker tree; 1 tree(s) agree)
mutations: 1 RED / 0 unusable
== grantpark 16:40:04
rc=0
  [w1]   ok   clean baseline 2912 / 184461 / 0   (DERIVED from this tree)
  [w2]   ok   clean baseline 2912 / 184461 / 0   (DERIVED from this tree)
  ok   clean baseline 2912 / 184461 / 0   (DERIVED per worker tree; 3 tree(s) agree)
mutations: 3 RED / 0 unusable
== macwait 16:40:16
rc=0
  [w2]   ok   clean baseline 2912 / 184461 / 0   (DERIVED from this tree)
  [w0]   ok   clean baseline 2912 / 184461 / 0   (DERIVED from this tree)
  ok   clean baseline 2912 / 184461 / 0   (DERIVED per worker tree; 3 tree(s) agree)
mutations: 10 RED / 0 unusable
== radmin3acl 16:40:42
rc=0
  [w1]   ok   clean baseline 2912 / 184461 / 0   (DERIVED from this tree)
  [w0]   ok   clean baseline 2912 / 184461 / 0   (DERIVED from this tree)
  ok   clean baseline 2912 / 184461 / 0   (DERIVED per worker tree; 3 tree(s) agree)
mutations: 36 RED / 0 unusable
== radmin3id 16:41:54
rc=0
  [w1]   ok   clean baseline 2912 / 184461 / 0   (DERIVED from this tree)
  [w2]   ok   clean baseline 2912 / 184461 / 0   (DERIVED from this tree)
  ok   clean baseline 2912 / 184461 / 0   (DERIVED per worker tree; 3 tree(s) agree)
mutations: 23 RED / 0 unusable
== radmin3verbs 16:42:46
rc=0
  [w1]   ok   clean baseline 2912 / 184461 / 0   (DERIVED from this tree)
  [w2]   ok   clean baseline 2912 / 184461 / 0   (DERIVED from this tree)
  ok   clean baseline 2912 / 184461 / 0   (DERIVED per worker tree; 3 tree(s) agree)
mutations: 28 RED / 0 unusable
== radmin5runtime 16:43:45
rc=0
  [w0]   ok   clean baseline 2912 / 184461 / 0   (DERIVED from this tree)
  [w2]   ok   clean baseline 2912 / 184461 / 0   (DERIVED from this tree)
  ok   clean baseline 2912 / 184461 / 0   (DERIVED per worker tree; 3 tree(s) agree)
mutations: 16 RED / 0 unusable
== radmin5session 16:44:18
rc=0
  [w1]   ok   clean baseline 2912 / 184461 / 0   (DERIVED from this tree)
  [w2]   ok   clean baseline 2912 / 184461 / 0   (DERIVED from this tree)
  ok   clean baseline 2912 / 184461 / 0   (DERIVED per worker tree; 3 tree(s) agree)
mutations: 25 RED / 0 unusable
== radmin72rx 16:45:04
rc=0
  [w0]   ok   clean baseline 2912 / 184461 / 0   (DERIVED from this tree)
  [w2]   ok   clean baseline 2912 / 184461 / 0   (DERIVED from this tree)
  ok   clean baseline 2912 / 184461 / 0   (DERIVED per worker tree; 3 tree(s) agree)
mutations: 15 RED / 0 unusable
== radmin72session 16:45:37
rc=0
  [w1]   ok   clean baseline 2912 / 184461 / 0   (DERIVED from this tree)
  [w0]   ok   clean baseline 2912 / 184461 / 0   (DERIVED from this tree)
  ok   clean baseline 2912 / 184461 / 0   (DERIVED per worker tree; 3 tree(s) agree)
mutations: 36 RED / 0 unusable
== radmin7exec 16:46:35
rc=0
  [w1]   ok   clean baseline 2912 / 184461 / 0   (DERIVED from this tree)
  [w0]   ok   clean baseline 2912 / 184461 / 0   (DERIVED from this tree)
  ok   clean baseline 2912 / 184461 / 0   (DERIVED per worker tree; 3 tree(s) agree)
mutations: 20 RED / 0 unusable
== radmin7rx 16:47:33
rc=0
  [w2]   ok   clean baseline 2912 / 184461 / 0   (DERIVED from this tree)
  [w1]   ok   clean baseline 2912 / 184461 / 0   (DERIVED from this tree)
  ok   clean baseline 2912 / 184461 / 0   (DERIVED per worker tree; 3 tree(s) agree)
mutations: 13 RED / 0 unusable
== radmin7transcript 16:48:06
rc=0
  [w0]   ok   clean baseline 2912 / 184461 / 0   (DERIVED from this tree)
  [w1]   ok   clean baseline 2912 / 184461 / 0   (DERIVED from this tree)
  ok   clean baseline 2912 / 184461 / 0   (DERIVED per worker tree; 3 tree(s) agree)
mutations: 20 RED / 0 unusable
== remoteactivation 16:48:43
rc=0
  [w1]   ok   clean baseline 2912 / 184461 / 0   (DERIVED from this tree)
  [w0]   ok   clean baseline 2912 / 184461 / 0   (DERIVED from this tree)
  ok   clean baseline 2912 / 184461 / 0   (DERIVED per worker tree; 3 tree(s) agree)
mutations: 22 RED / 0 unusable
== sliceAinbox 16:49:24
rc=0
  [w0] -- baseline gate: THIS WORKER'S OWN clean tree must run 0 FAILED; its own counts become this shard's baseline
  [w0]   ok   clean baseline 2912 / 184461 / 0   (DERIVED from this tree)
  ok   clean baseline 2912 / 184461 / 0   (DERIVED per worker tree; 1 tree(s) agree)
mutations: 1 RED / 0 unusable
== sliceAjson 16:49:34
rc=0
  [w0] -- baseline gate: THIS WORKER'S OWN clean tree must run 0 FAILED; its own counts become this shard's baseline
  [w0]   ok   clean baseline 2912 / 184461 / 0   (DERIVED from this tree)
  ok   clean baseline 2912 / 184461 / 0   (DERIVED per worker tree; 1 tree(s) agree)
mutations: 1 RED / 0 unusable
== sliceBmac 16:49:43
rc=1
  [w0]   FAIL M04 ★★ THE HELPER CALL IN `do_data_tx`'s PACK-FAILED PATH IS DELETED — the SEVENTH site this sweep found reverts to destroying an admitted carrier in total silence, grant included ([[B268]] blocker-1) — the suite still PASSES; nothing measures this
  ok   clean baseline 2912 / 184461 / 0   (DERIVED per worker tree; 3 tree(s) agree)
  FAIL M04 ★★ THE HELPER CALL IN `do_data_tx`'s PACK-FAILED PATH IS DELETED — the SEVENTH site this sweep found reverts to destroying an admitted carrier in total silence, grant included ([[B268]] blocker-1) — the suite still PASSES; nothing measures this
mutations: 3 RED / 1 unusable
== sliceBnode 16:50:00
rc=0
  [w1]   ok   clean baseline 2912 / 184461 / 0   (DERIVED from this tree)
  [w2]   ok   clean baseline 2912 / 184461 / 0   (DERIVED from this tree)
  ok   clean baseline 2912 / 184461 / 0   (DERIVED per worker tree; 3 tree(s) agree)
mutations: 8 RED / 0 unusable
== sliceBrx 16:50:21
rc=0
  [w1]   ok   clean baseline 2912 / 184461 / 0   (DERIVED from this tree)
  [w2]   ok   clean baseline 2912 / 184461 / 0   (DERIVED from this tree)
  ok   clean baseline 2912 / 184461 / 0   (DERIVED per worker tree; 3 tree(s) agree)
mutations: 16 RED / 0 unusable
== sliceCinbox 16:50:58
rc=0
  [w1]   ok   clean baseline 2912 / 184461 / 0   (DERIVED from this tree)
  [w0]   ok   clean baseline 2912 / 184461 / 0   (DERIVED from this tree)
  ok   clean baseline 2912 / 184461 / 0   (DERIVED per worker tree; 2 tree(s) agree)
mutations: 2 RED / 0 unusable
== sliceCpull 16:51:32
rc=0
  [w0]   ok   clean baseline 2912 / 184461 / 0   (DERIVED from this tree)
  [w1]   ok   clean baseline 2912 / 184461 / 0   (DERIVED from this tree)
  ok   clean baseline 2912 / 184461 / 0   (DERIVED per worker tree; 2 tree(s) agree)
mutations: 2 RED / 0 unusable
== sliceDack 16:51:42
rc=0
  [w0] -- baseline gate: THIS WORKER'S OWN clean tree must run 0 FAILED; its own counts become this shard's baseline
  [w0]   ok   clean baseline 2912 / 184461 / 0   (DERIVED from this tree)
  ok   clean baseline 2912 / 184461 / 0   (DERIVED per worker tree; 1 tree(s) agree)
mutations: 1 RED / 0 unusable
== sliceDclear 16:51:56
rc=0
  [w2]   ok   clean baseline 2912 / 184461 / 0   (DERIVED from this tree)
  [w0]   ok   clean baseline 2912 / 184461 / 0   (DERIVED from this tree)
  ok   clean baseline 2912 / 184461 / 0   (DERIVED per worker tree; 3 tree(s) agree)
mutations: 5 RED / 0 unusable
== sliceDstore 16:52:10
rc=0
  [w1]   ok   clean baseline 2912 / 184461 / 0   (DERIVED from this tree)
  [w2]   ok   clean baseline 2912 / 184461 / 0   (DERIVED from this tree)
  ok   clean baseline 2912 / 184461 / 0   (DERIVED per worker tree; 3 tree(s) agree)
mutations: 3 RED / 0 unusable
== sliceDtoken 16:52:23
rc=0
  [w0]   ok   clean baseline 2912 / 184461 / 0   (DERIVED from this tree)
  [w1]   ok   clean baseline 2912 / 184461 / 0   (DERIVED from this tree)
  ok   clean baseline 2912 / 184461 / 0   (DERIVED per worker tree; 2 tree(s) agree)
mutations: 2 RED / 0 unusable
== sliceEnode 16:52:46
rc=0
  [w2]   ok   clean baseline 2912 / 184461 / 0   (DERIVED from this tree)
  [w1]   ok   clean baseline 2912 / 184461 / 0   (DERIVED from this tree)
  ok   clean baseline 2912 / 184461 / 0   (DERIVED per worker tree; 3 tree(s) agree)
mutations: 3 RED / 0 unusable
== sliceGinbox 16:52:58
rc=0
  [w2]   ok   clean baseline 2912 / 184461 / 0   (DERIVED from this tree)
  [w0]   ok   clean baseline 2912 / 184461 / 0   (DERIVED from this tree)
  ok   clean baseline 2912 / 184461 / 0   (DERIVED per worker tree; 3 tree(s) agree)
mutations: 4 RED / 0 unusable
== sliceGjson 16:53:13
rc=0
  [w1]   ok   clean baseline 2912 / 184461 / 0   (DERIVED from this tree)
  [w0]   ok   clean baseline 2912 / 184461 / 0   (DERIVED from this tree)
  ok   clean baseline 2912 / 184461 / 0   (DERIVED per worker tree; 3 tree(s) agree)
mutations: 16 RED / 0 unusable
== sliceGrx 16:53:46
rc=0
  ok   G11 ★★★ §13.2 AN UNPARSEABLE INNER BECOMES A SILENT CONSUME — the frame is still dropped, but the ruled bounded `custody_failure_reject` never fires, so a malformed-input population becomes invisible to the operator, the corpus instrument and the bug register at once -> RED (1 assertion(s) failed, match count 1)
  ok   G25 ★★★ THE LIVE PUSH IS SUPPRESSED WHEN STORAGE IS DISABLED — §7.3 rules the opposite: the receipt still emits ONE push carrying `seq = 0`. A node with no inbox backend (every simulator node, and any board built without one) would go silent on the whole diagnostic. ⓘ The anchor carries the line ABOVE it: a bare `enqueue_push(pu);` matches several sites in this file and the entry went VACUOUS at match count 3 -> RED (11 assertion(s) failed, match count 1)
  ok   S77 ★★★ §B278 S4 THE FACTUAL TELEMETRY REPORTS THE CARRIER'S ORIGIN — `custody_failure_rx` names the translating home as the reporter, so the corpus instrument and the operator see a different identity from the one the store and the Push carry. ⛔ One selected identity, three surfaces -> RED (1 assertion(s) failed, match count 1)
mutations: 42 RED / 0 unusable
== teamgrant 16:55:20
rc=0
  [w2]   ok   clean baseline 2912 / 184461 / 0   (DERIVED from this tree)
  [w1]   ok   clean baseline 2912 / 184461 / 0   (DERIVED from this tree)
  ok   clean baseline 2912 / 184461 / 0   (DERIVED per worker tree; 3 tree(s) agree)
mutations: 4 RED / 0 unusable
== teamkeyring 16:55:39
rc=0
  [w0]   ok   T59 ★★★ THE COMPACTION BECOMES A SWAP-WITH-THE-LAST — the survivors are re-ordered under the operator's cursor between one removal and the next, and the tail wipe then clears a slot the swap already overwrote -> RED (4 assertion(s) failed, match count 1)
  ok   clean baseline 2912 / 184461 / 0   (DERIVED per worker tree; 3 tree(s) agree)
  ok   T59 ★★★ THE COMPACTION BECOMES A SWAP-WITH-THE-LAST — the survivors are re-ordered under the operator's cursor between one removal and the next, and the tail wipe then clears a slot the swap already overwrote -> RED (4 assertion(s) failed, match count 1)
mutations: 68 RED / 0 unusable
