[doctest] doctest version is "2.4.12"
[doctest] run with "--help" for options
===============================================================================
test/test_node_remote_carrier.cpp:356:
TEST CASE:  8b B413 known unknown and claimed targets all use distinct home wrappers

test/test_node_remote_carrier.cpp:374: ERROR: CHECK( c.hop(c.mobile,c.hm,c.pair.n1,c.pair.h1,DATA_TYPE_MOBILE_SEND) ) is NOT correct!
  values: CHECK( false )
  logged: binding := 0

test/test_node_remote_carrier.cpp:376: ERROR: CHECK( data->ctr==counters[i] ) is NOT correct!
  values: CHECK( 1 == 2 )
  logged: binding := 0

test/test_node_remote_carrier.cpp:374: ERROR: CHECK( c.hop(c.mobile,c.hm,c.pair.n1,c.pair.h1,DATA_TYPE_MOBILE_SEND) ) is NOT correct!
  values: CHECK( false )
  logged: binding := 1

test/test_node_remote_carrier.cpp:376: ERROR: CHECK( data->ctr==counters[i] ) is NOT correct!
  values: CHECK( 1 == 2 )
  logged: binding := 1

test/test_node_remote_carrier.cpp:374: ERROR: CHECK( c.hop(c.mobile,c.hm,c.pair.n1,c.pair.h1,DATA_TYPE_MOBILE_SEND) ) is NOT correct!
  values: CHECK( false )
  logged: binding := 2

test/test_node_remote_carrier.cpp:376: ERROR: CHECK( data->ctr==counters[i] ) is NOT correct!
  values: CHECK( 1 == 2 )
  logged: binding := 2

===============================================================================
test/test_node_remote_carrier.cpp:433:
TEST CASE:  8b B415 characterization direct operator ACK can clear an equal-counter wrapper

test/test_node_remote_carrier.cpp:453: ERROR: CHECK( c.hop(c.pair.n2,c.pair.h2,c.mobile,c.hm,DATA_TYPE_E2E_ACK) ) is NOT correct!
  values: CHECK( false )

test/test_node_remote_carrier.cpp:459: ERROR: CHECK( acks==1 ) is NOT correct!
  values: CHECK( 0 == 1 )

test/test_node_remote_carrier.cpp:459: ERROR: CHECK( c.mobile.remote_client_correlation_free()==7 ) is NOT correct!
  values: CHECK( 6 == 7 )

test/test_node_remote_carrier.cpp:453: ERROR: CHECK( c.hop(c.pair.n2,c.pair.h2,c.mobile,c.hm,DATA_TYPE_E2E_ACK) ) is NOT correct!
  values: CHECK( false )

test/test_node_remote_carrier.cpp:459: ERROR: CHECK( acks==1 ) is NOT correct!
  values: CHECK( 0 == 1 )

test/test_node_remote_carrier.cpp:459: ERROR: CHECK( c.mobile.remote_client_correlation_free()==7 ) is NOT correct!
  values: CHECK( 6 == 7 )

===============================================================================
[doctest] test cases:   3 |   1 passed |  2 failed | 2967 skipped
[doctest] assertions: 209 | 197 passed | 12 failed |
[doctest] Status: FAILURE!
