Verbosity level can be increased via `-v, -vv, or -vvv` option
Collected 1 tests

Processing * in native environment
--------------------------------------------------------------------------------
Building...
test/test_firmware_config_parse.cpp: In function ‘void DOCTEST_ANON_FUNC_66()’:
test/test_firmware_config_parse.cpp:806:9: warning: this ‘while’ clause does not guard... [-Wmisleading-indentation]
  806 |         while (*p == ' ') ++p; while (*p && *p != ' ') ++p; if (*p == ' ') *p++ = '\0';
      |         ^~~~~
test/test_firmware_config_parse.cpp:806:32: note: ...this statement, but the latter is misleadingly indented as if it were guarded by the ‘while’
  806 |         while (*p == ' ') ++p; while (*p && *p != ' ') ++p; if (*p == ' ') *p++ = '\0';
      |                                ^~~~~
test/test_remote_codec.cpp: In function ‘void DOCTEST_ANON_FUNC_792()’:
test/test_remote_codec.cpp:6953:21: warning: loop variable ‘pair’ creates a copy from type ‘const std::pair<unsigned char, unsigned char>’ [-Wrange-loop-construct]
 6953 |     for (const auto pair : {std::pair<uint8_t, uint8_t>{1, 9}, {4, 1}, {4, 8}}) {
      |                     ^~~~
test/test_remote_codec.cpp:6953:21: note: use reference type to prevent copying
 6953 |     for (const auto pair : {std::pair<uint8_t, uint8_t>{1, 9}, {4, 1}, {4, 8}}) {
      |                     ^~~~
      |                     &
cc1: warning: command-line option ‘-fno-rtti’ is valid for C++/D/ObjC++ but not for C
test/test_node_remote_carrier.cpp: In function ‘void DOCTEST_ANON_FUNC_28()’:
test/test_node_remote_carrier.cpp:399:77: error: ‘kE2eAckDeadlineTimerId’ was not declared in this scope
  399 |         c.hm._now=submitted+protocol::e2e_ack_deadline_ms;c.mobile.on_timer(kE2eAckDeadlineTimerId);
      |                                                                             ^~~~~~~~~~~~~~~~~~~~~~
test/test_node_remote_carrier.cpp: In function ‘void DOCTEST_ANON_FUNC_35()’:
test/test_node_remote_carrier.cpp:441:30: error: ‘SendDispatch’ was not declared in this scope
  441 |         const uint8_t dm='x';SendDispatch dispatch{};
      |                              ^~~~~~~~~~~~
test/test_node_remote_carrier.cpp:442:139: error: ‘dispatch’ was not declared in this scope
  442 |         const auto ctr=c.mobile.send_by_hash(row.route.target_hash,&dm,1,DATA_FLAG_E2E_ACK_REQ,CryptIntent::off,0,0,Plane::GLOBAL,0,true,&dispatch);
      |                                                                                                                                           ^~~~~~~~
In file included from test/test_node_remote_carrier.cpp:2:
test/test_node_remote_carrier.cpp:443:31: error: ‘SendDispatch’ is not a class, namespace, or enumeration
  443 |         CHECK(dispatch.admit==SendDispatch::Admit::queued);CHECK(dispatch.dst==2);
      |                               ^~~~~~~~~~~~
.pio/libdeps/native/doctest/doctest/doctest.h:2143:32: note: in definition of macro ‘DOCTEST_WRAP_IN_TRY’
 2143 | #define DOCTEST_WRAP_IN_TRY(x) x;
      |                                ^
.pio/libdeps/native/doctest/doctest/doctest.h:2397:9: note: in expansion of macro ‘DOCTEST_ASSERT_IMPLEMENT_2’
 2397 |         DOCTEST_ASSERT_IMPLEMENT_2(assert_type, __VA_ARGS__);                                      \
      |         ^~~~~~~~~~~~~~~~~~~~~~~~~~
.pio/libdeps/native/doctest/doctest/doctest.h:2441:28: note: in expansion of macro ‘DOCTEST_ASSERT_IMPLEMENT_1’
 2441 | #define DOCTEST_CHECK(...) DOCTEST_ASSERT_IMPLEMENT_1(DT_CHECK, __VA_ARGS__)
      |                            ^~~~~~~~~~~~~~~~~~~~~~~~~~
.pio/libdeps/native/doctest/doctest/doctest.h:2970:20: note: in expansion of macro ‘DOCTEST_CHECK’
 2970 | #define CHECK(...) DOCTEST_CHECK(__VA_ARGS__)
      |                    ^~~~~~~~~~~~~
test/test_node_remote_carrier.cpp:443:9: note: in expansion of macro ‘CHECK’
  443 |         CHECK(dispatch.admit==SendDispatch::Admit::queued);CHECK(dispatch.dst==2);
      |         ^~~~~
*** [/tmp/mr-s8b-r6-nwy4hz9d/iter-native/native/test/test_node_remote_carrier.o] Error 1
test/test_node_query.cpp: In lambda function:
test/test_node_query.cpp:574:29: warning: unused parameter ‘hal’ [-Wunused-parameter]
  574 |     auto hear = [](TestHal& hal, Node& node, uint8_t adv, bool adv_mobile, uint32_t adv_team) {
      |                    ~~~~~~~~~^~~
test/test_node_remote_session.cpp: In function ‘void DOCTEST_ANON_FUNC_42()’:
test/test_node_remote_session.cpp:1334:21: warning: loop variable ‘pair’ creates a copy from type ‘const std::pair<unsigned char, long unsigned int>’ [-Wrange-loop-construct]
 1334 |     for (const auto pair : {std::pair<uint8_t,uint64_t>{0,1}, {1,2}, {2,3}, {0,4}}) {
      |                     ^~~~
test/test_node_remote_session.cpp:1334:21: note: use reference type to prevent copying
 1334 |     for (const auto pair : {std::pair<uint8_t,uint64_t>{0,1}, {1,2}, {2,3}, {0,4}}) {
      |                     ^~~~
      |                     &
test/test_node_channel.cpp: In function ‘void hold_team_flood({anonymous}::TestHal&, meshroute::Node&, uint32_t, uint8_t, uint8_t)’:
test/test_node_channel.cpp:1649:38: warning: unused parameter ‘hal’ [-Wunused-parameter]
 1649 | static void hold_team_flood(TestHal& hal, Node& n, uint32_t id, uint8_t up, uint8_t down) {
      |                             ~~~~~~~~~^~~
test/test_node_hashlocate.cpp: In function ‘void DOCTEST_ANON_FUNC_114()’:
test/test_node_hashlocate.cpp:1599:23: warning: comparison of integer expressions of different signedness: ‘int’ and ‘const size_t’ {aka ‘const long unsigned int’} [-Wsign-compare]
 1599 |     for (int i = 0; i < DM_TAG_LEN; ++i) forged[4 + sizeof(pt) + i] = ftag[i];
      |                     ~~^~~~~~~~~~~~
test/test_node_join.cpp: In function ‘void {anonymous}::attach_and_report(meshroute::Node&, TestHal&, uint8_t, uint32_t, uint8_t, uint8_t, const meshroute::RxMeta&)’:
test/test_node_join.cpp:5711:44: warning: unused parameter ‘hal’ [-Wunused-parameter]
 5711 | void attach_and_report(Node& mob, TestHal& hal, uint8_t home_id, uint32_t mob_hash, uint8_t local_id,
      |                                   ~~~~~~~~~^~~
test/test_dual_layer.cpp: In function ‘void DOCTEST_ANON_FUNC_364()’:
test/test_dual_layer.cpp:5565:109: warning: conversion from ‘unsigned int’ to ‘uint16_t’ {aka ‘short unsigned int’} changes value from ‘3735928559’ to ‘48879’ [-Woverflow]
 5565 |     beacon_in bin{}; bin.leaf_id=4; bin.src=17; bin.key_hash32=0xB0B1u; bin.is_mobile=true; bin.config_hash=0xDEADBEEFu;
      |                                                                                                             ^~~~~~~~~~~
test/test_dual_layer.cpp:5596:121: warning: conversion from ‘unsigned int’ to ‘uint16_t’ {aka ‘short unsigned int’} changes value from ‘3735928559’ to ‘48879’ [-Woverflow]
 5596 |     beacon_in other{}; other.leaf_id=4; other.src=18; other.key_hash32=0xC0C0u; other.is_mobile=true; other.config_hash=0xDEADBEEFu;   // some OTHER mobile
      |                                                                                                                         ^~~~~~~~~~~
test/test_node_r3.cpp: In function ‘void e2e_learn_peer(meshroute::Node&, {anonymous}::TestHal&, const meshroute::Identity&)’:
test/test_node_r3.cpp:8007:46: warning: unused parameter ‘hal’ [-Wunused-parameter]
 8007 | static void e2e_learn_peer(Node& A, TestHal& hal, const Identity& idB) {
      |                                     ~~~~~~~~~^~~
test/test_node_r3.cpp: In function ‘void DOCTEST_ANON_FUNC_519()’:
test/test_node_r3.cpp:8393:12: warning: unused variable ‘meta’ [-Wunused-variable]
 8393 |     RxMeta meta{8.0f, -80.0f, 0, -1};
      |            ^~~~
Building stage has failed, see errors above. Use `pio test -vvv` option to enable verbose output.
-------------------- native:* [ERRORED] Took 18.54 seconds --------------------

=================================== SUMMARY ===================================
Environment    Test    Status    Duration
-------------  ------  --------  ------------
native         *       ERRORED   00:00:18.537
================== 1 test cases: 0 succeeded in 00:00:18.537 ==================
