[doctest] doctest version is "2.4.12"
[doctest] run with "--help" for options
===============================================================================
test/test_node_remote_carrier.cpp:434:
TEST CASE:  8b B415 characterization direct operator ACK can clear an equal-counter wrapper

test/test_node_remote_carrier.cpp:456: ERROR: CHECK( c.hop(c.pair.n1,c.pair.h1,c.mobile,c.hm,DATA_TYPE_E2E_ACK) ) is NOT correct!
  values: CHECK( false )

test/test_node_remote_carrier.cpp:462: ERROR: CHECK( acks==1 ) is NOT correct!
  values: CHECK( 0 == 1 )

test/test_node_remote_carrier.cpp:462: ERROR: CHECK( c.mobile.remote_client_correlation_free()==7 ) is NOT correct!
  values: CHECK( 6 == 7 )

test/test_node_remote_carrier.cpp:456: ERROR: CHECK( c.hop(c.pair.n1,c.pair.h1,c.mobile,c.hm,DATA_TYPE_E2E_ACK) ) is NOT correct!
  values: CHECK( false )

test/test_node_remote_carrier.cpp:462: ERROR: CHECK( acks==1 ) is NOT correct!
  values: CHECK( 0 == 1 )

test/test_node_remote_carrier.cpp:462: ERROR: CHECK( c.mobile.remote_client_correlation_free()==7 ) is NOT correct!
  values: CHECK( 6 == 7 )

===============================================================================
[doctest] test cases:  1 |  0 passed | 1 failed | 2969 skipped
[doctest] assertions: 58 | 52 passed | 6 failed |
[doctest] Status: FAILURE!
