Processing heltec_v4 (board: heltec_v4; platform: https://github.com/pioarduino/platform-espressif32/releases/download/53.03.13-1/platform-espressif32.zip; framework: arduino)
--------------------------------------------------------------------------------
Library Manager: Installing jgromes/RadioLib @ 7.7.1
Unpacking 0% 10% 20% 30% 40% 50% 60% 70% 80% 90% 100%
Library Manager: RadioLib@7.7.1 has been installed!
Library Manager: Installing olikraus/U8g2 @ 2.35.30
Unpacking 0% 10% 20% 30% 40% 50% 60% 70% 80% 90% 100%
Library Manager: U8g2@2.35.30 has been installed!
Verbose mode can be enabled via `-v, --verbose` option
git_rev.py: GIT_REV = 84edd3e-dirty (source=git)
CONFIGURATION: https://docs.platformio.org/page/boards/espressif32/heltec_v4.html
PLATFORM: Espressif 32 (53.3.13) > heltec_wifi_lora_32 v4 (16 MB FLASH, 2 MB PSRAM)
HARDWARE: ESP32S3 240MHz, 2MB RAM, 16MB Flash
DEBUG: Current (esp-builtin) On-board (esp-builtin) External (cmsis-dap, esp-bridge, esp-prog, iot-bus-jtag, jlink, minimodule, olimex-arm-usb-ocd, olimex-arm-usb-ocd-h, olimex-arm-usb-tiny-h, olimex-jtag-tiny, tumpa)
PACKAGES: 
 - framework-arduinoespressif32 @ 3.1.3 
 - framework-arduinoespressif32-libs @ 5.3.0+sha.489d7a2b3a 
 - tool-esptoolpy @ 4.8.6 
 - tool-mklittlefs @ 3.2.0 
 - tool-openocd-esp32 @ 2.1100.20220706 (11.0) 
 - tool-riscv32-esp-elf-gdb @ 14.2.0+20240403 
 - tool-xtensa-esp-elf-gdb @ 14.2.0+20240403 
 - toolchain-riscv32-esp @ 13.2.0+20240530 
 - toolchain-xtensa-esp-elf @ 13.2.0+20240530
LDF: Library Dependency Finder -> https://bit.ly/configure-pio-ldf
LDF Modes: Finder ~ chain, Compatibility ~ soft
Found 48 compatible libraries
Scanning dependencies...
Dependency Graph
|-- RadioLib @ 7.7.1
|-- Wire @ 3.1.3
|-- U8g2 @ 2.35.30
|-- MeshRouteCore @ 0.1.0
|-- hal
|-- Update @ 3.1.3
|-- WebServer @ 3.1.3
|-- WiFi @ 3.1.3
|-- console
|-- Monocypher @ 4.0.2
|-- meshcore @ 0.0.0+51dfbb2f
|-- Preferences @ 3.1.3
|-- LittleFS @ 3.1.3
Building in release mode
Compiling /tmp/mr-s9-r4-j37ybea_/warning-build-base/heltec_v4/WireFw/Wire.o
Compiling /tmp/mr-s9-r4-j37ybea_/warning-build-base/heltec_v4/variants/heltec_common/board_ui.cpp.o
Compiling /tmp/mr-s9-r4-j37ybea_/warning-build-base/heltec_v4/variants/heltec_v4/board_rf.cpp.o
Compiling /tmp/mr-s9-r4-j37ybea_/warning-build-base/heltec_v4/src/device_ota.cpp.o
Compiling /tmp/mr-s9-r4-j37ybea_/warning-build-base/heltec_v4/src/firmware_commands.cpp.o
In file included from src/fw_context.h:19,
                 from src/firmware_commands.cpp:15:
.pio/libdeps/heltec_v4/RadioLib/src/RadioLib.h:58:4: warning: #warning "God mode active, I hope it was intentional. Buckle up, lads." [-Wcpp]
   58 |   #warning "God mode active, I hope it was intentional. Buckle up, lads."
      |    ^~~~~~~
.pio/libdeps/heltec_v4/RadioLib/src/RadioLib.h:67:4: warning: #warning "Use of USB CDC for debug output is not recommended (might stop on first sleep). Use hardware UART instead." [-Wcpp]
   67 |   #warning "Use of USB CDC for debug output is not recommended (might stop on first sleep). Use hardware UART instead."
      |    ^~~~~~~
Compiling /tmp/mr-s9-r4-j37ybea_/warning-build-base/heltec_v4/src/firmware_config.cpp.o
In file included from src/fw_context.h:19,
                 from src/firmware_config.cpp:8:
.pio/libdeps/heltec_v4/RadioLib/src/RadioLib.h:58:4: warning: #warning "God mode active, I hope it was intentional. Buckle up, lads." [-Wcpp]
   58 |   #warning "God mode active, I hope it was intentional. Buckle up, lads."
      |    ^~~~~~~
.pio/libdeps/heltec_v4/RadioLib/src/RadioLib.h:67:4: warning: #warning "Use of USB CDC for debug output is not recommended (might stop on first sleep). Use hardware UART instead." [-Wcpp]
   67 |   #warning "Use of USB CDC for debug output is not recommended (might stop on first sleep). Use hardware UART instead."
      |    ^~~~~~~
In file included from src/fw_context.h:24:
lib/hal/device_radio.h: In member function 'virtual bool meshroute::Sx1262Radio::poll_rx(uint8_t*, size_t, size_t&, float&, float&)':
lib/hal/device_radio.h:342:42: warning: '++' expression of 'volatile'-qualified type is deprecated [-Wvolatile]
  342 |         if (st != RADIOLIB_ERR_NONE) { ++g_rxbad_count; if (g_mr_trace_on) { Serial.print(F("[rxbad st=")); Serial.print(st); Serial.print(F(" t=")); Serial.print(millis()); Serial.println(F("]")); } return false; }   // count the CRC-storm event ALWAYS; the per-event print is GATED behind `debug on` (don't flood Serial when the radio is busiest)
      |                                          ^~~~~~~~~~~~~
In file included from src/fw_context.h:24:
lib/hal/device_radio.h: In member function 'virtual bool meshroute::Sx1262Radio::poll_rx(uint8_t*, size_t, size_t&, float&, float&)':
lib/hal/device_radio.h:342:42: warning: '++' expression of 'volatile'-qualified type is deprecated [-Wvolatile]
  342 |         if (st != RADIOLIB_ERR_NONE) { ++g_rxbad_count; if (g_mr_trace_on) { Serial.print(F("[rxbad st=")); Serial.print(st); Serial.print(F(" t=")); Serial.print(millis()); Serial.println(F("]")); } return false; }   // count the CRC-storm event ALWAYS; the per-event print is GATED behind `debug on` (don't flood Serial when the radio is busiest)
      |                                          ^~~~~~~~~~~~~
src/firmware_config.cpp: In function 'void mrfw::handle_create(const char*, Print&)':
src/firmware_config.cpp:1199:5: warning: this 'if' clause does not guard... [-Wmisleading-indentation]
 1199 |     if (af <= 0.0f) af = 0.125f; if (af > 1.0f) af = 1.0f;                    // clamp; 0/absent -> the default
      |     ^~
src/firmware_config.cpp:1199:34: note: ...this statement, but the latter is misleadingly indented as if it were guarded by the 'if'
 1199 |     if (af <= 0.0f) af = 0.125f; if (af > 1.0f) af = 1.0f;                    // clamp; 0/absent -> the default
      |                                  ^~
src/firmware_config.cpp:1200:5: warning: this 'if' clause does not guard... [-Wmisleading-indentation]
 1200 |     if (chi < 1) chi = meshroute::protocol::channel_min_interval_ms; if (dmi < 1) dmi = meshroute::protocol::dm_min_interval_ms;
      |     ^~
src/firmware_config.cpp:1200:70: note: ...this statement, but the latter is misleadingly indented as if it were guarded by the 'if'
 1200 |     if (chi < 1) chi = meshroute::protocol::channel_min_interval_ms; if (dmi < 1) dmi = meshroute::protocol::dm_min_interval_ms;
      |                                                                      ^~
src/firmware_config.cpp:1207:9: warning: this 'for' clause does not guard... [-Wmisleading-indentation]
 1207 |         for (uint8_t i = 0; i < nlen; ++i) b.leaf_name[i] = (uint8_t)nm[i]; b.leaf_name_len = nlen;
      |         ^~~
src/firmware_config.cpp:1207:77: note: ...this statement, but the latter is misleadingly indented as if it were guarded by the 'for'
 1207 |         for (uint8_t i = 0; i < nlen; ++i) b.leaf_name[i] = (uint8_t)nm[i]; b.leaf_name_len = nlen;
      |                                                                             ^
src/firmware_config.cpp: In function 'void mrfw::handle_mobile(const char*, Print&)':
src/firmware_config.cpp:2352:13: warning: this 'if' clause does not guard... [-Wmisleading-indentation]
 2352 |             if (m) out.write(s_inbox_jb, m); ++gws;
      |             ^~
src/firmware_config.cpp:2352:46: note: ...this statement, but the latter is misleadingly indented as if it were guarded by the 'if'
 2352 |             if (m) out.write(s_inbox_jb, m); ++gws;
      |                                              ^~
Compiling /tmp/mr-s9-r4-j37ybea_/warning-build-base/heltec_v4/src/firmware_inbox.cpp.o
Compiling /tmp/mr-s9-r4-j37ybea_/warning-build-base/heltec_v4/src/firmware_remote.cpp.o
In file included from src/fw_context.h:19,
                 from src/firmware_inbox.cpp:9:
.pio/libdeps/heltec_v4/RadioLib/src/RadioLib.h:58:4: warning: #warning "God mode active, I hope it was intentional. Buckle up, lads." [-Wcpp]
   58 |   #warning "God mode active, I hope it was intentional. Buckle up, lads."
      |    ^~~~~~~
.pio/libdeps/heltec_v4/RadioLib/src/RadioLib.h:67:4: warning: #warning "Use of USB CDC for debug output is not recommended (might stop on first sleep). Use hardware UART instead." [-Wcpp]
   67 |   #warning "Use of USB CDC for debug output is not recommended (might stop on first sleep). Use hardware UART instead."
      |    ^~~~~~~
In file included from src/fw_context.h:19,
                 from src/firmware_remote.cpp:9:
.pio/libdeps/heltec_v4/RadioLib/src/RadioLib.h:58:4: warning: #warning "God mode active, I hope it was intentional. Buckle up, lads." [-Wcpp]
   58 |   #warning "God mode active, I hope it was intentional. Buckle up, lads."
      |    ^~~~~~~
.pio/libdeps/heltec_v4/RadioLib/src/RadioLib.h:67:4: warning: #warning "Use of USB CDC for debug output is not recommended (might stop on first sleep). Use hardware UART instead." [-Wcpp]
   67 |   #warning "Use of USB CDC for debug output is not recommended (might stop on first sleep). Use hardware UART instead."
      |    ^~~~~~~
In file included from src/fw_context.h:24:
lib/hal/device_radio.h: In member function 'virtual bool meshroute::Sx1262Radio::poll_rx(uint8_t*, size_t, size_t&, float&, float&)':
lib/hal/device_radio.h:342:42: warning: '++' expression of 'volatile'-qualified type is deprecated [-Wvolatile]
  342 |         if (st != RADIOLIB_ERR_NONE) { ++g_rxbad_count; if (g_mr_trace_on) { Serial.print(F("[rxbad st=")); Serial.print(st); Serial.print(F(" t=")); Serial.print(millis()); Serial.println(F("]")); } return false; }   // count the CRC-storm event ALWAYS; the per-event print is GATED behind `debug on` (don't flood Serial when the radio is busiest)
      |                                          ^~~~~~~~~~~~~
In file included from src/fw_context.h:24:
lib/hal/device_radio.h: In member function 'virtual bool meshroute::Sx1262Radio::poll_rx(uint8_t*, size_t, size_t&, float&, float&)':
lib/hal/device_radio.h:342:42: warning: '++' expression of 'volatile'-qualified type is deprecated [-Wvolatile]
  342 |         if (st != RADIOLIB_ERR_NONE) { ++g_rxbad_count; if (g_mr_trace_on) { Serial.print(F("[rxbad st=")); Serial.print(st); Serial.print(F(" t=")); Serial.print(millis()); Serial.println(F("]")); } return false; }   // count the CRC-storm event ALWAYS; the per-event print is GATED behind `debug on` (don't flood Serial when the radio is busiest)
      |                                          ^~~~~~~~~~~~~
src/firmware_inbox.cpp: In function 'void mrfw::handle_mark_read(const char*, Print&)':
src/firmware_inbox.cpp:77:9: warning: this 'if' clause does not guard... [-Wmisleading-indentation]
   77 |         if (n) out.write(eb, n); return;                  // fail loud on a bad kind
      |         ^~
src/firmware_inbox.cpp:77:34: note: ...this statement, but the latter is misleadingly indented as if it were guarded by the 'if'
   77 |         if (n) out.write(eb, n); return;                  // fail loud on a bad kind
      |                                  ^~~~~~
Compiling /tmp/mr-s9-r4-j37ybea_/warning-build-base/heltec_v4/src/firmware_remote_actions.cpp.o
Compiling /tmp/mr-s9-r4-j37ybea_/warning-build-base/heltec_v4/src/firmware_remote_client.cpp.o
Compiling /tmp/mr-s9-r4-j37ybea_/warning-build-base/heltec_v4/src/firmware_ui.cpp.o
Compiling /tmp/mr-s9-r4-j37ybea_/warning-build-base/heltec_v4/src/fw_main.cpp.o
In file included from src/fw_main.cpp:16:
.pio/libdeps/heltec_v4/RadioLib/src/RadioLib.h:58:4: warning: #warning "God mode active, I hope it was intentional. Buckle up, lads." [-Wcpp]
   58 |   #warning "God mode active, I hope it was intentional. Buckle up, lads."
      |    ^~~~~~~
.pio/libdeps/heltec_v4/RadioLib/src/RadioLib.h:67:4: warning: #warning "Use of USB CDC for debug output is not recommended (might stop on first sleep). Use hardware UART instead." [-Wcpp]
   67 |   #warning "Use of USB CDC for debug output is not recommended (might stop on first sleep). Use hardware UART instead."
      |    ^~~~~~~
In file included from src/fw_main.cpp:21:
lib/hal/device_radio.h: In member function 'virtual bool meshroute::Sx1262Radio::poll_rx(uint8_t*, size_t, size_t&, float&, float&)':
lib/hal/device_radio.h:342:42: warning: '++' expression of 'volatile'-qualified type is deprecated [-Wvolatile]
  342 |         if (st != RADIOLIB_ERR_NONE) { ++g_rxbad_count; if (g_mr_trace_on) { Serial.print(F("[rxbad st=")); Serial.print(st); Serial.print(F(" t=")); Serial.print(millis()); Serial.println(F("]")); } return false; }   // count the CRC-storm event ALWAYS; the per-event print is GATED behind `debug on` (don't flood Serial when the radio is busiest)
      |                                          ^~~~~~~~~~~~~
Building /tmp/mr-s9-r4-j37ybea_/warning-build-base/heltec_v4/bootloader.bin
esptool.py v4.8.6
Creating esp32s3 image...
Merged 2 ELF sections
Successfully created esp32s3 image.
Generating partitions /tmp/mr-s9-r4-j37ybea_/warning-build-base/heltec_v4/partitions.bin
Compiling /tmp/mr-s9-r4-j37ybea_/warning-build-base/heltec_v4/lib1bd/SPI/SPI.cpp.o
Archiving /tmp/mr-s9-r4-j37ybea_/warning-build-base/heltec_v4/lib1bd/libSPI.a
Indexing /tmp/mr-s9-r4-j37ybea_/warning-build-base/heltec_v4/lib1bd/libSPI.a
Compiling /tmp/mr-s9-r4-j37ybea_/warning-build-base/heltec_v4/lib095/RadioLib/Hal.cpp.o
Compiling /tmp/mr-s9-r4-j37ybea_/warning-build-base/heltec_v4/lib095/RadioLib/Module.cpp.o
Compiling /tmp/mr-s9-r4-j37ybea_/warning-build-base/heltec_v4/lib095/RadioLib/hal/Arduino/ArduinoHal.cpp.o
Compiling /tmp/mr-s9-r4-j37ybea_/warning-build-base/heltec_v4/lib095/RadioLib/hal/RPiPico/PicoHal.cpp.o
Compiling /tmp/mr-s9-r4-j37ybea_/warning-build-base/heltec_v4/lib095/RadioLib/hal/Stm32duino/Stm32wlHal.cpp.o
Compiling /tmp/mr-s9-r4-j37ybea_/warning-build-base/heltec_v4/lib095/RadioLib/modules/CC1101/CC1101.cpp.o
Compiling /tmp/mr-s9-r4-j37ybea_/warning-build-base/heltec_v4/lib095/RadioLib/modules/LLCC68/LLCC68.cpp.o
Compiling /tmp/mr-s9-r4-j37ybea_/warning-build-base/heltec_v4/lib095/RadioLib/modules/LR11x0/LR1110.cpp.o
Compiling /tmp/mr-s9-r4-j37ybea_/warning-build-base/heltec_v4/lib095/RadioLib/modules/LR11x0/LR1120.cpp.o
Compiling /tmp/mr-s9-r4-j37ybea_/warning-build-base/heltec_v4/lib095/RadioLib/modules/LR11x0/LR1121.cpp.o
Compiling /tmp/mr-s9-r4-j37ybea_/warning-build-base/heltec_v4/lib095/RadioLib/modules/LR11x0/LR11x0.cpp.o
Compiling /tmp/mr-s9-r4-j37ybea_/warning-build-base/heltec_v4/lib095/RadioLib/modules/LR11x0/LR11x0_commands.cpp.o
Compiling /tmp/mr-s9-r4-j37ybea_/warning-build-base/heltec_v4/lib095/RadioLib/modules/LR11x0/LR11x0_crypto.cpp.o
Compiling /tmp/mr-s9-r4-j37ybea_/warning-build-base/heltec_v4/lib095/RadioLib/modules/LR11x0/LR11x0_gnss.cpp.o
Compiling /tmp/mr-s9-r4-j37ybea_/warning-build-base/heltec_v4/lib095/RadioLib/modules/LR11x0/LR11x0_wifi.cpp.o
Compiling /tmp/mr-s9-r4-j37ybea_/warning-build-base/heltec_v4/lib095/RadioLib/modules/LR11x0/LR_common.cpp.o
Compiling /tmp/mr-s9-r4-j37ybea_/warning-build-base/heltec_v4/lib095/RadioLib/modules/LR2021/LR2021.cpp.o
Compiling /tmp/mr-s9-r4-j37ybea_/warning-build-base/heltec_v4/lib095/RadioLib/modules/LR2021/LR2021_cmds_chip_control.cpp.o
Compiling /tmp/mr-s9-r4-j37ybea_/warning-build-base/heltec_v4/lib095/RadioLib/modules/LR2021/LR2021_cmds_flrc.cpp.o
Compiling /tmp/mr-s9-r4-j37ybea_/warning-build-base/heltec_v4/lib095/RadioLib/modules/LR2021/LR2021_cmds_gfsk.cpp.o
Compiling /tmp/mr-s9-r4-j37ybea_/warning-build-base/heltec_v4/lib095/RadioLib/modules/LR2021/LR2021_cmds_lora.cpp.o
Compiling /tmp/mr-s9-r4-j37ybea_/warning-build-base/heltec_v4/lib095/RadioLib/modules/LR2021/LR2021_cmds_misc.cpp.o
Compiling /tmp/mr-s9-r4-j37ybea_/warning-build-base/heltec_v4/lib095/RadioLib/modules/LR2021/LR2021_cmds_ook.cpp.o
Compiling /tmp/mr-s9-r4-j37ybea_/warning-build-base/heltec_v4/lib095/RadioLib/modules/LR2021/LR2021_cmds_oqpsk.cpp.o
Compiling /tmp/mr-s9-r4-j37ybea_/warning-build-base/heltec_v4/lib095/RadioLib/modules/LR2021/LR2021_cmds_radio.cpp.o
Compiling /tmp/mr-s9-r4-j37ybea_/warning-build-base/heltec_v4/lib095/RadioLib/modules/LR2021/LR2021_cmds_ranging.cpp.o
Compiling /tmp/mr-s9-r4-j37ybea_/warning-build-base/heltec_v4/lib095/RadioLib/modules/LR2021/LR2021_config.cpp.o
Compiling /tmp/mr-s9-r4-j37ybea_/warning-build-base/heltec_v4/lib095/RadioLib/modules/RF69/RF69.cpp.o
Compiling /tmp/mr-s9-r4-j37ybea_/warning-build-base/heltec_v4/lib095/RadioLib/modules/SX123x/SX1231.cpp.o
Compiling /tmp/mr-s9-r4-j37ybea_/warning-build-base/heltec_v4/lib095/RadioLib/modules/SX123x/SX1233.cpp.o
Compiling /tmp/mr-s9-r4-j37ybea_/warning-build-base/heltec_v4/lib095/RadioLib/modules/SX126x/STM32WLx.cpp.o
Compiling /tmp/mr-s9-r4-j37ybea_/warning-build-base/heltec_v4/lib095/RadioLib/modules/SX126x/SX1261.cpp.o
Compiling /tmp/mr-s9-r4-j37ybea_/warning-build-base/heltec_v4/lib095/RadioLib/modules/SX126x/SX1262.cpp.o
Compiling /tmp/mr-s9-r4-j37ybea_/warning-build-base/heltec_v4/lib095/RadioLib/modules/SX126x/SX1268.cpp.o
Compiling /tmp/mr-s9-r4-j37ybea_/warning-build-base/heltec_v4/lib095/RadioLib/modules/SX126x/SX126x.cpp.o
Compiling /tmp/mr-s9-r4-j37ybea_/warning-build-base/heltec_v4/lib095/RadioLib/modules/SX126x/SX126x_LR_FHSS.cpp.o
Compiling /tmp/mr-s9-r4-j37ybea_/warning-build-base/heltec_v4/lib095/RadioLib/modules/SX126x/SX126x_commands.cpp.o
Compiling /tmp/mr-s9-r4-j37ybea_/warning-build-base/heltec_v4/lib095/RadioLib/modules/SX126x/SX126x_config.cpp.o
Compiling /tmp/mr-s9-r4-j37ybea_/warning-build-base/heltec_v4/lib095/RadioLib/modules/SX127x/SX1272.cpp.o
Compiling /tmp/mr-s9-r4-j37ybea_/warning-build-base/heltec_v4/lib095/RadioLib/modules/SX127x/SX1273.cpp.o
Compiling /tmp/mr-s9-r4-j37ybea_/warning-build-base/heltec_v4/lib095/RadioLib/modules/SX127x/SX1276.cpp.o
Compiling /tmp/mr-s9-r4-j37ybea_/warning-build-base/heltec_v4/lib095/RadioLib/modules/SX127x/SX1277.cpp.o
Compiling /tmp/mr-s9-r4-j37ybea_/warning-build-base/heltec_v4/lib095/RadioLib/modules/SX127x/SX1278.cpp.o
Compiling /tmp/mr-s9-r4-j37ybea_/warning-build-base/heltec_v4/lib095/RadioLib/modules/SX127x/SX1279.cpp.o
Compiling /tmp/mr-s9-r4-j37ybea_/warning-build-base/heltec_v4/lib095/RadioLib/modules/SX127x/SX127x.cpp.o
Compiling /tmp/mr-s9-r4-j37ybea_/warning-build-base/heltec_v4/lib095/RadioLib/modules/SX128x/SX1280.cpp.o
Compiling /tmp/mr-s9-r4-j37ybea_/warning-build-base/heltec_v4/lib095/RadioLib/modules/SX128x/SX1281.cpp.o
Compiling /tmp/mr-s9-r4-j37ybea_/warning-build-base/heltec_v4/lib095/RadioLib/modules/SX128x/SX1282.cpp.o
Compiling /tmp/mr-s9-r4-j37ybea_/warning-build-base/heltec_v4/lib095/RadioLib/modules/SX128x/SX128x.cpp.o
Compiling /tmp/mr-s9-r4-j37ybea_/warning-build-base/heltec_v4/lib095/RadioLib/modules/Si443x/Si4430.cpp.o
Compiling /tmp/mr-s9-r4-j37ybea_/warning-build-base/heltec_v4/lib095/RadioLib/modules/Si443x/Si4431.cpp.o
Compiling /tmp/mr-s9-r4-j37ybea_/warning-build-base/heltec_v4/lib095/RadioLib/modules/Si443x/Si4432.cpp.o
Compiling /tmp/mr-s9-r4-j37ybea_/warning-build-base/heltec_v4/lib095/RadioLib/modules/Si443x/Si443x.cpp.o
Compiling /tmp/mr-s9-r4-j37ybea_/warning-build-base/heltec_v4/lib095/RadioLib/modules/nRF24/nRF24.cpp.o
Compiling /tmp/mr-s9-r4-j37ybea_/warning-build-base/heltec_v4/lib095/RadioLib/protocols/ADSB/ADSB.cpp.o
Compiling /tmp/mr-s9-r4-j37ybea_/warning-build-base/heltec_v4/lib095/RadioLib/protocols/AFSK/AFSK.cpp.o
Compiling /tmp/mr-s9-r4-j37ybea_/warning-build-base/heltec_v4/lib095/RadioLib/protocols/APRS/APRS.cpp.o
Compiling /tmp/mr-s9-r4-j37ybea_/warning-build-base/heltec_v4/lib095/RadioLib/protocols/AX25/AX25.cpp.o
Compiling /tmp/mr-s9-r4-j37ybea_/warning-build-base/heltec_v4/lib095/RadioLib/protocols/BellModem/BellModem.cpp.o
Compiling /tmp/mr-s9-r4-j37ybea_/warning-build-base/heltec_v4/lib095/RadioLib/protocols/ExternalRadio/ExternalRadio.cpp.o
Compiling /tmp/mr-s9-r4-j37ybea_/warning-build-base/heltec_v4/lib095/RadioLib/protocols/FSK4/FSK4.cpp.o
Compiling /tmp/mr-s9-r4-j37ybea_/warning-build-base/heltec_v4/lib095/RadioLib/protocols/Hellschreiber/Hellschreiber.cpp.o
Compiling /tmp/mr-s9-r4-j37ybea_/warning-build-base/heltec_v4/lib095/RadioLib/protocols/LoRaWAN/LoRaWAN.cpp.o
Compiling /tmp/mr-s9-r4-j37ybea_/warning-build-base/heltec_v4/lib095/RadioLib/protocols/LoRaWAN/LoRaWANBands.cpp.o
Compiling /tmp/mr-s9-r4-j37ybea_/warning-build-base/heltec_v4/lib095/RadioLib/protocols/LoRaWAN/LoRaWANPacMan.cpp.o
Compiling /tmp/mr-s9-r4-j37ybea_/warning-build-base/heltec_v4/lib095/RadioLib/protocols/LoRaWAN/LoRaWANPackageTS003.cpp.o
Compiling /tmp/mr-s9-r4-j37ybea_/warning-build-base/heltec_v4/lib095/RadioLib/protocols/LoRaWAN/LoRaWANPackageTS009.cpp.o
Compiling /tmp/mr-s9-r4-j37ybea_/warning-build-base/heltec_v4/lib095/RadioLib/protocols/Morse/Morse.cpp.o
Compiling /tmp/mr-s9-r4-j37ybea_/warning-build-base/heltec_v4/lib095/RadioLib/protocols/Pager/Pager.cpp.o
Compiling /tmp/mr-s9-r4-j37ybea_/warning-build-base/heltec_v4/lib095/RadioLib/protocols/PhysicalLayer/PhysicalLayer.cpp.o
Compiling /tmp/mr-s9-r4-j37ybea_/warning-build-base/heltec_v4/lib095/RadioLib/protocols/Print/ITA2String.cpp.o
Compiling /tmp/mr-s9-r4-j37ybea_/warning-build-base/heltec_v4/lib095/RadioLib/protocols/Print/Print.cpp.o
Compiling /tmp/mr-s9-r4-j37ybea_/warning-build-base/heltec_v4/lib095/RadioLib/protocols/RTTY/RTTY.cpp.o
Compiling /tmp/mr-s9-r4-j37ybea_/warning-build-base/heltec_v4/lib095/RadioLib/protocols/SSTV/SSTV.cpp.o
Compiling /tmp/mr-s9-r4-j37ybea_/warning-build-base/heltec_v4/lib095/RadioLib/utils/BCH.cpp.o
Compiling /tmp/mr-s9-r4-j37ybea_/warning-build-base/heltec_v4/lib095/RadioLib/utils/CRC.cpp.o
Compiling /tmp/mr-s9-r4-j37ybea_/warning-build-base/heltec_v4/lib095/RadioLib/utils/ConvCode.cpp.o
Compiling /tmp/mr-s9-r4-j37ybea_/warning-build-base/heltec_v4/lib095/RadioLib/utils/Cryptography.cpp.o
Compiling /tmp/mr-s9-r4-j37ybea_/warning-build-base/heltec_v4/lib095/RadioLib/utils/Utils.cpp.o
Compiling /tmp/mr-s9-r4-j37ybea_/warning-build-base/heltec_v4/lib8d9/Wire/Wire.cpp.o
Archiving /tmp/mr-s9-r4-j37ybea_/warning-build-base/heltec_v4/lib095/libRadioLib.a
Indexing /tmp/mr-s9-r4-j37ybea_/warning-build-base/heltec_v4/lib095/libRadioLib.a
Compiling /tmp/mr-s9-r4-j37ybea_/warning-build-base/heltec_v4/lib3b6/U8g2/U8g2lib.cpp.o
Archiving /tmp/mr-s9-r4-j37ybea_/warning-build-base/heltec_v4/lib8d9/libWire.a
Indexing /tmp/mr-s9-r4-j37ybea_/warning-build-base/heltec_v4/lib8d9/libWire.a
Compiling /tmp/mr-s9-r4-j37ybea_/warning-build-base/heltec_v4/lib3b6/U8g2/U8x8lib.cpp.o
Compiling /tmp/mr-s9-r4-j37ybea_/warning-build-base/heltec_v4/lib3b6/U8g2/clib/mui.c.o
cc1: warning: command-line option '-fno-rtti' is valid for C++/D/ObjC++ but not for C
.pio/libdeps/heltec_v4/U8g2/src/clib/mui.c:591:16: warning: 'mui_task_read_nth_selectable_field' defined but not used [-Wunused-function]
  591 | static uint8_t mui_task_read_nth_selectable_field(mui_t *ui)
      |                ^~~~~~~~~~~~~~~~~~~~~~~~~~~~~~~~~~
Compiling /tmp/mr-s9-r4-j37ybea_/warning-build-base/heltec_v4/lib3b6/U8g2/clib/mui_u8g2.c.o
cc1: warning: command-line option '-fno-rtti' is valid for C++/D/ObjC++ but not for C
.pio/libdeps/heltec_v4/U8g2/src/clib/mui_u8g2.c: In function 'mui_u8g2_s8_vmm_draw_wm_pf':
.pio/libdeps/heltec_v4/U8g2/src/clib/mui_u8g2.c:1256:9: warning: unused variable 's' [-Wunused-variable]
 1256 |   char *s = buf;
      |         ^
Compiling /tmp/mr-s9-r4-j37ybea_/warning-build-base/heltec_v4/lib3b6/U8g2/clib/u8g2_arc.c.o
cc1: warning: command-line option '-fno-rtti' is valid for C++/D/ObjC++ but not for C
Compiling /tmp/mr-s9-r4-j37ybea_/warning-build-base/heltec_v4/lib3b6/U8g2/clib/u8g2_bitmap.c.o
cc1: warning: command-line option '-fno-rtti' is valid for C++/D/ObjC++ but not for C
Compiling /tmp/mr-s9-r4-j37ybea_/warning-build-base/heltec_v4/lib3b6/U8g2/clib/u8g2_box.c.o
cc1: warning: command-line option '-fno-rtti' is valid for C++/D/ObjC++ but not for C
Compiling /tmp/mr-s9-r4-j37ybea_/warning-build-base/heltec_v4/lib3b6/U8g2/clib/u8g2_buffer.c.o
cc1: warning: command-line option '-fno-rtti' is valid for C++/D/ObjC++ but not for C
Compiling /tmp/mr-s9-r4-j37ybea_/warning-build-base/heltec_v4/lib3b6/U8g2/clib/u8g2_button.c.o
cc1: warning: command-line option '-fno-rtti' is valid for C++/D/ObjC++ but not for C
Compiling /tmp/mr-s9-r4-j37ybea_/warning-build-base/heltec_v4/lib3b6/U8g2/clib/u8g2_circle.c.o
cc1: warning: command-line option '-fno-rtti' is valid for C++/D/ObjC++ but not for C
Compiling /tmp/mr-s9-r4-j37ybea_/warning-build-base/heltec_v4/lib3b6/U8g2/clib/u8g2_cleardisplay.c.o
cc1: warning: command-line option '-fno-rtti' is valid for C++/D/ObjC++ but not for C
Compiling /tmp/mr-s9-r4-j37ybea_/warning-build-base/heltec_v4/lib3b6/U8g2/clib/u8g2_d_memory.c.o
cc1: warning: command-line option '-fno-rtti' is valid for C++/D/ObjC++ but not for C
Compiling /tmp/mr-s9-r4-j37ybea_/warning-build-base/heltec_v4/lib3b6/U8g2/clib/u8g2_d_setup.c.o
cc1: warning: command-line option '-fno-rtti' is valid for C++/D/ObjC++ but not for C
Compiling /tmp/mr-s9-r4-j37ybea_/warning-build-base/heltec_v4/lib3b6/U8g2/clib/u8g2_font.c.o
cc1: warning: command-line option '-fno-rtti' is valid for C++/D/ObjC++ but not for C
Compiling /tmp/mr-s9-r4-j37ybea_/warning-build-base/heltec_v4/lib3b6/U8g2/clib/u8g2_fonts.c.o
cc1: warning: command-line option '-fno-rtti' is valid for C++/D/ObjC++ but not for C
Compiling /tmp/mr-s9-r4-j37ybea_/warning-build-base/heltec_v4/lib3b6/U8g2/clib/u8g2_hvline.c.o
cc1: warning: command-line option '-fno-rtti' is valid for C++/D/ObjC++ but not for C
Compiling /tmp/mr-s9-r4-j37ybea_/warning-build-base/heltec_v4/lib3b6/U8g2/clib/u8g2_input_value.c.o
cc1: warning: command-line option '-fno-rtti' is valid for C++/D/ObjC++ but not for C
Compiling /tmp/mr-s9-r4-j37ybea_/warning-build-base/heltec_v4/lib3b6/U8g2/clib/u8g2_intersection.c.o
cc1: warning: command-line option '-fno-rtti' is valid for C++/D/ObjC++ but not for C
Compiling /tmp/mr-s9-r4-j37ybea_/warning-build-base/heltec_v4/lib3b6/U8g2/clib/u8g2_kerning.c.o
cc1: warning: command-line option '-fno-rtti' is valid for C++/D/ObjC++ but not for C
Compiling /tmp/mr-s9-r4-j37ybea_/warning-build-base/heltec_v4/lib3b6/U8g2/clib/u8g2_line.c.o
cc1: warning: command-line option '-fno-rtti' is valid for C++/D/ObjC++ but not for C
Compiling /tmp/mr-s9-r4-j37ybea_/warning-build-base/heltec_v4/lib3b6/U8g2/clib/u8g2_ll_hvline.c.o
cc1: warning: command-line option '-fno-rtti' is valid for C++/D/ObjC++ but not for C
Compiling /tmp/mr-s9-r4-j37ybea_/warning-build-base/heltec_v4/lib3b6/U8g2/clib/u8g2_message.c.o
cc1: warning: command-line option '-fno-rtti' is valid for C++/D/ObjC++ but not for C
Compiling /tmp/mr-s9-r4-j37ybea_/warning-build-base/heltec_v4/lib3b6/U8g2/clib/u8g2_polygon.c.o
cc1: warning: command-line option '-fno-rtti' is valid for C++/D/ObjC++ but not for C
Compiling /tmp/mr-s9-r4-j37ybea_/warning-build-base/heltec_v4/lib3b6/U8g2/clib/u8g2_selection_list.c.o
cc1: warning: command-line option '-fno-rtti' is valid for C++/D/ObjC++ but not for C
Compiling /tmp/mr-s9-r4-j37ybea_/warning-build-base/heltec_v4/lib3b6/U8g2/clib/u8g2_setup.c.o
cc1: warning: command-line option '-fno-rtti' is valid for C++/D/ObjC++ but not for C
Compiling /tmp/mr-s9-r4-j37ybea_/warning-build-base/heltec_v4/lib3b6/U8g2/clib/u8log.c.o
cc1: warning: command-line option '-fno-rtti' is valid for C++/D/ObjC++ but not for C
Compiling /tmp/mr-s9-r4-j37ybea_/warning-build-base/heltec_v4/lib3b6/U8g2/clib/u8log_u8g2.c.o
cc1: warning: command-line option '-fno-rtti' is valid for C++/D/ObjC++ but not for C
Compiling /tmp/mr-s9-r4-j37ybea_/warning-build-base/heltec_v4/lib3b6/U8g2/clib/u8log_u8x8.c.o
cc1: warning: command-line option '-fno-rtti' is valid for C++/D/ObjC++ but not for C
Compiling /tmp/mr-s9-r4-j37ybea_/warning-build-base/heltec_v4/lib3b6/U8g2/clib/u8x8_8x8.c.o
Compiling /tmp/mr-s9-r4-j37ybea_/warning-build-base/heltec_v4/lib3b6/U8g2/clib/u8x8_byte.c.o
cc1: warning: command-line option '-fno-rtti' is valid for C++/D/ObjC++ but not for C
cc1: warning: command-line option '-fno-rtti' is valid for C++/D/ObjC++ but not for C
Compiling /tmp/mr-s9-r4-j37ybea_/warning-build-base/heltec_v4/lib3b6/U8g2/clib/u8x8_cad.c.o
Compiling /tmp/mr-s9-r4-j37ybea_/warning-build-base/heltec_v4/lib3b6/U8g2/clib/u8x8_capture.c.o
cc1: warning: command-line option '-fno-rtti' is valid for C++/D/ObjC++ but not for C
cc1: warning: command-line option '-fno-rtti' is valid for C++/D/ObjC++ but not for C
Compiling /tmp/mr-s9-r4-j37ybea_/warning-build-base/heltec_v4/lib3b6/U8g2/clib/u8x8_d_a2printer.c.o
cc1: warning: command-line option '-fno-rtti' is valid for C++/D/ObjC++ but not for C
Compiling /tmp/mr-s9-r4-j37ybea_/warning-build-base/heltec_v4/lib3b6/U8g2/clib/u8x8_d_ch1120.c.o
Compiling /tmp/mr-s9-r4-j37ybea_/warning-build-base/heltec_v4/lib3b6/U8g2/clib/u8x8_d_gp1247ai.c.o
cc1: warning: command-line option '-fno-rtti' is valid for C++/D/ObjC++ but not for C
cc1: warning: command-line option '-fno-rtti' is valid for C++/D/ObjC++ but not for C
Compiling /tmp/mr-s9-r4-j37ybea_/warning-build-base/heltec_v4/lib3b6/U8g2/clib/u8x8_d_gp1287ai.c.o
cc1: warning: command-line option '-fno-rtti' is valid for C++/D/ObjC++ but not for C
Compiling /tmp/mr-s9-r4-j37ybea_/warning-build-base/heltec_v4/lib3b6/U8g2/clib/u8x8_d_gp1294ai.c.o
cc1: warning: command-line option '-fno-rtti' is valid for C++/D/ObjC++ but not for C
Compiling /tmp/mr-s9-r4-j37ybea_/warning-build-base/heltec_v4/lib3b6/U8g2/clib/u8x8_d_gu800.c.o
Compiling /tmp/mr-s9-r4-j37ybea_/warning-build-base/heltec_v4/lib3b6/U8g2/clib/u8x8_d_hd44102.c.o
cc1: warning: command-line option '-fno-rtti' is valid for C++/D/ObjC++ but not for C
cc1: warning: command-line option '-fno-rtti' is valid for C++/D/ObjC++ but not for C
Compiling /tmp/mr-s9-r4-j37ybea_/warning-build-base/heltec_v4/lib3b6/U8g2/clib/u8x8_d_il3820_296x128.c.o
cc1: warning: command-line option '-fno-rtti' is valid for C++/D/ObjC++ but not for C
Compiling /tmp/mr-s9-r4-j37ybea_/warning-build-base/heltec_v4/lib3b6/U8g2/clib/u8x8_d_ist3020.c.o
cc1: warning: command-line option '-fno-rtti' is valid for C++/D/ObjC++ but not for C
Compiling /tmp/mr-s9-r4-j37ybea_/warning-build-base/heltec_v4/lib3b6/U8g2/clib/u8x8_d_ist3088.c.o
cc1: warning: command-line option '-fno-rtti' is valid for C++/D/ObjC++ but not for C
Compiling /tmp/mr-s9-r4-j37ybea_/warning-build-base/heltec_v4/lib3b6/U8g2/clib/u8x8_d_ist7920.c.o
cc1: warning: command-line option '-fno-rtti' is valid for C++/D/ObjC++ but not for C
Compiling /tmp/mr-s9-r4-j37ybea_/warning-build-base/heltec_v4/lib3b6/U8g2/clib/u8x8_d_ks0108.c.o
Compiling /tmp/mr-s9-r4-j37ybea_/warning-build-base/heltec_v4/lib3b6/U8g2/clib/u8x8_d_lc7981.c.o
cc1: warning: command-line option '-fno-rtti' is valid for C++/D/ObjC++ but not for C
cc1: warning: command-line option '-fno-rtti' is valid for C++/D/ObjC++ but not for C
Compiling /tmp/mr-s9-r4-j37ybea_/warning-build-base/heltec_v4/lib3b6/U8g2/clib/u8x8_d_ld7032_60x32.c.o
cc1: warning: command-line option '-fno-rtti' is valid for C++/D/ObjC++ but not for C
Compiling /tmp/mr-s9-r4-j37ybea_/warning-build-base/heltec_v4/lib3b6/U8g2/clib/u8x8_d_ls013b7dh03.c.o
cc1: warning: command-line option '-fno-rtti' is valid for C++/D/ObjC++ but not for C
Compiling /tmp/mr-s9-r4-j37ybea_/warning-build-base/heltec_v4/lib3b6/U8g2/clib/u8x8_d_max7219.c.o
Compiling /tmp/mr-s9-r4-j37ybea_/warning-build-base/heltec_v4/lib3b6/U8g2/clib/u8x8_d_pcd8544_84x48.c.o
cc1: warning: command-line option '-fno-rtti' is valid for C++/D/ObjC++ but not for C
cc1: warning: command-line option '-fno-rtti' is valid for C++/D/ObjC++ but not for C
Compiling /tmp/mr-s9-r4-j37ybea_/warning-build-base/heltec_v4/lib3b6/U8g2/clib/u8x8_d_pcf8812.c.o
cc1: warning: command-line option '-fno-rtti' is valid for C++/D/ObjC++ but not for C
Compiling /tmp/mr-s9-r4-j37ybea_/warning-build-base/heltec_v4/lib3b6/U8g2/clib/u8x8_d_pcf8814_hx1230.c.o
cc1: warning: command-line option '-fno-rtti' is valid for C++/D/ObjC++ but not for C
Compiling /tmp/mr-s9-r4-j37ybea_/warning-build-base/heltec_v4/lib3b6/U8g2/clib/u8x8_d_s1d15300.c.o
Compiling /tmp/mr-s9-r4-j37ybea_/warning-build-base/heltec_v4/lib3b6/U8g2/clib/u8x8_d_s1d15721.c.o
cc1: warning: command-line option '-fno-rtti' is valid for C++/D/ObjC++ but not for C
cc1: warning: command-line option '-fno-rtti' is valid for C++/D/ObjC++ but not for C
Compiling /tmp/mr-s9-r4-j37ybea_/warning-build-base/heltec_v4/lib3b6/U8g2/clib/u8x8_d_s1d15e06.c.o
cc1: warning: command-line option '-fno-rtti' is valid for C++/D/ObjC++ but not for C
Compiling /tmp/mr-s9-r4-j37ybea_/warning-build-base/heltec_v4/lib3b6/U8g2/clib/u8x8_d_sbn1661.c.o
cc1: warning: command-line option '-fno-rtti' is valid for C++/D/ObjC++ but not for C
Compiling /tmp/mr-s9-r4-j37ybea_/warning-build-base/heltec_v4/lib3b6/U8g2/clib/u8x8_d_sed1330.c.o
cc1: warning: command-line option '-fno-rtti' is valid for C++/D/ObjC++ but not for C
Compiling /tmp/mr-s9-r4-j37ybea_/warning-build-base/heltec_v4/lib3b6/U8g2/clib/u8x8_d_sh1106_64x32.c.o
cc1: warning: command-line option '-fno-rtti' is valid for C++/D/ObjC++ but not for C
Compiling /tmp/mr-s9-r4-j37ybea_/warning-build-base/heltec_v4/lib3b6/U8g2/clib/u8x8_d_sh1106_72x40.c.o
cc1: warning: command-line option '-fno-rtti' is valid for C++/D/ObjC++ but not for C
Compiling /tmp/mr-s9-r4-j37ybea_/warning-build-base/heltec_v4/lib3b6/U8g2/clib/u8x8_d_sh1107.c.o
cc1: warning: command-line option '-fno-rtti' is valid for C++/D/ObjC++ but not for C
Compiling /tmp/mr-s9-r4-j37ybea_/warning-build-base/heltec_v4/lib3b6/U8g2/clib/u8x8_d_sh1108.c.o
Compiling /tmp/mr-s9-r4-j37ybea_/warning-build-base/heltec_v4/lib3b6/U8g2/clib/u8x8_d_sh1122.c.o
cc1: warning: command-line option '-fno-rtti' is valid for C++/D/ObjC++ but not for C
cc1: warning: command-line option '-fno-rtti' is valid for C++/D/ObjC++ but not for C
Compiling /tmp/mr-s9-r4-j37ybea_/warning-build-base/heltec_v4/lib3b6/U8g2/clib/u8x8_d_ssd1305.c.o
cc1: warning: command-line option '-fno-rtti' is valid for C++/D/ObjC++ but not for C
Compiling /tmp/mr-s9-r4-j37ybea_/warning-build-base/heltec_v4/lib3b6/U8g2/clib/u8x8_d_ssd1306_128x32.c.o
cc1: warning: command-line option '-fno-rtti' is valid for C++/D/ObjC++ but not for C
Compiling /tmp/mr-s9-r4-j37ybea_/warning-build-base/heltec_v4/lib3b6/U8g2/clib/u8x8_d_ssd1306_128x64_noname.c.o
Compiling /tmp/mr-s9-r4-j37ybea_/warning-build-base/heltec_v4/lib3b6/U8g2/clib/u8x8_d_ssd1306_2040x16.c.o
cc1: warning: command-line option '-fno-rtti' is valid for C++/D/ObjC++ but not for C
cc1: warning: command-line option '-fno-rtti' is valid for C++/D/ObjC++ but not for C
Compiling /tmp/mr-s9-r4-j37ybea_/warning-build-base/heltec_v4/lib3b6/U8g2/clib/u8x8_d_ssd1306_48x64.c.o
cc1: warning: command-line option '-fno-rtti' is valid for C++/D/ObjC++ but not for C
Compiling /tmp/mr-s9-r4-j37ybea_/warning-build-base/heltec_v4/lib3b6/U8g2/clib/u8x8_d_ssd1306_64x32.c.o
cc1: warning: command-line option '-fno-rtti' is valid for C++/D/ObjC++ but not for C
Compiling /tmp/mr-s9-r4-j37ybea_/warning-build-base/heltec_v4/lib3b6/U8g2/clib/u8x8_d_ssd1306_64x48.c.o
cc1: warning: command-line option '-fno-rtti' is valid for C++/D/ObjC++ but not for C
Compiling /tmp/mr-s9-r4-j37ybea_/warning-build-base/heltec_v4/lib3b6/U8g2/clib/u8x8_d_ssd1306_72x40.c.o
cc1: warning: command-line option '-fno-rtti' is valid for C++/D/ObjC++ but not for C
Compiling /tmp/mr-s9-r4-j37ybea_/warning-build-base/heltec_v4/lib3b6/U8g2/clib/u8x8_d_ssd1306_96x16.c.o
cc1: warning: command-line option '-fno-rtti' is valid for C++/D/ObjC++ but not for C
Compiling /tmp/mr-s9-r4-j37ybea_/warning-build-base/heltec_v4/lib3b6/U8g2/clib/u8x8_d_ssd1306_96x40.c.o
cc1: warning: command-line option '-fno-rtti' is valid for C++/D/ObjC++ but not for C
Compiling /tmp/mr-s9-r4-j37ybea_/warning-build-base/heltec_v4/lib3b6/U8g2/clib/u8x8_d_ssd1309.c.o
cc1: warning: command-line option '-fno-rtti' is valid for C++/D/ObjC++ but not for C
Compiling /tmp/mr-s9-r4-j37ybea_/warning-build-base/heltec_v4/lib3b6/U8g2/clib/u8x8_d_ssd1312.c.o
cc1: warning: command-line option '-fno-rtti' is valid for C++/D/ObjC++ but not for C
Compiling /tmp/mr-s9-r4-j37ybea_/warning-build-base/heltec_v4/lib3b6/U8g2/clib/u8x8_d_ssd1316.c.o
cc1: warning: command-line option '-fno-rtti' is valid for C++/D/ObjC++ but not for C
Compiling /tmp/mr-s9-r4-j37ybea_/warning-build-base/heltec_v4/lib3b6/U8g2/clib/u8x8_d_ssd1317.c.o
cc1: warning: command-line option '-fno-rtti' is valid for C++/D/ObjC++ but not for C
Compiling /tmp/mr-s9-r4-j37ybea_/warning-build-base/heltec_v4/lib3b6/U8g2/clib/u8x8_d_ssd1318.c.o
cc1: warning: command-line option '-fno-rtti' is valid for C++/D/ObjC++ but not for C
Compiling /tmp/mr-s9-r4-j37ybea_/warning-build-base/heltec_v4/lib3b6/U8g2/clib/u8x8_d_ssd1320.c.o
cc1: warning: command-line option '-fno-rtti' is valid for C++/D/ObjC++ but not for C
Compiling /tmp/mr-s9-r4-j37ybea_/warning-build-base/heltec_v4/lib3b6/U8g2/clib/u8x8_d_ssd1322.c.o
cc1: warning: command-line option '-fno-rtti' is valid for C++/D/ObjC++ but not for C
Compiling /tmp/mr-s9-r4-j37ybea_/warning-build-base/heltec_v4/lib3b6/U8g2/clib/u8x8_d_ssd1325.c.o
cc1: warning: command-line option '-fno-rtti' is valid for C++/D/ObjC++ but not for C
Compiling /tmp/mr-s9-r4-j37ybea_/warning-build-base/heltec_v4/lib3b6/U8g2/clib/u8x8_d_ssd1326.c.o
cc1: warning: command-line option '-fno-rtti' is valid for C++/D/ObjC++ but not for C
Compiling /tmp/mr-s9-r4-j37ybea_/warning-build-base/heltec_v4/lib3b6/U8g2/clib/u8x8_d_ssd1327.c.o
cc1: warning: command-line option '-fno-rtti' is valid for C++/D/ObjC++ but not for C
Compiling /tmp/mr-s9-r4-j37ybea_/warning-build-base/heltec_v4/lib3b6/U8g2/clib/u8x8_d_ssd1329.c.o
cc1: warning: command-line option '-fno-rtti' is valid for C++/D/ObjC++ but not for C
Compiling /tmp/mr-s9-r4-j37ybea_/warning-build-base/heltec_v4/lib3b6/U8g2/clib/u8x8_d_ssd1362.c.o
Compiling /tmp/mr-s9-r4-j37ybea_/warning-build-base/heltec_v4/lib3b6/U8g2/clib/u8x8_d_ssd1363.c.o
cc1: warning: command-line option '-fno-rtti' is valid for C++/D/ObjC++ but not for C
cc1: warning: command-line option '-fno-rtti' is valid for C++/D/ObjC++ but not for C
Compiling /tmp/mr-s9-r4-j37ybea_/warning-build-base/heltec_v4/lib3b6/U8g2/clib/u8x8_d_ssd1606_172x72.c.o
cc1: warning: command-line option '-fno-rtti' is valid for C++/D/ObjC++ but not for C
Compiling /tmp/mr-s9-r4-j37ybea_/warning-build-base/heltec_v4/lib3b6/U8g2/clib/u8x8_d_ssd1607_200x200.c.o
cc1: warning: command-line option '-fno-rtti' is valid for C++/D/ObjC++ but not for C
Compiling /tmp/mr-s9-r4-j37ybea_/warning-build-base/heltec_v4/lib3b6/U8g2/clib/u8x8_d_st7301.c.o
cc1: warning: command-line option '-fno-rtti' is valid for C++/D/ObjC++ but not for C
Compiling /tmp/mr-s9-r4-j37ybea_/warning-build-base/heltec_v4/lib3b6/U8g2/clib/u8x8_d_st7302.c.o
cc1: warning: command-line option '-fno-rtti' is valid for C++/D/ObjC++ but not for C
Compiling /tmp/mr-s9-r4-j37ybea_/warning-build-base/heltec_v4/lib3b6/U8g2/clib/u8x8_d_st7511.c.o
cc1: warning: command-line option '-fno-rtti' is valid for C++/D/ObjC++ but not for C
Compiling /tmp/mr-s9-r4-j37ybea_/warning-build-base/heltec_v4/lib3b6/U8g2/clib/u8x8_d_st75160.c.o
cc1: warning: command-line option '-fno-rtti' is valid for C++/D/ObjC++ but not for C
Compiling /tmp/mr-s9-r4-j37ybea_/warning-build-base/heltec_v4/lib3b6/U8g2/clib/u8x8_d_st75161.c.o
cc1: warning: command-line option '-fno-rtti' is valid for C++/D/ObjC++ but not for C
Compiling /tmp/mr-s9-r4-j37ybea_/warning-build-base/heltec_v4/lib3b6/U8g2/clib/u8x8_d_st75256.c.o
cc1: warning: command-line option '-fno-rtti' is valid for C++/D/ObjC++ but not for C
Compiling /tmp/mr-s9-r4-j37ybea_/warning-build-base/heltec_v4/lib3b6/U8g2/clib/u8x8_d_st7528.c.o
cc1: warning: command-line option '-fno-rtti' is valid for C++/D/ObjC++ but not for C
Compiling /tmp/mr-s9-r4-j37ybea_/warning-build-base/heltec_v4/lib3b6/U8g2/clib/u8x8_d_st75320.c.o
cc1: warning: command-line option '-fno-rtti' is valid for C++/D/ObjC++ but not for C
Compiling /tmp/mr-s9-r4-j37ybea_/warning-build-base/heltec_v4/lib3b6/U8g2/clib/u8x8_d_st7539.c.o
cc1: warning: command-line option '-fno-rtti' is valid for C++/D/ObjC++ but not for C
Compiling /tmp/mr-s9-r4-j37ybea_/warning-build-base/heltec_v4/lib3b6/U8g2/clib/u8x8_d_st7565.c.o
cc1: warning: command-line option '-fno-rtti' is valid for C++/D/ObjC++ but not for C
Compiling /tmp/mr-s9-r4-j37ybea_/warning-build-base/heltec_v4/lib3b6/U8g2/clib/u8x8_d_st7567.c.o
cc1: warning: command-line option '-fno-rtti' is valid for C++/D/ObjC++ but not for C
Compiling /tmp/mr-s9-r4-j37ybea_/warning-build-base/heltec_v4/lib3b6/U8g2/clib/u8x8_d_st7571.c.o
cc1: warning: command-line option '-fno-rtti' is valid for C++/D/ObjC++ but not for C
Compiling /tmp/mr-s9-r4-j37ybea_/warning-build-base/heltec_v4/lib3b6/U8g2/clib/u8x8_d_st7586s_erc240160.c.o
cc1: warning: command-line option '-fno-rtti' is valid for C++/D/ObjC++ but not for C
Compiling /tmp/mr-s9-r4-j37ybea_/warning-build-base/heltec_v4/lib3b6/U8g2/clib/u8x8_d_st7586s_jlx320160.c.o
cc1: warning: command-line option '-fno-rtti' is valid for C++/D/ObjC++ but not for C
Compiling /tmp/mr-s9-r4-j37ybea_/warning-build-base/heltec_v4/lib3b6/U8g2/clib/u8x8_d_st7586s_jlx384160.c.o
cc1: warning: command-line option '-fno-rtti' is valid for C++/D/ObjC++ but not for C
Compiling /tmp/mr-s9-r4-j37ybea_/warning-build-base/heltec_v4/lib3b6/U8g2/clib/u8x8_d_st7586s_md240128.c.o
cc1: warning: command-line option '-fno-rtti' is valid for C++/D/ObjC++ but not for C
Compiling /tmp/mr-s9-r4-j37ybea_/warning-build-base/heltec_v4/lib3b6/U8g2/clib/u8x8_d_st7586s_s028hn118a.c.o
cc1: warning: command-line option '-fno-rtti' is valid for C++/D/ObjC++ but not for C
Compiling /tmp/mr-s9-r4-j37ybea_/warning-build-base/heltec_v4/lib3b6/U8g2/clib/u8x8_d_st7586s_ymc240160.c.o
cc1: warning: command-line option '-fno-rtti' is valid for C++/D/ObjC++ but not for C
Compiling /tmp/mr-s9-r4-j37ybea_/warning-build-base/heltec_v4/lib3b6/U8g2/clib/u8x8_d_st7588.c.o
cc1: warning: command-line option '-fno-rtti' is valid for C++/D/ObjC++ but not for C
Compiling /tmp/mr-s9-r4-j37ybea_/warning-build-base/heltec_v4/lib3b6/U8g2/clib/u8x8_d_st7920.c.o
cc1: warning: command-line option '-fno-rtti' is valid for C++/D/ObjC++ but not for C
Compiling /tmp/mr-s9-r4-j37ybea_/warning-build-base/heltec_v4/lib3b6/U8g2/clib/u8x8_d_t6963.c.o
cc1: warning: command-line option '-fno-rtti' is valid for C++/D/ObjC++ but not for C
Compiling /tmp/mr-s9-r4-j37ybea_/warning-build-base/heltec_v4/lib3b6/U8g2/clib/u8x8_d_uc1601.c.o
cc1: warning: command-line option '-fno-rtti' is valid for C++/D/ObjC++ but not for C
Compiling /tmp/mr-s9-r4-j37ybea_/warning-build-base/heltec_v4/lib3b6/U8g2/clib/u8x8_d_uc1604.c.o
cc1: warning: command-line option '-fno-rtti' is valid for C++/D/ObjC++ but not for C
Compiling /tmp/mr-s9-r4-j37ybea_/warning-build-base/heltec_v4/lib3b6/U8g2/clib/u8x8_d_uc1608.c.o
cc1: warning: command-line option '-fno-rtti' is valid for C++/D/ObjC++ but not for C
Compiling /tmp/mr-s9-r4-j37ybea_/warning-build-base/heltec_v4/lib3b6/U8g2/clib/u8x8_d_uc1609.c.o
cc1: warning: command-line option '-fno-rtti' is valid for C++/D/ObjC++ but not for C
Compiling /tmp/mr-s9-r4-j37ybea_/warning-build-base/heltec_v4/lib3b6/U8g2/clib/u8x8_d_uc1610.c.o
cc1: warning: command-line option '-fno-rtti' is valid for C++/D/ObjC++ but not for C
Compiling /tmp/mr-s9-r4-j37ybea_/warning-build-base/heltec_v4/lib3b6/U8g2/clib/u8x8_d_uc1611.c.o
cc1: warning: command-line option '-fno-rtti' is valid for C++/D/ObjC++ but not for C
Compiling /tmp/mr-s9-r4-j37ybea_/warning-build-base/heltec_v4/lib3b6/U8g2/clib/u8x8_d_uc1617.c.o
cc1: warning: command-line option '-fno-rtti' is valid for C++/D/ObjC++ but not for C
Compiling /tmp/mr-s9-r4-j37ybea_/warning-build-base/heltec_v4/lib3b6/U8g2/clib/u8x8_d_uc1628.c.o
cc1: warning: command-line option '-fno-rtti' is valid for C++/D/ObjC++ but not for C
Compiling /tmp/mr-s9-r4-j37ybea_/warning-build-base/heltec_v4/lib3b6/U8g2/clib/u8x8_d_uc1638.c.o
cc1: warning: command-line option '-fno-rtti' is valid for C++/D/ObjC++ but not for C
Compiling /tmp/mr-s9-r4-j37ybea_/warning-build-base/heltec_v4/lib3b6/U8g2/clib/u8x8_d_uc1701_dogs102.c.o
cc1: warning: command-line option '-fno-rtti' is valid for C++/D/ObjC++ but not for C
Compiling /tmp/mr-s9-r4-j37ybea_/warning-build-base/heltec_v4/lib3b6/U8g2/clib/u8x8_d_uc1701_mini12864.c.o
cc1: warning: command-line option '-fno-rtti' is valid for C++/D/ObjC++ but not for C
Compiling /tmp/mr-s9-r4-j37ybea_/warning-build-base/heltec_v4/lib3b6/U8g2/clib/u8x8_debounce.c.o
cc1: warning: command-line option '-fno-rtti' is valid for C++/D/ObjC++ but not for C
Compiling /tmp/mr-s9-r4-j37ybea_/warning-build-base/heltec_v4/lib3b6/U8g2/clib/u8x8_display.c.o
cc1: warning: command-line option '-fno-rtti' is valid for C++/D/ObjC++ but not for C
Compiling /tmp/mr-s9-r4-j37ybea_/warning-build-base/heltec_v4/lib3b6/U8g2/clib/u8x8_fonts.c.o
cc1: warning: command-line option '-fno-rtti' is valid for C++/D/ObjC++ but not for C
Compiling /tmp/mr-s9-r4-j37ybea_/warning-build-base/heltec_v4/lib3b6/U8g2/clib/u8x8_gpio.c.o
cc1: warning: command-line option '-fno-rtti' is valid for C++/D/ObjC++ but not for C
Compiling /tmp/mr-s9-r4-j37ybea_/warning-build-base/heltec_v4/lib3b6/U8g2/clib/u8x8_input_value.c.o
cc1: warning: command-line option '-fno-rtti' is valid for C++/D/ObjC++ but not for C
Compiling /tmp/mr-s9-r4-j37ybea_/warning-build-base/heltec_v4/lib3b6/U8g2/clib/u8x8_message.c.o
cc1: warning: command-line option '-fno-rtti' is valid for C++/D/ObjC++ but not for C
Compiling /tmp/mr-s9-r4-j37ybea_/warning-build-base/heltec_v4/lib3b6/U8g2/clib/u8x8_selection_list.c.o
cc1: warning: command-line option '-fno-rtti' is valid for C++/D/ObjC++ but not for C
Compiling /tmp/mr-s9-r4-j37ybea_/warning-build-base/heltec_v4/lib3b6/U8g2/clib/u8x8_setup.c.o
Compiling /tmp/mr-s9-r4-j37ybea_/warning-build-base/heltec_v4/lib3b6/U8g2/clib/u8x8_string.c.o
cc1: warning: command-line option '-fno-rtti' is valid for C++/D/ObjC++ but not for C
cc1: warning: command-line option '-fno-rtti' is valid for C++/D/ObjC++ but not for C
Compiling /tmp/mr-s9-r4-j37ybea_/warning-build-base/heltec_v4/lib3b6/U8g2/clib/u8x8_u16toa.c.o
cc1: warning: command-line option '-fno-rtti' is valid for C++/D/ObjC++ but not for C
Compiling /tmp/mr-s9-r4-j37ybea_/warning-build-base/heltec_v4/lib3b6/U8g2/clib/u8x8_u8toa.c.o
cc1: warning: command-line option '-fno-rtti' is valid for C++/D/ObjC++ but not for C
Compiling /tmp/mr-s9-r4-j37ybea_/warning-build-base/heltec_v4/lib6c2/monocypher/monocypher.c.o
cc1: warning: command-line option '-fno-rtti' is valid for C++/D/ObjC++ but not for C
Archiving /tmp/mr-s9-r4-j37ybea_/warning-build-base/heltec_v4/lib3b6/libU8g2.a
Indexing /tmp/mr-s9-r4-j37ybea_/warning-build-base/heltec_v4/lib3b6/libU8g2.a
Compiling /tmp/mr-s9-r4-j37ybea_/warning-build-base/heltec_v4/lib346/console/console_binary.cpp.o
Compiling /tmp/mr-s9-r4-j37ybea_/warning-build-base/heltec_v4/lib346/console/console_json.cpp.o
Archiving /tmp/mr-s9-r4-j37ybea_/warning-build-base/heltec_v4/lib6c2/libmonocypher.a
Indexing /tmp/mr-s9-r4-j37ybea_/warning-build-base/heltec_v4/lib6c2/libmonocypher.a
Compiling /tmp/mr-s9-r4-j37ybea_/warning-build-base/heltec_v4/lib346/console/console_parse.cpp.o
lib/console/console_json.cpp: In member function 'void meshroute::console::JsonBuf::u32(uint32_t)':
lib/console/console_json.cpp:81:74: warning: format '%u' expects argument of type 'unsigned int', but argument 4 has type 'uint32_t' {aka 'long unsigned int'} [-Wformat=]
   81 | void JsonBuf::u32(uint32_t v) { char t[12]; std::snprintf(t, sizeof t, "%u", v); lit(t); }
      |                                                                         ~^   ~
      |                                                                          |   |
      |                                                                          |   uint32_t {aka long unsigned int}
      |                                                                          unsigned int
      |                                                                         %lu
lib/console/console_json.cpp: In function 'void meshroute::console::key_hex32(JsonBuf&, uint32_t)':
lib/console/console_json.cpp:551:50: warning: format '%x' expects argument of type 'unsigned int', but argument 4 has type 'uint32_t' {aka 'long unsigned int'} [-Wformat=]
  551 |     char t[16]; std::snprintf(t, sizeof t, "\"%08x\"", key); j.lit(t);
      |                                               ~~~^     ~~~
      |                                                  |     |
      |                                                  |     uint32_t {aka long unsigned int}
      |                                                  unsigned int
      |                                               %08lx
Compiling /tmp/mr-s9-r4-j37ybea_/warning-build-base/heltec_v4/libbec/core/admin_auth.cpp.o
Archiving /tmp/mr-s9-r4-j37ybea_/warning-build-base/heltec_v4/lib346/libconsole.a
Indexing /tmp/mr-s9-r4-j37ybea_/warning-build-base/heltec_v4/lib346/libconsole.a
Compiling /tmp/mr-s9-r4-j37ybea_/warning-build-base/heltec_v4/libbec/core/airtime.cpp.o
Compiling /tmp/mr-s9-r4-j37ybea_/warning-build-base/heltec_v4/libbec/core/dm_crypto.cpp.o
Compiling /tmp/mr-s9-r4-j37ybea_/warning-build-base/heltec_v4/libbec/core/fault_log.cpp.o
Compiling /tmp/mr-s9-r4-j37ybea_/warning-build-base/heltec_v4/libbec/core/frame_codec.cpp.o
Compiling /tmp/mr-s9-r4-j37ybea_/warning-build-base/heltec_v4/libbec/core/identity.cpp.o
Compiling /tmp/mr-s9-r4-j37ybea_/warning-build-base/heltec_v4/libbec/core/inbox.cpp.o
Compiling /tmp/mr-s9-r4-j37ybea_/warning-build-base/heltec_v4/libbec/core/leaf_config.cpp.o
Compiling /tmp/mr-s9-r4-j37ybea_/warning-build-base/heltec_v4/libbec/core/node.cpp.o
Compiling /tmp/mr-s9-r4-j37ybea_/warning-build-base/heltec_v4/libbec/core/node_beacon.cpp.o
Compiling /tmp/mr-s9-r4-j37ybea_/warning-build-base/heltec_v4/libbec/core/node_budget.cpp.o
Compiling /tmp/mr-s9-r4-j37ybea_/warning-build-base/heltec_v4/libbec/core/node_cascade.cpp.o
Compiling /tmp/mr-s9-r4-j37ybea_/warning-build-base/heltec_v4/libbec/core/node_channel.cpp.o
Compiling /tmp/mr-s9-r4-j37ybea_/warning-build-base/heltec_v4/libbec/core/node_hashlocate.cpp.o
Compiling /tmp/mr-s9-r4-j37ybea_/warning-build-base/heltec_v4/libbec/core/node_join.cpp.o
Compiling /tmp/mr-s9-r4-j37ybea_/warning-build-base/heltec_v4/libbec/core/node_mac.cpp.o
Compiling /tmp/mr-s9-r4-j37ybea_/warning-build-base/heltec_v4/libbec/core/node_mac_rx.cpp.o
Compiling /tmp/mr-s9-r4-j37ybea_/warning-build-base/heltec_v4/libbec/core/node_mobile.cpp.o
Compiling /tmp/mr-s9-r4-j37ybea_/warning-build-base/heltec_v4/libbec/core/node_query.cpp.o
Compiling /tmp/mr-s9-r4-j37ybea_/warning-build-base/heltec_v4/libbec/core/node_route_discovery.cpp.o
Compiling /tmp/mr-s9-r4-j37ybea_/warning-build-base/heltec_v4/libbec/core/node_routing.cpp.o
Compiling /tmp/mr-s9-r4-j37ybea_/warning-build-base/heltec_v4/libbec/core/remote_client.cpp.o
Compiling /tmp/mr-s9-r4-j37ybea_/warning-build-base/heltec_v4/libbec/core/remote_codec.cpp.o
Compiling /tmp/mr-s9-r4-j37ybea_/warning-build-base/heltec_v4/libbec/core/remote_session.cpp.o
Compiling /tmp/mr-s9-r4-j37ybea_/warning-build-base/heltec_v4/lib578/hal/airtime_ledger.cpp.o
Compiling /tmp/mr-s9-r4-j37ybea_/warning-build-base/heltec_v4/lib578/hal/device_hal.cpp.o
Archiving /tmp/mr-s9-r4-j37ybea_/warning-build-base/heltec_v4/libbec/libcore.a
Indexing /tmp/mr-s9-r4-j37ybea_/warning-build-base/heltec_v4/libbec/libcore.a
Compiling /tmp/mr-s9-r4-j37ybea_/warning-build-base/heltec_v4/lib578/hal/timer_wheel.cpp.o
Compiling /tmp/mr-s9-r4-j37ybea_/warning-build-base/heltec_v4/lib93c/Update/HttpsOTAUpdate.cpp.o
Compiling /tmp/mr-s9-r4-j37ybea_/warning-build-base/heltec_v4/lib93c/Update/Updater.cpp.o
Archiving /tmp/mr-s9-r4-j37ybea_/warning-build-base/heltec_v4/lib578/libhal.a
Indexing /tmp/mr-s9-r4-j37ybea_/warning-build-base/heltec_v4/lib578/libhal.a
Compiling /tmp/mr-s9-r4-j37ybea_/warning-build-base/heltec_v4/liba1f/FS/FS.cpp.o
Archiving /tmp/mr-s9-r4-j37ybea_/warning-build-base/heltec_v4/lib93c/libUpdate.a
Indexing /tmp/mr-s9-r4-j37ybea_/warning-build-base/heltec_v4/lib93c/libUpdate.a
Compiling /tmp/mr-s9-r4-j37ybea_/warning-build-base/heltec_v4/liba1f/FS/vfs_api.cpp.o
Compiling /tmp/mr-s9-r4-j37ybea_/warning-build-base/heltec_v4/lib9cf/Network/NetworkClient.cpp.o
Archiving /tmp/mr-s9-r4-j37ybea_/warning-build-base/heltec_v4/liba1f/libFS.a
Indexing /tmp/mr-s9-r4-j37ybea_/warning-build-base/heltec_v4/liba1f/libFS.a
Compiling /tmp/mr-s9-r4-j37ybea_/warning-build-base/heltec_v4/lib9cf/Network/NetworkEvents.cpp.o
Compiling /tmp/mr-s9-r4-j37ybea_/warning-build-base/heltec_v4/lib9cf/Network/NetworkInterface.cpp.o
Compiling /tmp/mr-s9-r4-j37ybea_/warning-build-base/heltec_v4/lib9cf/Network/NetworkManager.cpp.o
Compiling /tmp/mr-s9-r4-j37ybea_/warning-build-base/heltec_v4/lib9cf/Network/NetworkServer.cpp.o
Compiling /tmp/mr-s9-r4-j37ybea_/warning-build-base/heltec_v4/lib9cf/Network/NetworkUdp.cpp.o
Compiling /tmp/mr-s9-r4-j37ybea_/warning-build-base/heltec_v4/libd6d/WebServer/Parsing.cpp.o
Archiving /tmp/mr-s9-r4-j37ybea_/warning-build-base/heltec_v4/lib9cf/libNetwork.a
Indexing /tmp/mr-s9-r4-j37ybea_/warning-build-base/heltec_v4/lib9cf/libNetwork.a
Compiling /tmp/mr-s9-r4-j37ybea_/warning-build-base/heltec_v4/libd6d/WebServer/WebServer.cpp.o
Compiling /tmp/mr-s9-r4-j37ybea_/warning-build-base/heltec_v4/libd6d/WebServer/detail/mimetable.cpp.o
Compiling /tmp/mr-s9-r4-j37ybea_/warning-build-base/heltec_v4/libd6d/WebServer/middleware/AuthenticationMiddleware.cpp.o
Compiling /tmp/mr-s9-r4-j37ybea_/warning-build-base/heltec_v4/libd6d/WebServer/middleware/CorsMiddleware.cpp.o
Compiling /tmp/mr-s9-r4-j37ybea_/warning-build-base/heltec_v4/libd6d/WebServer/middleware/LoggingMiddleware.cpp.o
Compiling /tmp/mr-s9-r4-j37ybea_/warning-build-base/heltec_v4/libd6d/WebServer/middleware/MiddlewareChain.cpp.o
Compiling /tmp/mr-s9-r4-j37ybea_/warning-build-base/heltec_v4/lib91f/WiFi/AP.cpp.o
Archiving /tmp/mr-s9-r4-j37ybea_/warning-build-base/heltec_v4/libd6d/libWebServer.a
Indexing /tmp/mr-s9-r4-j37ybea_/warning-build-base/heltec_v4/libd6d/libWebServer.a
Compiling /tmp/mr-s9-r4-j37ybea_/warning-build-base/heltec_v4/lib91f/WiFi/STA.cpp.o
Compiling /tmp/mr-s9-r4-j37ybea_/warning-build-base/heltec_v4/lib91f/WiFi/WiFi.cpp.o
Compiling /tmp/mr-s9-r4-j37ybea_/warning-build-base/heltec_v4/lib91f/WiFi/WiFiAP.cpp.o
Compiling /tmp/mr-s9-r4-j37ybea_/warning-build-base/heltec_v4/lib91f/WiFi/WiFiGeneric.cpp.o
Compiling /tmp/mr-s9-r4-j37ybea_/warning-build-base/heltec_v4/lib91f/WiFi/WiFiMulti.cpp.o
Compiling /tmp/mr-s9-r4-j37ybea_/warning-build-base/heltec_v4/lib91f/WiFi/WiFiSTA.cpp.o
Compiling /tmp/mr-s9-r4-j37ybea_/warning-build-base/heltec_v4/lib91f/WiFi/WiFiScan.cpp.o
Compiling /tmp/mr-s9-r4-j37ybea_/warning-build-base/heltec_v4/lib39d/Preferences/Preferences.cpp.o
Archiving /tmp/mr-s9-r4-j37ybea_/warning-build-base/heltec_v4/lib91f/libWiFi.a
Indexing /tmp/mr-s9-r4-j37ybea_/warning-build-base/heltec_v4/lib91f/libWiFi.a
Compiling /tmp/mr-s9-r4-j37ybea_/warning-build-base/heltec_v4/libf9b/LittleFS/LittleFS.cpp.o
Archiving /tmp/mr-s9-r4-j37ybea_/warning-build-base/heltec_v4/lib39d/libPreferences.a
Indexing /tmp/mr-s9-r4-j37ybea_/warning-build-base/heltec_v4/lib39d/libPreferences.a
Compiling /tmp/mr-s9-r4-j37ybea_/warning-build-base/heltec_v4/FrameworkArduino/ColorFormat.c.o
cc1: warning: command-line option '-fno-rtti' is valid for C++/D/ObjC++ but not for C
Compiling /tmp/mr-s9-r4-j37ybea_/warning-build-base/heltec_v4/FrameworkArduino/Esp.cpp.o
Archiving /tmp/mr-s9-r4-j37ybea_/warning-build-base/heltec_v4/libf9b/libLittleFS.a
Indexing /tmp/mr-s9-r4-j37ybea_/warning-build-base/heltec_v4/libf9b/libLittleFS.a
Compiling /tmp/mr-s9-r4-j37ybea_/warning-build-base/heltec_v4/FrameworkArduino/FirmwareMSC.cpp.o
Compiling /tmp/mr-s9-r4-j37ybea_/warning-build-base/heltec_v4/FrameworkArduino/FunctionalInterrupt.cpp.o
Compiling /tmp/mr-s9-r4-j37ybea_/warning-build-base/heltec_v4/FrameworkArduino/HEXBuilder.cpp.o
Compiling /tmp/mr-s9-r4-j37ybea_/warning-build-base/heltec_v4/FrameworkArduino/HWCDC.cpp.o
Compiling /tmp/mr-s9-r4-j37ybea_/warning-build-base/heltec_v4/FrameworkArduino/HardwareSerial.cpp.o
Compiling /tmp/mr-s9-r4-j37ybea_/warning-build-base/heltec_v4/FrameworkArduino/IPAddress.cpp.o
Compiling /tmp/mr-s9-r4-j37ybea_/warning-build-base/heltec_v4/FrameworkArduino/MD5Builder.cpp.o
Compiling /tmp/mr-s9-r4-j37ybea_/warning-build-base/heltec_v4/FrameworkArduino/MacAddress.cpp.o
Compiling /tmp/mr-s9-r4-j37ybea_/warning-build-base/heltec_v4/FrameworkArduino/Print.cpp.o
Compiling /tmp/mr-s9-r4-j37ybea_/warning-build-base/heltec_v4/FrameworkArduino/SHA1Builder.cpp.o
Compiling /tmp/mr-s9-r4-j37ybea_/warning-build-base/heltec_v4/FrameworkArduino/Stream.cpp.o
Compiling /tmp/mr-s9-r4-j37ybea_/warning-build-base/heltec_v4/FrameworkArduino/StreamString.cpp.o
Compiling /tmp/mr-s9-r4-j37ybea_/warning-build-base/heltec_v4/FrameworkArduino/Tone.cpp.o
Compiling /tmp/mr-s9-r4-j37ybea_/warning-build-base/heltec_v4/FrameworkArduino/USB.cpp.o
Compiling /tmp/mr-s9-r4-j37ybea_/warning-build-base/heltec_v4/FrameworkArduino/USBCDC.cpp.o
Compiling /tmp/mr-s9-r4-j37ybea_/warning-build-base/heltec_v4/FrameworkArduino/USBMSC.cpp.o
Compiling /tmp/mr-s9-r4-j37ybea_/warning-build-base/heltec_v4/FrameworkArduino/WMath.cpp.o
Compiling /tmp/mr-s9-r4-j37ybea_/warning-build-base/heltec_v4/FrameworkArduino/WString.cpp.o
Compiling /tmp/mr-s9-r4-j37ybea_/warning-build-base/heltec_v4/FrameworkArduino/base64.cpp.o
Compiling /tmp/mr-s9-r4-j37ybea_/warning-build-base/heltec_v4/FrameworkArduino/cbuf.cpp.o
Compiling /tmp/mr-s9-r4-j37ybea_/warning-build-base/heltec_v4/FrameworkArduino/chip-debug-report.cpp.o
Compiling /tmp/mr-s9-r4-j37ybea_/warning-build-base/heltec_v4/FrameworkArduino/esp32-hal-adc.c.o
cc1: warning: command-line option '-fno-rtti' is valid for C++/D/ObjC++ but not for C
Compiling /tmp/mr-s9-r4-j37ybea_/warning-build-base/heltec_v4/FrameworkArduino/esp32-hal-bt.c.o
cc1: warning: command-line option '-fno-rtti' is valid for C++/D/ObjC++ but not for C
Compiling /tmp/mr-s9-r4-j37ybea_/warning-build-base/heltec_v4/FrameworkArduino/esp32-hal-cpu.c.o
cc1: warning: command-line option '-fno-rtti' is valid for C++/D/ObjC++ but not for C
Compiling /tmp/mr-s9-r4-j37ybea_/warning-build-base/heltec_v4/FrameworkArduino/esp32-hal-dac.c.o
cc1: warning: command-line option '-fno-rtti' is valid for C++/D/ObjC++ but not for C
Compiling /tmp/mr-s9-r4-j37ybea_/warning-build-base/heltec_v4/FrameworkArduino/esp32-hal-gpio.c.o
cc1: warning: command-line option '-fno-rtti' is valid for C++/D/ObjC++ but not for C
Compiling /tmp/mr-s9-r4-j37ybea_/warning-build-base/heltec_v4/FrameworkArduino/esp32-hal-i2c-slave.c.o
cc1: warning: command-line option '-fno-rtti' is valid for C++/D/ObjC++ but not for C
Compiling /tmp/mr-s9-r4-j37ybea_/warning-build-base/heltec_v4/FrameworkArduino/esp32-hal-i2c.c.o
cc1: warning: command-line option '-fno-rtti' is valid for C++/D/ObjC++ but not for C
Compiling /tmp/mr-s9-r4-j37ybea_/warning-build-base/heltec_v4/FrameworkArduino/esp32-hal-ledc.c.o
cc1: warning: command-line option '-fno-rtti' is valid for C++/D/ObjC++ but not for C
Compiling /tmp/mr-s9-r4-j37ybea_/warning-build-base/heltec_v4/FrameworkArduino/esp32-hal-matrix.c.o
cc1: warning: command-line option '-fno-rtti' is valid for C++/D/ObjC++ but not for C
Compiling /tmp/mr-s9-r4-j37ybea_/warning-build-base/heltec_v4/FrameworkArduino/esp32-hal-misc.c.o
cc1: warning: command-line option '-fno-rtti' is valid for C++/D/ObjC++ but not for C
Compiling /tmp/mr-s9-r4-j37ybea_/warning-build-base/heltec_v4/FrameworkArduino/esp32-hal-periman.c.o
cc1: warning: command-line option '-fno-rtti' is valid for C++/D/ObjC++ but not for C
Compiling /tmp/mr-s9-r4-j37ybea_/warning-build-base/heltec_v4/FrameworkArduino/esp32-hal-psram.c.o
Compiling /tmp/mr-s9-r4-j37ybea_/warning-build-base/heltec_v4/FrameworkArduino/esp32-hal-rgb-led.c.o
cc1: warning: command-line option '-fno-rtti' is valid for C++/D/ObjC++ but not for C
cc1: warning: command-line option '-fno-rtti' is valid for C++/D/ObjC++ but not for C
Compiling /tmp/mr-s9-r4-j37ybea_/warning-build-base/heltec_v4/FrameworkArduino/esp32-hal-rmt.c.o
cc1: warning: command-line option '-fno-rtti' is valid for C++/D/ObjC++ but not for C
Compiling /tmp/mr-s9-r4-j37ybea_/warning-build-base/heltec_v4/FrameworkArduino/esp32-hal-sigmadelta.c.o
cc1: warning: command-line option '-fno-rtti' is valid for C++/D/ObjC++ but not for C
Compiling /tmp/mr-s9-r4-j37ybea_/warning-build-base/heltec_v4/FrameworkArduino/esp32-hal-spi.c.o
cc1: warning: command-line option '-fno-rtti' is valid for C++/D/ObjC++ but not for C
Compiling /tmp/mr-s9-r4-j37ybea_/warning-build-base/heltec_v4/FrameworkArduino/esp32-hal-time.c.o
cc1: warning: command-line option '-fno-rtti' is valid for C++/D/ObjC++ but not for C
Compiling /tmp/mr-s9-r4-j37ybea_/warning-build-base/heltec_v4/FrameworkArduino/esp32-hal-timer.c.o
cc1: warning: command-line option '-fno-rtti' is valid for C++/D/ObjC++ but not for C
Compiling /tmp/mr-s9-r4-j37ybea_/warning-build-base/heltec_v4/FrameworkArduino/esp32-hal-tinyusb.c.o
cc1: warning: command-line option '-fno-rtti' is valid for C++/D/ObjC++ but not for C
Compiling /tmp/mr-s9-r4-j37ybea_/warning-build-base/heltec_v4/FrameworkArduino/esp32-hal-touch-ng.c.o
cc1: warning: command-line option '-fno-rtti' is valid for C++/D/ObjC++ but not for C
Compiling /tmp/mr-s9-r4-j37ybea_/warning-build-base/heltec_v4/FrameworkArduino/esp32-hal-touch.c.o
cc1: warning: command-line option '-fno-rtti' is valid for C++/D/ObjC++ but not for C
Compiling /tmp/mr-s9-r4-j37ybea_/warning-build-base/heltec_v4/FrameworkArduino/esp32-hal-uart.c.o
cc1: warning: command-line option '-fno-rtti' is valid for C++/D/ObjC++ but not for C
Compiling /tmp/mr-s9-r4-j37ybea_/warning-build-base/heltec_v4/FrameworkArduino/firmware_msc_fat.c.o
cc1: warning: command-line option '-fno-rtti' is valid for C++/D/ObjC++ but not for C
Compiling /tmp/mr-s9-r4-j37ybea_/warning-build-base/heltec_v4/FrameworkArduino/freertos_stats.cpp.o
/home/staszek/.platformio/packages/framework-arduinoespressif32@src-702d0f93023d86e22d8ef62aa333f0b7/cores/esp32/freertos_stats.cpp: In function 'void printRunningTasks(Print&)':
/home/staszek/.platformio/packages/framework-arduinoespressif32@src-702d0f93023d86e22d8ef62aa333f0b7/cores/esp32/freertos_stats.cpp:72:34: warning: '++' expression of 'volatile'-qualified type is deprecated [-Wvolatile]
   72 |     for (x = 0; x < uxArraySize; x++) {
      |                                  ^
Compiling /tmp/mr-s9-r4-j37ybea_/warning-build-base/heltec_v4/FrameworkArduino/libb64/cdecode.c.o
cc1: warning: command-line option '-fno-rtti' is valid for C++/D/ObjC++ but not for C
Compiling /tmp/mr-s9-r4-j37ybea_/warning-build-base/heltec_v4/FrameworkArduino/libb64/cencode.c.o
cc1: warning: command-line option '-fno-rtti' is valid for C++/D/ObjC++ but not for C
Compiling /tmp/mr-s9-r4-j37ybea_/warning-build-base/heltec_v4/FrameworkArduino/main.cpp.o
Compiling /tmp/mr-s9-r4-j37ybea_/warning-build-base/heltec_v4/FrameworkArduino/stdlib_noniso.c.o
cc1: warning: command-line option '-fno-rtti' is valid for C++/D/ObjC++ but not for C
Compiling /tmp/mr-s9-r4-j37ybea_/warning-build-base/heltec_v4/FrameworkArduino/wiring_pulse.c.o
cc1: warning: command-line option '-fno-rtti' is valid for C++/D/ObjC++ but not for C
Compiling /tmp/mr-s9-r4-j37ybea_/warning-build-base/heltec_v4/FrameworkArduino/wiring_shift.c.o
cc1: warning: command-line option '-fno-rtti' is valid for C++/D/ObjC++ but not for C
Archiving /tmp/mr-s9-r4-j37ybea_/warning-build-base/heltec_v4/libFrameworkArduino.a
Indexing /tmp/mr-s9-r4-j37ybea_/warning-build-base/heltec_v4/libFrameworkArduino.a
Linking /tmp/mr-s9-r4-j37ybea_/warning-build-base/heltec_v4/firmware.elf
Retrieving maximum program size /tmp/mr-s9-r4-j37ybea_/warning-build-base/heltec_v4/firmware.elf
Checking size /tmp/mr-s9-r4-j37ybea_/warning-build-base/heltec_v4/firmware.elf
Advanced Memory Usage is available via "PlatformIO Home > Project Inspect"
RAM:   [=         ]  10.2% (used 214636 bytes from 2097152 bytes)
Flash: [==        ]  21.3% (used 1393036 bytes from 6553600 bytes)
Building /tmp/mr-s9-r4-j37ybea_/warning-build-base/heltec_v4/firmware.bin
esptool.py v4.8.6
Creating esp32s3 image...
Merged 3 ELF sections
Successfully created esp32s3 image.
======================== [SUCCESS] Took 155.08 seconds ========================

Environment    Status    Duration
-------------  --------  ------------
heltec_v4      SUCCESS   00:02:35.079
========================= 1 succeeded in 00:02:35.079 =========================
