observer structure PASS: O1 sole observer is in push drain
observer structure PASS: O2 observer follows completed generic BLE fanout
observer structure PASS: O3 observer is CLIENT guarded with a call-scoped sink
observer structure PASS: O4 one whole-push call uses current connection and flushes
== §B278 S4 custody USB probe (the real firmware_custody_push.h + the real codec + the real console_json) ==
== §B278 S4 custody USB probe (the REAL renderer, the REAL codec, the REAL Print seam) ==
  ok   U1  the DIRECT line is byte-identical to the pre-S4 golden
  ok   U2  a DIRECT record grows no translated field
  ok   U3  the TRANSLATED node-id line is byte-identical to its golden
  ok   U4  the TRANSLATED hash line is byte-identical to its golden
  ok   U5  the node-id form prints target_id and NOT target_hash
  ok   U6  the hash form prints target_hash and NOT target_id
  ok   U7  neither line carries a `via_home` / `home_ctr` alias
  ok   U8  `mobile_ctr` is ctrM (1911), not ctrH
  ok   U9  `mobile_ctr` is never the HOME counter
  ok   U10 an unparseable record produces the loud line and nothing else
  ok   U11 `seq` is OMITTED when storage is disabled (seq 0)
  ok   U12 `seq` is PRESENT when the store assigned one
  ok   U13 the `NOT proof the destination missed it` warning survives on every rendered report
  ok   U14 the warning appears exactly once per line
  ok   U15 no rendered line claims a NACK or a delivery failure
  ok   U16 the node-id target word is the SAME on USB and in JSON
  ok   U17 the hash target word is the SAME on USB and in JSON
  ok   U18 the target hash renders in the SAME canonical 8-digit lower-case form on both surfaces
  ok   U19 the node-id target VALUE is the same on both surfaces
  ok   U20 `mobile_ctr` is the same on both surfaces
  ok   U21 `delegated` is the same boolean on both surfaces
  ok   U22 the existing `ctr` field still means ctrH on both surfaces
  ok   U23 `fw_main.cpp` was read
  ok   U24 the custody switch arm delegates to the helper EXACTLY ONCE, and nothing else does
  ok   U25 `fw_main.cpp` holds no custody parser and no second decode of its own
  ok   U26 the switch arm holds no target selection, no counter choice and no wording
  ok   U27 the helper header defines `print_custody_failure` exactly once
probe: 27 ok, 0 failed

tree unchanged: the real sources' md5 is identical before and after (be7d8f886b0ba087f31d0be8f5a23fc4)
probe: 27 checks against the REAL print_custody_failure(), 0 failed (pin 27)
PROBE-ONLY — NOT A GATE (controls skipped; run without --no-neg to gate)
