== §B105 feature-layer probe (src/firmware_ui.cpp, host-compiled) ==
-- building the l2 support archive (lib/core + lib/hal + lib/console + monocypher) ...
-- building the v3 support archive (lib/core + lib/hal + lib/console + monocypher) ...
== §B105 probe — src/firmware_ui.cpp, host-compiled ==
  INFO strip right edge x=127, bottom y=7; BODY right edge x=119
  INFO §7.3 audit: widest ordinary body line = 19 columns, right edge x = 125 (bound 19 / 127)
  INFO §UI-17 STATUS body: [TEAM 3D9348A5] [ME T220] [6 KNOWN] [0 NEW / HOME --] [52.123,21.456]
  INFO §UI-17 TEAM rows: [ Wolfga  3m        ] [ 0x00c0  2m        ] [ id 83   1m        ] [-]
  INFO §UI-17 S5 TEAM rows: [ Alpha   1h 2.0k  N] [ Bravo   1h        ] [ Cleo    1h        ] [ Delta   1h   0m   ]

433 passed / 0 failed / 433 total
probe exit=0

== [[B225]] child-enabled arm: [env:heltec_v3] (a leaf env: MR_N_LAYERS defaults to 1, MR_FEAT_TEAM=1) ==
  ok   the child-enabled arm builds and PASSES
       868 passed / 0 failed / 868 total

== §UI-14 second arm: the BLE row's condition MET (-DMR_UI_BLE_ROW=1) ==
  ok   the BLE-row arm builds and PASSES (8 lines)
       433 passed / 0 failed / 433 total

== [[B229]] the coverage roll-up attributes a label of ANY length ==
  ok   a 91-character label is attributed to its control
  ok   ...and the WITHDRAWN 64-column parse does miss it, so the defect was real

== [[B227]] every control label is inert data ==
  ok   none of the 223 ctl labels (all 223 calls) contains a backtick or a $-substitution
  ok   ...and the detector DOES fire on a label that carries one
  ok   ...and a backtick/$-bearing label prints verbatim, executing nothing

== [[B237]] a CRASHING control is UNUSABLE, never verified ==
  ok   a real SIGSEGV (exit 139, 0 failures) classifies as UNUSABLE
  ok   ...and a genuine 1/3 stays RED, 0/0 is passes, 1/0 is silent — it still discriminates
  ok   ...and the shell's crash notice was CAPTURED, not printed to this gate

== §T3 P6: the retired string is absent from every rendering source ==
  ok   'SENT, no relay' appears in no src/ or tools/ source
  ok   ...and its replacement IS present, so the grep is not matching nothing

sources unchanged: md5 f87779aa254f64992ba36d19611e48a0
controls: 0 verified / 0 unusable
PASS
