$ python3 tools/probe_ui_model_mutations.py --target=radmin8node --workers=3
-- target radmin8node: /dev/shm/mr-b434-b435-r1-rwlxb7cv/reference-stage/lib/core/node.h (1 entries)
-- selection: IN FULL (all 1 entries)
-- workers: 1   [SERIAL REFERENCE PATH]
-- scratch root: /dev/shm/mr-b434-b435-r1-rwlxb7cv/scratch/mr_mutation_run-aj7jzqjv   (removed on exit; MR_MUT_KEEP_SCRATCH=1 to keep)
  [w0] -- target radmin8node: /dev/shm/mr-b434-b435-r1-rwlxb7cv/scratch/mr_mutation_run-aj7jzqjv/w0/lib/core/node.h (1 of 1 entries in this shard)
  [w0] -- baseline gate: THIS WORKER'S OWN clean tree must run 0 FAILED; its own counts become this shard's baseline
  [w0]   ok   clean baseline 2950 / 195770 / 0   (DERIVED from this tree)
  [w0]   ok   N01 B408 counts home delegation ring instead of mobile E2E ring -> RED (22 assertion(s) failed, match count 1)
  [w0] source restored: md5 df237fa4f296e95c554185e17421c94e (MATCHES)
  [w0] shard 0: 1 RED / 0 unusable   (of 1 entries)

======================================================================================================================
-- MERGED REPORT — target radmin8node: /dev/shm/mr-b434-b435-r1-rwlxb7cv/reference-stage/lib/core/node.h
  ok   clean baseline 2950 / 195770 / 0   (DERIVED per worker tree; 1 tree(s) agree)
  !!!!!!!!!!!!!!!!!!!!!!!!!!!!!!!!!!!!!!!!!!!!!!!!!!!!!!!!!!!!!!!!!!!!!!!!!!!!!!!!!!!!!!!!!!!!!!!!!!!!!!!!!!!!!!!!
  !!  STALE CROSS-CHECK PIN — the hand-pinned figure is NOT what these clean trees run.
  !!      pinned   2950 / 195768   (PIN_CASES, this file)
  !!      derived  2950 / 195770   <-- THE BATTERY USED THIS
  !!  The battery RAN anyway, IN FULL (all 1 entries): per [[B217]] a stale figure must NEVER zero a run.
  !!  Then re-pin PIN_CASES / PIN_ASSERTS with the derivation (or unset MR_MUT_BASE).
  !!!!!!!!!!!!!!!!!!!!!!!!!!!!!!!!!!!!!!!!!!!!!!!!!!!!!!!!!!!!!!!!!!!!!!!!!!!!!!!!!!!!!!!!!!!!!!!!!!!!!!!!!!!!!!!!
  ok   N01 B408 counts home delegation ring instead of mobile E2E ring -> RED (22 assertion(s) failed, match count 1)
  worker 0: 1/1 entries, 1 RED / 0 worthless, wall 9.2s, rc 0, source restored: md5 df237fa4f296e95c554185e17421c94e (MATCHES)   /dev/shm/mr-b434-b435-r1-rwlxb7cv/scratch/mr_mutation_run-aj7jzqjv/w0
real tree untouched: all 62 target files byte-identical to launch (md5); no build ran in /dev/shm/mr-b434-b435-r1-rwlxb7cv/reference-stage
timing: copy 1.3s + battery 9.3s = 10.6s total, 1 entries over 1 worker(s)
mutations: 1 RED / 0 unusable
  !!!!!!!!!!!!!!!!!!!!!!!!!!!!!!!!!!!!!!!!!!!!!!!!!!!!!!!!!!!!!!!!!!!!!!!!!!!!!!!!!!!!!!!!!!!!!!!!!!!!!!!!!!!!!!!!
  !!  REMINDER — the cross-check pin is STALE: pinned 2950 / 195768, these trees run 2950 / 195770.
  !!  The battery above RAN IN FULL (1 entries) on the derived figure ([[B217]]); re-pin PIN_CASES/PIN_ASSERTS.
  !!!!!!!!!!!!!!!!!!!!!!!!!!!!!!!!!!!!!!!!!!!!!!!!!!!!!!!!!!!!!!!!!!!!!!!!!!!!!!!!!!!!!!!!!!!!!!!!!!!!!!!!!!!!!!!!
  scratch KEPT (MR_MUT_KEEP_SCRATCH=1): /dev/shm/mr-b434-b435-r1-rwlxb7cv/scratch/mr_mutation_run-aj7jzqjv
