$ /dev/shm/mr-b434-b435-r1-rwlxb7cv/scratch/mr_mutation_run-aj7jzqjv/w0/.pio/build/native/program
[doctest] doctest version is "2.4.12"
[doctest] run with "--help" for options
===============================================================================
test/test_node_remote_carrier.cpp:126:
TEST CASE:  8b real carrier refuses no home and bounds actual mobile E2E ring

test/test_node_remote_carrier.cpp:135: ERROR: CHECK( c.mobile.remote_client_correlation_free()==protocol::cap_pending_e2e_acks-i-1 ) is NOT correct!
  values: CHECK( 8 == 7 )

test/test_node_remote_carrier.cpp:135: ERROR: CHECK( c.mobile.remote_client_correlation_free()==protocol::cap_pending_e2e_acks-i-1 ) is NOT correct!
  values: CHECK( 8 == 6 )

test/test_node_remote_carrier.cpp:135: ERROR: CHECK( c.mobile.remote_client_correlation_free()==protocol::cap_pending_e2e_acks-i-1 ) is NOT correct!
  values: CHECK( 8 == 5 )

test/test_node_remote_carrier.cpp:135: ERROR: CHECK( c.mobile.remote_client_correlation_free()==protocol::cap_pending_e2e_acks-i-1 ) is NOT correct!
  values: CHECK( 8 == 4 )

test/test_node_remote_carrier.cpp:135: ERROR: CHECK( c.mobile.remote_client_correlation_free()==protocol::cap_pending_e2e_acks-i-1 ) is NOT correct!
  values: CHECK( 8 == 3 )

test/test_node_remote_carrier.cpp:135: ERROR: CHECK( c.mobile.remote_client_correlation_free()==protocol::cap_pending_e2e_acks-i-1 ) is NOT correct!
  values: CHECK( 8 == 2 )

test/test_node_remote_carrier.cpp:135: ERROR: CHECK( c.mobile.remote_client_correlation_free()==protocol::cap_pending_e2e_acks-i-1 ) is NOT correct!
  values: CHECK( 8 == 1 )

test/test_node_remote_carrier.cpp:135: ERROR: CHECK( c.mobile.remote_client_correlation_free()==protocol::cap_pending_e2e_acks-i-1 ) is NOT correct!
  values: CHECK( 8 == 0 )

test/test_node_remote_carrier.cpp:142: ERROR: CHECK( c.start(true).error==RemoteClientError::correlation_full ) is NOT correct!
  values: CHECK( 0 == 9 )

test/test_node_remote_carrier.cpp:142: ERROR: CHECK_FALSE( remote_client_busy(c.mobile.remote_client()) ) is NOT correct!
  values: CHECK_FALSE( true )

===============================================================================
test/test_node_remote_carrier.cpp:189:
TEST CASE:  8b request ACK travels home only for authenticated admitted replayed or acknowledged requests

test/test_node_remote_carrier.cpp:203: ERROR: CHECK( c.mobile.remote_client_correlation_free()==(mode==5?8:7) ) is NOT correct!
  values: CHECK( 8 == 7 )
  logged: mode := 3

test/test_node_remote_carrier.cpp:221: ERROR: CHECK( c.mobile.remote_client_correlation_free()==7 ) is NOT correct!
  values: CHECK( 8 == 7 )
  logged: mode := 4

===============================================================================
test/test_node_remote_carrier.cpp:234:
TEST CASE:  8b real ring pressure after bootstrap waits without a radio failure and resumes on real ACK intake

test/test_node_remote_carrier.cpp:244: ERROR: CHECK( c.mobile.remote_client_correlation_free()==0 ) is NOT correct!
  values: CHECK( 8 == 0 )

test/test_node_remote_carrier.cpp:253: ERROR: CHECK( c.mobile.remote_client_correlation_free()==1 ) is NOT correct!
  values: CHECK( 8 == 1 )

test/test_node_remote_carrier.cpp:255: ERROR: CHECK( c.mobile.remote_client_correlation_free()==0 ) is NOT correct!
  values: CHECK( 8 == 0 )

===============================================================================
test/test_node_remote_carrier.cpp:356:
TEST CASE:  8b B413 known unknown and claimed targets all use distinct home wrappers

test/test_node_remote_carrier.cpp:379: ERROR: CHECK( c.mobile.remote_client_correlation_free()==6 ) is NOT correct!
  values: CHECK( 8 == 6 )
  logged: binding := 0

test/test_node_remote_carrier.cpp:379: ERROR: CHECK( c.mobile.remote_client_correlation_free()==6 ) is NOT correct!
  values: CHECK( 8 == 6 )
  logged: binding := 1

test/test_node_remote_carrier.cpp:379: ERROR: CHECK( c.mobile.remote_client_correlation_free()==6 ) is NOT correct!
  values: CHECK( 8 == 6 )
  logged: binding := 2

===============================================================================
test/test_node_remote_carrier.cpp:434:
TEST CASE:  8b B415 characterization direct operator ACK can clear an equal-counter wrapper

test/test_node_remote_carrier.cpp:449: ERROR: CHECK( c.mobile.remote_client_correlation_free()==6 ) is NOT correct!
  values: CHECK( 8 == 6 )

test/test_node_remote_carrier.cpp:463: ERROR: CHECK( c.mobile.remote_client_correlation_free()==7 ) is NOT correct!
  values: CHECK( 8 == 7 )

test/test_node_remote_carrier.cpp:449: ERROR: CHECK( c.mobile.remote_client_correlation_free()==6 ) is NOT correct!
  values: CHECK( 8 == 6 )

test/test_node_remote_carrier.cpp:463: ERROR: CHECK( c.mobile.remote_client_correlation_free()==7 ) is NOT correct!
  values: CHECK( 8 == 7 )

[activation search] SF10 BW7800 CR8 preamble=16 slop=0 floor=155904 default=311808 ceiling=299999
===============================================================================
[doctest] test cases:   2950 |   2945 passed |  5 failed | 0 skipped
[doctest] assertions: 195770 | 195748 passed | 22 failed |
[doctest] Status: FAILURE!
