$ /home/staszek/.platformio/penv/bin/python3 tools/probe_ui_model_mutations.py --target=radmin8node --workers=3
-- target radmin8node: /dev/shm/mr-b434-b435-r1-rwlxb7cv/mutation-stage/lib/core/node.h (1 entries)
-- selection: IN FULL (all 1 entries)
-- workers: 1   [SERIAL REFERENCE PATH]
-- scratch root: /dev/shm/mr-b434-b435-r1-rwlxb7cv/scratch/mr_mutation_run-6025bs0_   (removed on exit; MR_MUT_KEEP_SCRATCH=1 to keep)
  [w0] -- target radmin8node: /dev/shm/mr-b434-b435-r1-rwlxb7cv/scratch/mr_mutation_run-6025bs0_/w0/lib/core/node.h (1 of 1 entries in this shard)
  [w0] -- baseline gate: THIS WORKER'S OWN clean tree must run 0 FAILED; its own counts become this shard's baseline
  [w0]   ok   clean baseline 2950 / 195770 / 0   (DERIVED from this tree)
  [w0]   UNUSABLE N01 B408 counts home delegation ring instead of mobile E2E ring — the mutant does not compile (build rc 1)
  [w0]         =================================== SUMMARY ===================================
  [w0]         Environment    Test    Status    Duration
  [w0]         -------------  ------  --------  ------------
  [w0]         native         *       ERRORED   00:00:03.701
  [w0]         ============= 6 test cases: 5 failed, 0 succeeded in 00:00:03.701 =============
  [w0] source restored: md5 df237fa4f296e95c554185e17421c94e (MATCHES)
  [w0] shard 0: 0 RED / 1 unusable   (of 1 entries)

======================================================================================================================
-- MERGED REPORT — target radmin8node: /dev/shm/mr-b434-b435-r1-rwlxb7cv/mutation-stage/lib/core/node.h
  ok   clean baseline 2950 / 195770 / 0   (DERIVED per worker tree; 1 tree(s) agree)
  UNUSABLE N01 B408 counts home delegation ring instead of mobile E2E ring — the mutant does not compile (build rc 1)
        =================================== SUMMARY ===================================
        Environment    Test    Status    Duration
        -------------  ------  --------  ------------
        native         *       ERRORED   00:00:03.701
        ============= 6 test cases: 5 failed, 0 succeeded in 00:00:03.701 =============
        retained: /dev/shm/mr-b434-b435-r1-rwlxb7cv/mutation-stage/.pio/mutation-unusable/radmin8node/N01.log
  worker 0: 1/1 entries, 0 RED / 1 worthless, wall 12.3s, rc 1, source restored: md5 df237fa4f296e95c554185e17421c94e (MATCHES)   /dev/shm/mr-b434-b435-r1-rwlxb7cv/scratch/mr_mutation_run-6025bs0_/w0
real tree untouched: all 62 target files byte-identical to launch (md5); no build ran in /dev/shm/mr-b434-b435-r1-rwlxb7cv/mutation-stage
timing: copy 1.4s + battery 12.4s = 13.8s total, 1 entries over 1 worker(s)
mutations: 0 RED / 1 unusable
