$ /home/staszek/.platformio/penv/bin/python3 -m unittest discover -v -s tools -p test_*.py
test_a_derived_expression_is_resolved_not_regexed (test_b278_correlation_census.TestConstantDerivation.test_a_derived_expression_is_resolved_not_regexed)
The ruled bounds are EXPRESSIONS in the header; a literal-scraper would have read the wrong number. ... ok
test_a_missing_constant_REFUSES (test_b278_correlation_census.TestConstantDerivation.test_a_missing_constant_REFUSES) ... ok
test_a_non_arithmetic_expression_REFUSES (test_b278_correlation_census.TestConstantDerivation.test_a_non_arithmetic_expression_REFUSES) ... ok
test_bounds_resolve_from_the_real_headers (test_b278_correlation_census.TestConstantDerivation.test_bounds_resolve_from_the_real_headers) ... ok
test_comments_cannot_supply_a_definition (test_b278_correlation_census.TestConstantDerivation.test_comments_cannot_supply_a_definition)
A commented-out constant must not be resolvable — that is how a stale bound sneaks back in. ... ok
test_a_diagnostic_origin_does_not_change_the_status (test_b278_correlation_census.TestDiagnosticIsNeverABinding.test_a_diagnostic_origin_does_not_change_the_status) ... ok
test_a_manifest_naming_an_absent_stream_is_refused (test_b278_correlation_census.TestManifestAuthority.test_a_manifest_naming_an_absent_stream_is_refused) ... ok
test_a_partial_corpus_is_refused (test_b278_correlation_census.TestManifestAuthority.test_a_partial_corpus_is_refused) ... ok
test_selftest_is_green (test_b278_correlation_census.TestModelControls.test_selftest_is_green) ... ok
test_the_selftest_is_not_vacuous (test_b278_correlation_census.TestModelControls.test_the_selftest_is_not_vacuous)
Sabotage the binder into PERMISSIVENESS and the battery must FAIL. ... §B278 census selftest
  ok    the ruled bounds re-derive from lib/core/protocol_constants.h + node.h
  ok    P1 one receipt
  ok    P1 status bound
  ok    P1 age is the derived difference
  ok    P1 classified delegated (deleg_ack_put ctr_h==ctr and peer==dst)
  ok    P1 age exceeds the 300 s threshold
  ok    N1 wrong node -> unbound
  ok    N2 wrong dst -> unbound
  ok    N3 wrong ctr -> unbound
  ok    N4 origin after the receipt -> unbound
  ok    N5 two origins -> ambiguous, never the nearest
  ok    N6 no deleg_ack_put -> bound but NOT delegated
  ok    N6b deleg_ack_put with a different return key -> NOT delegated
  ok    O1 eight direct puts modelled
  ok    O1 max occupancy at 300 s == 8
  ok    O1 max occupancy at 750 s == 8
  ok    O2 at 300 s the two rows never coexist
  ok    O2 at 750 s they do  (this is R2's whole cost)
  ok    O3 the ACK released exactly one row
  ok    O3 the row's life ends at the ACK, not at the TTL
  ok    O3 reserve+put collapse to ONE row, not two
  ok    O3 the end is OBSERVED, so the row is not left open
  ok    O3 the registration authority is no longer needed for the bind
  ok    O3s an ACK whose ctr_h no row activated on -> unbound, row NOT freed
  ok    O3s the row therefore lives to its TTL
  ok    O3s an ACK naming another mobile's hash -> unbound, never paired by ctr alone
  ok    O3a two rows sharing {mobile_hash, ctr_m, ctr_h} -> AMBIGUOUS, never the first match
  ok    O3f a `mobile_reverse_ack` without `mobile_hash` REFUSES (a missing field is not a zero)
  ok    O3f a `mobile_reverse_ack` without `ctr_h` REFUSES (a missing field is not a zero)
  ok    O3f a `ctr_h` of False REFUSES (bool subclasses int; only a type identity rejects it)
  ok    O3f a `ctr_h` of 2.0 REFUSES (bool subclasses int; only a type identity rejects it)
  ok    O3f a `ctr_h` of '9' REFUSES (bool subclasses int; only a type identity rejects it)
  ok    O3f a `deleg_ack_reserved` without `target_kind` REFUSES (a pre-S1b stream is not this measurement)
  ok    O4 reserved-never-activated counted
  ok    O4 an unclosed row is reported as such, not folded into a bound
  ok    O4 lo arm gives it no span
  ok    O4 hi arm holds it to the TTL
  ok    O5 the release closed the row exactly, with its cause
  ok    O5 lo and hi now COINCIDE — the S0/S1a gap is closed
  ok    O5 all seven release causes are accepted and counted separately
  ok    O5s an orphan release is UNBOUND, never invented into a row
  ok    O6 the expiry closed the row at the named edge, with its exact custody state
  ok    O6s an orphan expiry is UNBOUND, never invented into a row
  ok    O7 a forward event binds to EXACTLY ONE live active row and stamps it
  ok    O7 a forwarded row is still closed by its later ACK
  ok    O7s an orphan forward is UNBOUND, never invented into a row
  ok    O7s a forward whose return peer disagrees does NOT bind (counter-only matching is refused)
  ok    O7s an AMBIGUOUS forward (two live rows share the wire-visible identity) is UNBOUND
  ok    O7s a forward missing `type` REFUSES the run
  ok    O7s a forward missing `ctr_m` REFUSES the run
  ok    O7s a boolean `ctr_h` REFUSES — only a type-IDENTITY test rejects it
  ok    O8 an expiry reporting `forwarded` is ACCEPTED when a forward event bound to that row
  ok    O8s an expiry CLAIMING `forwarded` with no forward event behind it is a FINDING
  ok    S1 a mutated ACK bound REFUSES against the header (no stale bound is reported as current)

PASS: §B278 census selftest, 0 failure(s)
§B278 census selftest
  ok    the ruled bounds re-derive from lib/core/protocol_constants.h + node.h
  ok    P1 one receipt
  ok    P1 status bound
  FAIL  P1 age is the derived difference: got 1, want 400000
  ok    P1 classified delegated (deleg_ack_put ctr_h==ctr and peer==dst)
  FAIL  P1 age exceeds the 300 s threshold: got False, want True
  FAIL  N1 wrong node -> unbound: got 'bound', want 'unbound'
  FAIL  N2 wrong dst -> unbound: got 'bound', want 'unbound'
  FAIL  N3 wrong ctr -> unbound: got 'bound', want 'unbound'
  FAIL  N4 origin after the receipt -> unbound: got 'bound', want 'unbound'
  FAIL  N5 two origins -> ambiguous, never the nearest: got 'bound', want 'ambiguous'
  FAIL  N6 no deleg_ack_put -> bound but NOT delegated: got ('bound', True), want ('bound', False)
  FAIL  N6b deleg_ack_put with a different return key -> NOT delegated: got True, want False
  ok    O1 eight direct puts modelled
  ok    O1 max occupancy at 300 s == 8
  ok    O1 max occupancy at 750 s == 8
  ok    O2 at 300 s the two rows never coexist
  ok    O2 at 750 s they do  (this is R2's whole cost)
  ok    O3 the ACK released exactly one row
  ok    O3 the row's life ends at the ACK, not at the TTL
  ok    O3 reserve+put collapse to ONE row, not two
  ok    O3 the end is OBSERVED, so the row is not left open
  ok    O3 the registration authority is no longer needed for the bind
  ok    O3s an ACK whose ctr_h no row activated on -> unbound, row NOT freed
  ok    O3s the row therefore lives to its TTL
  ok    O3s an ACK naming another mobile's hash -> unbound, never paired by ctr alone
  ok    O3a two rows sharing {mobile_hash, ctr_m, ctr_h} -> AMBIGUOUS, never the first match
  ok    O3f a `mobile_reverse_ack` without `mobile_hash` REFUSES (a missing field is not a zero)
  ok    O3f a `mobile_reverse_ack` without `ctr_h` REFUSES (a missing field is not a zero)
  ok    O3f a `ctr_h` of False REFUSES (bool subclasses int; only a type identity rejects it)
  ok    O3f a `ctr_h` of 2.0 REFUSES (bool subclasses int; only a type identity rejects it)
  ok    O3f a `ctr_h` of '9' REFUSES (bool subclasses int; only a type identity rejects it)
  ok    O3f a `deleg_ack_reserved` without `target_kind` REFUSES (a pre-S1b stream is not this measurement)
  ok    O4 reserved-never-activated counted
  ok    O4 an unclosed row is reported as such, not folded into a bound
  ok    O4 lo arm gives it no span
  ok    O4 hi arm holds it to the TTL
  ok    O5 the release closed the row exactly, with its cause
  ok    O5 lo and hi now COINCIDE — the S0/S1a gap is closed
  ok    O5 all seven release causes are accepted and counted separately
  ok    O5s an orphan release is UNBOUND, never invented into a row
  ok    O6 the expiry closed the row at the named edge, with its exact custody state
  ok    O6s an orphan expiry is UNBOUND, never invented into a row
  ok    O7 a forward event binds to EXACTLY ONE live active row and stamps it
  ok    O7 a forwarded row is still closed by its later ACK
  ok    O7s an orphan forward is UNBOUND, never invented into a row
  ok    O7s a forward whose return peer disagrees does NOT bind (counter-only matching is refused)
  ok    O7s an AMBIGUOUS forward (two live rows share the wire-visible identity) is UNBOUND
  ok    O7s a forward missing `type` REFUSES the run
  ok    O7s a forward missing `ctr_m` REFUSES the run
  ok    O7s a boolean `ctr_h` REFUSES — only a type-IDENTITY test rejects it
  ok    O8 an expiry reporting `forwarded` is ACCEPTED when a forward event bound to that row
  ok    O8s an expiry CLAIMING `forwarded` with no forward event behind it is a FINDING
  ok    S1 a mutated ACK bound REFUSES against the header (no stale bound is reported as current)

FAIL: §B278 census selftest, 9 failure(s)
§B278 census selftest
  ok    the ruled bounds re-derive from lib/core/protocol_constants.h + node.h
  ok    P1 one receipt
  ok    P1 status bound
  ok    P1 age is the derived difference
  ok    P1 classified delegated (deleg_ack_put ctr_h==ctr and peer==dst)
  ok    P1 age exceeds the 300 s threshold
  ok    N1 wrong node -> unbound
  ok    N2 wrong dst -> unbound
  ok    N3 wrong ctr -> unbound
  ok    N4 origin after the receipt -> unbound
  ok    N5 two origins -> ambiguous, never the nearest
  ok    N6 no deleg_ack_put -> bound but NOT delegated
  ok    N6b deleg_ack_put with a different return key -> NOT delegated
  ok    O1 eight direct puts modelled
  ok    O1 max occupancy at 300 s == 8
  ok    O1 max occupancy at 750 s == 8
  ok    O2 at 300 s the two rows never coexist
  ok    O2 at 750 s they do  (this is R2's whole cost)
ok
test_a_missing_identity_field_REFUSES (test_b278_correlation_census.TestS1bIdentityIsConsumedDirectly.test_a_missing_identity_field_REFUSES) ... ok
test_a_pre_S1b_reservation_REFUSES_rather_than_being_censused_weakly (test_b278_correlation_census.TestS1bIdentityIsConsumedDirectly.test_a_pre_S1b_reservation_REFUSES_rather_than_being_censused_weakly) ... ok
test_a_registration_that_disagrees_does_not_override_the_event (test_b278_correlation_census.TestS1bIdentityIsConsumedDirectly.test_a_registration_that_disagrees_does_not_override_the_event)
A second live key on the local id used to make the bind ambiguous; now it is only a diagnostic. ... ok
test_a_wrong_typed_identity_field_REFUSES (test_b278_correlation_census.TestS1bIdentityIsConsumedDirectly.test_a_wrong_typed_identity_field_REFUSES) ... ok
test_the_bind_uses_the_events_own_identity (test_b278_correlation_census.TestS1bIdentityIsConsumedDirectly.test_the_bind_uses_the_events_own_identity) ... ok
test_the_registration_authority_no_longer_decides (test_b278_correlation_census.TestS1bIdentityIsConsumedDirectly.test_the_registration_authority_no_longer_decides)
Strip the registration entirely: under S0/S1a this was UNBINDABLE, and now it binds. ... ok
test_a_lifecycle_event_naming_no_row_is_never_invented_into_one (test_b278_correlation_census.TestS1bLifecycleClosesTheInterval.test_a_lifecycle_event_naming_no_row_is_never_invented_into_one) ... ok
test_an_expiry_reports_the_exact_pre_clear_custody_state (test_b278_correlation_census.TestS1bLifecycleClosesTheInterval.test_an_expiry_reports_the_exact_pre_clear_custody_state) ... ok
test_every_new_field_must_be_an_integer (test_b278_correlation_census.TestS1bLifecycleClosesTheInterval.test_every_new_field_must_be_an_integer) ... ok
test_with_the_release_they_coincide_at_the_observed_instant (test_b278_correlation_census.TestS1bLifecycleClosesTheInterval.test_with_the_release_they_coincide_at_the_observed_instant) ... ok
test_without_the_release_the_two_arms_disagree (test_b278_correlation_census.TestS1bLifecycleClosesTheInterval.test_without_the_release_the_two_arms_disagree) ... ok
test_non_script_emit_lines_are_ignored_and_bad_json_REFUSES (test_b278_correlation_census.TestStreamParsing.test_non_script_emit_lines_are_ignored_and_bad_json_REFUSES) ... ok
test_bare_mentions_do_not_replace_the_positional_table (test_check_command_authority.TestCommandAuthority.test_bare_mentions_do_not_replace_the_positional_table) ... ok
test_disruptive_flag_disagreement_refuses (test_check_command_authority.TestCommandAuthority.test_disruptive_flag_disagreement_refuses) ... ok
test_empty_production_initializer_refuses (test_check_command_authority.TestCommandAuthority.test_empty_production_initializer_refuses) ... ok
test_empty_table_refuses (test_check_command_authority.TestCommandAuthority.test_empty_table_refuses) ... ok
test_header_duplicate_refuses (test_check_command_authority.TestCommandAuthority.test_header_duplicate_refuses) ... ok
test_six_controls_reject_their_own_named_defect (test_check_command_authority.TestCommandAuthority.test_six_controls_reject_their_own_named_defect) ... ok
test_surviving_surfaces_share_one_semantic_class (test_check_command_authority.TestCommandAuthority.test_surviving_surfaces_share_one_semantic_class) ... ok
test_three_real_artifacts_agree (test_check_command_authority.TestCommandAuthority.test_three_real_artifacts_agree) ... ok
test_a_release_with_a_cause_outside_the_seven_value_authority (test_compare_corpus_slice_s1b.TestLifecycleControls.test_a_release_with_a_cause_outside_the_seven_value_authority) ... ok
test_a_well_formed_release_is_accepted (test_compare_corpus_slice_s1b.TestLifecycleControls.test_a_well_formed_release_is_accepted)
The positive control for the release shape — without it the cause checks could pass vacuously. ... ok
test_every_domain_rejects_out_of_range_and_non_integer (test_compare_corpus_slice_s1b.TestLifecycleControls.test_every_domain_rejects_out_of_range_and_non_integer) ... ok
test_forwarded_is_now_a_reachable_state_and_the_domain_still_closes (test_compare_corpus_slice_s1b.TestLifecycleControls.test_forwarded_is_now_a_reachable_state_and_the_domain_still_closes) ... ok
test_the_custody_state_domain_is_exactly_the_four_lifecycle_values (test_compare_corpus_slice_s1b.TestLifecycleControls.test_the_custody_state_domain_is_exactly_the_four_lifecycle_values) ... ok
test_the_expiry_fires_before_the_named_edge (test_compare_corpus_slice_s1b.TestLifecycleControls.test_the_expiry_fires_before_the_named_edge) ... ok
test_the_expiry_is_omitted (test_compare_corpus_slice_s1b.TestLifecycleControls.test_the_expiry_is_omitted) ... ok
test_the_expiry_names_a_target_the_row_never_retained (test_compare_corpus_slice_s1b.TestLifecycleControls.test_the_expiry_names_a_target_the_row_never_retained) ... ok
test_the_expiry_names_no_live_row (test_compare_corpus_slice_s1b.TestLifecycleControls.test_the_expiry_names_no_live_row) ... ok
test_the_expiry_names_the_wrong_identity (test_compare_corpus_slice_s1b.TestLifecycleControls.test_the_expiry_names_the_wrong_identity) ... ok
test_the_expiry_reports_a_ctr_h_the_row_never_activated_on (test_compare_corpus_slice_s1b.TestLifecycleControls.test_the_expiry_reports_a_ctr_h_the_row_never_activated_on) ... ok
test_the_expiry_trails_its_scan_driver (test_compare_corpus_slice_s1b.TestLifecycleControls.test_the_expiry_trails_its_scan_driver) ... ok
test_a_licensed_stream_that_did_not_move_is_refused (test_compare_corpus_slice_s1b.TestMovementLicence.test_a_licensed_stream_that_did_not_move_is_refused) ... ok
test_an_unlicensed_mover_is_refused (test_compare_corpus_slice_s1b.TestMovementLicence.test_an_unlicensed_mover_is_refused) ... ok
test_an_untouched_stream_stays_green (test_compare_corpus_slice_s1b.TestMovementLicence.test_an_untouched_stream_stays_green) ... ok
test_a_paired_line_moved (test_compare_corpus_slice_s1b.TestPairedAppendControls.test_a_paired_line_moved) ... ok
test_an_appended_field_that_is_not_an_integer (test_compare_corpus_slice_s1b.TestPairedAppendControls.test_an_appended_field_that_is_not_an_integer) ... ok
test_an_existing_field_changed_value (test_compare_corpus_slice_s1b.TestPairedAppendControls.test_an_existing_field_changed_value) ... ok
test_an_unreviewed_extra_field_rides_along (test_compare_corpus_slice_s1b.TestPairedAppendControls.test_an_unreviewed_extra_field_rides_along) ... ok
test_the_appended_field_is_missing (test_compare_corpus_slice_s1b.TestPairedAppendControls.test_the_appended_field_is_missing) ... ok
test_the_envelope_changed (test_compare_corpus_slice_s1b.TestPairedAppendControls.test_the_envelope_changed) ... ok
test_a_refusal_is_raised_when_the_constant_is_gone (test_compare_corpus_slice_s1b.TestPermittedShapes.test_a_refusal_is_raised_when_the_constant_is_gone) ... ok
test_every_appended_key_is_derived_from_the_comparator_not_typed_here (test_compare_corpus_slice_s1b.TestPermittedShapes.test_every_appended_key_is_derived_from_the_comparator_not_typed_here) ... ok
test_the_undoctored_pair_is_green (test_compare_corpus_slice_s1b.TestPermittedShapes.test_the_undoctored_pair_is_green) ... ok
test_ttl_is_read_from_the_header_and_is_the_named_e2e_deadline (test_compare_corpus_slice_s1b.TestPermittedShapes.test_ttl_is_read_from_the_header_and_is_the_named_e2e_deadline) ... ok
test_a_delivered_event_appears_and_the_ledger_moves (test_compare_corpus_slice_s1b.TestResidueControls.test_a_delivered_event_appears_and_the_ledger_moves) ... ok
test_a_field_of_an_ordinary_event_changes (test_compare_corpus_slice_s1b.TestResidueControls.test_a_field_of_an_ordinary_event_changes) ... ok
test_an_ordinary_event_appears (test_compare_corpus_slice_s1b.TestResidueControls.test_an_ordinary_event_appears) ... ok
test_an_ordinary_event_disappears (test_compare_corpus_slice_s1b.TestResidueControls.test_an_ordinary_event_disappears) ... ok
test_two_ordinary_events_are_reordered (test_compare_corpus_slice_s1b.TestResidueControls.test_two_ordinary_events_are_reordered) ... ok
test_zz_blinding_the_checks_breaks_this_suite (test_compare_corpus_slice_s1b.TestVacuity.test_zz_blinding_the_checks_breaks_this_suite) ... /usr/lib/python3.11/unittest/case.py:579: ResourceWarning: unclosed file <_io.TextIOWrapper name='/dev/null' mode='w' encoding='UTF-8'>
  if method() is not None:
ResourceWarning: Enable tracemalloc to get the object allocation traceback
ok
test_comment_and_string_shadows_do_not_create_predicates (test_gen_command_inventory.TestActionAdmissionSurfaces.test_comment_and_string_shadows_do_not_create_predicates) ... ok
test_duplicate_confirmation_predicate_is_refused (test_gen_command_inventory.TestActionAdmissionSurfaces.test_duplicate_confirmation_predicate_is_refused) ... ok
test_each_new_caller_hop_must_exist (test_gen_command_inventory.TestActionAdmissionSurfaces.test_each_new_caller_hop_must_exist) ... ok
test_empty_confirmation_predicate_is_refused (test_gen_command_inventory.TestActionAdmissionSurfaces.test_empty_confirmation_predicate_is_refused) ... ok
test_missing_confirmation_predicate_is_refused (test_gen_command_inventory.TestActionAdmissionSurfaces.test_missing_confirmation_predicate_is_refused) ... ok
test_new_action_header_dispatcher_cannot_be_silently_omitted (test_gen_command_inventory.TestActionAdmissionSurfaces.test_new_action_header_dispatcher_cannot_be_silently_omitted) ... ok
test_predicate_enclosing_feature_gate_is_preserved (test_gen_command_inventory.TestActionAdmissionSurfaces.test_predicate_enclosing_feature_gate_is_preserved) ... ok
test_real_predicate_rows_have_original_policy_and_actual_owner (test_gen_command_inventory.TestActionAdmissionSurfaces.test_real_predicate_rows_have_original_policy_and_actual_owner) ... ok
test_baseline_rows (test_gen_command_inventory.TestFixtureShapes.test_baseline_rows) ... ok
test_baseline_sees_all_five_shapes (test_gen_command_inventory.TestFixtureShapes.test_baseline_sees_all_five_shapes) ... ok
test_gate_macro_is_exact (test_gen_command_inventory.TestFixtureShapes.test_gate_macro_is_exact) ... ok
test_a_commented_out_arm_is_not_found (test_gen_command_inventory.TestHelpSurface.test_a_commented_out_arm_is_not_found) ... ok
test_a_helper_definition_contributes_no_row (test_gen_command_inventory.TestHelpSurface.test_a_helper_definition_contributes_no_row) ... ok
test_a_removed_help_topic_changes_the_table (test_gen_command_inventory.TestHelpSurface.test_a_removed_help_topic_changes_the_table) ... ok
test_an_added_help_topic_changes_the_table (test_gen_command_inventory.TestHelpSurface.test_an_added_help_topic_changes_the_table) ... ok
test_an_arm_written_inside_a_string_is_not_found (test_gen_command_inventory.TestHelpSurface.test_an_arm_written_inside_a_string_is_not_found) ... ok
test_an_emptied_help_router_is_refused_not_passed (test_gen_command_inventory.TestHelpSurface.test_an_emptied_help_router_is_refused_not_passed)
Strip EVERY comparison from the router — the guard included — and refusal (c) must fire. ... ok
test_the_dispatch_call_site_is_what_proves_the_wiring (test_gen_command_inventory.TestHelpSurface.test_the_dispatch_call_site_is_what_proves_the_wiring)
Delete `help_command(...)` from dispatch and the transport claim must REFUSE, not quietly stand. ... ok
test_the_length_guard_is_not_read_as_an_alias (test_gen_command_inventory.TestHelpSurface.test_the_length_guard_is_not_read_as_an_alias)
`line[4] != ' '` and `line[4] == ' '` are LENGTH GUARDS. Only `line[0] == '?'` is a spelling. ... ok
test_the_real_help_arms_are_found (test_gen_command_inventory.TestHelpSurface.test_the_real_help_arms_are_found) ... ok
test_a_disabled_feature_row_disappears_and_its_complementary_twin_does_not (test_gen_command_inventory.TestPrimaryProjection.test_a_disabled_feature_row_disappears_and_its_complementary_twin_does_not) ... ok
test_a_gate_naming_a_macro_outside_the_profile_REFUSES (test_gen_command_inventory.TestPrimaryProjection.test_a_gate_naming_a_macro_outside_the_profile_REFUSES) ... ok
test_a_new_source_command_changes_the_list_without_touching_the_projection (test_gen_command_inventory.TestPrimaryProjection.test_a_new_source_command_changes_the_list_without_touching_the_projection)
The oracle must be self-maintaining: adding a dispatch arm is the ONLY edit required. ... ok
test_a_word_alias_is_an_independent_primary_name (test_gen_command_inventory.TestPrimaryProjection.test_a_word_alias_is_an_independent_primary_name) ... ok
test_an_empty_projection_REFUSES (test_gen_command_inventory.TestPrimaryProjection.test_an_empty_projection_REFUSES) ... ok
test_only_the_top_and_parse_command_surfaces_are_primary (test_gen_command_inventory.TestPrimaryProjection.test_only_the_top_and_parse_command_surfaces_are_primary) ... ok
test_the_eight_rules_on_one_tree (test_gen_command_inventory.TestPrimaryProjection.test_the_eight_rules_on_one_tree) ... ok
test_the_real_tree_projects_the_manual_s_primary_names (test_gen_command_inventory.TestPrimaryProjection.test_the_real_tree_projects_the_manual_s_primary_names)
The manual's primary-name count is REPRODUCED from source, never copied into it. ... ok
test_a_profile_missing_the_axis_still_REFUSES (test_gen_command_inventory.TestRadminAcceptAxis.test_a_profile_missing_the_axis_still_REFUSES)
The refusal `eval_gate` has always made is PRESERVED — adding a column must not weaken it. ... ok
test_an_unrelated_unknown_macro_still_REFUSES (test_gen_command_inventory.TestRadminAcceptAxis.test_an_unrelated_unknown_macro_still_REFUSES) ... ok
test_every_profile_declares_the_axis_with_its_ruled_literal_value (test_gen_command_inventory.TestRadminAcceptAxis.test_every_profile_declares_the_axis_with_its_ruled_literal_value) ... ok
test_the_axis_is_NOT_derived_from_MR_FEAT_MOBILE (test_gen_command_inventory.TestRadminAcceptAxis.test_the_axis_is_NOT_derived_from_MR_FEAT_MOBILE)
The two FULL static profiles set MR_FEAT_MOBILE=1 AND ACCEPT=1 — so that inference is simply false. ... ok
test_the_axis_is_evaluated_and_separates_the_profiles (test_gen_command_inventory.TestRadminAcceptAxis.test_the_axis_is_evaluated_and_separates_the_profiles) ... ok
test_the_real_ACCEPT_gated_rows_project_onto_exactly_the_four_accept_profiles (test_gen_command_inventory.TestRadminAcceptAxis.test_the_real_ACCEPT_gated_rows_project_onto_exactly_the_four_accept_profiles)
The rows are the REAL recorded ones, and the two families appear iff the profile is an ACCEPT build. ... ok
test_R_RA_30_is_recorded_PER_SUB_VERB_and_only_for_list_and_show (test_gen_command_inventory.TestRadminClientAxis.test_R_RA_30_is_recorded_PER_SUB_VERB_and_only_for_list_and_show)
The ruling's split is in the AUTHORITY TABLE, per row — not inferred from a name shape. ... ok
test_a_profile_missing_the_axis_still_REFUSES (test_gen_command_inventory.TestRadminClientAxis.test_a_profile_missing_the_axis_still_REFUSES)
The refusal `eval_gate` has always made is PRESERVED — adding a SIXTH column must not weaken it. ... ok
test_every_profile_declares_the_axis_with_its_ruled_literal_value (test_gen_command_inventory.TestRadminClientAxis.test_every_profile_declares_the_axis_with_its_ruled_literal_value) ... ok
test_the_axis_is_NOT_derived_from_MR_FEAT_MOBILE (test_gen_command_inventory.TestRadminClientAxis.test_the_axis_is_NOT_derived_from_MR_FEAT_MOBILE)
The two FULL static profiles set MR_FEAT_MOBILE=1 AND CLIENT=0 — so that inference is simply false. ... ok
test_the_axis_is_NOT_the_inverse_of_ACCEPT_inside_the_tool (test_gen_command_inventory.TestRadminClientAxis.test_the_axis_is_NOT_the_inverse_of_ACCEPT_inside_the_tool)
A literal typed column, ⛔ never computed — [[B319]]'s point, restated for its twin. ... ok
test_the_axis_is_evaluated_and_separates_the_profiles (test_gen_command_inventory.TestRadminClientAxis.test_the_axis_is_evaluated_and_separates_the_profiles) ... ok
test_the_override_never_widens_a_surface_it_was_not_spelled_on (test_gen_command_inventory.TestRadminClientAxis.test_the_override_never_widens_a_surface_it_was_not_spelled_on)
A LITERAL table, ⛔ not a rule about the word `list`: the target family's `acl list` stays serial. ... ok
test_the_real_CLIENT_gated_rows_project_onto_exactly_the_two_mobile_profiles (test_gen_command_inventory.TestRadminClientAxis.test_the_real_CLIENT_gated_rows_project_onto_exactly_the_two_mobile_profiles) ... ok
test_the_two_radmin_axes_are_read_INDEPENDENTLY (test_gen_command_inventory.TestRadminClientAxis.test_the_two_radmin_axes_are_read_INDEPENDENTLY)
A SYNTHETIC evaluator fixture: all FOUR combinations are evaluated, including the two the product table ... ok
test_all_three_surfaces_are_represented (test_gen_command_inventory.TestRealTree.test_all_three_surfaces_are_represented) ... ok
test_cfg_key_buffer_fits_every_inventory_key (test_gen_command_inventory.TestRealTree.test_cfg_key_buffer_fits_every_inventory_key) ... ok
test_every_row_carries_exactly_one_authority (test_gen_command_inventory.TestRealTree.test_every_row_carries_exactly_one_authority) ... ok
test_every_row_has_full_provenance (test_gen_command_inventory.TestRealTree.test_every_row_has_full_provenance) ... ok
test_feature_gates_are_recorded_with_their_exact_macro (test_gen_command_inventory.TestRealTree.test_feature_gates_are_recorded_with_their_exact_macro) ... ok
test_no_duplicate_rows (test_gen_command_inventory.TestRealTree.test_no_duplicate_rows) ... ok
test_no_help_text_line_became_a_command_row (test_gen_command_inventory.TestRealTree.test_no_help_text_line_became_a_command_row)
Only the router may yield rows from the help header — never a rendered name line. ... ok
test_representative_real_rows (test_gen_command_inventory.TestRealTree.test_representative_real_rows) ... ok
test_row_count_is_reported_and_nonzero (test_gen_command_inventory.TestRealTree.test_row_count_is_reported_and_nonzero) ... ok
test_the_help_family_is_present_in_the_tracked_table (test_gen_command_inventory.TestRealTree.test_the_help_family_is_present_in_the_tracked_table)
§0g: the help surface yields EXACTLY the primary `help (alias: ?)` row — the nine topics are RETIRED. ... ok
test_tracked_table_equals_fresh_generation (test_gen_command_inventory.TestRealTree.test_tracked_table_equals_fresh_generation) ... ok
test_added_caller_only_arm_changes_the_table (test_gen_command_inventory.TestSabotage.test_added_caller_only_arm_changes_the_table) ... ok
test_added_sub_verb_changes_the_table (test_gen_command_inventory.TestSabotage.test_added_sub_verb_changes_the_table) ... ok
test_added_top_level_verb_changes_the_table (test_gen_command_inventory.TestSabotage.test_added_top_level_verb_changes_the_table) ... ok
test_broken_wiring_makes_the_transport_claim_refuse (test_gen_command_inventory.TestSabotage.test_broken_wiring_makes_the_transport_claim_refuse) ... ok
test_changed_feature_gate_without_a_name_change (test_gen_command_inventory.TestSabotage.test_changed_feature_gate_without_a_name_change) ... ok
test_duplicate_normalized_row_is_refused (test_gen_command_inventory.TestSabotage.test_duplicate_normalized_row_is_refused) ... ok
test_emptied_surface_is_refused_not_passed (test_gen_command_inventory.TestSabotage.test_emptied_surface_is_refused_not_passed)
One dispatcher loses every arm while its wiring stays intact: refusal (c). ... ok
test_generator_reads_the_files_it_is_pointed_at (test_gen_command_inventory.TestSabotage.test_generator_reads_the_files_it_is_pointed_at) ... ok
test_global_zero_rows_is_refused_not_passed (test_gen_command_inventory.TestSabotage.test_global_zero_rows_is_refused_not_passed)
Nothing recognised anywhere and nothing pinned: refusal (d) must still not print PASS. ... ok
test_removed_caller_only_arm_changes_the_table (test_gen_command_inventory.TestSabotage.test_removed_caller_only_arm_changes_the_table) ... ok
test_removed_sub_verb_changes_the_table (test_gen_command_inventory.TestSabotage.test_removed_sub_verb_changes_the_table) ... ok
test_removed_top_level_verb_changes_the_table (test_gen_command_inventory.TestSabotage.test_removed_top_level_verb_changes_the_table) ... ok
test_renamed_surface_function_is_refused (test_gen_command_inventory.TestSabotage.test_renamed_surface_function_is_refused) ... ok
test_row_with_a_non_file_line_source_is_refused (test_gen_command_inventory.TestSabotage.test_row_with_a_non_file_line_source_is_refused) ... ok
test_row_without_provenance_is_refused (test_gen_command_inventory.TestSabotage.test_row_without_provenance_is_refused) ... ok
test_unclassified_dispatcher_is_a_hard_error (test_gen_command_inventory.TestSabotage.test_unclassified_dispatcher_is_a_hard_error) ... ok
test_unclassified_row_is_refused (test_gen_command_inventory.TestSabotage.test_unclassified_row_is_refused) ... ok
test_equalized_gates_and_dropped_discriminator_refuse (test_gen_command_inventory.TestSlice6Normalization.test_equalized_gates_and_dropped_discriminator_refuse) ... ok
test_joinprofile_keeps_both_gates_anchors_and_refusal (test_gen_command_inventory.TestSlice6Normalization.test_joinprofile_keeps_both_gates_anchors_and_refusal) ... ok
test_missing_ruled_classification_refuses_generation (test_gen_command_inventory.TestSlice6Normalization.test_missing_ruled_classification_refuses_generation) ... ok
test_peers_level_guard_is_not_an_extra_bare_row (test_gen_command_inventory.TestSlice6Normalization.test_peers_level_guard_is_not_an_extra_bare_row) ... ok
test_real_normalization_and_discriminator_bindings (test_gen_command_inventory.TestSlice6Normalization.test_real_normalization_and_discriminator_bindings) ... ok
test_dirty_matrix (test_measure_board.GitProvenanceTests.test_dirty_matrix) ... ok
test_effective_environment_coverage_and_controls (test_measure_board.GitProvenanceTests.test_effective_environment_coverage_and_controls) ... ok
test_empty_and_malformed_revisions_abort (test_measure_board.GitProvenanceTests.test_empty_and_malformed_revisions_abort) ... ok
test_empty_worktree_root_aborts (test_measure_board.GitProvenanceTests.test_empty_worktree_root_aborts) ... ok
test_failed_status_command_aborts (test_measure_board.GitProvenanceTests.test_failed_status_command_aborts) ... ok
test_invalid_utf8_porcelain_is_dirty_without_decoding (test_measure_board.GitProvenanceTests.test_invalid_utf8_porcelain_is_dirty_without_decoding) ... ok
test_logged_revision_source (test_measure_board.GitProvenanceTests.test_logged_revision_source) ... ok
test_missing_git_executable_aborts (test_measure_board.GitProvenanceTests.test_missing_git_executable_aborts) ... ok
test_missing_project_directory_aborts (test_measure_board.GitProvenanceTests.test_missing_project_directory_aborts) ... ok
test_no_failure_arm_returns_nogit (test_measure_board.GitProvenanceTests.test_no_failure_arm_returns_nogit)
The whole point of §0 rule 2: the hook can no longer PRODUCE the `nogit` sentinel on any arm. ... ok
test_not_a_worktree_aborts (test_measure_board.GitProvenanceTests.test_not_a_worktree_aborts) ... ok
test_override_arm_invokes_no_git (test_measure_board.GitProvenanceTests.test_override_arm_invokes_no_git) ... ok
test_override_arm_survives_a_git_less_host (test_measure_board.GitProvenanceTests.test_override_arm_survives_a_git_less_host) ... ok
test_project_dir_not_cwd_decides_the_worktree (test_measure_board.GitProvenanceTests.test_project_dir_not_cwd_decides_the_worktree) ... ok
test_removing_the_override_returns_to_the_git_derived_state (test_measure_board.GitProvenanceTests.test_removing_the_override_returns_to_the_git_derived_state) ... ok
test_repository_without_a_commit_aborts (test_measure_board.GitProvenanceTests.test_repository_without_a_commit_aborts) ... ok
test_the_no_git_probe_is_capable_of_firing (test_measure_board.GitProvenanceTests.test_the_no_git_probe_is_capable_of_firing)
Control for the control above: without the override, the same block MUST be hit. ... ok
test_untracked_control_dies_under_the_pre_b253_discriminators (test_measure_board.GitProvenanceTests.test_untracked_control_dies_under_the_pre_b253_discriminators) ... ok
test_whole_hook_stamps_the_project_dir_repository (test_measure_board.GitProvenanceTests.test_whole_hook_stamps_the_project_dir_repository) ... ok
test_build_failure_is_rejected_with_log_tail (test_measure_board.MeasureBoardTests.test_build_failure_is_rejected_with_log_tail) ... ok
test_cc_wrapper_mismatch_fails_qualification (test_measure_board.MeasureBoardTests.test_cc_wrapper_mismatch_fails_qualification) ... ok
test_compiler_state_records_cc_cxx_link_and_alias (test_measure_board.MeasureBoardTests.test_compiler_state_records_cc_cxx_link_and_alias) ... ok
test_concurrent_runner_is_rejected_by_cli (test_measure_board.MeasureBoardTests.test_concurrent_runner_is_rejected_by_cli) ... ok
test_cxx_wrapper_mismatch_fails_qualification (test_measure_board.MeasureBoardTests.test_cxx_wrapper_mismatch_fails_qualification) ... ok
test_every_qualification_field_mismatch_is_rejected (test_measure_board.MeasureBoardTests.test_every_qualification_field_mismatch_is_rejected) ... ok
test_link_wrapper_mismatch_fails_qualification (test_measure_board.MeasureBoardTests.test_link_wrapper_mismatch_fails_qualification) ... ok
test_malformed_and_empty_git_overrides_are_rejected (test_measure_board.MeasureBoardTests.test_malformed_and_empty_git_overrides_are_rejected) ... ok
test_measurement_state_isolated_from_normal_pio (test_measure_board.MeasureBoardTests.test_measurement_state_isolated_from_normal_pio) ... ok
test_missing_flashed_artifact_is_rejected (test_measure_board.MeasureBoardTests.test_missing_flashed_artifact_is_rejected) ... ok
test_missing_size_results_are_rejected (test_measure_board.MeasureBoardTests.test_missing_size_results_are_rejected) ... ok
test_normal_git_path_ignores_measurement_identity (test_measure_board.MeasureBoardTests.test_normal_git_path_ignores_measurement_identity) ... ok
test_qualification_inventory_is_independently_pinned (test_measure_board.MeasureBoardTests.test_qualification_inventory_is_independently_pinned) ... ok
test_source_identity_structure (test_measure_board.MeasureBoardTests.test_source_identity_structure) ... ok
test_valid_git_override_is_used_exactly (test_measure_board.MeasureBoardTests.test_valid_git_override_is_used_exactly) ... ok
test_wrong_fixed_stamp_is_rejected (test_measure_board.MeasureBoardTests.test_wrong_fixed_stamp_is_rejected) ... ok
test_zero_and_multiple_stamps_are_rejected (test_measure_board.MeasureBoardTests.test_zero_and_multiple_stamps_are_rejected) ... ok
test_zero_objects_is_rejected (test_measure_board.MeasureBoardTests.test_zero_objects_is_rejected) ... ok
test_board_environments_do_not_route_through_ccache (test_measure_board.RuledPairTests.test_board_environments_do_not_route_through_ccache) ... ok
test_failing_step_cancels_and_reaps_its_sibling (test_measure_board.RuledPairTests.test_failing_step_cancels_and_reaps_its_sibling) ... ok
test_interrupted_parent_kills_and_reaps_every_child (test_measure_board.RuledPairTests.test_interrupted_parent_kills_and_reaps_every_child) ... ok
test_loadable_sections_is_blind_to_the_nobits_move_the_symbols_catch (test_measure_board.RuledPairTests.test_loadable_sections_is_blind_to_the_nobits_move_the_symbols_catch) ... ok
test_pair_still_excludes_a_concurrent_invocation (test_measure_board.RuledPairTests.test_pair_still_excludes_a_concurrent_invocation) ... ok
test_paths_do_not_depend_on_the_jobs_mode (test_measure_board.RuledPairTests.test_paths_do_not_depend_on_the_jobs_mode) ... ok
test_ruled_pair_has_separate_stable_roots (test_measure_board.RuledPairTests.test_ruled_pair_has_separate_stable_roots) ... ok
test_symbol_inventory_normalization_is_address_free_and_sorted (test_measure_board.RuledPairTests.test_symbol_inventory_normalization_is_address_free_and_sorted) ... ok
test_symbol_inventory_reads_a_real_elf_if_one_has_been_measured (test_measure_board.RuledPairTests.test_symbol_inventory_reads_a_real_elf_if_one_has_been_measured) ... ok
test_build_failure_cannot_run_a_stale_binary (test_mutation_unusable_reason.MutationUnusableReasonTests.test_build_failure_cannot_run_a_stale_binary) ... ok
test_collapsed_arm_control_is_red (test_mutation_unusable_reason.MutationUnusableReasonTests.test_collapsed_arm_control_is_red) ... ok
test_deleted_retention_control_is_red (test_mutation_unusable_reason.MutationUnusableReasonTests.test_deleted_retention_control_is_red) ... ok
test_existing_doctest_verdict_is_unchanged (test_mutation_unusable_reason.MutationUnusableReasonTests.test_existing_doctest_verdict_is_unchanged) ... ok
test_merged_label_is_absent (test_mutation_unusable_reason.MutationUnusableReasonTests.test_merged_label_is_absent) ... ok
test_run_failure_retains_code_and_both_full_streams (test_mutation_unusable_reason.MutationUnusableReasonTests.test_run_failure_retains_code_and_both_full_streams) ... ok
test_selftest_distinguishes_and_retains_both_failures (test_mutation_unusable_reason.MutationUnusableReasonTests.test_selftest_distinguishes_and_retains_both_failures) ... ok
test_a_complete_target_set_is_accepted (test_probe_b278_row_abi.TestFullSweepRefusal.test_a_complete_target_set_is_accepted) ... ok
test_a_silently_dropped_target_REFUSES (test_probe_b278_row_abi.TestFullSweepRefusal.test_a_silently_dropped_target_REFUSES) ... ok
test_an_explicit_filter_is_allowed_but_is_banner_marked_not_a_gate (test_probe_b278_row_abi.TestFullSweepRefusal.test_an_explicit_filter_is_allowed_but_is_banner_marked_not_a_gate) ... ok
test_the_control_count_is_pinned (test_probe_b278_row_abi.TestFullSweepRefusal.test_the_control_count_is_pinned) ... ok
test_dropping_the_bridge_header_REFUSES_rather_than_generating_a_detached_mirror (test_probe_b278_row_abi.TestGeneratedTu.test_dropping_the_bridge_header_REFUSES_rather_than_generating_a_detached_mirror)
★ The property S0's retired 24-byte control used to carry: the mirror must stay TIED TO THE TREE. ... ok
test_every_declared_field_gets_an_offset_symbol (test_probe_b278_row_abi.TestGeneratedTu.test_every_declared_field_gets_an_offset_symbol) ... ok
test_offsets_are_emitted_plus_one_and_read_back_minus_one (test_probe_b278_row_abi.TestGeneratedTu.test_offsets_are_emitted_plus_one_and_read_back_minus_one)
offsetof can be 0 and a zero-length array is no symbol; the +1/-1 must be applied in ONE place. ... ok
test_the_mirror_sequence_is_the_production_sequence (test_probe_b278_row_abi.TestGeneratedTu.test_the_mirror_sequence_is_the_production_sequence)
`lib/core/node.h` `struct DelegAck`, transcribed (V1). A silent re-order makes the probe meaningless. ... ok
test_a_dropped_field_is_a_failing_verdict (test_probe_b278_row_abi.TestHostCompileArms.test_a_dropped_field_is_a_failing_verdict) ... ok
test_an_uncompilable_tu_is_a_failing_verdict_never_a_measurement (test_probe_b278_row_abi.TestHostCompileArms.test_an_uncompilable_tu_is_a_failing_verdict_never_a_measurement) ... ok
test_a_missing_offset_symbol_RAISES_rather_than_reporting_a_smaller_struct (test_probe_b278_row_abi.TestReadMirrorIsFailLoud.test_a_missing_offset_symbol_RAISES_rather_than_reporting_a_smaller_struct) ... ok
test_a_missing_size_symbol_RAISES (test_probe_b278_row_abi.TestReadMirrorIsFailLoud.test_a_missing_size_symbol_RAISES) ... ok
test_the_prefix_survives_the_shared_symbol_filter (test_probe_b278_row_abi.TestSymbolPrefix.test_the_prefix_survives_the_shared_symbol_filter)
`probe_board_abi.read_sizes` keeps ONLY `mr_abi_*`; a private prefix reads back as an empty table. ... ok
test_a_non_32_byte_production_row_is_a_problem (test_probe_b278_row_abi.TestVerdicts.test_a_non_32_byte_production_row_is_a_problem) ... ok
test_a_reordered_layout_of_the_SAME_size_is_still_a_problem (test_probe_b278_row_abi.TestVerdicts.test_a_reordered_layout_of_the_SAME_size_is_still_a_problem)
The reorder control's whole point: 32 bytes is reachable by a WRONG packing, so size alone is blind. ... ok
test_an_offset_outside_sizeof_is_a_problem (test_probe_b278_row_abi.TestVerdicts.test_an_offset_outside_sizeof_is_a_problem) ... ok
test_the_clean_measurement_has_no_problems (test_probe_b278_row_abi.TestVerdicts.test_the_clean_measurement_has_no_problems) ... ok
test_two_fields_sharing_an_offset_is_a_problem (test_probe_b278_row_abi.TestVerdicts.test_two_fields_sharing_an_offset_is_a_problem) ... ok
test_a_broken_toolchain_fails_loudly (test_probe_ble_line.ItCannotReportSuccessWithoutMeasuring.test_a_broken_toolchain_fails_loudly) ... ok
test_the_header_under_test_is_the_one_this_slice_changed (test_probe_ble_line.ItCompilesTheRealProductionHeader.test_the_header_under_test_is_the_one_this_slice_changed) ... ok
test_the_runner_points_the_include_path_at_src (test_probe_ble_line.ItCompilesTheRealProductionHeader.test_the_runner_points_the_include_path_at_src) ... ok
test_the_tu_includes_the_live_header_not_a_copy (test_probe_ble_line.ItCompilesTheRealProductionHeader.test_the_tu_includes_the_live_header_not_a_copy) ... ok
test_both_pins_are_compared_and_set_rc (test_probe_ble_line.PinsAreEnforcedNotPrinted.test_both_pins_are_compared_and_set_rc) ... ok
test_both_pins_are_declared_with_a_written_derivation (test_probe_ble_line.PinsAreEnforcedNotPrinted.test_both_pins_are_declared_with_a_written_derivation) ... ok
test_pipestatus_is_read_bare (test_probe_ble_line.PinsAreEnforcedNotPrinted.test_pipestatus_is_read_bare)
`... | tee ... || true` REPLACES PIPESTATUS with (0), which reads a failing probe as a passing one. ... ok
test_the_controls_run_by_default (test_probe_ble_line.PinsAreEnforcedNotPrinted.test_the_controls_run_by_default)
The sibling probes' documented trap: controls described as not-optional while the default command ... ok
test_it_reuses_the_one_arduino_fake_and_forks_none (test_probe_ble_line.ProbeFilesExist.test_it_reuses_the_one_arduino_fake_and_forks_none)
U1: `tools/probe_console_sink/fakes/Arduino.h` is the ONE Arduino fake. A second one is how two probes ... ok
test_the_fakes_hold_no_intake_decision (test_probe_ble_line.ProbeFilesExist.test_the_fakes_hold_no_intake_decision)
The probe is a gate only because the LINE MACHINE is the real header's. A fake that grew a line ... ok
test_the_runner_and_its_tu_are_present_and_executable (test_probe_ble_line.ProbeFilesExist.test_the_runner_and_its_tu_are_present_and_executable) ... ok
test_no_neg_never_reports_pass (test_probe_ble_line.TheGateRuns.test_no_neg_never_reports_pass) ... ok
test_the_b237_control_of_the_controls_fired (test_probe_ble_line.TheGateRuns.test_the_b237_control_of_the_controls_fired) ... ok
test_the_default_run_actually_executed_its_pinned_checks_and_controls (test_probe_ble_line.TheGateRuns.test_the_default_run_actually_executed_its_pinned_checks_and_controls) ... ok
test_the_default_run_is_the_gate_and_passes (test_probe_ble_line.TheGateRuns.test_the_default_run_is_the_gate_and_passes) ... ok
test_the_derived_capacity_is_reported_not_assumed (test_probe_ble_line.TheGateRuns.test_the_derived_capacity_is_reported_not_assumed)
The probe must PRINT the derivation it measured, so the evidence quotes a measurement. ... ok
test_the_source_integrity_pin_can_actually_fail (test_probe_ble_line.TheGateRuns.test_the_source_integrity_pin_can_actually_fail)
N7 is the only thing standing between this probe and 'compile a copy, inspect the live tree'. ... ok
test_the_tree_is_not_modified_by_a_run (test_probe_ble_line.TheGateRuns.test_the_tree_is_not_modified_by_a_run) ... ok
test_prefers_the_same_package (test_probe_board_abi.BinutilsSelection.test_prefers_the_same_package)
A host `nm` cannot read an xtensa object; a PATH `nm` would silently be somebody else's toolchain. ... ok
test_raises_when_no_such_tool_exists (test_probe_board_abi.BinutilsSelection.test_raises_when_no_such_tool_exists) ... ok
test_an_override_replaces_the_derived_defines (test_probe_board_abi.CompileCommandDerivation.test_an_override_replaces_the_derived_defines)
Controls (4a)/(4b) depend on this seam: the flags must be substitutable, not baked in. ... ok
test_compiles_only (test_probe_board_abi.CompileCommandDerivation.test_compiles_only) ... ok
test_derived_defines_reach_the_compiler (test_probe_board_abi.CompileCommandDerivation.test_derived_defines_reach_the_compiler) ... ok
test_drops_the_dependency_flag (test_probe_board_abi.CompileCommandDerivation.test_drops_the_dependency_flag) ... ok
test_drops_the_toolchain_include_group_and_keeps_the_others (test_probe_board_abi.CompileCommandDerivation.test_drops_the_toolchain_include_group_and_keeps_the_others) ... ok
test_keeps_multi_token_flags_intact (test_probe_board_abi.CompileCommandDerivation.test_keeps_multi_token_flags_intact) ... ok
test_unquotes_shell_quoted_flags (test_probe_board_abi.CompileCommandDerivation.test_unquotes_shell_quoted_flags)
The espressif platform ships one such entry; passed verbatim it reads as a filename and the compile ... ok
test_uses_the_envs_own_pinned_compiler (test_probe_board_abi.CompileCommandDerivation.test_uses_the_envs_own_pinned_compiler) ... ok
test_a_narrow_selection_marks_the_inapplicable_control_na_rather_than_green (test_probe_board_abi.ControlSetIntegrity.test_a_narrow_selection_marks_the_inapplicable_control_na_rather_than_green) ... ok
test_the_full_sweep_control_count_is_pinned (test_probe_board_abi.ControlSetIntegrity.test_the_full_sweep_control_count_is_pinned)
[[B217]]'s discipline: the gate's control count must not shrink quietly. ... ok
test_a_candidate_that_emits_nothing_is_coverage_LOSS_not_a_zero (test_probe_board_abi.ExtraPinsOverlay.test_a_candidate_that_emits_nothing_is_coverage_LOSS_not_a_zero) ... ok
test_a_manifest_missing_a_target_block_refuses (test_probe_board_abi.ExtraPinsOverlay.test_a_manifest_missing_a_target_block_refuses) ... ok
test_a_manifest_naming_a_missing_header_refuses (test_probe_board_abi.ExtraPinsOverlay.test_a_manifest_naming_a_missing_header_refuses) ... ok
test_a_manifest_reusing_a_builtin_name_refuses (test_probe_board_abi.ExtraPinsOverlay.test_a_manifest_reusing_a_builtin_name_refuses) ... ok
test_a_manifest_with_an_unknown_target_refuses (test_probe_board_abi.ExtraPinsOverlay.test_a_manifest_with_an_unknown_target_refuses) ... ok
test_a_manifest_with_no_types_refuses (test_probe_board_abi.ExtraPinsOverlay.test_a_manifest_with_no_types_refuses) ... ok
test_a_manifest_without_pins_refuses (test_probe_board_abi.ExtraPinsOverlay.test_a_manifest_without_pins_refuses) ... ok
test_a_missing_manifest_file_refuses (test_probe_board_abi.ExtraPinsOverlay.test_a_missing_manifest_file_refuses) ... ok
test_a_moved_candidate_size_is_red (test_probe_board_abi.ExtraPinsOverlay.test_a_moved_candidate_size_is_red) ... ok
test_an_unreadable_extra_pins_path_exits_8_not_zero (test_probe_board_abi.ExtraPinsOverlay.test_an_unreadable_extra_pins_path_exits_8_not_zero) ... ok
test_an_unrequested_extra_symbol_is_still_red (test_probe_board_abi.ExtraPinsOverlay.test_an_unrequested_extra_symbol_is_still_red) ... ok
test_no_overlay_means_active_pins_IS_the_builtin_table (test_probe_board_abi.ExtraPinsOverlay.test_no_overlay_means_active_pins_IS_the_builtin_table) ... ok
test_no_overlay_means_no_extra_include_dirs_reach_the_compiler (test_probe_board_abi.ExtraPinsOverlay.test_no_overlay_means_no_extra_include_dirs_reach_the_compiler) ... ok
test_no_overlay_means_the_generated_tu_includes_only_the_builtin_headers (test_probe_board_abi.ExtraPinsOverlay.test_no_overlay_means_the_generated_tu_includes_only_the_builtin_headers) ... ok
test_the_candidates_are_abi_invariant_and_the_witness_is_not (test_probe_board_abi.ExtraPinsOverlay.test_the_candidates_are_abi_invariant_and_the_witness_is_not)
★ The measurement's own control: if EVERY extra pin agreed across the three ABIs and nothing disagreed, ... ok
test_the_overlay_merges_without_disturbing_a_builtin_pin (test_probe_board_abi.ExtraPinsOverlay.test_the_overlay_merges_without_disturbing_a_builtin_pin) ... ok
test_the_overlay_reaches_the_generated_tu_and_the_include_path (test_probe_board_abi.ExtraPinsOverlay.test_the_overlay_reaches_the_generated_tu_and_the_include_path) ... ok
test_the_tracked_manifest_loads_and_pins_every_type_on_every_target (test_probe_board_abi.ExtraPinsOverlay.test_the_tracked_manifest_loads_and_pins_every_type_on_every_target) ... ok
test_an_unknown_struct_selector_exits_8_not_zero (test_probe_board_abi.FailingVerdicts.test_an_unknown_struct_selector_exits_8_not_zero)
[[B235]]: a selection that matches nothing must be a LOUD REFUSAL, never a quiet '0 problems'. ... ok
test_an_unknown_target_selector_exits_8_not_zero (test_probe_board_abi.FailingVerdicts.test_an_unknown_target_selector_exits_8_not_zero) ... ok
test_compile_failure_is_a_failing_verdict (test_probe_board_abi.FailingVerdicts.test_compile_failure_is_a_failing_verdict)
⛔ THE [[B237]] ARM, run for real on the HOST compiler: an unbuildable TU must raise, never return an ... ok
test_a_flag_without_the_tu_is_red (test_probe_board_abi.FeatureTuPredicateDerivation.test_a_flag_without_the_tu_is_red) ... ok
test_a_tu_without_the_flag_is_red (test_probe_board_abi.FeatureTuPredicateDerivation.test_a_tu_without_the_flag_is_red) ... ok
test_the_predicate_is_checked_against_all_environments_not_a_list (test_probe_board_abi.FeatureTuPredicateDerivation.test_the_predicate_is_checked_against_all_environments_not_a_list) ... ok
test_the_real_configuration_agrees_on_every_environment (test_probe_board_abi.FeatureTuPredicateDerivation.test_the_real_configuration_agrees_on_every_environment) ... ok
test_emits_size_and_alignment_symbols_for_every_entry (test_probe_board_abi.GeneratedTu.test_emits_size_and_alignment_symbols_for_every_entry) ... ok
test_feature_tu_markers_are_guarded_by_the_declared_predicate (test_probe_board_abi.GeneratedTu.test_feature_tu_markers_are_guarded_by_the_declared_predicate)
The T (feature-TU-inclusion) half must be decided by the PREPROCESSOR on the env's flags — if the ... ok
test_mr_features_is_included_before_anything_reads_MR_FEAT (test_probe_board_abi.GeneratedTu.test_mr_features_is_included_before_anything_reads_MR_FEAT) ... ok
test_the_fixture_keeps_the_incident_shape (test_probe_board_abi.GeneratedTu.test_the_fixture_keeps_the_incident_shape)
A pointer, then a byte, then the `uint32_t` that is free only where pointers are 8 bytes. ... ok
test_board_targets_are_the_two_approved_abis (test_probe_board_abi.PinTableStructure.test_board_targets_are_the_two_approved_abis) ... ok
test_every_target_pins_every_struct_including_the_fixture (test_probe_board_abi.PinTableStructure.test_every_target_pins_every_struct_including_the_fixture) ... ok
test_the_host_and_the_boards_are_pinned_differently_somewhere (test_probe_board_abi.PinTableStructure.test_the_host_and_the_boards_are_pinned_differently_somewhere)
★ The pins THEMSELVES must record a divergence, or the table is a host table with three columns. ... ok
test_the_pinned_set_has_no_duplicates (test_probe_board_abi.PinTableStructure.test_the_pinned_set_has_no_duplicates) ... ok
test_a_missing_pin_block_is_red (test_probe_board_abi.Verdicts.test_a_missing_pin_block_is_red) ... ok
test_a_moved_alignment_is_red (test_probe_board_abi.Verdicts.test_a_moved_alignment_is_red) ... ok
test_a_moved_size_is_red (test_probe_board_abi.Verdicts.test_a_moved_size_is_red) ... ok
test_a_probed_but_unpinned_struct_is_red (test_probe_board_abi.Verdicts.test_a_probed_but_unpinned_struct_is_red) ... ok
test_an_abi_invariant_fixture_is_red (test_probe_board_abi.Verdicts.test_an_abi_invariant_fixture_is_red)
Control (1) in pure form: if the fixture stops diverging, the probe cannot see the B246 class. ... ok
test_an_all_invariant_production_set_is_red (test_probe_board_abi.Verdicts.test_an_all_invariant_production_set_is_red) ... ok
test_an_unpinned_probed_symbol_is_red (test_probe_board_abi.Verdicts.test_an_unpinned_probed_symbol_is_red) ... ok
test_coverage_loss_is_red (test_probe_board_abi.Verdicts.test_coverage_loss_is_red) ... ok
test_lost_feature_tu_inclusion_is_red_even_though_every_size_matches (test_probe_board_abi.Verdicts.test_lost_feature_tu_inclusion_is_red_even_though_every_size_matches)
★ THE POINT OF THE T COLUMN: sizes alone stay green while the one board with a panel silently stops ... ok
test_the_clean_measurement_passes (test_probe_board_abi.Verdicts.test_the_clean_measurement_passes) ... ok
test_unexpected_feature_tu_inclusion_is_red (test_probe_board_abi.Verdicts.test_unexpected_feature_tu_inclusion_is_red) ... ok
test_a_commented_out_refusal_is_not_extracted (test_probe_console_sink.TestBleGuard.test_a_commented_out_refusal_is_not_extracted) ... ok
test_extraction_refuses_a_DUPLICATED_refusal (test_probe_console_sink.TestBleGuard.test_extraction_refuses_a_DUPLICATED_refusal) ... ok
test_extraction_refuses_when_the_refusal_is_gone (test_probe_console_sink.TestBleGuard.test_extraction_refuses_when_the_refusal_is_gone) ... ok
test_the_corpus_covers_every_owner_topic_in_the_leaky_shapes (test_probe_console_sink.TestBleGuard.test_the_corpus_covers_every_owner_topic_in_the_leaky_shapes) ... ok
test_the_real_guard_extracts_and_covers_the_whole_help_family (test_probe_console_sink.TestBleGuard.test_the_real_guard_extracts_and_covers_the_whole_help_family) ... ok
test_an_empty_row_set_REFUSES_instead_of_projecting_nothing (test_probe_console_sink.TestPrimaryProjectionOracle.test_an_empty_row_set_REFUSES_instead_of_projecting_nothing) ... ok
test_every_profile_projects_a_non_empty_sorted_unique_name_set (test_probe_console_sink.TestPrimaryProjectionOracle.test_every_profile_projects_a_non_empty_sorted_unique_name_set) ... ok
test_the_console_token_parser_surface_is_included (test_probe_console_sink.TestPrimaryProjectionOracle.test_the_console_token_parser_surface_is_included)
Surface 3's seven names never reach dispatch(); dropping that surface loses them silently (42 vs 49). ... ok
test_the_feature_gates_really_separate_the_profiles (test_probe_console_sink.TestPrimaryProjectionOracle.test_the_feature_gates_really_separate_the_profiles)
A projection identical on every profile would silently stop testing availability at all. ... ok
test_the_gate_evaluator_agrees_with_the_real_gates (test_probe_console_sink.TestPrimaryProjectionOracle.test_the_gate_evaluator_agrees_with_the_real_gates) ... ok
test_the_gate_evaluator_refuses_a_macro_that_is_not_a_profile_axis (test_probe_console_sink.TestPrimaryProjectionOracle.test_the_gate_evaluator_refuses_a_macro_that_is_not_a_profile_axis) ... ok
test_the_punctuation_alias_is_not_a_second_command (test_probe_console_sink.TestPrimaryProjectionOracle.test_the_punctuation_alias_is_not_a_second_command) ... ok
test_every_profile_was_compared_against_the_source_projection (test_probe_console_sink.TestProbeRunner.test_every_profile_was_compared_against_the_source_projection)
§0g: the oracle is the GENERATED INVENTORY, and every profile must actually have been compared to it. ... ok
test_every_response_fits_the_stage_with_headroom_reported (test_probe_console_sink.TestProbeRunner.test_every_response_fits_the_stage_with_headroom_reported) ... ok
test_no_control_was_unusable (test_probe_console_sink.TestProbeRunner.test_no_control_was_unusable) ... ok
test_no_neg_is_visibly_probe_only_and_never_claims_pass (test_probe_console_sink.TestProbeRunner.test_no_neg_is_visibly_probe_only_and_never_claims_pass) ... ok
test_the_ble_refusal_was_measured_not_asserted (test_probe_console_sink.TestProbeRunner.test_the_ble_refusal_was_measured_not_asserted)
The owner-ruled BLE refusals are EXECUTED, not grepped — and BOTH families are read, not just the first. ... ok
test_the_default_gate_passes (test_probe_console_sink.TestProbeRunner.test_the_default_gate_passes) ... ok
test_the_derived_pins (test_probe_console_sink.TestProbeRunner.test_the_derived_pins) ... ok
test_the_probe_matrix_matches_the_generator_matrix (test_probe_console_sink.TestProbeRunner.test_the_probe_matrix_matches_the_generator_matrix)
One profile list, not two: the runner's PROFILES and the generator's must name the same builds. ... ok
test_the_run_measured_the_checkout (test_probe_console_sink.TestProbeRunner.test_the_run_measured_the_checkout) ... ok
test_the_runner_enforces_its_own_pins (test_probe_console_sink.TestProbeRunner.test_the_runner_enforces_its_own_pins)
[[B294]]: running the gate DIRECTLY must refuse a shrunken measurement instead of printing PASS. ... ok
test_a_broken_toolchain_fails_loudly (test_probe_custody_usb.ItCannotReportSuccessWithoutMeasuring.test_a_broken_toolchain_fails_loudly) ... ok
test_both_pins_are_compared_and_set_rc (test_probe_custody_usb.PinsAreEnforcedNotPrinted.test_both_pins_are_compared_and_set_rc) ... ok
test_both_pins_are_declared_with_a_written_derivation (test_probe_custody_usb.PinsAreEnforcedNotPrinted.test_both_pins_are_declared_with_a_written_derivation) ... ok
test_pipestatus_is_read_bare (test_probe_custody_usb.PinsAreEnforcedNotPrinted.test_pipestatus_is_read_bare)
`... | tee ... || true` REPLACES PIPESTATUS with (0), which reads a failing probe as a passing one. ... ok
test_the_controls_run_by_default (test_probe_custody_usb.PinsAreEnforcedNotPrinted.test_the_controls_run_by_default)
The sibling probes' documented trap: controls described as not-optional while the default command ... ok
test_it_reuses_the_one_arduino_fake_and_forks_none (test_probe_custody_usb.ProbeFilesExist.test_it_reuses_the_one_arduino_fake_and_forks_none)
U1: `tools/probe_console_sink/fakes/Arduino.h` is the ONE fake. A second one is how two probes end ... ok
test_the_runner_and_its_tu_are_present_and_executable (test_probe_custody_usb.ProbeFilesExist.test_the_runner_and_its_tu_are_present_and_executable) ... ok
test_no_neg_never_reports_pass (test_probe_custody_usb.TheGateRuns.test_no_neg_never_reports_pass) ... ok
test_the_b237_control_of_the_controls_fired (test_probe_custody_usb.TheGateRuns.test_the_b237_control_of_the_controls_fired) ... ok
test_the_default_run_actually_executed_its_pinned_checks_and_controls (test_probe_custody_usb.TheGateRuns.test_the_default_run_actually_executed_its_pinned_checks_and_controls) ... ok
test_the_default_run_is_the_gate_and_passes (test_probe_custody_usb.TheGateRuns.test_the_default_run_is_the_gate_and_passes) ... ok
test_the_tree_is_not_modified_by_a_run (test_probe_custody_usb.TheGateRuns.test_the_tree_is_not_modified_by_a_run) ... ok
test_a_broken_toolchain_fails_loudly (test_probe_features.ItCannotReportSuccessWithoutMeasuring.test_a_broken_toolchain_fails_loudly) ... ok
test_dropping_a_check_cannot_preserve_pass (test_probe_features.ItCannotReportSuccessWithoutMeasuring.test_dropping_a_check_cannot_preserve_pass) ... ok
test_dropping_a_configuration_cannot_preserve_pass (test_probe_features.ItCannotReportSuccessWithoutMeasuring.test_dropping_a_configuration_cannot_preserve_pass) ... ok
test_dropping_a_control_cannot_preserve_pass (test_probe_features.ItCannotReportSuccessWithoutMeasuring.test_dropping_a_control_cannot_preserve_pass) ... ok
test_the_driver_derives_no_expectation_from_the_header (test_probe_features.ItCompilesTheRealProductionHeader.test_the_driver_derives_no_expectation_from_the_header)
⛔ The one way this probe could become a model of itself: computing the expected value from the ... ok
test_the_driver_includes_the_live_header_not_a_copy (test_probe_features.ItCompilesTheRealProductionHeader.test_the_driver_includes_the_live_header_not_a_copy) ... ok
test_the_header_under_test_is_the_one_this_slice_changed (test_probe_features.ItCompilesTheRealProductionHeader.test_the_header_under_test_is_the_one_this_slice_changed) ... ok
test_the_runner_points_the_include_path_at_lib_core (test_probe_features.ItCompilesTheRealProductionHeader.test_the_runner_points_the_include_path_at_lib_core) ... ok
test_all_three_pins_are_compared_and_set_rc (test_probe_features.PinsAreEnforcedNotPrinted.test_all_three_pins_are_compared_and_set_rc) ... ok
test_all_three_pins_are_declared_with_a_written_derivation (test_probe_features.PinsAreEnforcedNotPrinted.test_all_three_pins_are_declared_with_a_written_derivation) ... ok
test_the_controls_run_by_default (test_probe_features.PinsAreEnforcedNotPrinted.test_the_controls_run_by_default)
The sibling probes' documented trap: controls described as not-optional while the default command ... ok
test_no_arduino_fake_was_forked (test_probe_features.ProbeFilesExist.test_no_arduino_fake_was_forked)
U1. The header consumes DEFINES, not a device API, so this probe needs no Arduino fake at all — and ... ok
test_the_runner_and_its_support_files_are_present_and_executable (test_probe_features.ProbeFilesExist.test_the_runner_and_its_support_files_are_present_and_executable) ... ok
test_the_approved_census_names_production_files_only (test_probe_features.TheFirstConsumerFence.test_the_approved_census_names_production_files_only)
The contract itself must not quietly admit a test file or a second consumer as "approved". ... ok
test_the_contract_actually_rejects_a_real_violation (test_probe_features.TheFirstConsumerFence.test_the_contract_actually_rejects_a_real_violation)
⛔ THE INDEPENDENT FALSIFIER, run from OUTSIDE the checker's own control harness: the macro-argument ... ok
test_the_ownership_contract_passes_on_the_real_sources (test_probe_features.TheFirstConsumerFence.test_the_ownership_contract_passes_on_the_real_sources) ... ok
test_the_ownership_controls_all_fire (test_probe_features.TheFirstConsumerFence.test_the_ownership_controls_all_fire) ... ok
test_the_pair_has_no_command_line_override_surface (test_probe_features.TheFirstConsumerFence.test_the_pair_has_no_command_line_override_surface)
R-RA-26 forbids a configuration override: an invalid pair must be underivable, not merely unusual. ... ok
test_the_retired_zero_consumer_pin_is_gone_and_visibly_replaced (test_probe_features.TheFirstConsumerFence.test_the_retired_zero_consumer_pin_is_gone_and_visibly_replaced)
A retirement that leaves no trace is indistinguishable from a deletion to make a gate pass. ... ok
test_the_runner_calls_the_contract_in_both_modes_and_counts_it (test_probe_features.TheFirstConsumerFence.test_the_runner_calls_the_contract_in_both_modes_and_counts_it) ... ok
test_the_two_pins_reconcile_with_what_the_contract_actually_emits (test_probe_features.TheFirstConsumerFence.test_the_two_pins_reconcile_with_what_the_contract_actually_emits)
The runner's pins equal the surviving pre-1b checks plus today's ownership instrument. ... ok
test_every_declared_control_class_actually_fired (test_probe_features.TheGateRuns.test_every_declared_control_class_actually_fired) ... ok
test_it_executed_its_pinned_cells_checks_and_controls (test_probe_features.TheGateRuns.test_it_executed_its_pinned_cells_checks_and_controls) ... ok
test_no_neg_never_reports_pass (test_probe_features.TheGateRuns.test_no_neg_never_reports_pass) ... ok
test_the_classification_is_declared_before_any_control_runs (test_probe_features.TheGateRuns.test_the_classification_is_declared_before_any_control_runs)
A classification decided after seeing the outcome is not a classification. ... ok
test_the_default_run_is_the_gate_and_passes (test_probe_features.TheGateRuns.test_the_default_run_is_the_gate_and_passes) ... ok
test_the_environment_mapping_is_derived_not_typed (test_probe_features.TheGateRuns.test_the_environment_mapping_is_derived_not_typed) ... ok
test_the_ownership_contract_ran_inside_the_gate (test_probe_features.TheGateRuns.test_the_ownership_contract_ran_inside_the_gate)
★ SLICE 1b: the contract is only a gate if the DEFAULT command runs it — a probe invoked by hand is a ... ok
test_the_refusals_are_attributed_to_the_headers_own_diagnostics (test_probe_features.TheGateRuns.test_the_refusals_are_attributed_to_the_headers_own_diagnostics)
⛔ A compile failure is the declared RED for class A ONLY because it is matched to a diagnostic ... ok
test_the_simulator_gateway_keeps_both_endpoints_and_that_is_measured (test_probe_features.TheGateRuns.test_the_simulator_gateway_keeps_both_endpoints_and_that_is_measured)
The one cell no profile-only reading of R-RA-17 would have got right. ... ok
test_the_tree_is_not_modified_by_a_run (test_probe_features.TheGateRuns.test_the_tree_is_not_modified_by_a_run) ... ok
test_a_multi_match_find_is_refused (test_probe_features.TheMutatorIsSingleMatch.test_a_multi_match_find_is_refused) ... ok
test_a_vacuous_find_is_refused (test_probe_features.TheMutatorIsSingleMatch.test_a_vacuous_find_is_refused) ... ok
test_both_banners_call_the_single_formatter (test_worker_formula_derived.WorkerFormulaDerivedTests.test_both_banners_call_the_single_formatter) ... ok
test_control_a_new_literal_anywhere_is_seen (test_worker_formula_derived.WorkerFormulaDerivedTests.test_control_a_new_literal_anywhere_is_seen) ... ok
test_control_prose_drift_is_seen (test_worker_formula_derived.WorkerFormulaDerivedTests.test_control_prose_drift_is_seen) ... ok
test_control_run_banner_literal_is_seen (test_worker_formula_derived.WorkerFormulaDerivedTests.test_control_run_banner_literal_is_seen) ... ok
test_control_where_banner_literal_is_seen (test_worker_formula_derived.WorkerFormulaDerivedTests.test_control_where_banner_literal_is_seen) ... ok
test_no_undeclared_formula_literal_survives (test_worker_formula_derived.WorkerFormulaDerivedTests.test_no_undeclared_formula_literal_survives) ... ok
test_prose_at_the_constant_agrees_with_the_constants (test_worker_formula_derived.WorkerFormulaDerivedTests.test_prose_at_the_constant_agrees_with_the_constants) ... ok

----------------------------------------------------------------------
Ran 356 tests in 681.321s

OK
  ok    O3 the ACK released exactly one row
  ok    O3 the row's life ends at the ACK, not at the TTL
  ok    O3 reserve+put collapse to ONE row, not two
  ok    O3 the end is OBSERVED, so the row is not left open
  ok    O3 the registration authority is no longer needed for the bind
  ok    O3s an ACK whose ctr_h no row activated on -> unbound, row NOT freed
  ok    O3s the row therefore lives to its TTL
  ok    O3s an ACK naming another mobile's hash -> unbound, never paired by ctr alone
  ok    O3a two rows sharing {mobile_hash, ctr_m, ctr_h} -> AMBIGUOUS, never the first match
  ok    O3f a `mobile_reverse_ack` without `mobile_hash` REFUSES (a missing field is not a zero)
  ok    O3f a `mobile_reverse_ack` without `ctr_h` REFUSES (a missing field is not a zero)
  ok    O3f a `ctr_h` of False REFUSES (bool subclasses int; only a type identity rejects it)
  ok    O3f a `ctr_h` of 2.0 REFUSES (bool subclasses int; only a type identity rejects it)
  ok    O3f a `ctr_h` of '9' REFUSES (bool subclasses int; only a type identity rejects it)
  ok    O3f a `deleg_ack_reserved` without `target_kind` REFUSES (a pre-S1b stream is not this measurement)
  ok    O4 reserved-never-activated counted
  ok    O4 an unclosed row is reported as such, not folded into a bound
  ok    O4 lo arm gives it no span
  ok    O4 hi arm holds it to the TTL
  ok    O5 the release closed the row exactly, with its cause
  ok    O5 lo and hi now COINCIDE — the S0/S1a gap is closed
  ok    O5 all seven release causes are accepted and counted separately
  ok    O5s an orphan release is UNBOUND, never invented into a row
  ok    O6 the expiry closed the row at the named edge, with its exact custody state
  ok    O6s an orphan expiry is UNBOUND, never invented into a row
  ok    O7 a forward event binds to EXACTLY ONE live active row and stamps it
  ok    O7 a forwarded row is still closed by its later ACK
  ok    O7s an orphan forward is UNBOUND, never invented into a row
  ok    O7s a forward whose return peer disagrees does NOT bind (counter-only matching is refused)
  ok    O7s an AMBIGUOUS forward (two live rows share the wire-visible identity) is UNBOUND
  ok    O7s a forward missing `type` REFUSES the run
  ok    O7s a forward missing `ctr_m` REFUSES the run
  ok    O7s a boolean `ctr_h` REFUSES — only a type-IDENTITY test rejects it
  ok    O8 an expiry reporting `forwarded` is ACCEPTED when a forward event bound to that row
  ok    O8s an expiry CLAIMING `forwarded` with no forward event behind it is a FINDING
  ok    S1 a mutated ACK bound REFUSES against the header (no stale bound is reported as current)

PASS: §B278 census selftest, 0 failure(s)
RED: missing row -> missing ruled row: ('acl', '—')
RED: duplicate row -> duplicate semantic authority row: ('acl', '—')
RED: unclassified row -> unclassified or malformed authority table row: | `acl` | — | unclassified | no | [§G](../plans/2026-09-06-radmin-authority-classification-proposal.md#g-target-side-remote-admin-stores-slice-3--the-physical-class) |
RED: table/header disagreement -> table/header disagreement: ('acl', '—')
RED: orphan row -> orphan ruled row: ('orphan-probe', '—')
RED: surface mark dropped -> authority/surface mark disagreement at src/firmware_help.h:161
git_rev.py: GIT_REV = b206b206b206 (source=override)
git_rev.py: GIT_REV = b206b206b206 (source=override)
git_rev.py: GIT_REV = b206b206b206 (source=override)
git_rev.py: GIT_REV = b206b206b206 (source=override)
git_rev.py: GIT_REV = b206b206b206 (source=override)
git_rev.py: GIT_REV = b206b206b206 (source=override)
git_rev.py: GIT_REV = b206b206b206 (source=override)
git_rev.py: GIT_REV = b206b206b206 (source=override)
git_rev.py: GIT_REV = b206b206b206 (source=override)
git_rev.py: GIT_REV = b206b206b206 (source=override)
git_rev.py: GIT_REV = b206b206b206 (source=override)
git_rev.py: GIT_REV = b206b206b206 (source=override)
git_rev.py: GIT_REV = b206b206b206 (source=override)
git_rev.py: GIT_REV = ea524cc (source=git)
git_rev.py: GIT_REV = b206b206b206 (source=override)
git_rev.py: GIT_REV = b206b206b206 (source=override)
git_rev.py: GIT_REV = b206b206b206 (source=override)
git_rev.py: GIT_REV = ea524cc (source=git)
git_rev.py: GIT_REV = e680271-dirty (source=git)
git_rev.py: GIT_REV = e680271-dirty (source=git)
git_rev.py: GIT_REV = b206b206b206 (source=override)
