== CENSUS 05:51:53
rc=0
env                   objs      warn    expect  -Wswitch        RAM      Flash  verdict
gateway_heltec         329       171       171         0     238852    1337940  ok
gateway_heltec_v4      330       175       175         0     239124    1336000  ok
heltec_mobile          329       175       175         0     211724    1394704  ok
heltec_v3              329       175       175         0     214068    1392380  ok
heltec_v4              330       179       179         0     214340    1390400  ok
heltec_v4_mobile       330       179       179         0     211996    1392700  ok
PASS — 6 OLED env(s) match their pinned warning baseline
== BOARD PAIR 05:55:13
rc=0
  RAM=203740 flash=572240 objects=285
  RAM=211724 flash=1394704 objects=329
gateway elf=cfab68a8e3c77ab2
heltec_mobile elf=d84cfc19d6a753ff
== XIAO one-off
rc=0
RAM: [======= ] 75.0% (used 176556 bytes from 235520 bytes)
Flash: [========= ] 86.3% (used 699548 bytes from 811008 bytes)
== END 05:59:44
