== BASE 05:00:05
ab3d9c5e944e2812038be716a793297e7d1d0f33
7
6585649ea5a780f0542b2931853a667be56a5b2b
47ca6053e56e4268  src/device_nv.h
32cabbba4e56706a  src/firmware_config.h
9472d8ab71e92e51  src/fw_main.cpp
3b9971fbd4f82a3f  lib/core/node.h
a4500491cda86244  test/test_custody_receive_g.cpp
93865b037b534add  test/test_device_nv.cpp
a4ae64ec046d4a90  test/test_firmware_config_service.cpp
296f0e9476dea992  test/test_firmware_provisioning_service.cpp
d6edbea5b7437e20  tools/probe_board_abi.py
6b06bc1182c35193  tools/probe_console_sink/negctl.py
f543dbf1829bd09d  tools/probe_console_sink/run.sh
753c2477e256a49a  tools/probe_console_sink/structural.py
9e717a74b2d5941f  tools/probe_features/ownership.py
ae776415d524c016  tools/probe_inbox_verbs/probe_main.cpp
2d1411e94bf39770  tools/probe_inbox_verbs/run.sh
a104f0c87ecefb45  src/firmware_config.cpp
722253904b11888d  platformio.ini
a70e5343bf8a9a78  tools/probe_ui_model_mutations.py
== LAYOUT (native, real frozen headers)
g++ rc=0
Blob=240 align=8 intro=162 team_ch_pub=163 team_key_team_id=228 ract=236
Node=235208
== CENSUS-OF-GUARDS
node.h #if MR_FEAT_RADMIN lines: 8
Traceback (most recent call last):
  File "<string>", line 3, in <module>
AttributeError: 'NoneType' object has no attribute 'group'
== NATIVE 05:00:06
pio rc=0
prog rc=0
[doctest] test cases:   2950 |   2950 passed | 0 failed | 0 skipped
[doctest] assertions: 195770 | 195770 passed | 0 failed |
== REFERENCE (extended)
rc=0
Strict comparison: 94/94 literals match
Strict comparison: 89/89 literals match
Old-89 identity: 89/89 unchanged
COMPARATOR CONTROL RED (changed): MISMATCH kRefBody_resp_terminal_auth_code09 at byte 0
COMPARATOR CONTROL RED (missing): MISSING kRefBody_resp_terminal_auth_code09
COMPARATOR CONTROL RED (extra): EXTRA kRefExtra
COMPARATOR CONTROL RED (duplicate): duplicate/mis-sized literal: kRefBody_resp_terminal_auth_code09
COMPARATOR CONTROL RED (mis-sized): duplicate/mis-sized literal: kRefBody_resp_terminal_auth_code09
== REFERENCE slice9
rc=0
LEGACY CONTROL RED (one byte changed): legacy literal differs from the captured 40 bytes
LEGACY CONTROL RED (literal outside case): legacy literal missing, duplicated or outside its case
LEGACY CONTROL RED (decoder input disconnected): legacy literal is not the v2 decoder input
PASS: 94 unchanged independent arrays + 1 frozen legacy frame
== LUS before
b3f5f0e76cc059229c4086a7470dc11c  /home/staszek/lora-universal-simulator/build/orchestrator/lus
cmake rc=0
34
== LUS after
18075be70d45ec266a38feca94a530b4  /home/staszek/lora-universal-simulator/build/orchestrator/lus
== CORPUS 05:01:02
corpus rc=0
  [35/36] ok  s18_meshroute                                32afbf11 events=269517 (29.8s)
PASS: 36/36 streams produced and validated, 0 failures
  anchors: 36/36 rows reproduce simulation/BASELINE.md
== ABI
rc=0
  meshroute::Node                         235208/8 T              122176/8 T              157304/8 T *
PASS: board ABI (290 checks, 9/9 controls RED, 0 unusable)
== ROW ABI
rc=0
PASS: B278 production correlation-row ABI mirror (42 measurements, 6/6 controls RED)
== PROBE console_sink 05:02:54
rc=0
S6-C11 BLE validator moved below the first command-owning arm
X8 B214 hide recovering behind a default arm
S-C39 factory_erase stops erasing wholesale on the ESP32 arm (the new records would SURVIVE a factory reset)
real sources verified UNCHANGED; 8 sink + 35 source + 23 help + 5 BLE + 22 radmin3 + 21 radmin4 controls run + 22 activation controls + 16 executor ownership controls (CONTROLS-TOTAL 152)
PINS profiles=6 checks=720 structural=84 ble_guard=905 ownership=6 ownership_controls=3 controls=152 unusable_controls=0
PASS: probe + structural + controls all green
== PROBE console_sink --no-neg
rc=0

PROBE-ONLY (negative controls SKIPPED) — this is NOT a gate result. Re-run without --no-neg.
== PROBE inbox_verbs 05:04:41
rc=0
  ok   C17 the TEXT arm drops print_reqpubkey_hint (a refusal names the wall but not the way round it) -> RED (1 check(s) failed: X13 )
  ok   C18 the TEXT arm writes to the global `mrcon` instead of the sink it was handed ([[B279]] shape) -> RED (4 check(s) failed: X18 Y2 Y2 Y2 )
  ok   C21 the TEXT arm executes the Node command TWICE (two ctrs burned, one answer printed) -> RED (4 check(s) failed: X6 Y4 Y4 Y4 )
probe: 477 checks against the REAL dispatch()+handle_clear_inbox, 0 failed (pin 477)
controls: 69 verified / 0 unusable (pin 69)
PASS
== PROBE inbox_verbs --no-neg
rc=0

BOTH ARMS PASS
== PROBE firmware_ui 05:17:00
rc=0
checks per arm: l2 404 · v3 839
coverage: 703 of 840 checks (both arms, unioned) are reddened by at least one control
  (no control reddens) P15j ⛔ ...and the arm spent no durable write and applied nothing live
  (no control reddens) P26a ...while `list` still answers 17 records + the end record during the alarm
controls: 223 verified / 0 unusable
PASS
== PROBE firmware_ui --no-neg
rc=0
controls: 0 verified / 0 unusable
PASS
== PROBE custody_usb 05:23:11
rc=0
  ok   U26 the switch arm holds no target selection, no counter choice and no wording
probe: 27 ok, 0 failed
  ok   C1  the `fw_main.cpp` switch arm no longer calls the renderer -> RED (1 check(s) failed)
probe: 27 checks against the REAL print_custody_failure(), 0 failed (pin 27)
controls: 10 verified / 0 unusable (pin 10)
PASS
== PROBE custody_usb --no-neg
rc=0
probe: 27 checks against the REAL print_custody_failure(), 0 failed (pin 27)
PROBE-ONLY — NOT A GATE (controls skipped; run without --no-neg to gate)
== PROBE ble_line 05:23:44
rc=0
probe: 55 checks against the REAL device_ble.h intake, 0 failed
probe: 55 checks against the REAL device_ble.h intake, 0 failed (pin 55)
controls: 12 verified / 0 unusable (pin 12)
PASS
== PROBE ble_line --no-neg
rc=0
probe: 55 checks against the REAL device_ble.h intake, 0 failed (pin 55)
PROBE-ONLY — NOT A GATE (controls skipped; run without --no-neg to gate)
== PROBE features 05:23:55
rc=0
  ctl-ok   W-S4-DROP-DISPATCH -> REJECTED by O4e — §RADMIN slice 4: the CLIENT gate around the controller ROUTER FORWARDING arm is deleted, so an ACCEPT board would route `admin-key`/`admin-target` into controller stores it was ruled not to have
  ctl-ok   W-S4-GATE-PURE -> REJECTED by O1 — §RADMIN slice 4: a PURE CONTROLLER SERVICE HEADER acquires a capability macro — the [[B255]] idiom's own violation, which would stop the native suite exercising the keyring's arms at all
ownership controls: 43 verified / 0 unusable
matrix: 9 configuration cells (pin 9), 112 checks against the REAL mr_features.h, 0 failed (pin 112)
controls: 58 verified / 0 unusable (pin 58)
PASS
== PROBE features --no-neg
rc=0
matrix: 9 configuration cells (pin 9), 112 checks against the REAL mr_features.h, 0 failed (pin 112)
PROBE-ONLY — NOT A GATE (controls skipped; run without --no-neg to gate)
== PROBE deferred_actions
rc=0
b0-p1 150 checks 39 transcripts PASS
b1-p1 151 checks 39 transcripts PASS
b2-p1 158 checks 39 transcripts PASS
b2-p0 158 checks 39 transcripts PASS
40 controls compile/assertion RED
== PROBE deferred_actions --no-neg
rc=0
b2-p0 158 checks 39 transcripts PASS
ACTION PROBE PASS; output=/tmp/mr-action-probe-z4pqsyb8
== PROBE inbox_verbs CLIENT arm
rc=0
  ok   C8  the dispatch arm hands `do_regen` the GLOBAL console instead of its supplied `out` ([[B279]] restored) -> RED (15 check(s) failed: R2 R3 R12 R13 R14 R25 R26 Q12b Q12c Q12d Q12h C8-16 C8-16 C8-16 C8-16 )
  ok   C17 the TEXT arm drops print_reqpubkey_hint (a refusal names the wall but not the way round it) -> RED (1 check(s) failed: X13 )
  ok   C18 the TEXT arm writes to the global `mrcon` instead of the sink it was handed ([[B279]] shape) -> RED (4 check(s) failed: X18 Y2 Y2 Y2 )
  ok   C21 the TEXT arm executes the Node command TWICE (two ctrs burned, one answer printed) -> RED (4 check(s) failed: X6 Y4 Y4 Y4 )
controls: 69 verified / 0 unusable (pin 69)
PASS
== BOARD-UI supplemental (expect exactly W49/W51/W54, B418)
rc=1
  FAIL W49 the ONE dispatch() reaches handle_ui with the line+2/len-2 slice, INSIDE the B255 gate (not wired i
  FAIL W51 ble_dispatch_line has NO ui arm of its own and keeps the shared dispatch fallback (not wired in fw_
  FAIL W54 every /mrui site (include, the ONE instance, boot restore, handle_ui, status, help) is MR_FEAT_OLED
structural: 23 passed / 0 failed / 23 total
wiring:     56 passed / 3 failed / 59 total; 171 negative control(s) verified RED
== ABSENCE slice-10 symbols
raw=9 noncomment=5
lib/core/node.h:4085:static_assert(sizeof(Node) == 235208, "node.h: Node native layout changed — if intentional, update the baseline");   // 222072 
src/device_nv.h:136:constexpr uint16_t kVersion = 26;            // v26: legacy admin fields removed. REPROVISION-ON-REFLASH: the record shrank, so bo
tools/probe_console_sink/structural.py:560:        add('S34', 'the ACCEPT bindings touch NO legacy single-admin symbol (admin_load / g_admin_id / remo
tools/probe_console_sink/structural.py:561:            all(not re.search(r'\badmin_load\b|\bg_admin_id\b|\bremote_exec\b', b)
tools/probe_console_sink/structural.py:685:            and all(not re.search(r'\bg_node\b|\badmin_load\b|\bg_admin_id\b|\bremote_exec\b',
== ABSENCE slice-9 regression
raw=17 noncomment=5
      3 tools/probe_console_sink/structural.py
      1 tools/gen_command_inventory.py
      1 lib/core/node.h
== INVENTORY check-first (B433)
check rc=0
gen_command_inventory: PASS: /home/staszek/MeshRoute/docs/superpowers/evidence/2026-09-04-radmin-command-inventory.md matches fresh generation byte-for-byte (197 command rows)
== UNITTEST 05:36:55
rc=0
Ran 349 tests in 688.024s
OK
== INVENTORY write/bare
write rc=0
bare rc=0
gen_command_inventory: PASS: /home/staszek/MeshRoute/docs/superpowers/evidence/2026-09-04-radmin-command-inventory.md matches fresh generation byte-for-byte (197 command rows)
== AUTHORITY
rc=0
PASS: command authority — ruled table / production header / generated inventory agree
selftest rc=0
PASS: command authority — ruled table / production header / generated inventory agree; 6/6 selftests RED
== A0
rc=0
== DTL
rc=0
       semantic set = 21 current allocated value(s) | the 19 pre-transition ordinals
== DIFF CHECK
mr rc=0
sim rc=0
== PART 57f
1
== CENSUS 05:48:29
