   -> structural S69 now FAIL
A12 JSON writer substitutes value
   -> structural S70 now FAIL
A13 JSON state key renamed
   -> structural S70 now FAIL
A14 restore discards persisted value
   -> structural S71 now FAIL
A15 boot envelope drifts
   -> structural S73 now FAIL
A16 cfg buffer shrinks again
   -> structural S74 now FAIL
A17 overlong token becomes a valid key plus value
   -> structural S74 now FAIL
A18 gateway interval stops persisting
   -> structural S75 now FAIL
A19 canonical seed loses raw value
   -> structural S76 now FAIL
A20 boot report precedes initialization
   -> structural S72 now FAIL
A21 boot report also runs on refused initialization
   -> structural S72 now FAIL
A22 boot report loses ACCEPT guard
   -> structural S73 now FAIL
T1 seam scope missing
   -> structural S77 now FAIL
T2 second scope publisher outside seam
   -> structural S77 now FAIL
T3 scope never installs context
   -> structural S78 now FAIL
T4 scope fails to restore previous context
   -> structural S78 now FAIL
T5 main-loop service call missing
   -> structural S79 now FAIL
T6 executor precedes RX
   -> structural S79 now FAIL
T7 executor loses ACCEPT guard
   -> structural S80 now FAIL
T8 private filter hides diagnostics too
   -> structural S81 now FAIL
T9 remote mark guard removed
   -> structural S82 now FAIL
T10 remote delete guard removed
   -> structural S82 now FAIL
T11 status scalar label changes
   -> structural S83 now FAIL
T12 status reads secret-bearing state instead of scalar snapshot
   -> structural S83 now FAIL
T13 status counters lose ACCEPT gate
   -> structural S83 now FAIL
N1 schema report missing
   -> structural S84 now FAIL
N2 schema report duplicated
   -> structural S84 now FAIL
N3 schema report bypasses supplied console sink
   -> structural S84 now FAIL

real sources verified UNCHANGED; 8 sink + 35 source + 23 help + 5 BLE + 22 radmin3 + 21 radmin4 controls run + 22 activation controls + 16 executor ownership controls (CONTROLS-TOTAL 152)

PINS profiles=6 checks=720 structural=84 ble_guard=905 ownership=6 ownership_controls=3 controls=152 unusable_controls=0
PASS: probe + structural + controls all green
