  ok   C3  the canonical maximal by-hash `send` spelling is exactly the derived `send` maximum
  ok   C4  the plaintext queue-positive is the same line minus `-e -l` (the two options that refuse semantically)
  ok   C5  the 274-byte `send_layer` transport-positive dispatches ONCE, byte-identically, under 1-byte BLE writes
  ok   C6  the 274-byte `send_layer` transport-positive dispatches ONCE, byte-identically, under 20-byte BLE writes
  ok   C7  the 274-byte `send_layer` transport-positive dispatches ONCE, byte-identically, under 244-byte BLE writes
  ok   C8  ...and the three chunkings produce the SAME bytes (an ATT boundary changes nothing)
  ok   C9  one single write carrying the whole line + newline dispatches identically
  ok   C10 an uneven final chunk dispatches identically
  ok   C11 a chunk boundary immediately BEFORE the newline holds the line, then dispatches it whole
  ok   C12 the plaintext `send_layer` queue-positive dispatches byte-identically
  ok   C13 the maximal by-hash `send` line (full 239-B DM body + five flags) dispatches byte-identically
  ok   C14 CRLF and LF produce the SAME line bytes, with the CR absent
  ok   C15 an empty LF line dispatches nothing and answers nothing
  ok   C16 an empty CRLF line dispatches nothing and answers nothing
  ok   C17 a one-byte line dispatches once
  ok   C18 a non-empty dispatch reply is written to BLE unchanged, in one write
  ok   C19 a zero-length dispatch reply writes nothing
  ok   C20  a 275-byte line (one past the derived edge) dispatches NOTHING and answers exactly one `line_too_long`, under 1-byte writes
  ok   C21  a 275-byte line (one past the derived edge) dispatches NOTHING and answers exactly one `line_too_long`, under 20-byte writes
  ok   C22  a 275-byte line (one past the derived edge) dispatches NOTHING and answers exactly one `line_too_long`, under 244-byte writes
  ok   C23 the byte BELOW the edge is admitted whole — the boundary is exactly storage-minus-NUL
  ok   C24 a line far past the edge still refuses EXACTLY ONCE (the excess is consumed, never re-entered)
  ok   C25 an over-long line is never split into a second command — the following line is the only dispatch
  ok   C26 after a refusal the intake resets: the next valid maximal line dispatches normally
  ok   D1 complete 245..256-byte direct reply survives
  ok   D2 every notification respects negotiated ATT payload
  ok   D1 complete 245..256-byte direct reply survives
  ok   D2 every notification respects negotiated ATT payload
  ok   D1 complete 245..256-byte direct reply survives
  ok   D2 every notification respects negotiated ATT payload
  ok   D1 complete 245..256-byte direct reply survives
  ok   D2 every notification respects negotiated ATT payload
  ok   E1 checked SoftDevice entropy accumulates partial pool reads
  ok   E2 all eight bytes come from the provider in order
  ok   E3 pool status failure refuses
  ok   E4 vector status failure refuses
  ok   E5 empty pool reaches bounded failure
  ok   E6 stalled peripheral fails and is stopped
  ok   E7 null nonempty destination refuses before hardware access

probe: 55 checks against the REAL device_ble.h intake, 0 failed

== negative controls (each MUST turn the probe RED) ==
  ok   N0 a real SIGSEGV classifies as UNUSABLE, and 1/3 red · 0/0 passes · 1/0 silent still discriminate
  ok   N1 the 160-byte literal buffer is restored -> RED (12 check(s) failed: A3 A11 C5 C6 C7 C9 C10 C11 C12 C13 C23 C26 )
  ok   N2 the derived extent is replaced by a naked literal of the same value -> RED (2 check(s) failed: A3 A11 )
  ok   N3 the intake admits `g_pos == sizeof(g_line)` (one byte too many) -> RED (5 check(s) failed: A9 C20 C21 C22 C26 )
  ok   N4 the overflow refusal branch never fires (silent truncation) -> RED (6 check(s) failed: C20 C21 C22 C24 C25 C26 )
  ok   N5 an overflowed line is refused AND its truncated prefix is dispatched -> RED (6 check(s) failed: C20 C21 C22 C24 C25 C26 )
  ok   N6 the intake state is not reset after a refusal (the console wedges) -> RED (9 check(s) failed: C23 C25 C26 D1 D1 D1 D2 D1 D2 )
  ok   E8 failed pool reports success -> RED (1 check(s) failed: E3 )
  ok   E9 failed vector reports success -> RED (1 check(s) failed: E4 )
  ok   E10 stalled pool reports success -> RED (1 check(s) failed: E5 )
  ok   N8 direct reply bypasses the bounded writer -> RED (4 check(s) failed: D2 D2 D2 D2 )
  ok   N7 the compiled header and the inspected header differ (source-integrity pin) -> RED (1 check(s) failed: A1 )

tree unchanged: the real sources' md5 is identical before and after (5e8f06afdae84a45a1672dfe05e71cd5)
probe: 55 checks against the REAL device_ble.h intake, 0 failed (pin 55)
controls: 12 verified / 0 unusable (pin 12)
PASS
