  (no control reddens) P25a ⛔ ...and NO key material reached the glass (P-8): no 64-hex blob, no `tkpriv`
  (no control reddens) P25a ⛔ OPENING THE SCREEN PERFORMED NOTHING — zero writes, zero evictions, the blob untouched
  (no control reddens) P25b ⛔ ...and nothing was written or evicted on that path
  (no control reddens) P25b ⛔ ...and STILL nothing was written or evicted
  (no control reddens) P25c ⛔ ...and opening it performed NOTHING
  (no control reddens) P25d ⛔ ...and the ACTIVE record is untouched, live binding and all
  (no control reddens) P25d ⛔ ...and the row that was removed is NOT on it any more
  (no control reddens) P25d ⛔ ...and the toggle is still not the act
  (no control reddens) P25f ⛔ the whole retention walk enqueued NOTHING
  (no control reddens) P25g ⛔ ...and a refusing store still cost ZERO writes
  (no control reddens) P25h ...and the key really IS live, so the three rows are three true sentences
  (no control reddens) P25h the REAL receive refuses with the FULL keyring, and writes NOTHING
  (no control reddens) P25h the verdict keeps the LANDED route and adds the FULL fact
  (no control reddens) P25 precondition: FOUR real records are retained and one of them is the ACTIVE binding
  (no control reddens) P26a ...while `list` still answers 17 records + the end record during the alarm
  (no control reddens) P26b ⛔ ...and `ok` / `absent` print NOTHING AT ALL (not even a blank line)
  (no control reddens) P26b ⛔ ...and the boot NEVER writes, not even to repair a corrupt record
  (no control reddens) P26b ...and the emergency slot is live and non-empty on every one of the four
  (no control reddens) P26b the four /mrui states each drive the ruled boot line and return their own state
  (no control reddens) P27a the shipped catalog starts on the compiled defaults (2 DM presets, non-zero generation)
  (no control reddens) P27b2 ⛔ ...and the act row carries NO location column (R-1: byte-identical)
  (no control reddens) P27b2 precondition: a bound teammate, a team key to grant, and a NOT-us identity
  (no control reddens) P27b ⛔ the derived `back` row carries NO location column
  (no control reddens) P27c the interleaved write really ran inside that tick
  (no control reddens) P27d ⛔ ...and it sent NOTHING on the way out
  (no control reddens) P2b ...and the frame really went to the radio
  (no control reddens) P2b the frame was accepted by the real queue
  (no control reddens) P2b the queue drained
  (no control reddens) P2b the real DeviceHal queue is non-empty
  (no control reddens) P2b ...with the radio still idle
  (no control reddens) P6 a channel post is recorded
  (no control reddens) P6 a DM is recorded
  (no control reddens) P6b2 ...and the store came through it untouched
  (no control reddens) P6c ...including the one that was open
  (no control reddens) P6d ...and so did the other channel posts
  (no control reddens) P6e ★ the channel posts are untouched
  (no control reddens) P6f ...and deletes nothing else
  (no control reddens) P6i an E2E-ack RECEIPT is recorded through the real record_ack
  (no control reddens) P6i ⛔ hidden is NOT deleted — the diagnostic stream still carries both
  (no control reddens) P6i ★ the RAW pull DOES see BOTH — the fixture is real, not a no-op
  (no control reddens) P6 six live records to browse, seq 1..3 in BOTH stores
  (no control reddens) P6 the probe's real inbox is wired
  (no control reddens) P7a ...and no live apply
  (no control reddens) P7a ...in the RAM DRAFT ONLY — no durable write
  (no control reddens) P7 ...and applied NOTHING live
  (no control reddens) P7a ...the persisted record is untouched
  (no control reddens) P7b ...and it is NOT the word `dirty` in any form
  (no control reddens) P7c ...and no RESTART is claimed for a live field
  (no control reddens) P7c ...and the NON-covered fields carried through
  (no control reddens) P7d ...and changed nothing
  (no control reddens) P7 ...opening it wrote NOTHING
  (no control reddens) P8b DISCARD clears it
  (no control reddens) P8b ...with zero writes
  (no control reddens) P8c a NON-covered external write raises no conflict
  (no control reddens) P8d repeated notifications with no change claim nothing
  (no control reddens) P8f DISCARD clears it, onto the record leave left
  (no control reddens) P8f ...with zero writes
  (no control reddens) P8g a JOIN-shaped write moves no covered field, raises nothing
controls: 223 verified / 0 unusable
PASS
