
  MrB278ProductionRowMirror   (field sequence as declared; offsets measured per ABI)
  field                                 native     heltec_mobile           gateway
  --------------------------------------------------------------------------------
  ts_ms (uint64_t)                           0                 0                 0
  mobile_hash (uint32_t)                     8                 8                 8
  target (uint32_t)                         12                12                12
  return_peer (uint32_t)                    16                16                16
  ctr_h (uint16_t)                          20                20                20
  ctr_m (uint16_t)                          22                22                22
  layer (uint8_t)                           24                24                24
  outward_type (uint8_t)                    25                25                25
  target_kind (uint8_t)                     26                26                26
  return_kind (uint8_t)                     27                27                27
  state (uint8_t)                           28                28                28
  custody_state (uint8_t)                   29                29                29
  sizeof/alignof                          32/8              32/8              32/8

  ring footprint (ARITHMETIC over the measured row, not a measured Node delta):
  gateway         ring 8 x 32 = 256 B    (ARITHMETIC over the measured row -- NOT a measured Node RAM figure)
  heltec_mobile   ring 8 x 32 = 256 B    (ARITHMETIC over the measured row -- NOT a measured Node RAM figure)
  native          ring 8 x 32 = 256 B    (ARITHMETIC over the measured row -- NOT a measured Node RAM figure)

  ⓘ node.h's own `static_assert(sizeof(DelegAck) == 32)` was compiled by EACH target's toolchain in this
    probe TU. A target that produced a measurement above therefore has a REAL 32-byte production row;
    a target whose row differed would have produced no measurement at all (control (4)'s rule).

negative controls:
  RED: (1) a field is dropped from the mirror
       -> the probe TU emitted no offset symbol for MrB278ProductionRowMirror.custody_state — the field is MISSING from the measured layout, which is a FAILING verdict, not a smaller struct
  RED: (2) alignment-sensitive fields are reordered
       -> [native] MrB278ProductionRowMirror.mobile_hash is at offset 0, not after the previous field at 24 — the declared sequence is not the measured sequence
  RED: (3) the production 32-byte pin is moved by 8
       -> [native] sizeof(MrB278ProductionRowMirror) = 32, node.h's live static_assert says 40 — the mirror no longer mirrors the production row (a size/layout departure is a STOP finding, n
  RED: (4) the probe TU does not compile -- must be FAILING, never measured
       -> the probe TU DID NOT COMPILE for target 'gateway' (exit 1) — this is a FAILING verdict, not a measurement:
  RED: (5) a target/toolchain is silently omitted from the sweep
       -> a full sweep must measure every target; missing ['gateway'] — a host-only or board-partial answer is exactly the [[B246]] blindness this probe exists to end
  RED: (6) the node.h bridge is dropped, so no production static_assert would be compiled
       -> the probe TU would not include `node.h`, so the production `static_assert(sizeof(DelegAck) == 32)` would NOT be compiled beside the mirror — the measurement would then say nothing 

PASS: B278 production correlation-row ABI mirror (42 measurements, 6/6 controls RED)
