== shared Heltec board-canvas probe: V3 traits ==
Heltec V3 board_ui probe: 124 passed / 0 failed / 124 total
V3 probe exit=0

== shared Heltec board-canvas probe: V4 traits ==
Heltec V4 board_ui probe: 110 passed / 0 failed / 110 total
V4 probe exit=0

== board-trait negative controls (each must compile and turn its arm RED) ==
traits:      14 passed / 0 failed / 14 controls verified RED

== missing-trait compile controls (each must fail through its named #error) ==
missing:     12 passed / 0 failed / 12 controls failed loud

== §UI-6 structural checks (source/symbol level — weaker than the probe, deliberately) ==

== §UI-6 wiring checks + their negative controls (each must PASS live and FAIL reverted) ==
  W44 counts: 148 production files walked, 1 naming the identifier -> 1 call expression(s) (required 1), 0 ESP_PD_OPTION_OFF (required 0)
  W49 counts: 1 arm line(s) in firmware_commands.cpp (required 1), 0 guarded arm(s) inside dispatch() (required 1)
  FAIL W49 the ONE dispatch() reaches handle_ui with the line+2/len-2 slice, INSIDE the B255 gate (not wired in firmware_commands.cpp)
  W50 counts: 1 boot-restore call(s) in fw_main.cpp (required 1), 1 inside setup() (required 1)
  W51 counts: 0 shared fallback(s) in ble_dispatch_line (required 1), 0 ui-shaped handler token(s) (required 0)
  FAIL W51 ble_dispatch_line has NO ui arm of its own and keeps the shared dispatch fallback (not wired in fw_main.cpp)
  W54 counts: 78 line(s) of firmware_commands.cpp inside a MR_FEAT_OLED region (required > 0), 1 live catalog instance(s) (required 1)
  FAIL W54 every /mrui site (include, the ONE instance, boot restore, handle_ui, status, help) is MR_FEAT_OLED-gated (not wired in firmware_commands.cpp)
structural: 23 passed / 0 failed / 23 total
wiring:     57 passed / 3 failed / 60 total; 176 negative control(s) verified RED

== negative controls (each MUST fail) ==
baseline variants/heltec_common/board_ui.cpp md5 = 7372bdb22755cff5e502cd23cb823ee0  (40964 bytes)

C1 drop the blanking LATCH (edge -> level triggered)
   -> 3 check(s) fail: FAIL P1a five blank calls -> ONE setPowerSave                    g_u8.; FAIL P1c five wake calls  -> ONE more setPowerSave               g_u8.; FAIL P2a 100 blanked passes -> 0 bus ops                         g_u8.
C2 drop "a blank abandons the open page loop"
   -> 7 check(s) fail: FAIL P4a next_page() after blank is false                        mrui:; FAIL P4a next_page() after blank is false                        mrui:; FAIL P4a next_page() after blank is false                        mrui:
C3 drop next_page()'s no-frame guard
   -> 9 check(s) fail: FAIL P2a 100 blanked passes -> 0 bus ops                         g_u8.; FAIL P3e ... and reaches the bus 0 more times                    g_u8.; FAIL P4a next_page() after blank is false                        mrui:
C4 begin_frame() forgets firstPage() (no page loop is ever armed)
   -> 10 check(s) fail: FAIL P3a begin_frame composes only: firstPage 1                  g_u8.; FAIL P3c exactly 8 page transfers per frame                      pages; FAIL P5a one frame: 8 page transfers                             g_u8.
C5 park Vext HIGH instead of the proven LOW
   -> 1 check(s) fail: FAIL P6c Vext uses this board's ruled LOW level                  g_gpi
C6 button compared against HIGH (wrong polarity)
   -> 18 check(s) fail: FAIL P7a LOW  -> pressed                                         mrui:; FAIL P7b HIGH -> not pressed                                     mrui:; FAIL P11b both platform calls succeed -> arm_button_wake() reports arm
C7a the divider is never DISABLED after the burst (a standing drain)
   -> 4 check(s) fail: FAIL P8f exactly two control writes: enable + disable            g_gpi; FAIL P8g the line is parked INACTIVE afterwards                  g_gpi; FAIL P8n an UNAVAILABLE read still parks the line                g_gpi
C7b the divider is never ENABLED (every conversion reads a dead net)
   -> 5 check(s) fail: FAIL P8d the divider was ACTIVE (LOW) for every one              g_gpi; FAIL P8e ... and never sampled while it was inactive             g_gpi; FAIL P8f exactly two control writes: enable + disable            g_gpi
C7c polarity hardcoded instead of auto-detected (wrong past rev 3.2)
   -> 4 check(s) fail: FAIL P8o idle-LOW board: parked INACTIVE means LOW               g_gpi; FAIL P8p ... the divider was ACTIVE (HIGH) for every conversion  g_gpi; FAIL P8q ... and never sampled while it was inactive             g_gpi
C7k the probe reverts to ONE read under a bare INPUT (no pull)
   -> 8 check(s) fail: FAIL P8t the polarity probe asked for BOTH internal pulls        g_gpi; FAIL P8u ... and never a bare INPUT (no pull = indeterminate)    !g_gp; FAIL P8v a FLOATING control line -> UNAVAILABLE, never a guessed volta
C7l a floating line is treated as KNOWN (the coin flip is taken)
   -> 5 check(s) fail: FAIL P8v a FLOATING control line -> UNAVAILABLE, never a guessed volta; FAIL P8w ... and not one conversion is taken                     g_gpi; FAIL P8x ... and the line is not driven at all                   g_gpi
C7m the reader ignores the unknown-polarity refusal
   -> 5 check(s) fail: FAIL P8v a FLOATING control line -> UNAVAILABLE, never a guessed volta; FAIL P8w ... and not one conversion is taken                     g_gpi; FAIL P8x ... and the line is not driven at all                   g_gpi
C7n the floating fallback parks the DETECTED level (the shipped B123-round-2 defect)
   -> 1 check(s) fail: FAIL P8y ... and the boot park is the DOCUMENTED-INACTIVE level (LOW),
C7o the fail-safe park constant is inverted (HIGH = V3.2 MEASURING)
   -> 2 check(s) fail: FAIL P8y ... and the boot park is the DOCUMENTED-INACTIVE level (LOW),; FAIL P8aa the floating fallback ignores the (meaningless) reads: still
C7p the park is hardcoded to the fail-safe even when detection SUCCEEDED
   -> 1 check(s) fail: FAIL P6f ... parked INACTIVE for an idle-HIGH board              g_gpi
C7d the plausibility guard is dropped (a dead divider renders 0.0V)
   -> 3 check(s) fail: FAIL P8i raw 0 (dead divider) -> UNAVAILABLE, not 0.0V           mrui:; FAIL P8j just below the 1S window -> UNAVAILABLE                 mrui:; FAIL P8m just above the window -> UNAVAILABLE                    mrui:
C7e an implausible read substitutes a plausible default voltage
   -> 3 check(s) fail: FAIL P8i raw 0 (dead divider) -> UNAVAILABLE, not 0.0V           mrui:; FAIL P8j just below the 1S window -> UNAVAILABLE                 mrui:; FAIL P8m just above the window -> UNAVAILABLE                    mrui:
C7f one sample instead of the mean of 8
   -> 3 check(s) fail: FAIL P8b exactly 8 conversions (the mean of 8)                   g_gpi; FAIL P8d the divider was ACTIVE (LOW) for every one              g_gpi; FAIL P8p ... the divider was ACTIVE (HIGH) for every conversion  g_gpi
C7g the combined ADC scale is dropped from the formula
   -> 3 check(s) fail: FAIL P8h a plausible raw yields the reference mV                 near1; FAIL P8k the bottom of the window -> a reading                   near1; FAIL P8l the top of the window -> a reading                      near1
C7h the ADC resolution the divisor assumes is never set
   -> 1 check(s) fail: FAIL P8a resolution set to the 10 bits the divisor assumes       g_gpi
C7i the burst samples the CONTROL line instead of the ADC input
   -> 1 check(s) fail: FAIL P8c ... all on the VBAT ADC input                           g_gpi
C7j the control line is driven without ever being made an OUTPUT
   -> 2 check(s) fail: FAIL P6e ADC_CTRL (37) ends board_init() as an OUTPUT            g_gpi; FAIL P8z ... on a pin that is still a driven OUTPUT, never left floati
C8 board_init() claims the panel is present without asking
   -> 3 check(s) fail: FAIL P9a board_init() probed one address                         g_wir; FAIL P9b ... and it was the ruled 0x3C address                   g_wir; FAIL P9d a NACK is reported as ABSENT                            nak =
C9a the wake level is inverted (HIGH = wakes while NOT pressed)
   -> 1 check(s) fail: FAIL P11e ... with the ACTIVE-LOW level trigger                  g_wak
C9b an EDGE trigger is requested (light sleep accepts only levels)
   -> 1 check(s) fail: FAIL P11e ... with the ACTIVE-LOW level trigger                  g_wak
C9c gpio_wakeup_enable's return code is ignored
   -> 3 check(s) fail: FAIL P11h gpio_wakeup_enable FAILS -> failed (the fail-closed input)  ; FAIL P11h2 ... and nothing is admitted to sleep after that failure  g_; FAIL P11h3 ... and it STILL tears down in full (the writes may have ha
C9c2 the FIRST arm failure returns without tearing down (it may already have written the pin)
   -> 1 check(s) fail: FAIL P11h3 ... and it STILL tears down in full (the writes may have ha
C9d esp_sleep_enable_gpio_wakeup's return code is ignored
   -> 5 check(s) fail: FAIL P11i esp_sleep_enable_gpio_wakeup FAILS -> failed           arm2 ; FAIL P11j2 ... the rollback clears the INTERRUPT TYPE too, not just bi; FAIL P11j2b ... and the wake bit and the source as well (the FULL tear
C9e the GPIO source is never admitted to sleep (gpio_wakeup_enable alone)
   -> 7 check(s) fail: FAIL P11f exactly one esp_sleep_enable_gpio_wakeup               g_wak; FAIL P11g ... and it runs AFTER the pin was configured           g_wak; FAIL P11i esp_sleep_enable_gpio_wakeup FAILS -> failed           arm2 
C9f the pin is never configured as a wake source (the sleep-enable alone)
   -> 8 check(s) fail: FAIL P11c exactly one gpio_wakeup_enable                         g_wak; FAIL P11d ... on the USER BUTTON pin                             g_wak; FAIL P11e ... with the ACTIVE-LOW level trigger                  g_wak
C9g the wake is armed on the ADC control pin, not the button
   -> 1 check(s) fail: FAIL P11d ... on the USER BUTTON pin                             g_wak
C9h the wake is armed inside board_init() (B200: an arm that outlives every sleep)
   -> 1 check(s) fail: FAIL P11a board_init() arms NO wake source (it is a separate, reported
C9i the success verdict is inverted (a good arm reported as failure)
   -> 1 check(s) fail: FAIL P11b both platform calls succeed -> arm_button_wake() reports arm
C9j the pin re-sample is removed (arms a LOW level on an already-LOW pin)
   -> 2 check(s) fail: FAIL P11k a HELD button REFUSES the arm (button_down), it does not arm; FAIL P11k2 ... and NOT ONE platform call was made (the storm is never 
C9k the re-sample is inverted (arms ONLY while the button is held)
   -> 16 check(s) fail: FAIL P11b both platform calls succeed -> arm_button_wake() reports arm; FAIL P11c exactly one gpio_wakeup_enable                         g_wak; FAIL P11d ... on the USER BUTTON pin                             g_wak
C9l the partial-arm ROLLBACK is dropped (a half-armed pin is left live)
   -> 4 check(s) fail: FAIL P11j2 ... the rollback clears the INTERRUPT TYPE too, not just bi; FAIL P11j2b ... and the wake bit and the source as well (the FULL tear; FAIL P11j3 ... rolled back BEFORE returning, i.e. after the failed adm
C9l2 the rollback reverts to clearing bit 10 alone (round 3's residue, at the second site)
   -> 3 check(s) fail: FAIL P11j2 ... the rollback clears the INTERRUPT TYPE too, not just bi; FAIL P11j2b ... and the wake bit and the source as well (the FULL tear; FAIL P11j3 ... rolled back BEFORE returning, i.e. after the failed adm
C9m the disarm never clears the pin's WAKE-ENABLE bit
   -> 9 check(s) fail: FAIL P11h3 ... and it STILL tears down in full (the writes may have ha; FAIL P11j2b ... and the wake bit and the source as well (the FULL tear; FAIL P11j4 ... interrupt type cleared BEFORE the wake bit        g_wak
C9n the disarm never withdraws the GPIO source from the next sleep
   -> 7 check(s) fail: FAIL P11h3 ... and it STILL tears down in full (the writes may have ha; FAIL P11j2b ... and the wake bit and the source as well (the FULL tear; FAIL P11l3 ... and withdraws the GPIO source (not EXT1 — that is the r
C9r the teardown leaves the INTERRUPT TYPE set (B200 round 3: it survives a reset)
   -> 10 check(s) fail: FAIL P11h3 ... and it STILL tears down in full (the writes may have ha; FAIL P11j2 ... the rollback clears the INTERRUPT TYPE too, not just bi; FAIL P11j3 ... rolled back BEFORE returning, i.e. after the failed adm
C9s the interrupt type is set to a LEVEL instead of DISABLE
   -> 4 check(s) fail: FAIL P11h3 ... and it STILL tears down in full (the writes may have ha; FAIL P11j2 ... the rollback clears the INTERRUPT TYPE too, not just bi; FAIL P11l6 ... to GPIO_INTR_DISABLE, not to another level        g_wak
C9t the interrupt type is disabled on the ADC control pin, not the button
   -> 2 check(s) fail: FAIL P11j2 ... the rollback clears the INTERRUPT TYPE too, not just bi; FAIL P11l5 ... and it DISABLES the pin's interrupt TYPE (B200 round 3)
C9u INVALID_STATE (never-enabled) is treated as a disarm FAILURE (the boot scrub then kills sleep for ever)
   -> 1 check(s) fail: FAIL P11p a source that was NEVER ENABLED is not a failure (boot scrub
C9v the forgiveness is widened to swallow a REAL refusal too
   -> 1 check(s) fail: FAIL P11n the source refusing to withdraw is reported as failure  mrui
C9o the disarm withdraws EXT1 (the RADIO's DIO1 source) instead of GPIO
   -> 2 check(s) fail: FAIL P11j2b ... and the wake bit and the source as well (the FULL tear; FAIL P11l3 ... and withdraws the GPIO source (not EXT1 — that is the r
C9p the teardown returns early on the first failure (the later withdrawals never run)
   -> 1 check(s) fail: FAIL P11o2 ... and the other two withdrawals still ran           g_wak
C9w the wake bit is cleared BEFORE the interrupt type (the storming field goes second)
   -> 2 check(s) fail: FAIL P11j4 ... interrupt type cleared BEFORE the wake bit        g_wak; FAIL P11l7 ... and the TYPE is cleared FIRST, before the wake bit  g_w
C9q the teardown always reports success (a stuck level is never noticed)
   -> 3 check(s) fail: FAIL P11m the pin refusing to disarm is reported as failure      mrui:; FAIL P11n the source refusing to withdraw is reported as failure  mrui; FAIL P11o the TYPE refusing to clear is reported as failure      mrui:
C10a draw_bitmap draws nothing at all (the icon is silently absent)
   -> 5 check(s) fail: FAIL P12a draw_bitmap forwards to drawXBM exactly once           g_u8.; FAIL P12c ... x,y,w,h arrive in that order, unchanged            g_u8.; FAIL P12d ... and the byte POINTER is forwarded, never copied    g_u8.
C10b draw_bitmap transposes x and y
   -> 2 check(s) fail: FAIL P12c ... x,y,w,h arrive in that order, unchanged            g_u8.; FAIL P12l a corner bitmap stays inside 128x64 after the board handled 
C10c draw_bitmap transposes w and h
   -> 1 check(s) fail: FAIL P12c ... x,y,w,h arrive in that order, unchanged            g_u8.
C10d drawXBMP is substituted for drawXBM (the AVR PROGMEM form)
   -> 3 check(s) fail: FAIL P12a draw_bitmap forwards to drawXBM exactly once           g_u8.; FAIL P12b ... and NEVER to drawXBMP (the AVR PROGMEM form)       g_u8.; FAIL P12p ... each primitive ran once per page (U8g2 re-clips, it accu
C10e draw_bitmap hands over a COPY of the bytes, not the caller's pointer
   -> 1 check(s) fail: FAIL P12d ... and the byte POINTER is forwarded, never copied    g_u8.
C10f draw_bitmap pushes a page at COMPOSE time (bus traffic outside next_page())
   -> 3 check(s) fail: FAIL P12f ... and it reaches the BUS not once (compose-only)     g_u8.; FAIL P12o a frame drawing both primitives is still exactly 8 page tran; FAIL P12p ... each primitive ran once per page (U8g2 re-clips, it accu
C10g draw_rect blanks/wakes the panel at COMPOSE time (bus traffic outside next_page())
   -> 2 check(s) fail: FAIL P12k ... and it reaches the BUS not once (compose-only)     g_u8.; FAIL P12q ... and the ONLY bus traffic in the whole frame is those 8 t
C10h draw_rect draws nothing at all (no selection frame is ever drawn)
   -> 4 check(s) fail: FAIL P12g draw_rect forwards to drawFrame exactly once           g_u8.; FAIL P12i ... x,y,w,h arrive in that order, unchanged            g_u8.; FAIL P12m ... and so does a corner outline                       g_u8.
C10i drawBox is substituted for drawFrame (a filled slot, not an outline)
   -> 5 check(s) fail: FAIL P12g draw_rect forwards to drawFrame exactly once           g_u8.; FAIL P12h ... and NEVER to drawBox (a filled rectangle)          g_u8.; FAIL P12i ... x,y,w,h arrive in that order, unchanged            g_u8.
C10j draw_rect transposes x and y
   -> 2 check(s) fail: FAIL P12i ... x,y,w,h arrive in that order, unchanged            g_u8.; FAIL P12m ... and so does a corner outline                       g_u8.
C10k draw_rect transposes w and h
   -> 1 check(s) fail: FAIL P12i ... x,y,w,h arrive in that order, unchanged            g_u8.
C10l draw_bitmap "helpfully" offsets the origin by one pixel
   -> 2 check(s) fail: FAIL P12c ... x,y,w,h arrive in that order, unchanged            g_u8.; FAIL P12l a corner bitmap stays inside 128x64 after the board handled 

real source verified UNCHANGED; 60 V3 controls run

== V4 fixed-ADC source controls (each MUST fail) ==
baseline variants/heltec_common/board_ui.cpp md5 = 7372bdb22755cff5e502cd23cb823ee0  (40964 bytes)

C11a V4 parks ADC_CTRL HIGH at boot (the divider is left enabled)
   -> 2 check(s) fail: FAIL P6f V4 ADC_CTRL is parked INACTIVE (LOW)                    g_gpi; FAIL P8d V4 ADC_CTRL parks LOW                                   g_gpi
C11b V4 marks the fixed control active LOW (sampling runs on the parked level)
   -> 4 check(s) fail: FAIL P8h V4 holds ADC_CTRL HIGH for every conversion             g_gpi; FAIL P8i V4 never samples while ADC_CTRL is LOW                  g_gpi; FAIL P8k V4 parks ADC_CTRL LOW after sampling                    g_gpi
C11c V4 marks its fixed polarity unavailable (every battery read is refused)
   -> 6 check(s) fail: FAIL P8e V4 sets the 10-bit ADC resolution                       g_gpi; FAIL P8f V4 takes exactly eight conversions                      g_gpi; FAIL P8g V4 samples only the VBAT input                          g_gpi

real source verified UNCHANGED; 3 V4 controls run
