-- target grantpark: /tmp/mr-s8ac-r4-b1edsao2/final-gate/lib/core/node_hashlocate.cpp (3 entries)
-- selection: IN FULL (all 3 entries)
-- workers: 3
-- scratch root: /tmp/mr_mutation_run-yt_87pfg   (removed on exit; MR_MUT_KEEP_SCRATCH=1 to keep)
  [w0] -- target grantpark: /tmp/mr_mutation_run-yt_87pfg/w0/lib/core/node_hashlocate.cpp (1 of 3 entries in this shard)
  [w0] -- baseline gate: THIS WORKER'S OWN clean tree must run 0 FAILED; its own counts become this shard's baseline
  [w1] -- target grantpark: /tmp/mr_mutation_run-yt_87pfg/w1/lib/core/node_hashlocate.cpp (1 of 3 entries in this shard)
  [w1] -- baseline gate: THIS WORKER'S OWN clean tree must run 0 FAILED; its own counts become this shard's baseline
  [w2] -- target grantpark: /tmp/mr_mutation_run-yt_87pfg/w2/lib/core/node_hashlocate.cpp (1 of 3 entries in this shard)
  [w2] -- baseline gate: THIS WORKER'S OWN clean tree must run 0 FAILED; its own counts become this shard's baseline
  [w0]   ok   clean baseline 2947 / 193734 / 0   (DERIVED from this tree)
  [w1]   ok   clean baseline 2947 / 193734 / 0   (DERIVED from this tree)
  [w2]   ok   clean baseline 2947 / 193734 / 0   (DERIVED from this tree)
  [w1]   ok   K02 ★★★ `park_send` RESTORES ITS CLAMP: an over-cap parked body is silently truncated to the cap and parked anyway, so the message is delivered short and every layer reports success -> RED (3 assertion(s) failed, match count 1)
  [w1] source restored: md5 ffb88cb2cb558a1158d741e6bc9eb6e4 (MATCHES)
  [w1] shard 1: 1 RED / 0 unusable   (of 1 entries)
  [w0]   ok   K01 ★★★ a FULL parked ring reports a STORED park — the send is dropped and the caller is told it is waiting behind an H resolve, which is `GRANT PARKED` shown for a state the node is not in (S-37) -> RED (9 assertion(s) failed, match count 1)
  [w0] source restored: md5 ffb88cb2cb558a1158d741e6bc9eb6e4 (MATCHES)
  [w0] shard 0: 1 RED / 0 unusable   (of 1 entries)
  [w2]   ok   K03 ★★★ `park_send_layer` RESTORES ITS CLAMP: the cross-layer twin truncates instead of refusing — the sibling defect, attacked separately so neither park can pass on the other's assertion -> RED (2 assertion(s) failed, match count 1)
  [w2] source restored: md5 ffb88cb2cb558a1158d741e6bc9eb6e4 (MATCHES)
  [w2] shard 2: 1 RED / 0 unusable   (of 1 entries)

======================================================================================================================
-- MERGED REPORT — target grantpark: /tmp/mr-s8ac-r4-b1edsao2/final-gate/lib/core/node_hashlocate.cpp
  ok   clean baseline 2947 / 193734 / 0   (DERIVED per worker tree; 3 tree(s) agree)
  ok   K01 ★★★ a FULL parked ring reports a STORED park — the send is dropped and the caller is told it is waiting behind an H resolve, which is `GRANT PARKED` shown for a state the node is not in (S-37) -> RED (9 assertion(s) failed, match count 1)
  ok   K02 ★★★ `park_send` RESTORES ITS CLAMP: an over-cap parked body is silently truncated to the cap and parked anyway, so the message is delivered short and every layer reports success -> RED (3 assertion(s) failed, match count 1)
  ok   K03 ★★★ `park_send_layer` RESTORES ITS CLAMP: the cross-layer twin truncates instead of refusing — the sibling defect, attacked separately so neither park can pass on the other's assertion -> RED (2 assertion(s) failed, match count 1)
  worker 0: 1/1 entries, 1 RED / 0 worthless, wall 12.8s, rc 0, source restored: md5 ffb88cb2cb558a1158d741e6bc9eb6e4 (MATCHES)   /tmp/mr_mutation_run-yt_87pfg/w0
  worker 1: 1/1 entries, 1 RED / 0 worthless, wall 12.4s, rc 0, source restored: md5 ffb88cb2cb558a1158d741e6bc9eb6e4 (MATCHES)   /tmp/mr_mutation_run-yt_87pfg/w1
  worker 2: 1/1 entries, 1 RED / 0 worthless, wall 12.9s, rc 0, source restored: md5 ffb88cb2cb558a1158d741e6bc9eb6e4 (MATCHES)   /tmp/mr_mutation_run-yt_87pfg/w2
real tree untouched: all 61 target files byte-identical to launch (md5); no build ran in /tmp/mr-s8ac-r4-b1edsao2/final-gate
timing: copy 2.0s + battery 13.0s = 15.0s total, 3 entries over 3 worker(s)
mutations: 3 RED / 0 unusable
