-- target radmin3acl: /tmp/mr-s8ac-r4-b1edsao2/final-gate/src/firmware_admin_acl.h (36 entries)
-- selection: IN FULL (all 36 entries)
-- workers: 3
-- scratch root: /tmp/mr_mutation_run-tgvn58qk   (removed on exit; MR_MUT_KEEP_SCRATCH=1 to keep)
  [w1] -- target radmin3acl: /tmp/mr_mutation_run-tgvn58qk/w1/src/firmware_admin_acl.h (12 of 36 entries in this shard)
  [w1] -- baseline gate: THIS WORKER'S OWN clean tree must run 0 FAILED; its own counts become this shard's baseline
  [w2] -- target radmin3acl: /tmp/mr_mutation_run-tgvn58qk/w2/src/firmware_admin_acl.h (12 of 36 entries in this shard)
  [w2] -- baseline gate: THIS WORKER'S OWN clean tree must run 0 FAILED; its own counts become this shard's baseline
  [w0] -- target radmin3acl: /tmp/mr_mutation_run-tgvn58qk/w0/src/firmware_admin_acl.h (12 of 36 entries in this shard)
  [w0] -- baseline gate: THIS WORKER'S OWN clean tree must run 0 FAILED; its own counts become this shard's baseline
  [w2]   ok   clean baseline 2947 / 193734 / 0   (DERIVED from this tree)
  [w0]   ok   clean baseline 2947 / 193734 / 0   (DERIVED from this tree)
  [w1]   ok   clean baseline 2947 / 193734 / 0   (DERIVED from this tree)
  [w2]   ok   B03 ★★ AN OWNERLESS NON-EMPTY ACL IS ACCEPTED — a node nobody can manage and nobody can repair remotely -> RED (8 assertion(s) failed, match count 1)
  [w0]   ok   B01 ★★ `count` NO LONGER HAS TO EQUAL THE POPULATION — a lying count is adopted -> RED (4 assertion(s) failed, match count 1)
  [w1]   ok   B02 the count is CLAMPED instead of refused (§6.5's 'never clamp' reversed) -> RED (2 assertion(s) failed, match count 1)
  [w2]   ok   B06 an occupied row with an ALL-ZERO key is accepted (it grants nothing to nobody) -> RED (1 assertion(s) failed, match count 1)
  [w0]   ok   B04 DUPLICATE KEYS ARE ACCEPTED — one controller holds two slots -> RED (1 assertion(s) failed, match count 1)
  [w1]   ok   B05 an ILLEGAL ROLE BYTE is treated as an ignorable row instead of a corrupt record -> RED (2 assertion(s) failed, match count 1)
  [w2]   ok   B09 the CENSUS trusts the stored `count` instead of counting rows -> RED (8 assertion(s) failed, match count 1)
  [w0]   ok   B07 a 'deleted' row that KEPT its key still reads as empty -> RED (2 assertion(s) failed, match count 1)
  [w1]   ok   B08 `reserved` leaves the content policy (the whole-record write guard becomes unsound) -> RED (4 assertion(s) failed, match count 1)
  [w2]   ok   B12 a duplicate is answered as an UNCHANGED SUCCESS — the operator is not told he mistyped -> RED (5 assertion(s) failed, match count 1)
  [w0]   ok   B10 ★★ THE FIRST CREDENTIAL MAY BE AN OPERATOR — an unmanageable node is created -> RED (3 assertion(s) failed, match count 1)
  [w1]   ok   B11 ★ A DUPLICATE ADD SUCCEEDS instead of refusing (§6.5's explicit rejection reversed) -> RED (3 assertion(s) failed, match count 1)
  [w2]   ok   B15 ★★ ADD NO LONGER TAKES THE LOWEST FREE SLOT — holes are skipped and handles drift -> RED (64 assertion(s) failed, match count 1)
  [w0]   ok   B13 an ALL-ZERO key is accepted as a controller key -> RED (2 assertion(s) failed, match count 1)
  [w1]   ok   B14 ★★ A FULL ACL EVICTS SLOT 0 instead of refusing loudly -> RED (2 assertion(s) failed, match count 1)
  [w2]   ok   B19 ★★★ THE LAST OWNER CAN BE DEMOTED — the node becomes unmanageable and unrepairable remotely -> RED (3 assertion(s) failed, match count 1)
  [w1]   ok   B18 an ordinary ADD is allowed over an INVALID record (an implicit, silent re-seed) -> RED (6 assertion(s) failed, match count 1)
  [w0]   ok   B17 ★ THE IDENTITY GATE IS DROPPED: a first owner is granted with no administration root -> RED (6 assertion(s) failed, match count 1)
  [w2]   ok   B22 ★★ THE SELF-SLOT RULE IS DROPPED FOR `set` (a caller can demote itself) -> RED (4 assertion(s) failed, match count 1)
  [w0]   ok   B20 ★★★ THE LAST OWNER CAN BE REMOVED -> RED (8 assertion(s) failed, match count 1)
  [w1]   ok   B21 ★★ THE SELF-SLOT RULE IS DROPPED FOR `remove` (a caller can delete its own authenticating slot) -> RED (8 assertion(s) failed, match count 1)
  [w2]   ok   B25 `set`/`remove` accept an EMPTY slot (a hole is edited into an occupied-looking row) -> RED (5 assertion(s) failed, match count 1)
  [w1]   ok   B24 ★ THE NO-OP ARM CLAIMS A WRITE HAPPENED: an identical role assignment reports `changed`, so the console says `updated` for a flash write that never occurred -> RED (5 assertion(s) failed, match count 1)
  [w0]   ok   B23 the SELF-SLOT rule is widened to a legal SAME-ROLE no-op (a correct request is refused) -> RED (4 assertion(s) failed, match count 1)
  [w2]   ok   B28 the slot RANGE check is dropped (slot 250 indexes past the ten rows) -> RED (3 assertion(s) failed, match count 1)
  [w1]   ok   B27 a removed row keeps its KEY (the slot reads empty but the material is still on flash) -> RED (24 assertion(s) failed, match count 1)
  [w0]   ok   B26 ★ REMOVE COMPACTS THE ROWS — §6.5's stable wire handles are shifted under the controller -> RED (10 assertion(s) failed, match count 1)
  [w1]   ok   B30 recovery re-initialises an `ok` record too (a 'repair' that erases a healthy authority list) -> RED (13 assertion(s) failed, match count 1)
  [w2]   ok   B31 ★ RECOVERY GRANTS AN OWNER — design §6.4's 'never invents an active owner' reversed -> RED (3 assertion(s) failed, match count 1)
  [w0]   ok   B29 ⛔⛔ RECOVERY IS ALLOWED OVER `io_failed` — ten intact rows destroyed because a mount failed -> RED (8 assertion(s) failed, match count 1)
  [w2]   ok   B35 `read()` leaves the PARTIAL bytes of a failed read in the caller's buffer -> RED (6 assertion(s) failed, match count 1)
  [w1]   ok   B34 ★ THE BYTE-COMPARISON WRITE GUARD IS INVERTED — a real change writes NOTHING and reports success -> RED (151 assertion(s) failed, match count 1)
  [w0]   ok   B33 a FAILED SAVE is reported as success -> RED (7 assertion(s) failed, match count 1)
  [w2]   ok   B37 the ROLE DOMAIN opens: `empty` becomes an assignable role, so a verb could blank a row -> RED (1 assertion(s) failed, match count 1)
  [w2] source restored: md5 9e9fc3a9f19be1a654e034b15e4ae9ce (MATCHES)
  [w2] shard 2: 12 RED / 0 unusable   (of 12 entries)
  [w1]   ok   B38 ★ the ROLE NAMER returns the same token for both roles — a listing cannot be read -> RED (5 assertion(s) failed, match count 1)
  [w0]   ok   B36 provisioning readiness stops requiring an OWNER (an empty ACL reads as provisioned) -> RED (3 assertion(s) failed, match count 1)
  [w1] source restored: md5 9e9fc3a9f19be1a654e034b15e4ae9ce (MATCHES)
  [w1] shard 1: 12 RED / 0 unusable   (of 12 entries)
  [w0] source restored: md5 9e9fc3a9f19be1a654e034b15e4ae9ce (MATCHES)
  [w0] shard 0: 12 RED / 0 unusable   (of 12 entries)

======================================================================================================================
-- MERGED REPORT — target radmin3acl: /tmp/mr-s8ac-r4-b1edsao2/final-gate/src/firmware_admin_acl.h
  ok   clean baseline 2947 / 193734 / 0   (DERIVED per worker tree; 3 tree(s) agree)
  ok   B01 ★★ `count` NO LONGER HAS TO EQUAL THE POPULATION — a lying count is adopted -> RED (4 assertion(s) failed, match count 1)
  ok   B02 the count is CLAMPED instead of refused (§6.5's 'never clamp' reversed) -> RED (2 assertion(s) failed, match count 1)
  ok   B03 ★★ AN OWNERLESS NON-EMPTY ACL IS ACCEPTED — a node nobody can manage and nobody can repair remotely -> RED (8 assertion(s) failed, match count 1)
  ok   B04 DUPLICATE KEYS ARE ACCEPTED — one controller holds two slots -> RED (1 assertion(s) failed, match count 1)
  ok   B05 an ILLEGAL ROLE BYTE is treated as an ignorable row instead of a corrupt record -> RED (2 assertion(s) failed, match count 1)
  ok   B06 an occupied row with an ALL-ZERO key is accepted (it grants nothing to nobody) -> RED (1 assertion(s) failed, match count 1)
  ok   B07 a 'deleted' row that KEPT its key still reads as empty -> RED (2 assertion(s) failed, match count 1)
  ok   B08 `reserved` leaves the content policy (the whole-record write guard becomes unsound) -> RED (4 assertion(s) failed, match count 1)
  ok   B09 the CENSUS trusts the stored `count` instead of counting rows -> RED (8 assertion(s) failed, match count 1)
  ok   B10 ★★ THE FIRST CREDENTIAL MAY BE AN OPERATOR — an unmanageable node is created -> RED (3 assertion(s) failed, match count 1)
  ok   B11 ★ A DUPLICATE ADD SUCCEEDS instead of refusing (§6.5's explicit rejection reversed) -> RED (3 assertion(s) failed, match count 1)
  ok   B12 a duplicate is answered as an UNCHANGED SUCCESS — the operator is not told he mistyped -> RED (5 assertion(s) failed, match count 1)
  ok   B13 an ALL-ZERO key is accepted as a controller key -> RED (2 assertion(s) failed, match count 1)
  ok   B14 ★★ A FULL ACL EVICTS SLOT 0 instead of refusing loudly -> RED (2 assertion(s) failed, match count 1)
  ok   B15 ★★ ADD NO LONGER TAKES THE LOWEST FREE SLOT — holes are skipped and handles drift -> RED (64 assertion(s) failed, match count 1)
  ok   B17 ★ THE IDENTITY GATE IS DROPPED: a first owner is granted with no administration root -> RED (6 assertion(s) failed, match count 1)
  ok   B18 an ordinary ADD is allowed over an INVALID record (an implicit, silent re-seed) -> RED (6 assertion(s) failed, match count 1)
  ok   B19 ★★★ THE LAST OWNER CAN BE DEMOTED — the node becomes unmanageable and unrepairable remotely -> RED (3 assertion(s) failed, match count 1)
  ok   B20 ★★★ THE LAST OWNER CAN BE REMOVED -> RED (8 assertion(s) failed, match count 1)
  ok   B21 ★★ THE SELF-SLOT RULE IS DROPPED FOR `remove` (a caller can delete its own authenticating slot) -> RED (8 assertion(s) failed, match count 1)
  ok   B22 ★★ THE SELF-SLOT RULE IS DROPPED FOR `set` (a caller can demote itself) -> RED (4 assertion(s) failed, match count 1)
  ok   B23 the SELF-SLOT rule is widened to a legal SAME-ROLE no-op (a correct request is refused) -> RED (4 assertion(s) failed, match count 1)
  ok   B24 ★ THE NO-OP ARM CLAIMS A WRITE HAPPENED: an identical role assignment reports `changed`, so the console says `updated` for a flash write that never occurred -> RED (5 assertion(s) failed, match count 1)
  ok   B25 `set`/`remove` accept an EMPTY slot (a hole is edited into an occupied-looking row) -> RED (5 assertion(s) failed, match count 1)
  ok   B26 ★ REMOVE COMPACTS THE ROWS — §6.5's stable wire handles are shifted under the controller -> RED (10 assertion(s) failed, match count 1)
  ok   B27 a removed row keeps its KEY (the slot reads empty but the material is still on flash) -> RED (24 assertion(s) failed, match count 1)
  ok   B28 the slot RANGE check is dropped (slot 250 indexes past the ten rows) -> RED (3 assertion(s) failed, match count 1)
  ok   B29 ⛔⛔ RECOVERY IS ALLOWED OVER `io_failed` — ten intact rows destroyed because a mount failed -> RED (8 assertion(s) failed, match count 1)
  ok   B30 recovery re-initialises an `ok` record too (a 'repair' that erases a healthy authority list) -> RED (13 assertion(s) failed, match count 1)
  ok   B31 ★ RECOVERY GRANTS AN OWNER — design §6.4's 'never invents an active owner' reversed -> RED (3 assertion(s) failed, match count 1)
  ok   B33 a FAILED SAVE is reported as success -> RED (7 assertion(s) failed, match count 1)
  ok   B34 ★ THE BYTE-COMPARISON WRITE GUARD IS INVERTED — a real change writes NOTHING and reports success -> RED (151 assertion(s) failed, match count 1)
  ok   B35 `read()` leaves the PARTIAL bytes of a failed read in the caller's buffer -> RED (6 assertion(s) failed, match count 1)
  ok   B36 provisioning readiness stops requiring an OWNER (an empty ACL reads as provisioned) -> RED (3 assertion(s) failed, match count 1)
  ok   B38 ★ the ROLE NAMER returns the same token for both roles — a listing cannot be read -> RED (5 assertion(s) failed, match count 1)
  ok   B37 the ROLE DOMAIN opens: `empty` becomes an assignable role, so a verb could blank a row -> RED (1 assertion(s) failed, match count 1)
  worker 0: 12/12 entries, 12 RED / 0 worthless, wall 68.0s, rc 0, source restored: md5 9e9fc3a9f19be1a654e034b15e4ae9ce (MATCHES)   /tmp/mr_mutation_run-tgvn58qk/w0
  worker 1: 12/12 entries, 12 RED / 0 worthless, wall 68.0s, rc 0, source restored: md5 9e9fc3a9f19be1a654e034b15e4ae9ce (MATCHES)   /tmp/mr_mutation_run-tgvn58qk/w1
  worker 2: 12/12 entries, 12 RED / 0 worthless, wall 66.5s, rc 0, source restored: md5 9e9fc3a9f19be1a654e034b15e4ae9ce (MATCHES)   /tmp/mr_mutation_run-tgvn58qk/w2
real tree untouched: all 61 target files byte-identical to launch (md5); no build ran in /tmp/mr-s8ac-r4-b1edsao2/final-gate
timing: copy 2.2s + battery 68.1s = 70.3s total, 36 entries over 3 worker(s)
mutations: 36 RED / 0 unusable
