-- target radmin73node: /tmp/mr-s8ac-r4-b1edsao2/final-gate/lib/core/node.cpp (5 entries)
-- selection: IN FULL (all 5 entries)
-- workers: 3
-- scratch root: /tmp/mr_mutation_run-wke3vgpd   (removed on exit; MR_MUT_KEEP_SCRATCH=1 to keep)
  [w1] -- target radmin73node: /tmp/mr_mutation_run-wke3vgpd/w1/lib/core/node.cpp (2 of 5 entries in this shard)
  [w1] -- baseline gate: THIS WORKER'S OWN clean tree must run 0 FAILED; its own counts become this shard's baseline
  [w0] -- target radmin73node: /tmp/mr_mutation_run-wke3vgpd/w0/lib/core/node.cpp (2 of 5 entries in this shard)
  [w0] -- baseline gate: THIS WORKER'S OWN clean tree must run 0 FAILED; its own counts become this shard's baseline
  [w2] -- target radmin73node: /tmp/mr_mutation_run-wke3vgpd/w2/lib/core/node.cpp (1 of 5 entries in this shard)
  [w2] -- baseline gate: THIS WORKER'S OWN clean tree must run 0 FAILED; its own counts become this shard's baseline
  [w1]   ok   clean baseline 2947 / 193734 / 0   (DERIVED from this tree)
  [w2]   ok   clean baseline 2947 / 193734 / 0   (DERIVED from this tree)
  [w0]   ok   clean baseline 2947 / 193734 / 0   (DERIVED from this tree)
  [w1]   ok   N02 consumer clock is stale -> RED (5 assertion(s) failed, match count 1)
  [w2]   ok   N03 consumed promise leaves wake armed -> RED (1 assertion(s) failed, match count 1)
  [w2] source restored: md5 135cf4ea87f8474a7f8e5f4b903b20c4 (MATCHES)
  [w2] shard 2: 1 RED / 0 unusable   (of 1 entries)
  [w0]   ok   N01 service does not mark due work -> RED (6 assertion(s) failed, match count 1)
  [w0]   ok   N04 status clock is stale -> RED (1 assertion(s) failed, match count 1)
  [w0] source restored: md5 135cf4ea87f8474a7f8e5f4b903b20c4 (MATCHES)
  [w0] shard 0: 2 RED / 0 unusable   (of 2 entries)
  [w1]   ok   N05 last outcome lost -> RED (1 assertion(s) failed, match count 1)
  [w1] source restored: md5 135cf4ea87f8474a7f8e5f4b903b20c4 (MATCHES)
  [w1] shard 1: 2 RED / 0 unusable   (of 2 entries)

======================================================================================================================
-- MERGED REPORT — target radmin73node: /tmp/mr-s8ac-r4-b1edsao2/final-gate/lib/core/node.cpp
  ok   clean baseline 2947 / 193734 / 0   (DERIVED per worker tree; 3 tree(s) agree)
  ok   N01 service does not mark due work -> RED (6 assertion(s) failed, match count 1)
  ok   N02 consumer clock is stale -> RED (5 assertion(s) failed, match count 1)
  ok   N03 consumed promise leaves wake armed -> RED (1 assertion(s) failed, match count 1)
  ok   N04 status clock is stale -> RED (1 assertion(s) failed, match count 1)
  ok   N05 last outcome lost -> RED (1 assertion(s) failed, match count 1)
  worker 0: 2/2 entries, 2 RED / 0 worthless, wall 19.9s, rc 0, source restored: md5 135cf4ea87f8474a7f8e5f4b903b20c4 (MATCHES)   /tmp/mr_mutation_run-wke3vgpd/w0
  worker 1: 2/2 entries, 2 RED / 0 worthless, wall 20.0s, rc 0, source restored: md5 135cf4ea87f8474a7f8e5f4b903b20c4 (MATCHES)   /tmp/mr_mutation_run-wke3vgpd/w1
  worker 2: 1/1 entries, 1 RED / 0 worthless, wall 13.8s, rc 0, source restored: md5 135cf4ea87f8474a7f8e5f4b903b20c4 (MATCHES)   /tmp/mr_mutation_run-wke3vgpd/w2
real tree untouched: all 61 target files byte-identical to launch (md5); no build ran in /tmp/mr-s8ac-r4-b1edsao2/final-gate
timing: copy 1.9s + battery 20.1s = 22.0s total, 5 entries over 3 worker(s)
mutations: 5 RED / 0 unusable
