-- target radmin8client: /tmp/mr-s8ac-r4-b1edsao2/final-gate/lib/core/remote_client.cpp (29 entries)
-- selection: IN FULL (all 29 entries)
-- workers: 3
-- scratch root: /tmp/mr_mutation_run-wdvtfxps   (removed on exit; MR_MUT_KEEP_SCRATCH=1 to keep)
  [w1] -- target radmin8client: /tmp/mr_mutation_run-wdvtfxps/w1/lib/core/remote_client.cpp (10 of 29 entries in this shard)
  [w1] -- baseline gate: THIS WORKER'S OWN clean tree must run 0 FAILED; its own counts become this shard's baseline
  [w2] -- target radmin8client: /tmp/mr_mutation_run-wdvtfxps/w2/lib/core/remote_client.cpp (9 of 29 entries in this shard)
  [w2] -- baseline gate: THIS WORKER'S OWN clean tree must run 0 FAILED; its own counts become this shard's baseline
  [w0] -- target radmin8client: /tmp/mr_mutation_run-wdvtfxps/w0/lib/core/remote_client.cpp (10 of 29 entries in this shard)
  [w0] -- baseline gate: THIS WORKER'S OWN clean tree must run 0 FAILED; its own counts become this shard's baseline
  [w2]   ok   clean baseline 2947 / 193734 / 0   (DERIVED from this tree)
  [w1]   ok   clean baseline 2947 / 193734 / 0   (DERIVED from this tree)
  [w0]   ok   clean baseline 2947 / 193734 / 0   (DERIVED from this tree)
  [w1]   ok   C02 entropy failure publishes an ID -> RED (16 assertion(s) failed, match count 1)
  [w0]   ok   C01 bootstrap cache ignores selected controller -> RED (6 assertion(s) failed, match count 1)
  [w2]   ok   C03 zero and duplicate IDs admitted -> RED (6 assertion(s) failed, match count 1)
  [w1]   ok   C05 sequence check bypassed -> RED (1 assertion(s) failed, match count 1)
  [w2]   ok   C06 auth failure uncounted -> RED (5 assertion(s) failed, match count 1)
  [w0]   ok   C04 wrong target source accepted -> RED (3 assertion(s) failed, match count 1)
  [w1]   ok   C08 BLE result autoaccepted -> RED (50 assertion(s) failed, match count 1)
  [w0]   ok   C07 terminal detail lost -> RED (1 assertion(s) failed, match count 1)
  [w2]   ok   C09 incomplete local ACK accepted -> RED (6 assertion(s) failed, match count 1)
  [w1]   ok   C11 ACK debt not retried -> RED (2 assertion(s) failed, match count 1)
  [w2]   ok   C12 changed epoch permits replay -> RED (1 assertion(s) failed, match count 1)
  [w0]   ok   C10 ACK debt cleared on submission -> RED (14 assertion(s) failed, match count 1)
  [w1]   ok   C14 pool contents are lost -> RED (16 assertion(s) failed, match count 1)
  [w0]   ok   C13 exact retry corrupts retained request -> RED (1 assertion(s) failed, match count 1)
  [w2]   ok   C15 half-sized pool allocation -> RED (10 assertion(s) failed, match count 1)
  [w1]   ok   C17 automatic rollover keeps old request ID -> RED (4 assertion(s) failed, match count 1)
  [w2]   ok   C18 completed bytes not wiped -> RED (24 assertion(s) failed, match count 1)
  [w0]   ok   C16 repeated automatic rollover -> RED (2 assertion(s) failed, match count 1)
  [w1]   ok   C20 local disconnect consumes result -> RED (4 assertion(s) failed, match count 1)
  [w2]   ok   C21 counter wraps -> RED (1 assertion(s) failed, match count 1)
  [w0]   ok   C19 USB short write treated as acceptance -> RED (15 assertion(s) failed, match count 1)
  [w1]   ok   C23 retained pressure overwrites BLE result -> RED (1 assertion(s) failed, match count 1)
  [w0]   ok   C22 assembly pressure sends anyway -> RED (1 assertion(s) failed, match count 1)
  [w2]   ok   C24 radio-unavailable refusal leaves pending debt -> RED (4 assertion(s) failed, match count 1)
  [w1]   ok   C26 assembly fallback ignores disconnect reoffer -> RED (1 assertion(s) failed, match count 1)
  [w2]   ok   C27 disconnect forgets prior complete local acceptance -> RED (2 assertion(s) failed, match count 1)
  [w2] source restored: md5 bcd6f2f6e3e638844d0771e1a6b4a4ab (MATCHES)
  [w2] shard 2: 9 RED / 0 unusable   (of 9 entries)
  [w0]   ok   C25 explicit show keeps the original transport -> RED (4 assertion(s) failed, match count 1)
  [w1]   ok   C29 session controls accept an execution terminal -> RED (24 assertion(s) failed, match count 1)
  [w1] source restored: md5 bcd6f2f6e3e638844d0771e1a6b4a4ab (MATCHES)
  [w1] shard 1: 10 RED / 0 unusable   (of 10 entries)
  [w0]   ok   C28 full ACK debt blocks rollover recovery -> RED (26 assertion(s) failed, match count 1)
  [w0] source restored: md5 bcd6f2f6e3e638844d0771e1a6b4a4ab (MATCHES)
  [w0] shard 0: 10 RED / 0 unusable   (of 10 entries)

======================================================================================================================
-- MERGED REPORT — target radmin8client: /tmp/mr-s8ac-r4-b1edsao2/final-gate/lib/core/remote_client.cpp
  ok   clean baseline 2947 / 193734 / 0   (DERIVED per worker tree; 3 tree(s) agree)
  ok   C01 bootstrap cache ignores selected controller -> RED (6 assertion(s) failed, match count 1)
  ok   C02 entropy failure publishes an ID -> RED (16 assertion(s) failed, match count 1)
  ok   C03 zero and duplicate IDs admitted -> RED (6 assertion(s) failed, match count 1)
  ok   C04 wrong target source accepted -> RED (3 assertion(s) failed, match count 1)
  ok   C05 sequence check bypassed -> RED (1 assertion(s) failed, match count 1)
  ok   C06 auth failure uncounted -> RED (5 assertion(s) failed, match count 1)
  ok   C07 terminal detail lost -> RED (1 assertion(s) failed, match count 1)
  ok   C08 BLE result autoaccepted -> RED (50 assertion(s) failed, match count 1)
  ok   C09 incomplete local ACK accepted -> RED (6 assertion(s) failed, match count 1)
  ok   C10 ACK debt cleared on submission -> RED (14 assertion(s) failed, match count 1)
  ok   C11 ACK debt not retried -> RED (2 assertion(s) failed, match count 1)
  ok   C12 changed epoch permits replay -> RED (1 assertion(s) failed, match count 1)
  ok   C13 exact retry corrupts retained request -> RED (1 assertion(s) failed, match count 1)
  ok   C14 pool contents are lost -> RED (16 assertion(s) failed, match count 1)
  ok   C15 half-sized pool allocation -> RED (10 assertion(s) failed, match count 1)
  ok   C16 repeated automatic rollover -> RED (2 assertion(s) failed, match count 1)
  ok   C17 automatic rollover keeps old request ID -> RED (4 assertion(s) failed, match count 1)
  ok   C18 completed bytes not wiped -> RED (24 assertion(s) failed, match count 1)
  ok   C19 USB short write treated as acceptance -> RED (15 assertion(s) failed, match count 1)
  ok   C20 local disconnect consumes result -> RED (4 assertion(s) failed, match count 1)
  ok   C21 counter wraps -> RED (1 assertion(s) failed, match count 1)
  ok   C22 assembly pressure sends anyway -> RED (1 assertion(s) failed, match count 1)
  ok   C23 retained pressure overwrites BLE result -> RED (1 assertion(s) failed, match count 1)
  ok   C24 radio-unavailable refusal leaves pending debt -> RED (4 assertion(s) failed, match count 1)
  ok   C25 explicit show keeps the original transport -> RED (4 assertion(s) failed, match count 1)
  ok   C26 assembly fallback ignores disconnect reoffer -> RED (1 assertion(s) failed, match count 1)
  ok   C27 disconnect forgets prior complete local acceptance -> RED (2 assertion(s) failed, match count 1)
  ok   C28 full ACK debt blocks rollover recovery -> RED (26 assertion(s) failed, match count 1)
  ok   C29 session controls accept an execution terminal -> RED (24 assertion(s) failed, match count 1)
  worker 0: 10/10 entries, 10 RED / 0 worthless, wall 65.7s, rc 0, source restored: md5 bcd6f2f6e3e638844d0771e1a6b4a4ab (MATCHES)   /tmp/mr_mutation_run-wdvtfxps/w0
  worker 1: 10/10 entries, 10 RED / 0 worthless, wall 62.6s, rc 0, source restored: md5 bcd6f2f6e3e638844d0771e1a6b4a4ab (MATCHES)   /tmp/mr_mutation_run-wdvtfxps/w1
  worker 2: 9/9 entries, 9 RED / 0 worthless, wall 60.3s, rc 0, source restored: md5 bcd6f2f6e3e638844d0771e1a6b4a4ab (MATCHES)   /tmp/mr_mutation_run-wdvtfxps/w2
real tree untouched: all 61 target files byte-identical to launch (md5); no build ran in /tmp/mr-s8ac-r4-b1edsao2/final-gate
timing: copy 2.0s + battery 65.8s = 67.8s total, 29 entries over 3 worker(s)
mutations: 29 RED / 0 unusable
