-- target radmin72session: /tmp/mr-s8ac-r4-b1edsao2/final-gate/lib/core/remote_session.cpp (36 entries)
-- selection: IN FULL (all 36 entries)
-- workers: 3
-- scratch root: /tmp/mr_mutation_run-4norxtwp   (removed on exit; MR_MUT_KEEP_SCRATCH=1 to keep)
  [w0] -- target radmin72session: /tmp/mr_mutation_run-4norxtwp/w0/lib/core/remote_session.cpp (12 of 36 entries in this shard)
  [w0] -- baseline gate: THIS WORKER'S OWN clean tree must run 0 FAILED; its own counts become this shard's baseline
  [w1] -- target radmin72session: /tmp/mr_mutation_run-4norxtwp/w1/lib/core/remote_session.cpp (12 of 36 entries in this shard)
  [w1] -- baseline gate: THIS WORKER'S OWN clean tree must run 0 FAILED; its own counts become this shard's baseline
  [w2] -- target radmin72session: /tmp/mr_mutation_run-4norxtwp/w2/lib/core/remote_session.cpp (12 of 36 entries in this shard)
  [w2] -- baseline gate: THIS WORKER'S OWN clean tree must run 0 FAILED; its own counts become this shard's baseline
  [w0]   ok   clean baseline 2947 / 193734 / 0   (DERIVED from this tree)
  [w1]   ok   clean baseline 2947 / 193734 / 0   (DERIVED from this tree)
  [w2]   ok   clean baseline 2947 / 193734 / 0   (DERIVED from this tree)
  [w0]   ok   O01 open admission loses owned command bytes -> RED (2 assertion(s) failed, match count 1)
  [w1]   ok   O02 open admission skips execution phase -> RED (77 assertion(s) failed, match count 1)
  [w2]   ok   O03 a fresh ID evades an active peer's bound -> RED (6 assertion(s) failed, match count 1)
  [w0]   ok   O04 cooldown peer evades its bound while another pair is free -> RED (9 assertion(s) failed, match count 1)
  [w1]   ok   O05 global cooldown refusal charged as active pressure -> RED (2 assertion(s) failed, match count 1)
  [w2]   ok   O06 exact rolling-window edge remains occupied -> RED (4 assertion(s) failed, match count 1)
  [w0]   ok   O07 duplicate refreshes the admission deadline -> RED (6 assertion(s) failed, match count 1)
  [w1]   ok   O08 completion starts a second rate window -> RED (70 assertion(s) failed, match count 1)
  [w2]   ok   O09 staging release leaves plaintext capture resident -> RED (4 assertion(s) failed, match count 1)
  [w0]   ok   O10 reserve accepts a cap that is not this carrier's open cap -> RED (32 assertion(s) failed, match count 1)
  [w1]   ok   O11 bound-plus-one output silently truncates -> RED (4 assertion(s) failed, match count 1)
  [w2]   ok   O12 truncated output reports completed -> RED (4 assertion(s) failed, match count 1)
  [w0]   ok   O13 open output sequence resets at every frame -> RED (84 assertion(s) failed, match count 1)
  [w2]   ok   O15 clear output enters an authenticated slot domain -> RED (65 assertion(s) failed, match count 1)
  [w1]   ok   O14 open completion frees quota immediately -> RED (31 assertion(s) failed, match count 1)
  [w0]   ok   O16 open bytes are overwritten instead of appended -> RED (12 assertion(s) failed, match count 1)
  [w2]   ok   C02 another slot's completions enter the abandoned count -> RED (9 assertion(s) failed, match count 1)
  [w1]   ok   C01 safe rollover ignores completed work -> RED (23 assertion(s) failed, match count 1)
  [w2]   ok   C05 preparation uses the opposite key domain -> RED (32 assertion(s) failed, match count 1)
  [w1]   ok   C04 force misreports abandoned work -> RED (2 assertion(s) failed, match count 1)
  [w0]   ok   C03 current epoch accepted as fresh -> RED (6 assertion(s) failed, match count 1)
  [w2]   ok   C08 short-buffer failure publishes an install plan -> RED (1 assertion(s) failed, match count 1)
  [w1]   ok   C07 control reply authenticates the wrong source -> RED (32 assertion(s) failed, match count 1)
  [w0]   ok   C06 successful control invalidates every slot -> RED (33 assertion(s) failed, match count 1)
  [w2]   ok   C11 executing notice uses the wrong code -> RED (5 assertion(s) failed, match count 1)
  [w1]   ok   C10 busy notice uses the wrong code -> RED (18 assertion(s) failed, match count 1)
  [w0]   ok   C09 changed control route accepted as the original -> RED (3 assertion(s) failed, match count 1)
  [w2]   ok   C14 full TX still encodes a fixed refusal reply -> RED (1 assertion(s) failed, match count 1)
  [w1]   ok   C13 already-acknowledged reply invents a second protocol-error byte -> RED (7 assertion(s) failed, match count 1)
  [w0]   ok   C12 capacity notice uses ordinary terminal nonce space -> RED (24 assertion(s) failed, match count 1)
  [w2]   ok   N03 inbound refusal charged to rate counter -> RED (11 assertion(s) failed, match count 1)
  [w1]   ok   N02 scalar counter wraps -> RED (6 assertion(s) failed, match count 1)
  [w0]   ok   N01 scalar counter never advances -> RED (35 assertion(s) failed, match count 1)
  [w2]   ok   N06 sender failure charged to encoder -> RED (25 assertion(s) failed, match count 1)
  [w2] source restored: md5 e1e863ae1dd98cdd763cd454b4590767 (MATCHES)
  [w2] shard 2: 12 RED / 0 unusable   (of 12 entries)
  [w1]   ok   N05 encoder failure charged to enqueue -> RED (9 assertion(s) failed, match count 1)
  [w1] source restored: md5 e1e863ae1dd98cdd763cd454b4590767 (MATCHES)
  [w1] shard 1: 12 RED / 0 unusable   (of 12 entries)
  [w0]   ok   N04 rate refusal charged to inbound counter -> RED (4 assertion(s) failed, match count 1)
  [w0] source restored: md5 e1e863ae1dd98cdd763cd454b4590767 (MATCHES)
  [w0] shard 0: 12 RED / 0 unusable   (of 12 entries)

======================================================================================================================
-- MERGED REPORT — target radmin72session: /tmp/mr-s8ac-r4-b1edsao2/final-gate/lib/core/remote_session.cpp
  ok   clean baseline 2947 / 193734 / 0   (DERIVED per worker tree; 3 tree(s) agree)
  ok   O01 open admission loses owned command bytes -> RED (2 assertion(s) failed, match count 1)
  ok   O02 open admission skips execution phase -> RED (77 assertion(s) failed, match count 1)
  ok   O03 a fresh ID evades an active peer's bound -> RED (6 assertion(s) failed, match count 1)
  ok   O04 cooldown peer evades its bound while another pair is free -> RED (9 assertion(s) failed, match count 1)
  ok   O05 global cooldown refusal charged as active pressure -> RED (2 assertion(s) failed, match count 1)
  ok   O06 exact rolling-window edge remains occupied -> RED (4 assertion(s) failed, match count 1)
  ok   O07 duplicate refreshes the admission deadline -> RED (6 assertion(s) failed, match count 1)
  ok   O08 completion starts a second rate window -> RED (70 assertion(s) failed, match count 1)
  ok   O09 staging release leaves plaintext capture resident -> RED (4 assertion(s) failed, match count 1)
  ok   O10 reserve accepts a cap that is not this carrier's open cap -> RED (32 assertion(s) failed, match count 1)
  ok   O11 bound-plus-one output silently truncates -> RED (4 assertion(s) failed, match count 1)
  ok   O12 truncated output reports completed -> RED (4 assertion(s) failed, match count 1)
  ok   O13 open output sequence resets at every frame -> RED (84 assertion(s) failed, match count 1)
  ok   O14 open completion frees quota immediately -> RED (31 assertion(s) failed, match count 1)
  ok   O15 clear output enters an authenticated slot domain -> RED (65 assertion(s) failed, match count 1)
  ok   O16 open bytes are overwritten instead of appended -> RED (12 assertion(s) failed, match count 1)
  ok   C01 safe rollover ignores completed work -> RED (23 assertion(s) failed, match count 1)
  ok   C02 another slot's completions enter the abandoned count -> RED (9 assertion(s) failed, match count 1)
  ok   C03 current epoch accepted as fresh -> RED (6 assertion(s) failed, match count 1)
  ok   C04 force misreports abandoned work -> RED (2 assertion(s) failed, match count 1)
  ok   C05 preparation uses the opposite key domain -> RED (32 assertion(s) failed, match count 1)
  ok   C06 successful control invalidates every slot -> RED (33 assertion(s) failed, match count 1)
  ok   C07 control reply authenticates the wrong source -> RED (32 assertion(s) failed, match count 1)
  ok   C08 short-buffer failure publishes an install plan -> RED (1 assertion(s) failed, match count 1)
  ok   C09 changed control route accepted as the original -> RED (3 assertion(s) failed, match count 1)
  ok   C10 busy notice uses the wrong code -> RED (18 assertion(s) failed, match count 1)
  ok   C11 executing notice uses the wrong code -> RED (5 assertion(s) failed, match count 1)
  ok   C12 capacity notice uses ordinary terminal nonce space -> RED (24 assertion(s) failed, match count 1)
  ok   C13 already-acknowledged reply invents a second protocol-error byte -> RED (7 assertion(s) failed, match count 1)
  ok   C14 full TX still encodes a fixed refusal reply -> RED (1 assertion(s) failed, match count 1)
  ok   N01 scalar counter never advances -> RED (35 assertion(s) failed, match count 1)
  ok   N02 scalar counter wraps -> RED (6 assertion(s) failed, match count 1)
  ok   N03 inbound refusal charged to rate counter -> RED (11 assertion(s) failed, match count 1)
  ok   N04 rate refusal charged to inbound counter -> RED (4 assertion(s) failed, match count 1)
  ok   N05 encoder failure charged to enqueue -> RED (9 assertion(s) failed, match count 1)
  ok   N06 sender failure charged to encoder -> RED (25 assertion(s) failed, match count 1)
  worker 0: 12/12 entries, 12 RED / 0 worthless, wall 67.0s, rc 0, source restored: md5 e1e863ae1dd98cdd763cd454b4590767 (MATCHES)   /tmp/mr_mutation_run-4norxtwp/w0
  worker 1: 12/12 entries, 12 RED / 0 worthless, wall 66.5s, rc 0, source restored: md5 e1e863ae1dd98cdd763cd454b4590767 (MATCHES)   /tmp/mr_mutation_run-4norxtwp/w1
  worker 2: 12/12 entries, 12 RED / 0 worthless, wall 65.4s, rc 0, source restored: md5 e1e863ae1dd98cdd763cd454b4590767 (MATCHES)   /tmp/mr_mutation_run-4norxtwp/w2
real tree untouched: all 61 target files byte-identical to launch (md5); no build ran in /tmp/mr-s8ac-r4-b1edsao2/final-gate
timing: copy 2.0s + battery 67.1s = 69.1s total, 36 entries over 3 worker(s)
mutations: 36 RED / 0 unusable
