-- target sliceBmac: /tmp/mr-s8ac-r4-b1edsao2/final-gate/lib/core/node_mac.cpp (4 entries)
-- selection: IN FULL (all 4 entries)
-- workers: 3
-- scratch root: /tmp/mr_mutation_run-7u81dvj2   (removed on exit; MR_MUT_KEEP_SCRATCH=1 to keep)
  [w0] -- target sliceBmac: /tmp/mr_mutation_run-7u81dvj2/w0/lib/core/node_mac.cpp (2 of 4 entries in this shard)
  [w0] -- baseline gate: THIS WORKER'S OWN clean tree must run 0 FAILED; its own counts become this shard's baseline
  [w1] -- target sliceBmac: /tmp/mr_mutation_run-7u81dvj2/w1/lib/core/node_mac.cpp (1 of 4 entries in this shard)
  [w1] -- baseline gate: THIS WORKER'S OWN clean tree must run 0 FAILED; its own counts become this shard's baseline
  [w2] -- target sliceBmac: /tmp/mr_mutation_run-7u81dvj2/w2/lib/core/node_mac.cpp (1 of 4 entries in this shard)
  [w2] -- baseline gate: THIS WORKER'S OWN clean tree must run 0 FAILED; its own counts become this shard's baseline
  [w0]   ok   clean baseline 2947 / 193734 / 0   (DERIVED from this tree)
  [w1]   ok   clean baseline 2947 / 193734 / 0   (DERIVED from this tree)
  [w2]   ok   clean baseline 2947 / 193734 / 0   (DERIVED from this tree)
  [w2]   ok   B03 ★★★ THE ORIGINATION GATE ASKS `app_dm` INSTEAD OF THE TRAIT — the sealed team-key grant keeps a generic user-send failure it does not own (design §6.1: app_dm is an encoding input, not a lifecycle authority) -> RED (2 assertion(s) failed, match count 1)
  [w2] source restored: md5 e8efd51b60c318659ce59be9f98da289 (MATCHES)
  [w2] shard 2: 1 RED / 0 unusable   (of 1 entries)
  [w1]   ok   B02 ★★★ THE STAMP HALF REVERTS TO THE HISTORICAL THREE-TYPE LIST — an internal origination arms the user-DM floor again, so the NEXT user DM waits behind a frame the user never sent -> RED (2 assertion(s) failed, match count 1)
  [w1] source restored: md5 e8efd51b60c318659ce59be9f98da289 (MATCHES)
  [w1] shard 1: 1 RED / 0 unusable   (of 1 entries)
  [w0]   ok   B01 ★★★ THE CHECK HALF REVERTS TO THE HISTORICAL THREE-TYPE LIST — every hash/mobile answer is paced behind the 3 s USER-DM floor again, which is the §6.2(4) widening undone at the half §A0-2 cannot see -> RED (2 assertion(s) failed, match count 1)
  [w0]   FAIL M04 ★★ THE HELPER CALL IN `do_data_tx`'s PACK-FAILED PATH IS DELETED — the SEVENTH site this sweep found reverts to destroying an admitted carrier in total silence, grant included ([[B268]] blocker-1) — the suite still PASSES; nothing measures this
  [w0] source restored: md5 e8efd51b60c318659ce59be9f98da289 (MATCHES)
  [w0] shard 0: 1 RED / 1 unusable   (of 2 entries)

======================================================================================================================
-- MERGED REPORT — target sliceBmac: /tmp/mr-s8ac-r4-b1edsao2/final-gate/lib/core/node_mac.cpp
  ok   clean baseline 2947 / 193734 / 0   (DERIVED per worker tree; 3 tree(s) agree)
  ok   B01 ★★★ THE CHECK HALF REVERTS TO THE HISTORICAL THREE-TYPE LIST — every hash/mobile answer is paced behind the 3 s USER-DM floor again, which is the §6.2(4) widening undone at the half §A0-2 cannot see -> RED (2 assertion(s) failed, match count 1)
  ok   B02 ★★★ THE STAMP HALF REVERTS TO THE HISTORICAL THREE-TYPE LIST — an internal origination arms the user-DM floor again, so the NEXT user DM waits behind a frame the user never sent -> RED (2 assertion(s) failed, match count 1)
  ok   B03 ★★★ THE ORIGINATION GATE ASKS `app_dm` INSTEAD OF THE TRAIT — the sealed team-key grant keeps a generic user-send failure it does not own (design §6.1: app_dm is an encoding input, not a lifecycle authority) -> RED (2 assertion(s) failed, match count 1)
  FAIL M04 ★★ THE HELPER CALL IN `do_data_tx`'s PACK-FAILED PATH IS DELETED — the SEVENTH site this sweep found reverts to destroying an admitted carrier in total silence, grant included ([[B268]] blocker-1) — the suite still PASSES; nothing measures this
  worker 0: 2/2 entries, 1 RED / 1 worthless, wall 16.7s, rc 1, source restored: md5 e8efd51b60c318659ce59be9f98da289 (MATCHES)   /tmp/mr_mutation_run-7u81dvj2/w0
  worker 1: 1/1 entries, 1 RED / 0 worthless, wall 11.7s, rc 0, source restored: md5 e8efd51b60c318659ce59be9f98da289 (MATCHES)   /tmp/mr_mutation_run-7u81dvj2/w1
  worker 2: 1/1 entries, 1 RED / 0 worthless, wall 11.7s, rc 0, source restored: md5 e8efd51b60c318659ce59be9f98da289 (MATCHES)   /tmp/mr_mutation_run-7u81dvj2/w2
real tree untouched: all 61 target files byte-identical to launch (md5); no build ran in /tmp/mr-s8ac-r4-b1edsao2/final-gate
timing: copy 1.8s + battery 16.8s = 18.6s total, 4 entries over 3 worker(s)
mutations: 3 RED / 1 unusable
