-- target teamgrant: /tmp/mr-s8ac-r4-b1edsao2/final-gate/lib/core/node.cpp (4 entries)
-- selection: IN FULL (all 4 entries)
-- workers: 3
-- scratch root: /tmp/mr_mutation_run-c4et6gci   (removed on exit; MR_MUT_KEEP_SCRATCH=1 to keep)
  [w1] -- target teamgrant: /tmp/mr_mutation_run-c4et6gci/w1/lib/core/node.cpp (1 of 4 entries in this shard)
  [w1] -- baseline gate: THIS WORKER'S OWN clean tree must run 0 FAILED; its own counts become this shard's baseline
  [w0] -- target teamgrant: /tmp/mr_mutation_run-c4et6gci/w0/lib/core/node.cpp (2 of 4 entries in this shard)
  [w0] -- baseline gate: THIS WORKER'S OWN clean tree must run 0 FAILED; its own counts become this shard's baseline
  [w2] -- target teamgrant: /tmp/mr_mutation_run-c4et6gci/w2/lib/core/node.cpp (1 of 4 entries in this shard)
  [w2] -- baseline gate: THIS WORKER'S OWN clean tree must run 0 FAILED; its own counts become this shard's baseline
  [w1]   ok   clean baseline 2947 / 193734 / 0   (DERIVED from this tree)
  [w0]   ok   clean baseline 2947 / 193734 / 0   (DERIVED from this tree)
  [w2]   ok   clean baseline 2947 / 193734 / 0   (DERIVED from this tree)
  [w1]   ok   G02 ★★★ THE EXPLICITLY-STORED PARK IS REPORTED AS `queued` — the pre-correction answer, which left the panel to guess the parked state from a zero handle (the inference S-37 now forbids) -> RED (28 assertion(s) failed, match count 1)
  [w1] source restored: md5 135cf4ea87f8474a7f8e5f4b903b20c4 (MATCHES)
  [w1] shard 1: 1 RED / 0 unusable   (of 1 entries)
  [w0]   ok   G01 ★★★ THE ADMISSION REFUSAL IS LAUNDERED BACK INTO `queued` — a full TX queue (or a full parked ring) drops the frame at the door and the caller is told it was admitted, which is the QG blocker verbatim -> RED (7 assertion(s) failed, match count 1)
  [w2]   ok   G03 ★★★ A SEND THAT NEVER REACHED AN ADMISSION POINT IS REPORTED AS `queued` — the loud refusals (the joining gate, a seal failure, the type-19 structural refusals) are dressed as a successful enqueue -> RED (7 assertion(s) failed, match count 1)
  [w2] source restored: md5 135cf4ea87f8474a7f8e5f4b903b20c4 (MATCHES)
  [w2] shard 2: 1 RED / 0 unusable   (of 1 entries)
  [w0]   ok   G04 ★★★ THE SEND-TIME RESOLVED DESTINATION IS NEVER PUBLISHED — the caller gets a handle with no address, so no `send_aired` can ever correlate and the grant screen waits for ever -> RED (19 assertion(s) failed, match count 1)
  [w0] source restored: md5 135cf4ea87f8474a7f8e5f4b903b20c4 (MATCHES)
  [w0] shard 0: 2 RED / 0 unusable   (of 2 entries)

======================================================================================================================
-- MERGED REPORT — target teamgrant: /tmp/mr-s8ac-r4-b1edsao2/final-gate/lib/core/node.cpp
  ok   clean baseline 2947 / 193734 / 0   (DERIVED per worker tree; 3 tree(s) agree)
  ok   G01 ★★★ THE ADMISSION REFUSAL IS LAUNDERED BACK INTO `queued` — a full TX queue (or a full parked ring) drops the frame at the door and the caller is told it was admitted, which is the QG blocker verbatim -> RED (7 assertion(s) failed, match count 1)
  ok   G02 ★★★ THE EXPLICITLY-STORED PARK IS REPORTED AS `queued` — the pre-correction answer, which left the panel to guess the parked state from a zero handle (the inference S-37 now forbids) -> RED (28 assertion(s) failed, match count 1)
  ok   G03 ★★★ A SEND THAT NEVER REACHED AN ADMISSION POINT IS REPORTED AS `queued` — the loud refusals (the joining gate, a seal failure, the type-19 structural refusals) are dressed as a successful enqueue -> RED (7 assertion(s) failed, match count 1)
  ok   G04 ★★★ THE SEND-TIME RESOLVED DESTINATION IS NEVER PUBLISHED — the caller gets a handle with no address, so no `send_aired` can ever correlate and the grant screen waits for ever -> RED (19 assertion(s) failed, match count 1)
  worker 0: 2/2 entries, 2 RED / 0 worthless, wall 14.7s, rc 0, source restored: md5 135cf4ea87f8474a7f8e5f4b903b20c4 (MATCHES)   /tmp/mr_mutation_run-c4et6gci/w0
  worker 1: 1/1 entries, 1 RED / 0 worthless, wall 10.4s, rc 0, source restored: md5 135cf4ea87f8474a7f8e5f4b903b20c4 (MATCHES)   /tmp/mr_mutation_run-c4et6gci/w1
  worker 2: 1/1 entries, 1 RED / 0 worthless, wall 10.6s, rc 0, source restored: md5 135cf4ea87f8474a7f8e5f4b903b20c4 (MATCHES)   /tmp/mr_mutation_run-c4et6gci/w2
real tree untouched: all 61 target files byte-identical to launch (md5); no build ran in /tmp/mr-s8ac-r4-b1edsao2/final-gate
timing: copy 1.9s + battery 14.8s = 16.7s total, 4 entries over 3 worker(s)
mutations: 4 RED / 0 unusable
