-- target radmin73node: /home/staszek/mr-s7b3-qa-stage/lib/core/node.cpp (5 entries)
-- selection: IN FULL (all 5 entries)
-- workers: 3
-- scratch root: /tmp/mr_mutation_run-kugq5ik0   (removed on exit; MR_MUT_KEEP_SCRATCH=1 to keep)
  [w0] -- target radmin73node: /tmp/mr_mutation_run-kugq5ik0/w0/lib/core/node.cpp (2 of 5 entries in this shard)
  [w0] -- baseline gate: THIS WORKER'S OWN clean tree must run 0 FAILED; its own counts become this shard's baseline
  [w1] -- target radmin73node: /tmp/mr_mutation_run-kugq5ik0/w1/lib/core/node.cpp (2 of 5 entries in this shard)
  [w1] -- baseline gate: THIS WORKER'S OWN clean tree must run 0 FAILED; its own counts become this shard's baseline
  [w2] -- target radmin73node: /tmp/mr_mutation_run-kugq5ik0/w2/lib/core/node.cpp (1 of 5 entries in this shard)
  [w2] -- baseline gate: THIS WORKER'S OWN clean tree must run 0 FAILED; its own counts become this shard's baseline
  [w2]   ok   clean baseline 2931 / 189998 / 0   (DERIVED from this tree)
  [w1]   ok   clean baseline 2931 / 189998 / 0   (DERIVED from this tree)
  [w0]   ok   clean baseline 2931 / 189998 / 0   (DERIVED from this tree)
  [w2]   ok   N03 consumed promise leaves wake armed -> RED (1 assertion(s) failed, match count 1)
  [w2] source restored: md5 67e024dae6888fa7ff1386009840416d (MATCHES)
  [w2] shard 2: 1 RED / 0 unusable   (of 1 entries)
  [w1]   ok   N02 consumer clock is stale -> RED (5 assertion(s) failed, match count 1)
  [w0]   ok   N01 service does not mark due work -> RED (6 assertion(s) failed, match count 1)
  [w1]   ok   N05 last outcome lost -> RED (1 assertion(s) failed, match count 1)
  [w1] source restored: md5 67e024dae6888fa7ff1386009840416d (MATCHES)
  [w1] shard 1: 2 RED / 0 unusable   (of 2 entries)
  [w0]   ok   N04 status clock is stale -> RED (1 assertion(s) failed, match count 1)
  [w0] source restored: md5 67e024dae6888fa7ff1386009840416d (MATCHES)
  [w0] shard 0: 2 RED / 0 unusable   (of 2 entries)

======================================================================================================================
-- MERGED REPORT — target radmin73node: /home/staszek/mr-s7b3-qa-stage/lib/core/node.cpp
  ok   clean baseline 2931 / 189998 / 0   (DERIVED per worker tree; 3 tree(s) agree)
  ok   N01 service does not mark due work -> RED (6 assertion(s) failed, match count 1)
  ok   N02 consumer clock is stale -> RED (5 assertion(s) failed, match count 1)
  ok   N03 consumed promise leaves wake armed -> RED (1 assertion(s) failed, match count 1)
  ok   N04 status clock is stale -> RED (1 assertion(s) failed, match count 1)
  ok   N05 last outcome lost -> RED (1 assertion(s) failed, match count 1)
  worker 0: 2/2 entries, 2 RED / 0 worthless, wall 15.2s, rc 0, source restored: md5 67e024dae6888fa7ff1386009840416d (MATCHES)   /tmp/mr_mutation_run-kugq5ik0/w0
  worker 1: 2/2 entries, 2 RED / 0 worthless, wall 15.2s, rc 0, source restored: md5 67e024dae6888fa7ff1386009840416d (MATCHES)   /tmp/mr_mutation_run-kugq5ik0/w1
  worker 2: 1/1 entries, 1 RED / 0 worthless, wall 10.0s, rc 0, source restored: md5 67e024dae6888fa7ff1386009840416d (MATCHES)   /tmp/mr_mutation_run-kugq5ik0/w2
real tree untouched: all 58 target files byte-identical to launch (md5); no build ran in /home/staszek/mr-s7b3-qa-stage
timing: copy 1.6s + battery 15.3s = 16.9s total, 5 entries over 3 worker(s)
mutations: 5 RED / 0 unusable
