Verbosity level can be increased via `-v, -vv, or -vvv` option
Collected 1 tests

Processing * in native environment
--------------------------------------------------------------------------------
Building...
test/test_node_remote_carrier.cpp: In member function ‘bool {anonymous}::CarrierChain::outward()’:
test/test_node_remote_carrier.cpp:74:9: warning: this ‘if’ clause does not guard... [-Wmisleading-indentation]
   74 |         if(!pair.hop_1_to_2())return false;hm._now=pair.h1._now;
      |         ^~
test/test_node_remote_carrier.cpp:74:44: note: ...this statement, but the latter is misleadingly indented as if it were guarded by the ‘if’
   74 |         if(!pair.hop_1_to_2())return false;hm._now=pair.h1._now;
      |                                            ^~
test/test_node_remote_carrier.cpp: In member function ‘bool {anonymous}::CarrierChain::inward(uint8_t)’:
test/test_node_remote_carrier.cpp:80:9: warning: this ‘if’ clause does not guard... [-Wmisleading-indentation]
   80 |         if(!pair.hop_2_to_1())return false;hm._now=pair.h1._now;
      |         ^~
test/test_node_remote_carrier.cpp:80:44: note: ...this statement, but the latter is misleadingly indented as if it were guarded by the ‘if’
   80 |         if(!pair.hop_2_to_1())return false;hm._now=pair.h1._now;
      |                                            ^~
Testing...
test/test_node_remote_carrier.cpp:93: 8b real mobile home target chain authenticates and returns transcript with response ACK: CHECK( c.bootstrap() ) is NOT correct!	[FAILED]
test/test_node_remote_carrier.cpp:103: 8b real carrier refuses no home and bounds actual mobile E2E ring: CHECK( c.carrier.submit_request(route,{true,CarrierChain::mobile_hash},remote_client_carrier(route,DATA_TYPE_REMOTE_CMD,1),bytes,true)==RemoteClientSend::correlation_full ) is NOT correct!	[FAILED]
Program received signal SIGHUP (Hangup)
--------------------- native:* [ERRORED] Took 4.95 seconds ---------------------

=================================== SUMMARY ===================================
Environment    Test    Status    Duration
-------------  ------  --------  ------------
native         *       ERRORED   00:00:04.948

============= 3 test cases: 2 failed, 0 succeeded in 00:00:04.948 =============
