[doctest] doctest version is "2.4.12"
[doctest] run with "--help" for options
===============================================================================
test/test_b413_characterization.cpp:10:
TEST CASE:  B413 known target bindings bypass wrapper and alias remote ACK correlations

test/test_b413_characterization.cpp:23: ERROR: CHECK( node.test_tx_type(i)==DATA_TYPE_REMOTE_CMD ) is NOT correct!
  values: CHECK( 2 == 160 )

test/test_b413_characterization.cpp:23: ERROR: CHECK( node.test_tx_dst(i)==i+2 ) is NOT correct!
  values: CHECK( 1 == 2 )

test/test_b413_characterization.cpp:23: ERROR: CHECK( node.test_tx_type(i)==DATA_TYPE_REMOTE_CMD ) is NOT correct!
  values: CHECK( 2 == 160 )

test/test_b413_characterization.cpp:23: ERROR: CHECK( node.test_tx_dst(i)==i+2 ) is NOT correct!
  values: CHECK( 1 == 3 )

test/test_b413_characterization.cpp:25: ERROR: CHECK( p.carrier_ctr==1 ) is NOT correct!
  values: CHECK( 2 == 1 )

test/test_b413_characterization.cpp:28: ERROR: CHECK( state.pending[0].core.carrier_ctr==state.pending[1].core.carrier_ctr ) is NOT correct!
  values: CHECK( 1 == 2 )

test/test_b413_characterization.cpp:29: ERROR: CHECK( remote_client_observe_ack(state,state.pending[1].core.carrier_ctr,true)==1 ) is NOT correct!
  values: CHECK( 2 == 1 )

test/test_b413_characterization.cpp:31: ERROR: CHECK( node.remote_client_correlation_free()==8 ) is NOT correct!
  values: CHECK( 6 == 8 )

test/test_b413_characterization.cpp:41: ERROR: CHECK( timeouts==2 ) is NOT correct!
  values: CHECK( 0 == 2 )

test/test_b413_characterization.cpp:41: ERROR: CHECK( sink.calls==2 ) is NOT correct!
  values: CHECK( 0 == 2 )

test/test_b413_characterization.cpp:41: ERROR: CHECK( wrong ) is NOT correct!
  values: CHECK( false )

===============================================================================
[doctest] test cases:  1 |  0 passed |  1 failed | 2966 skipped
[doctest] assertions: 22 | 11 passed | 11 failed |
[doctest] Status: FAILURE!
