[doctest] doctest version is "2.4.12"
[doctest] run with "--help" for options
===============================================================================
test/test_node_remote_carrier.cpp:93:
TEST CASE:  8b real mobile home target chain authenticates and returns transcript with response ACK

test/support/remote_carrier_chain.h:94: SUCCESS: CHECK( n1.on_init(cfg1) ) is correct!
  values: CHECK( true )

test/support/remote_carrier_chain.h:94: SUCCESS: CHECK( n2.on_init(cfg) ) is correct!
  values: CHECK( true )

test/test_node_remote_carrier.cpp:39: SUCCESS: CHECK( mobile.on_init(cfg) ) is correct!
  values: CHECK( true )

test/test_node_remote_carrier.cpp:43: SUCCESS: CHECK( pair.n1.test_id_bind_set(2,0x22222222,true) ) is correct!
  values: CHECK( true )

test/test_node_remote_carrier.cpp:44: SUCCESS: CHECK( pair.n2.test_id_bind_set(1,0x11111111,true) ) is correct!
  values: CHECK( true )

test/test_node_remote_carrier.cpp:48: SUCCESS: CHECK( pair.n2.admin_draw_epoch(install.epoch[0]) ) is correct!
  values: CHECK( true )

test/test_node_remote_carrier.cpp:49: SUCCESS: CHECK( pair.n2.admin_session_state().epoch[0]!=0 ) is correct!
  values: CHECK( 3259496853602323290 != 0 )

test/test_node_remote_carrier.cpp:94: SUCCESS: CHECK( c.start().error==RemoteClientError::none ) is correct!
  values: CHECK( 0 == 0 )

test/test_node_remote_carrier.cpp:67: SUCCESS: CHECK( d.has_value() ) is correct!
  values: CHECK( true )

test/test_node_remote_carrier.cpp:67: SUCCESS: CHECK( d->type==type ) is correct!
  values: CHECK( 2 == 2 )

test/test_node_remote_carrier.cpp:75: SUCCESS: CHECK( d.has_value() ) is correct!
  values: CHECK( true )

test/test_node_remote_carrier.cpp:76: SUCCESS: CHECK( d->type==DATA_TYPE_REMOTE_CMD ) is correct!
  values: CHECK( 160 == 160 )

test/test_node_remote_carrier.cpp:77: SUCCESS: CHECK( inner.has_value() ) is correct!
  values: CHECK( true )

test/test_node_remote_carrier.cpp:77: SUCCESS: CHECK( inner->source_hash==mobile_hash ) is correct!
  values: CHECK( 3237998081 == 3237998081 )

test/test_node_remote_carrier.cpp:94: ERROR: CHECK( c.bootstrap() ) is NOT correct!
  values: CHECK( false )

test/test_node_remote_carrier.cpp:67: SUCCESS: CHECK( d.has_value() ) is correct!
  values: CHECK( true )

test/test_node_remote_carrier.cpp:67: SUCCESS: CHECK( d->type==type ) is correct!
  values: CHECK( 2 == 2 )

test/test_node_remote_carrier.cpp:75: SUCCESS: CHECK( d.has_value() ) is correct!
  values: CHECK( true )

test/test_node_remote_carrier.cpp:76: SUCCESS: CHECK( d->type==DATA_TYPE_REMOTE_CMD ) is correct!
  values: CHECK( 160 == 160 )

test/test_node_remote_carrier.cpp:77: SUCCESS: CHECK( inner.has_value() ) is correct!
  values: CHECK( true )

test/test_node_remote_carrier.cpp:77: SUCCESS: CHECK( inner->source_hash==mobile_hash ) is correct!
  values: CHECK( 3237998081 == 3237998081 )

test/test_node_remote_carrier.cpp:94: SUCCESS: CHECK( c.outward() ) is correct!
  values: CHECK( true )

test/test_node_remote_carrier.cpp:95: ERROR: CHECK( c.execute() ) is NOT correct!
  values: CHECK( false )

test/test_node_remote_carrier.cpp:95: ERROR: CHECK( c.executions==1 ) is NOT correct!
  values: CHECK( 0 == 1 )

test/test_node_remote_carrier.cpp:96: ERROR: CHECK( c.pair.n2.radmin_send_frame()==RadminSend::queued ) is NOT correct!
  values: CHECK( 0 == 1 )

test/test_node_remote_carrier.cpp:96: ERROR: CHECK( c.inward() ) is NOT correct!
  values: CHECK( false )

test/test_node_remote_carrier.cpp:96: SUCCESS: CHECK( c.sink.terminals==0 ) is correct!
  values: CHECK( 0 == 0 )

test/test_node_remote_carrier.cpp:97: ERROR: CHECK( c.pair.n2.radmin_send_frame()==RadminSend::queued ) is NOT correct!
  values: CHECK( 0 == 1 )

test/test_node_remote_carrier.cpp:97: ERROR: CHECK( c.inward() ) is NOT correct!
  values: CHECK( false )

test/test_node_remote_carrier.cpp:98: ERROR: CHECK( c.sink.text=="up=42s" ) is NOT correct!
  values: CHECK(  == up=42s )

test/test_node_remote_carrier.cpp:98: ERROR: CHECK( c.sink.result=="completed" ) is NOT correct!
  values: CHECK(  == completed )

test/test_node_remote_carrier.cpp:98: ERROR: CHECK( c.sink.terminals==1 ) is NOT correct!
  values: CHECK( 0 == 1 )

test/test_node_remote_carrier.cpp:99: ERROR: CHECK( remote_client_ack(c.mobile.remote_client(),c.id,c.hm._now)==RemoteClientError::none ) is NOT correct!
  values: CHECK( 14 == 0 )

test/test_node_remote_carrier.cpp:67: SUCCESS: CHECK( d.has_value() ) is correct!
  values: CHECK( true )

test/test_node_remote_carrier.cpp:67: SUCCESS: CHECK( d->type==type ) is correct!
  values: CHECK( 2 == 2 )

test/test_node_remote_carrier.cpp:75: SUCCESS: CHECK( d.has_value() ) is correct!
  values: CHECK( true )

test/test_node_remote_carrier.cpp:76: SUCCESS: CHECK( d->type==DATA_TYPE_REMOTE_CMD ) is correct!
  values: CHECK( 160 == 160 )

test/test_node_remote_carrier.cpp:77: SUCCESS: CHECK( inner.has_value() ) is correct!
  values: CHECK( true )

test/test_node_remote_carrier.cpp:77: SUCCESS: CHECK( inner->source_hash==mobile_hash ) is correct!
  values: CHECK( 3237998081 == 3237998081 )

test/test_node_remote_carrier.cpp:100: SUCCESS: CHECK( c.outward() ) is correct!
  values: CHECK( true )

test/test_node_remote_carrier.cpp:100: ERROR: CHECK( remote_client_ack_debt_count(c.mobile.remote_client())==1 ) is NOT correct!
  values: CHECK( 0 == 1 )

test/test_node_remote_carrier.cpp:101: ERROR: CHECK( c.pair.n2.admin_session_state().seen[0].record.state==uint8_t(SeenState::acknowledged) ) is NOT correct!
  values: CHECK( 0 == 4 )

===============================================================================
[doctest] test cases:  1 |  0 passed |  1 failed | 2954 skipped
[doctest] assertions: 42 | 29 passed | 13 failed |
[doctest] Status: FAILURE!
