Verbosity level can be increased via `-v, -vv, or -vvv` option
Collected 1 tests

Processing * in native environment
--------------------------------------------------------------------------------
Building...
In file included from test/test_remote_client.cpp:2:
test/test_remote_client.cpp: In lambda function:
.pio/libdeps/native/doctest/doctest/doctest.h:2824:57: error: static assertion failed: Exceptions are disabled! Use DOCTEST_CONFIG_NO_EXCEPTIONS_BUT_WITH_ALL_ASSERTS if you want to compile with exceptions disabled.
 2824 | #define DOCTEST_EXCEPTION_EMPTY_FUNC [] { static_assert(false, "Exceptions are disabled! " \
      |                                                         ^~~~~
.pio/libdeps/native/doctest/doctest/doctest.h:2840:25: note: in expansion of macro ‘DOCTEST_EXCEPTION_EMPTY_FUNC’
 2840 | #define DOCTEST_REQUIRE DOCTEST_EXCEPTION_EMPTY_FUNC
      |                         ^~~~~~~~~~~~~~~~~~~~~~~~~~~~
.pio/libdeps/native/doctest/doctest/doctest.h:2977:22: note: in expansion of macro ‘DOCTEST_REQUIRE’
 2977 | #define REQUIRE(...) DOCTEST_REQUIRE(__VA_ARGS__)
      |                      ^~~~~~~~~~~~~~~
test/test_remote_client.cpp:280:9: note: in expansion of macro ‘REQUIRE’
  280 |         REQUIRE(result.error==RemoteClientError::none);CHECK_FALSE(c.carrier.request_ack.back());
      |         ^~~~~~~
test/test_remote_client.cpp: In function ‘void DOCTEST_ANON_FUNC_28()’:
.pio/libdeps/native/doctest/doctest/doctest.h:2977:37: error: expression cannot be used as a function
 2977 | #define REQUIRE(...) DOCTEST_REQUIRE(__VA_ARGS__)
      |                                     ^
test/test_remote_client.cpp:280:9: note: in expansion of macro ‘REQUIRE’
  280 |         REQUIRE(result.error==RemoteClientError::none);CHECK_FALSE(c.carrier.request_ack.back());
      |         ^~~~~~~
test/test_remote_client.cpp: In lambda function:
.pio/libdeps/native/doctest/doctest/doctest.h:2824:57: error: static assertion failed: Exceptions are disabled! Use DOCTEST_CONFIG_NO_EXCEPTIONS_BUT_WITH_ALL_ASSERTS if you want to compile with exceptions disabled.
 2824 | #define DOCTEST_EXCEPTION_EMPTY_FUNC [] { static_assert(false, "Exceptions are disabled! " \
      |                                                         ^~~~~
.pio/libdeps/native/doctest/doctest/doctest.h:2840:25: note: in expansion of macro ‘DOCTEST_EXCEPTION_EMPTY_FUNC’
 2840 | #define DOCTEST_REQUIRE DOCTEST_EXCEPTION_EMPTY_FUNC
      |                         ^~~~~~~~~~~~~~~~~~~~~~~~~~~~
.pio/libdeps/native/doctest/doctest/doctest.h:2977:22: note: in expansion of macro ‘DOCTEST_REQUIRE’
 2977 | #define REQUIRE(...) DOCTEST_REQUIRE(__VA_ARGS__)
      |                      ^~~~~~~~~~~~~~~
test/test_remote_client.cpp:296:59: note: in expansion of macro ‘REQUIRE’
  296 |         Client c;c.route.hop_count=hops;c.route.hops[0]=2;REQUIRE(c.start().error==RemoteClientError::none);
      |                                                           ^~~~~~~
test/test_remote_client.cpp: In function ‘void DOCTEST_ANON_FUNC_30()’:
.pio/libdeps/native/doctest/doctest/doctest.h:2977:37: error: expression cannot be used as a function
 2977 | #define REQUIRE(...) DOCTEST_REQUIRE(__VA_ARGS__)
      |                                     ^
test/test_remote_client.cpp:296:59: note: in expansion of macro ‘REQUIRE’
  296 |         Client c;c.route.hop_count=hops;c.route.hops[0]=2;REQUIRE(c.start().error==RemoteClientError::none);
      |                                                           ^~~~~~~
test/test_remote_client.cpp: In lambda function:
.pio/libdeps/native/doctest/doctest/doctest.h:2824:57: error: static assertion failed: Exceptions are disabled! Use DOCTEST_CONFIG_NO_EXCEPTIONS_BUT_WITH_ALL_ASSERTS if you want to compile with exceptions disabled.
 2824 | #define DOCTEST_EXCEPTION_EMPTY_FUNC [] { static_assert(false, "Exceptions are disabled! " \
      |                                                         ^~~~~
.pio/libdeps/native/doctest/doctest/doctest.h:2840:25: note: in expansion of macro ‘DOCTEST_EXCEPTION_EMPTY_FUNC’
 2840 | #define DOCTEST_REQUIRE DOCTEST_EXCEPTION_EMPTY_FUNC
      |                         ^~~~~~~~~~~~~~~~~~~~~~~~~~~~
.pio/libdeps/native/doctest/doctest/doctest.h:2977:22: note: in expansion of macro ‘DOCTEST_REQUIRE’
 2977 | #define REQUIRE(...) DOCTEST_REQUIRE(__VA_ARGS__)
      |                      ^~~~~~~~~~~~~~~
test/test_remote_client.cpp:300:9: note: in expansion of macro ‘REQUIRE’
  300 |         REQUIRE(RemoteClientPhase(c.p().core.state)==phase);
      |         ^~~~~~~
test/test_remote_client.cpp: In function ‘void DOCTEST_ANON_FUNC_30()’:
.pio/libdeps/native/doctest/doctest/doctest.h:2977:37: error: expression cannot be used as a function
 2977 | #define REQUIRE(...) DOCTEST_REQUIRE(__VA_ARGS__)
      |                                     ^
test/test_remote_client.cpp:300:9: note: in expansion of macro ‘REQUIRE’
  300 |         REQUIRE(RemoteClientPhase(c.p().core.state)==phase);
      |         ^~~~~~~
test/test_remote_client.cpp: In lambda function:
.pio/libdeps/native/doctest/doctest/doctest.h:2824:57: error: static assertion failed: Exceptions are disabled! Use DOCTEST_CONFIG_NO_EXCEPTIONS_BUT_WITH_ALL_ASSERTS if you want to compile with exceptions disabled.
 2824 | #define DOCTEST_EXCEPTION_EMPTY_FUNC [] { static_assert(false, "Exceptions are disabled! " \
      |                                                         ^~~~~
.pio/libdeps/native/doctest/doctest/doctest.h:2840:25: note: in expansion of macro ‘DOCTEST_EXCEPTION_EMPTY_FUNC’
 2840 | #define DOCTEST_REQUIRE DOCTEST_EXCEPTION_EMPTY_FUNC
      |                         ^~~~~~~~~~~~~~~~~~~~~~~~~~~~
.pio/libdeps/native/doctest/doctest/doctest.h:2977:22: note: in expansion of macro ‘DOCTEST_REQUIRE’
 2977 | #define REQUIRE(...) DOCTEST_REQUIRE(__VA_ARGS__)
      |                      ^~~~~~~~~~~~~~~
test/test_remote_client.cpp:313:14: note: in expansion of macro ‘REQUIRE’
  313 |     Client c;REQUIRE(c.start().error==RemoteClientError::none);c.bootstrap();const auto exact=c.carrier.requests.back();
      |              ^~~~~~~
test/test_remote_client.cpp: In function ‘void DOCTEST_ANON_FUNC_32()’:
.pio/libdeps/native/doctest/doctest/doctest.h:2977:37: error: expression cannot be used as a function
 2977 | #define REQUIRE(...) DOCTEST_REQUIRE(__VA_ARGS__)
      |                                     ^
test/test_remote_client.cpp:313:14: note: in expansion of macro ‘REQUIRE’
  313 |     Client c;REQUIRE(c.start().error==RemoteClientError::none);c.bootstrap();const auto exact=c.carrier.requests.back();
      |              ^~~~~~~
test/test_remote_client.cpp: In lambda function:
.pio/libdeps/native/doctest/doctest/doctest.h:2824:57: error: static assertion failed: Exceptions are disabled! Use DOCTEST_CONFIG_NO_EXCEPTIONS_BUT_WITH_ALL_ASSERTS if you want to compile with exceptions disabled.
 2824 | #define DOCTEST_EXCEPTION_EMPTY_FUNC [] { static_assert(false, "Exceptions are disabled! " \
      |                                                         ^~~~~
.pio/libdeps/native/doctest/doctest/doctest.h:2840:25: note: in expansion of macro ‘DOCTEST_EXCEPTION_EMPTY_FUNC’
 2840 | #define DOCTEST_REQUIRE DOCTEST_EXCEPTION_EMPTY_FUNC
      |                         ^~~~~~~~~~~~~~~~~~~~~~~~~~~~
.pio/libdeps/native/doctest/doctest/doctest.h:2977:22: note: in expansion of macro ‘DOCTEST_REQUIRE’
 2977 | #define REQUIRE(...) DOCTEST_REQUIRE(__VA_ARGS__)
      |                      ^~~~~~~~~~~~~~~
test/test_remote_client.cpp:320:14: note: in expansion of macro ‘REQUIRE’
  320 |     Client d;REQUIRE(d.start().error==RemoteClientError::none);d.now=d.p().core.outcome_deadline_ms;d.pump();
      |              ^~~~~~~
test/test_remote_client.cpp: In function ‘void DOCTEST_ANON_FUNC_32()’:
.pio/libdeps/native/doctest/doctest/doctest.h:2977:37: error: expression cannot be used as a function
 2977 | #define REQUIRE(...) DOCTEST_REQUIRE(__VA_ARGS__)
      |                                     ^
test/test_remote_client.cpp:320:14: note: in expansion of macro ‘REQUIRE’
  320 |     Client d;REQUIRE(d.start().error==RemoteClientError::none);d.now=d.p().core.outcome_deadline_ms;d.pump();
      |              ^~~~~~~
test/test_remote_client.cpp: In lambda function:
.pio/libdeps/native/doctest/doctest/doctest.h:2824:57: error: static assertion failed: Exceptions are disabled! Use DOCTEST_CONFIG_NO_EXCEPTIONS_BUT_WITH_ALL_ASSERTS if you want to compile with exceptions disabled.
 2824 | #define DOCTEST_EXCEPTION_EMPTY_FUNC [] { static_assert(false, "Exceptions are disabled! " \
      |                                                         ^~~~~
.pio/libdeps/native/doctest/doctest/doctest.h:2840:25: note: in expansion of macro ‘DOCTEST_EXCEPTION_EMPTY_FUNC’
 2840 | #define DOCTEST_REQUIRE DOCTEST_EXCEPTION_EMPTY_FUNC
      |                         ^~~~~~~~~~~~~~~~~~~~~~~~~~~~
.pio/libdeps/native/doctest/doctest/doctest.h:2977:22: note: in expansion of macro ‘DOCTEST_REQUIRE’
 2977 | #define REQUIRE(...) DOCTEST_REQUIRE(__VA_ARGS__)
      |                      ^~~~~~~~~~~~~~~
test/test_remote_client.cpp:324:14: note: in expansion of macro ‘REQUIRE’
  324 |     Client c;REQUIRE(c.start(RemoteLocalTransport::usb).error==RemoteClientError::none);c.bootstrap();c.terminal();c.pump();
      |              ^~~~~~~
test/test_remote_client.cpp: In function ‘void DOCTEST_ANON_FUNC_34()’:
.pio/libdeps/native/doctest/doctest/doctest.h:2977:37: error: expression cannot be used as a function
 2977 | #define REQUIRE(...) DOCTEST_REQUIRE(__VA_ARGS__)
      |                                     ^
test/test_remote_client.cpp:324:14: note: in expansion of macro ‘REQUIRE’
  324 |     Client c;REQUIRE(c.start(RemoteLocalTransport::usb).error==RemoteClientError::none);c.bootstrap();c.terminal();c.pump();
      |              ^~~~~~~
test/test_remote_client.cpp: In lambda function:
.pio/libdeps/native/doctest/doctest/doctest.h:2824:57: error: static assertion failed: Exceptions are disabled! Use DOCTEST_CONFIG_NO_EXCEPTIONS_BUT_WITH_ALL_ASSERTS if you want to compile with exceptions disabled.
 2824 | #define DOCTEST_EXCEPTION_EMPTY_FUNC [] { static_assert(false, "Exceptions are disabled! " \
      |                                                         ^~~~~
.pio/libdeps/native/doctest/doctest/doctest.h:2840:25: note: in expansion of macro ‘DOCTEST_EXCEPTION_EMPTY_FUNC’
 2840 | #define DOCTEST_REQUIRE DOCTEST_EXCEPTION_EMPTY_FUNC
      |                         ^~~~~~~~~~~~~~~~~~~~~~~~~~~~
.pio/libdeps/native/doctest/doctest/doctest.h:2977:22: note: in expansion of macro ‘DOCTEST_REQUIRE’
 2977 | #define REQUIRE(...) DOCTEST_REQUIRE(__VA_ARGS__)
      |                      ^~~~~~~~~~~~~~~
test/test_remote_client.cpp:342:5: note: in expansion of macro ‘REQUIRE’
  342 |     REQUIRE(result.error==RemoteClientError::none);c.bootstrap();remote_client_carrier_sent(c.s,c.carrier.requests.back(),42);
      |     ^~~~~~~
test/test_remote_client.cpp: In function ‘void DOCTEST_ANON_FUNC_36()’:
.pio/libdeps/native/doctest/doctest/doctest.h:2977:37: error: expression cannot be used as a function
 2977 | #define REQUIRE(...) DOCTEST_REQUIRE(__VA_ARGS__)
      |                                     ^
test/test_remote_client.cpp:342:5: note: in expansion of macro ‘REQUIRE’
  342 |     REQUIRE(result.error==RemoteClientError::none);c.bootstrap();remote_client_carrier_sent(c.s,c.carrier.requests.back(),42);
      |     ^~~~~~~
*** [.pio/build/native/test/test_remote_client.o] Error 1
Building stage has failed, see errors above. Use `pio test -vvv` option to enable verbose output.
--------------------- native:* [ERRORED] Took 2.79 seconds ---------------------

=================================== SUMMARY ===================================
Environment    Test    Status    Duration
-------------  ------  --------  ------------
native         *       ERRORED   00:00:02.795
================== 1 test cases: 0 succeeded in 00:00:02.795 ==================
