-- target radmin8client: /tmp/mr-s8b-r4-_d7gpj1e/iter-gate/lib/core/remote_client.cpp (52 entries)
-- selection: IN FULL (all 52 entries)
-- workers: 3
-- scratch root: /tmp/mr_mutation_run-rtys8pr3   (removed on exit; MR_MUT_KEEP_SCRATCH=1 to keep)
  [w2] -- target radmin8client: /tmp/mr_mutation_run-rtys8pr3/w2/lib/core/remote_client.cpp (17 of 52 entries in this shard)
  [w2] -- baseline gate: THIS WORKER'S OWN clean tree must run 0 FAILED; its own counts become this shard's baseline
  [w0] -- target radmin8client: /tmp/mr_mutation_run-rtys8pr3/w0/lib/core/remote_client.cpp (18 of 52 entries in this shard)
  [w0] -- baseline gate: THIS WORKER'S OWN clean tree must run 0 FAILED; its own counts become this shard's baseline
  [w1] -- target radmin8client: /tmp/mr_mutation_run-rtys8pr3/w1/lib/core/remote_client.cpp (17 of 52 entries in this shard)
  [w1] -- baseline gate: THIS WORKER'S OWN clean tree must run 0 FAILED; its own counts become this shard's baseline
  [w2]   ok   clean baseline 2962 / 195539 / 0   (DERIVED from this tree)
  [w0]   ok   clean baseline 2962 / 195539 / 0   (DERIVED from this tree)
  [w1]   ok   clean baseline 2962 / 195539 / 0   (DERIVED from this tree)
  [w2]   ok   C03 zero and duplicate IDs admitted -> RED (6 assertion(s) failed, match count 1)
  [w1]   ok   C02 entropy failure publishes an ID -> RED (206 assertion(s) failed, match count 1)
  [w0]   ok   C01 bootstrap cache ignores selected controller -> RED (6 assertion(s) failed, match count 1)
  [w2]   ok   C06 auth failure uncounted -> RED (5 assertion(s) failed, match count 1)
  [w1]   ok   C05 sequence check bypassed -> RED (1 assertion(s) failed, match count 1)
  [w0]   ok   C04 wrong target source accepted -> RED (3 assertion(s) failed, match count 1)
  [w2]   ok   C09 incomplete local ACK accepted -> RED (6 assertion(s) failed, match count 1)
  [w0]   ok   C07 terminal detail lost -> RED (1 assertion(s) failed, match count 1)
  [w1]   ok   C08 BLE result autoaccepted -> RED (51 assertion(s) failed, match count 1)
  [w2]   ok   C12 changed epoch permits replay -> RED (1 assertion(s) failed, match count 1)
  [w1]   ok   C11 ACK debt not retried -> RED (15 assertion(s) failed, match count 1)
  [w0]   ok   C10 ACK debt cleared on submission -> RED (33 assertion(s) failed, match count 1)
  [w2]   ok   C15 half-sized pool allocation -> RED (10 assertion(s) failed, match count 1)
  [w1]   ok   C14 pool contents are lost -> RED (28 assertion(s) failed, match count 1)
  [w0]   ok   C13 exact retry corrupts retained request -> RED (1 assertion(s) failed, match count 1)
  [w2]   ok   C18 completed bytes not wiped -> RED (24 assertion(s) failed, match count 1)
  [w1]   ok   C17 automatic rollover keeps old request ID -> RED (8 assertion(s) failed, match count 1)
  [w0]   ok   C16 repeated automatic rollover -> RED (2 assertion(s) failed, match count 1)
  [w2]   ok   C21 counter wraps -> RED (1 assertion(s) failed, match count 1)
  [w1]   ok   C20 local disconnect consumes result -> RED (4 assertion(s) failed, match count 1)
  [w0]   ok   C19 USB short write treated as acceptance -> RED (15 assertion(s) failed, match count 1)
  [w2]   ok   C24 radio-unavailable refusal leaves pending debt -> RED (7 assertion(s) failed, match count 1)
  [w1]   ok   C23 retained pressure overwrites BLE result -> RED (1 assertion(s) failed, match count 1)
  [w0]   ok   C22 assembly pressure sends anyway -> RED (1 assertion(s) failed, match count 1)
  [w2]   ok   C27 disconnect forgets prior complete local acceptance -> RED (2 assertion(s) failed, match count 1)
  [w1]   ok   C26 assembly fallback ignores disconnect reoffer -> RED (1 assertion(s) failed, match count 1)
  [w0]   ok   C25 explicit show keeps the original transport -> RED (4 assertion(s) failed, match count 1)
  [w2]   ok   C30 non-execute ACK admitted -> RED (9 assertion(s) failed, match count 1)
  [w1]   ok   C29 session controls accept an execution terminal -> RED (24 assertion(s) failed, match count 1)
  [w0]   ok   C28 full ACK debt blocks rollover recovery -> RED (26 assertion(s) failed, match count 1)
  [w2]   ok   C33 correlation pressure becomes radio failure -> RED (6 assertion(s) failed, match count 1)
  [w1]   ok   C32 initial correlation bound bypassed -> RED (3 assertion(s) failed, match count 1)
  [w0]   ok   C31 bootstrap requests ACK -> RED (19 assertion(s) failed, match count 1)
  [w2]   ok   C36 resend early -> RED (8 assertion(s) failed, match count 1)
  [w2]   VACUOUS C39 ACK burst never goes dormant — match count 2 (must be exactly 1)
  [w1]   ok   C35 automatic resend disabled -> RED (46 assertion(s) failed, match count 1)
  [w0]   ok   C34 resend uses reversed route tier -> RED (28 assertion(s) failed, match count 1)
  [w2]   ok   C42 dormant debt not kicked -> RED (2 assertion(s) failed, match count 1)
  [w1]   ok   C38 expiry loses request retry edge -> RED (8 assertion(s) failed, match count 1)
  [w0]   ok   C37 resend repeats -> RED (21 assertion(s) failed, match count 1)
  [w2]   ok   C45 ACK match ignores opt-in -> RED (2 assertion(s) failed, match count 1)
  [w1]   ok   C41 ACK delay stops doubling -> RED (8 assertion(s) failed, match count 1)
  [w0]   ok   C40 ACK budget consumed on failure -> RED (14 assertion(s) failed, match count 1)
  [w2]   ok   C48 custody accepts node-id target -> RED (1 assertion(s) failed, match count 1)
  [w1]   ok   C44 submitted counter lost -> RED (16 assertion(s) failed, match count 1)
  [w0]   FAIL C43 unrelated target kicks dormant debt — the suite still PASSES; nothing measures this
  [w2]   ok   C51 custody ignores counter -> RED (3 assertion(s) failed, match count 1)
  [w2] source restored: md5 ffb2f08779d488c4745e5287cd1c4589 (MATCHES)
  [w2] shard 2: 16 RED / 1 unusable   (of 17 entries)
  [w1]   ok   C47 custody permits reply type -> RED (6 assertion(s) failed, match count 1)
  [w0]   ok   C46 ACK match ignores counter -> RED (1 assertion(s) failed, match count 1)
  [w1]   ok   C50 custody ignores opt-in -> RED (2 assertion(s) failed, match count 1)
  [w1] source restored: md5 ffb2f08779d488c4745e5287cd1c4589 (MATCHES)
  [w1] shard 1: 17 RED / 0 unusable   (of 17 entries)
  [w0]   ok   C49 custody ignores target -> RED (3 assertion(s) failed, match count 1)
  [w0]   ok   C52 replay keeps partial assembly sequence -> RED (2 assertion(s) failed, match count 1)
  [w0] source restored: md5 ffb2f08779d488c4745e5287cd1c4589 (MATCHES)
  [w0] shard 0: 17 RED / 1 unusable   (of 18 entries)

======================================================================================================================
-- MERGED REPORT — target radmin8client: /tmp/mr-s8b-r4-_d7gpj1e/iter-gate/lib/core/remote_client.cpp
  ok   clean baseline 2962 / 195539 / 0   (DERIVED per worker tree; 3 tree(s) agree)
  !!!!!!!!!!!!!!!!!!!!!!!!!!!!!!!!!!!!!!!!!!!!!!!!!!!!!!!!!!!!!!!!!!!!!!!!!!!!!!!!!!!!!!!!!!!!!!!!!!!!!!!!!!!!!!!!
  !!  STALE CROSS-CHECK PIN — the hand-pinned figure is NOT what these clean trees run.
  !!      pinned   2947 / 193734   (PIN_CASES, this file)
  !!      derived  2962 / 195539   <-- THE BATTERY USED THIS
  !!  The battery RAN anyway, IN FULL (all 52 entries): per [[B217]] a stale figure must NEVER zero a run.
  !!  Then re-pin PIN_CASES / PIN_ASSERTS with the derivation (or unset MR_MUT_BASE).
  !!!!!!!!!!!!!!!!!!!!!!!!!!!!!!!!!!!!!!!!!!!!!!!!!!!!!!!!!!!!!!!!!!!!!!!!!!!!!!!!!!!!!!!!!!!!!!!!!!!!!!!!!!!!!!!!
  ok   C01 bootstrap cache ignores selected controller -> RED (6 assertion(s) failed, match count 1)
  ok   C02 entropy failure publishes an ID -> RED (206 assertion(s) failed, match count 1)
  ok   C03 zero and duplicate IDs admitted -> RED (6 assertion(s) failed, match count 1)
  ok   C04 wrong target source accepted -> RED (3 assertion(s) failed, match count 1)
  ok   C05 sequence check bypassed -> RED (1 assertion(s) failed, match count 1)
  ok   C06 auth failure uncounted -> RED (5 assertion(s) failed, match count 1)
  ok   C07 terminal detail lost -> RED (1 assertion(s) failed, match count 1)
  ok   C08 BLE result autoaccepted -> RED (51 assertion(s) failed, match count 1)
  ok   C09 incomplete local ACK accepted -> RED (6 assertion(s) failed, match count 1)
  ok   C10 ACK debt cleared on submission -> RED (33 assertion(s) failed, match count 1)
  ok   C11 ACK debt not retried -> RED (15 assertion(s) failed, match count 1)
  ok   C12 changed epoch permits replay -> RED (1 assertion(s) failed, match count 1)
  ok   C13 exact retry corrupts retained request -> RED (1 assertion(s) failed, match count 1)
  ok   C14 pool contents are lost -> RED (28 assertion(s) failed, match count 1)
  ok   C15 half-sized pool allocation -> RED (10 assertion(s) failed, match count 1)
  ok   C16 repeated automatic rollover -> RED (2 assertion(s) failed, match count 1)
  ok   C17 automatic rollover keeps old request ID -> RED (8 assertion(s) failed, match count 1)
  ok   C18 completed bytes not wiped -> RED (24 assertion(s) failed, match count 1)
  ok   C19 USB short write treated as acceptance -> RED (15 assertion(s) failed, match count 1)
  ok   C20 local disconnect consumes result -> RED (4 assertion(s) failed, match count 1)
  ok   C21 counter wraps -> RED (1 assertion(s) failed, match count 1)
  ok   C22 assembly pressure sends anyway -> RED (1 assertion(s) failed, match count 1)
  ok   C23 retained pressure overwrites BLE result -> RED (1 assertion(s) failed, match count 1)
  ok   C24 radio-unavailable refusal leaves pending debt -> RED (7 assertion(s) failed, match count 1)
  ok   C25 explicit show keeps the original transport -> RED (4 assertion(s) failed, match count 1)
  ok   C26 assembly fallback ignores disconnect reoffer -> RED (1 assertion(s) failed, match count 1)
  ok   C27 disconnect forgets prior complete local acceptance -> RED (2 assertion(s) failed, match count 1)
  ok   C28 full ACK debt blocks rollover recovery -> RED (26 assertion(s) failed, match count 1)
  ok   C29 session controls accept an execution terminal -> RED (24 assertion(s) failed, match count 1)
  ok   C30 non-execute ACK admitted -> RED (9 assertion(s) failed, match count 1)
  ok   C31 bootstrap requests ACK -> RED (19 assertion(s) failed, match count 1)
  ok   C32 initial correlation bound bypassed -> RED (3 assertion(s) failed, match count 1)
  ok   C33 correlation pressure becomes radio failure -> RED (6 assertion(s) failed, match count 1)
  ok   C34 resend uses reversed route tier -> RED (28 assertion(s) failed, match count 1)
  ok   C35 automatic resend disabled -> RED (46 assertion(s) failed, match count 1)
  ok   C36 resend early -> RED (8 assertion(s) failed, match count 1)
  ok   C37 resend repeats -> RED (21 assertion(s) failed, match count 1)
  ok   C38 expiry loses request retry edge -> RED (8 assertion(s) failed, match count 1)
  VACUOUS C39 ACK burst never goes dormant — match count 2 (must be exactly 1)
  ok   C40 ACK budget consumed on failure -> RED (14 assertion(s) failed, match count 1)
  ok   C41 ACK delay stops doubling -> RED (8 assertion(s) failed, match count 1)
  ok   C42 dormant debt not kicked -> RED (2 assertion(s) failed, match count 1)
  FAIL C43 unrelated target kicks dormant debt — the suite still PASSES; nothing measures this
  ok   C44 submitted counter lost -> RED (16 assertion(s) failed, match count 1)
  ok   C45 ACK match ignores opt-in -> RED (2 assertion(s) failed, match count 1)
  ok   C46 ACK match ignores counter -> RED (1 assertion(s) failed, match count 1)
  ok   C47 custody permits reply type -> RED (6 assertion(s) failed, match count 1)
  ok   C48 custody accepts node-id target -> RED (1 assertion(s) failed, match count 1)
  ok   C49 custody ignores target -> RED (3 assertion(s) failed, match count 1)
  ok   C50 custody ignores opt-in -> RED (2 assertion(s) failed, match count 1)
  ok   C51 custody ignores counter -> RED (3 assertion(s) failed, match count 1)
  ok   C52 replay keeps partial assembly sequence -> RED (2 assertion(s) failed, match count 1)
  worker 0: 18/18 entries, 17 RED / 1 worthless, wall 153.9s, rc 1, source restored: md5 ffb2f08779d488c4745e5287cd1c4589 (MATCHES)   /tmp/mr_mutation_run-rtys8pr3/w0
  worker 1: 17/17 entries, 17 RED / 0 worthless, wall 148.4s, rc 0, source restored: md5 ffb2f08779d488c4745e5287cd1c4589 (MATCHES)   /tmp/mr_mutation_run-rtys8pr3/w1
  worker 2: 17/17 entries, 16 RED / 1 worthless, wall 141.7s, rc 1, source restored: md5 ffb2f08779d488c4745e5287cd1c4589 (MATCHES)   /tmp/mr_mutation_run-rtys8pr3/w2
real tree untouched: all 62 target files byte-identical to launch (md5); no build ran in /tmp/mr-s8b-r4-_d7gpj1e/iter-gate
timing: copy 13.8s + battery 154.6s = 168.4s total, 52 entries over 3 worker(s)
mutations: 50 RED / 2 unusable
  !!!!!!!!!!!!!!!!!!!!!!!!!!!!!!!!!!!!!!!!!!!!!!!!!!!!!!!!!!!!!!!!!!!!!!!!!!!!!!!!!!!!!!!!!!!!!!!!!!!!!!!!!!!!!!!!
  !!  REMINDER — the cross-check pin is STALE: pinned 2947 / 193734, these trees run 2962 / 195539.
  !!  The battery above RAN IN FULL (52 entries) on the derived figure ([[B217]]); re-pin PIN_CASES/PIN_ASSERTS.
  !!!!!!!!!!!!!!!!!!!!!!!!!!!!!!!!!!!!!!!!!!!!!!!!!!!!!!!!!!!!!!!!!!!!!!!!!!!!!!!!!!!!!!!!!!!!!!!!!!!!!!!!!!!!!!!!
