$ /home/staszek/.platformio/penv/bin/python3 tools/probe_ui_model_mutations.py --target=b134ack --workers=3
-- target b134ack: /dev/shm/mr-b434-b435-r2-6kvsxgb3/mutation-stage/lib/console/console_json.h (2 entries)
-- selection: IN FULL (all 2 entries)
-- workers: 2
-- scratch root: /dev/shm/mr-b434-b435-r2-6kvsxgb3/scratch/mr_mutation_run-elxydfp_   (removed on exit; MR_MUT_KEEP_SCRATCH=1 to keep)
  [w0] -- target b134ack: /dev/shm/mr-b434-b435-r2-6kvsxgb3/scratch/mr_mutation_run-elxydfp_/w0/lib/console/console_json.h (1 of 2 entries in this shard)
  [w0] -- baseline gate: THIS WORKER'S OWN clean tree must run 0 FAILED; its own counts become this shard's baseline
  [w1] -- target b134ack: /dev/shm/mr-b434-b435-r2-6kvsxgb3/scratch/mr_mutation_run-elxydfp_/w1/lib/console/console_json.h (1 of 2 entries in this shard)
  [w1] -- baseline gate: THIS WORKER'S OWN clean tree must run 0 FAILED; its own counts become this shard's baseline
  [w0]   ok   clean baseline 2950 / 195770 / 0   (DERIVED from this tree)
  [w1]   ok   clean baseline 2950 / 195770 / 0   (DERIVED from this tree)
  [w0]   ok   A01 ★★★ the ack's result mapping becomes UNCONDITIONAL SUCCESS — the exact shape the verb had before QG round 7: a cursor the store refused to persist is reported to the companion as marked -> RED (2 assertion(s) failed, match count 1)
  [w0] source restored: md5 21b1db7be690a55771a96490f003f769 (MATCHES)
  [w0] shard 0: 1 RED / 0 unusable   (of 1 entries)
  [w1]   ok   A02 ★★ the mapping is INVERTED — a persisted cursor reports io_error, so a working node looks broken and the companion retries for ever -> RED (4 assertion(s) failed, match count 1)
  [w1] source restored: md5 21b1db7be690a55771a96490f003f769 (MATCHES)
  [w1] shard 1: 1 RED / 0 unusable   (of 1 entries)

======================================================================================================================
-- MERGED REPORT — target b134ack: /dev/shm/mr-b434-b435-r2-6kvsxgb3/mutation-stage/lib/console/console_json.h
  ok   clean baseline 2950 / 195770 / 0   (DERIVED per worker tree; 2 tree(s) agree)
  ok   A01 ★★★ the ack's result mapping becomes UNCONDITIONAL SUCCESS — the exact shape the verb had before QG round 7: a cursor the store refused to persist is reported to the companion as marked -> RED (2 assertion(s) failed, match count 1)
  ok   A02 ★★ the mapping is INVERTED — a persisted cursor reports io_error, so a working node looks broken and the companion retries for ever -> RED (4 assertion(s) failed, match count 1)
  worker 0: 1/1 entries, 1 RED / 0 worthless, wall 7.9s, rc 0, source restored: md5 21b1db7be690a55771a96490f003f769 (MATCHES)   /dev/shm/mr-b434-b435-r2-6kvsxgb3/scratch/mr_mutation_run-elxydfp_/w0
  worker 1: 1/1 entries, 1 RED / 0 worthless, wall 7.9s, rc 0, source restored: md5 21b1db7be690a55771a96490f003f769 (MATCHES)   /dev/shm/mr-b434-b435-r2-6kvsxgb3/scratch/mr_mutation_run-elxydfp_/w1
real tree untouched: all 62 target files byte-identical to launch (md5); no build ran in /dev/shm/mr-b434-b435-r2-6kvsxgb3/mutation-stage
timing: copy 2.6s + battery 8.0s = 10.6s total, 2 entries over 2 worker(s)
mutations: 2 RED / 0 unusable
