$ /home/staszek/.platformio/penv/bin/python3 tools/probe_ui_model_mutations.py --target=sliceBrx --workers=3
-- target sliceBrx: /dev/shm/mr-b434-b435-r2-6kvsxgb3/mutation-stage/lib/core/node_mac_rx.cpp (16 entries)
-- selection: IN FULL (all 16 entries)
-- workers: 3
-- scratch root: /dev/shm/mr-b434-b435-r2-6kvsxgb3/scratch/mr_mutation_run-x_8hqmsk   (removed on exit; MR_MUT_KEEP_SCRATCH=1 to keep)
  [w1] -- target sliceBrx: /dev/shm/mr-b434-b435-r2-6kvsxgb3/scratch/mr_mutation_run-x_8hqmsk/w1/lib/core/node_mac_rx.cpp (5 of 16 entries in this shard)
  [w1] -- baseline gate: THIS WORKER'S OWN clean tree must run 0 FAILED; its own counts become this shard's baseline
  [w2] -- target sliceBrx: /dev/shm/mr-b434-b435-r2-6kvsxgb3/scratch/mr_mutation_run-x_8hqmsk/w2/lib/core/node_mac_rx.cpp (5 of 16 entries in this shard)
  [w2] -- baseline gate: THIS WORKER'S OWN clean tree must run 0 FAILED; its own counts become this shard's baseline
  [w0] -- target sliceBrx: /dev/shm/mr-b434-b435-r2-6kvsxgb3/scratch/mr_mutation_run-x_8hqmsk/w0/lib/core/node_mac_rx.cpp (6 of 16 entries in this shard)
  [w0] -- baseline gate: THIS WORKER'S OWN clean tree must run 0 FAILED; its own counts become this shard's baseline
  [w1]   ok   clean baseline 2950 / 195770 / 0   (DERIVED from this tree)
  [w2]   ok   clean baseline 2950 / 195770 / 0   (DERIVED from this tree)
  [w0]   ok   clean baseline 2950 / 195770 / 0   (DERIVED from this tree)
  [w2]   ok   B06 ★★★ A SECOND, CORRECTLY-WRITTEN GUARD IS PLACED **BEFORE** THE HOSTED-MOBILE LAST-MILE FORK — the home is the outer wire destination but only a PROXY, so it now EATS its own mobile's unknown-internal traffic and the mobile never gets to judge it. Every "unknown internal is dropped" assertion still passes. -> RED (220 assertion(s) failed, match count 1)
  [w1]   ok   B05 ★★★ THE GUARD IS WEAKENED TO `internal && !known` — a KNOWN-but-unwired internal type (MOBILE_KEY_FORWARD on a static/gateway build) walks straight past it into the inbox as text, which is the exact [[B264]] class the strong predicate exists to close -> RED (4 assertion(s) failed, match count 1)
  [w0]   ok   B04 ★★★ THE FAIL-CLOSED GUARD IS DELETED — an addressed unknown-internal type falls through to the deliver tail exactly as it did before this slice, i.e. the stray 0x94's 32 raw key bytes become inbox TEXT again (A0-F10b's "harmless" stray, restored verbatim) -> RED (38 assertion(s) failed, match count 1)
  [w2]   ok   B09 ★★★ THE TRAIT GATE IS APPLIED ONE LINE TOO FAR, TO `send_e2e_acked` — the PROTOCOL-SPECIFIC result of the one internal type that has one disappears with the generic family (§6.2(6) inverted): a -a send is delivered and acked end-to-end and the app is never told -> RED (12 assertion(s) failed, match count 1)
  [w1]   ok   B08 ★★★ THE GUARD'S TELEMETRY GAINS A BODY-DERIVED FIELD — the ruled SCALAR-ONLY bound is broken and the stray key material reaches the event stream instead of the inbox, which is the same leak one pipe along -> RED (2 assertion(s) failed, match count 1)
  [w0]   ok   B07 ★★★ THE RELAY ARM GAINS THE GUARD — a content-blind forwarder now passes a SEMANTIC verdict on traffic that is not addressed to it, so an unknown-internal frame dies at the first hop instead of reaching its destination (design §6.2(3): a relay forwards it normally) -> RED (10 assertion(s) failed, match count 1)
  [w2]   ok   1b-07 ★★★ THE TWO CAPABILITIES ARE SWAPPED INSIDE THE DECISION — accept starts owning the RESPONSE and client the COMMAND, i.e. exactly the R-RA-8 inversion (a managed node answering itself, a managing node executing) -> RED (10 assertion(s) failed, match count 1)
  [w1]   ok   1b-06 ★★★ THE `client_on` TERM IS DROPPED — REMOTE_RESP becomes owned on EVERY configuration, which is the unconditional ownership R-RA-27 item 1 forbids, reached by another route -> RED (5 assertion(s) failed, match count 1)
  [w0]   ok   1b-05 ★★★ THE `accept_on` TERM IS DROPPED — REMOTE_CMD becomes owned on EVERY configuration, so a client-only mobile would stage and execute remote commands again (R-RA-27 item 3 inverted) -> RED (5 assertion(s) failed, match count 1)
  [w2]   ok   1b-10 admitted response overwrites the first pending record -> RED (157 assertion(s) failed, match count 1)
  [w0]   ok   1b-08 ★★★ THE DECISION STEALS EVERY OTHER TYPE — its `none` tail answers `command_accept`, so E2E acks, hash answers, custody notices and ordinary DMs are all routed into the remote staging slot -> RED (218 assertion(s) failed, match count 1)
  [w1]   ok   1b-09 controller response intake uses command domain -> RED (181 assertion(s) failed, match count 1)
  [w2]   ok   1b-13 response intake never publishes owned bytes -> RED (181 assertion(s) failed, match count 1)
  [w2] source restored: md5 15a280defa85eed07e315af6c3a7f968 (MATCHES)
  [w2] shard 2: 5 RED / 0 unusable   (of 5 entries)
  [w0]   ok   1b-11 response body is silently shortened -> RED (181 assertion(s) failed, match count 1)
  [w1]   ok   1b-12 response source is replaced by destination -> RED (181 assertion(s) failed, match count 1)
  [w1] source restored: md5 15a280defa85eed07e315af6c3a7f968 (MATCHES)
  [w1] shard 1: 5 RED / 0 unusable   (of 5 entries)
  [w0]   ok   R04 ★★★ THE HELPER CALL IN `handle_nack`'s FULL-QUEUE GIVE-UP IS DELETED — a grant NACKed with no requeue room dies unreported. ⛔ A DIFFERENT SITE FROM `giveup_flight`, which is why it needs its own arm ([[B268]] blocker-1) -> RED (2 assertion(s) failed, match count 1)
  [w0] source restored: md5 15a280defa85eed07e315af6c3a7f968 (MATCHES)
  [w0] shard 0: 6 RED / 0 unusable   (of 6 entries)

======================================================================================================================
-- MERGED REPORT — target sliceBrx: /dev/shm/mr-b434-b435-r2-6kvsxgb3/mutation-stage/lib/core/node_mac_rx.cpp
  ok   clean baseline 2950 / 195770 / 0   (DERIVED per worker tree; 3 tree(s) agree)
  ok   B04 ★★★ THE FAIL-CLOSED GUARD IS DELETED — an addressed unknown-internal type falls through to the deliver tail exactly as it did before this slice, i.e. the stray 0x94's 32 raw key bytes become inbox TEXT again (A0-F10b's "harmless" stray, restored verbatim) -> RED (38 assertion(s) failed, match count 1)
  ok   B05 ★★★ THE GUARD IS WEAKENED TO `internal && !known` — a KNOWN-but-unwired internal type (MOBILE_KEY_FORWARD on a static/gateway build) walks straight past it into the inbox as text, which is the exact [[B264]] class the strong predicate exists to close -> RED (4 assertion(s) failed, match count 1)
  ok   B06 ★★★ A SECOND, CORRECTLY-WRITTEN GUARD IS PLACED **BEFORE** THE HOSTED-MOBILE LAST-MILE FORK — the home is the outer wire destination but only a PROXY, so it now EATS its own mobile's unknown-internal traffic and the mobile never gets to judge it. Every "unknown internal is dropped" assertion still passes. -> RED (220 assertion(s) failed, match count 1)
  ok   B07 ★★★ THE RELAY ARM GAINS THE GUARD — a content-blind forwarder now passes a SEMANTIC verdict on traffic that is not addressed to it, so an unknown-internal frame dies at the first hop instead of reaching its destination (design §6.2(3): a relay forwards it normally) -> RED (10 assertion(s) failed, match count 1)
  ok   B08 ★★★ THE GUARD'S TELEMETRY GAINS A BODY-DERIVED FIELD — the ruled SCALAR-ONLY bound is broken and the stray key material reaches the event stream instead of the inbox, which is the same leak one pipe along -> RED (2 assertion(s) failed, match count 1)
  ok   B09 ★★★ THE TRAIT GATE IS APPLIED ONE LINE TOO FAR, TO `send_e2e_acked` — the PROTOCOL-SPECIFIC result of the one internal type that has one disappears with the generic family (§6.2(6) inverted): a -a send is delivered and acked end-to-end and the app is never told -> RED (12 assertion(s) failed, match count 1)
  ok   1b-05 ★★★ THE `accept_on` TERM IS DROPPED — REMOTE_CMD becomes owned on EVERY configuration, so a client-only mobile would stage and execute remote commands again (R-RA-27 item 3 inverted) -> RED (5 assertion(s) failed, match count 1)
  ok   1b-06 ★★★ THE `client_on` TERM IS DROPPED — REMOTE_RESP becomes owned on EVERY configuration, which is the unconditional ownership R-RA-27 item 1 forbids, reached by another route -> RED (5 assertion(s) failed, match count 1)
  ok   1b-07 ★★★ THE TWO CAPABILITIES ARE SWAPPED INSIDE THE DECISION — accept starts owning the RESPONSE and client the COMMAND, i.e. exactly the R-RA-8 inversion (a managed node answering itself, a managing node executing) -> RED (10 assertion(s) failed, match count 1)
  ok   1b-08 ★★★ THE DECISION STEALS EVERY OTHER TYPE — its `none` tail answers `command_accept`, so E2E acks, hash answers, custody notices and ordinary DMs are all routed into the remote staging slot -> RED (218 assertion(s) failed, match count 1)
  ok   1b-09 controller response intake uses command domain -> RED (181 assertion(s) failed, match count 1)
  ok   1b-10 admitted response overwrites the first pending record -> RED (157 assertion(s) failed, match count 1)
  ok   1b-11 response body is silently shortened -> RED (181 assertion(s) failed, match count 1)
  ok   1b-12 response source is replaced by destination -> RED (181 assertion(s) failed, match count 1)
  ok   1b-13 response intake never publishes owned bytes -> RED (181 assertion(s) failed, match count 1)
  ok   R04 ★★★ THE HELPER CALL IN `handle_nack`'s FULL-QUEUE GIVE-UP IS DELETED — a grant NACKed with no requeue room dies unreported. ⛔ A DIFFERENT SITE FROM `giveup_flight`, which is why it needs its own arm ([[B268]] blocker-1) -> RED (2 assertion(s) failed, match count 1)
  worker 0: 6/6 entries, 6 RED / 0 worthless, wall 24.5s, rc 0, source restored: md5 15a280defa85eed07e315af6c3a7f968 (MATCHES)   /dev/shm/mr-b434-b435-r2-6kvsxgb3/scratch/mr_mutation_run-x_8hqmsk/w0
  worker 1: 5/5 entries, 5 RED / 0 worthless, wall 21.5s, rc 0, source restored: md5 15a280defa85eed07e315af6c3a7f968 (MATCHES)   /dev/shm/mr-b434-b435-r2-6kvsxgb3/scratch/mr_mutation_run-x_8hqmsk/w1
  worker 2: 5/5 entries, 5 RED / 0 worthless, wall 20.8s, rc 0, source restored: md5 15a280defa85eed07e315af6c3a7f968 (MATCHES)   /dev/shm/mr-b434-b435-r2-6kvsxgb3/scratch/mr_mutation_run-x_8hqmsk/w2
real tree untouched: all 62 target files byte-identical to launch (md5); no build ran in /dev/shm/mr-b434-b435-r2-6kvsxgb3/mutation-stage
timing: copy 4.1s + battery 24.6s = 28.7s total, 16 entries over 3 worker(s)
mutations: 16 RED / 0 unusable
