$ /home/staszek/.platformio/penv/bin/python3 tools/probe_ui_model_mutations.py --target=b251hash --workers=3
-- target b251hash: /dev/shm/mr-b434-b435-r2-6kvsxgb3/mutation-stage/lib/core/node_hashlocate.cpp (55 entries)
-- selection: IN FULL (all 55 entries)
-- workers: 3
-- scratch root: /dev/shm/mr-b434-b435-r2-6kvsxgb3/scratch/mr_mutation_run-jfdnyja_   (removed on exit; MR_MUT_KEEP_SCRATCH=1 to keep)
  [w0] -- target b251hash: /dev/shm/mr-b434-b435-r2-6kvsxgb3/scratch/mr_mutation_run-jfdnyja_/w0/lib/core/node_hashlocate.cpp (19 of 55 entries in this shard)
  [w0] -- baseline gate: THIS WORKER'S OWN clean tree must run 0 FAILED; its own counts become this shard's baseline
  [w1] -- target b251hash: /dev/shm/mr-b434-b435-r2-6kvsxgb3/scratch/mr_mutation_run-jfdnyja_/w1/lib/core/node_hashlocate.cpp (18 of 55 entries in this shard)
  [w1] -- baseline gate: THIS WORKER'S OWN clean tree must run 0 FAILED; its own counts become this shard's baseline
  [w2] -- target b251hash: /dev/shm/mr-b434-b435-r2-6kvsxgb3/scratch/mr_mutation_run-jfdnyja_/w2/lib/core/node_hashlocate.cpp (18 of 55 entries in this shard)
  [w2] -- baseline gate: THIS WORKER'S OWN clean tree must run 0 FAILED; its own counts become this shard's baseline
  [w1]   ok   clean baseline 2950 / 195770 / 0   (DERIVED from this tree)
  [w2]   ok   clean baseline 2950 / 195770 / 0   (DERIVED from this tree)
  [w0]   ok   clean baseline 2950 / 195770 / 0   (DERIVED from this tree)
  [w1]   ok   D02 B251 reverse lookup drops the layer/plane discriminator -> RED (2 assertion(s) failed, match count 1)
  [w2]   ok   D03 B251 reverse lookup drops the hosted-mobile hash discriminator -> RED (4 assertion(s) failed, match count 1)
  [w0]   ok   D01 B251 reverse lookup drops the returning destination discriminator -> RED (3 assertion(s) failed, match count 1)
  [w2]   ok   D06 B278 a full ring EVICTS at RESERVATION instead of refusing, so the ninth -a send is never BUSY-NACKed -> RED (8 assertion(s) failed, match count 1)
  [w0]   ok   D04 B251 a full live correlation ring evicts slot zero instead of applying backpressure -> RED (10 assertion(s) failed, match count 1)
  [w1]   ok   D05 B251 MOBILE_SEND treats a minted non-zero counter as admission and manufactures phantom evidence/state -> RED (6 assertion(s) failed, match count 1)
  [w2]   ok   D09i B278 S1b the CROSS-MOBILE refusal is undone at the availability probe (the `mobile_hash` term returns) -> RED (7 assertion(s) failed, match count 1)
  [w0]   ok   D07 B278 ACK translation stops being ONE-SHOT: the row survives, so a duplicate ACK translates again -> RED (23 assertion(s) failed, match count 1)
  [w1]   ok   D08 B278 prune-before-admit is removed from deleg_ack_put, so the ring never self-drains at its TTL -> RED (5 assertion(s) failed, match count 1)
  [w2]   ok   D09m B278 S1b a colliding foreign mobile falls THROUGH to a free slot, creating the second indistinguishable row -> RED (5 assertion(s) failed, match count 1)
  [w0]   ok   D09j B278 S1b the CROSS-MOBILE refusal is undone at the ACTIVE-match arm (the `mobile_hash` term returns) -> RED (6 assertion(s) failed, match count 1)
  [w1]   ok   D09k B278 S1b a colliding foreign mobile OVERWRITES the incumbent instead of being refused -> RED (9 assertion(s) failed, match count 1)
  [w2]   ok   D12 B278 S1b a RESERVED row is born with a candidate REGARDLESS of the caller's §5 verdict -> RED (7 assertion(s) failed, match count 1)
  [w0]   ok   D10 B278 S1a the mobile-visible TARGET is overwritten at activation (B251's single phase-dependent `peer` restored) -> RED (4 assertion(s) failed, match count 1)
  [w1]   ok   D11 B278 S1a the outward carrier TYPE is silently dropped at activation instead of being stored -> RED (2 assertion(s) failed, match count 1)
  [w2]   ok   D16 B278 S1b `forwarded` — S3's state — is written at activation, one arc-slice early -> RED (17 assertion(s) failed, match count 1)
  [w0]   ok   D14 B278 S1b the reservation's custody verdict is DROPPED, so no row is ever provisional -> RED (6 assertion(s) failed, match count 1)
  [w1]   ok   D15 B278 S1b a `candidate` SURVIVES activation (the arm's verdict never lands on the row) -> RED (11 assertion(s) failed, match count 1)
  [w2]   ok   D19 B278 S1b F6 the release CAUSE is hard-coded, so every release reads as the same reason -> RED (7 assertion(s) failed, match count 1)
  [w0]   ok   D17 B278 S1b an ACTIVE refresh RE-DECIDES the custody state instead of preserving it -> RED (2 assertion(s) failed, match count 1)
  [w1]   ok   D18 B278 S1b an exact RESERVED retry re-decides the provisional state instead of preserving it -> RED (1 assertion(s) failed, match count 1)
  [w0]   ok   D20 B278 S1b F6 `deleg_ack_released` is emitted AFTER the clear, so it reports a zeroed row -> RED (31 assertion(s) failed, match count 1)
  [w2]   ok   D22 B278 S1b F6 the park-giveup call site BYPASSES the helper, so an aged-out send reports no release -> RED (3 assertion(s) failed, match count 1)
  [w1]   ok   D21 B278 S1b F6 a NO-MATCH release emits anyway, so the census counts releases that never happened -> RED (20 assertion(s) failed, match count 1)
  [w0]   ok   D23 B278 S1b F6 the expiry emit is DELETED, so a row's end becomes unobservable again -> RED (8 assertion(s) failed, match count 1)
  [w2]   ok   D25 B278 S1b F6 the exclusive 300 s edge becomes inclusive, so a row dies one scan early -> RED (16 assertion(s) failed, match count 1)
  [w1]   ok   D24 B278 S1b F6 the expiry is emitted AFTER the clear, so every field reports a zeroed row -> RED (8 assertion(s) failed, match count 1)
  [w0]   ok   D26 B278 S1b F6 the translate prune site BYPASSES the one expiry authority -> RED (3 assertion(s) failed, match count 1)
  [w2]   ok   D28 B278 S1b F6 `deleg_ack_reserved` is REORDERED instead of appended (the corpus anchor becomes unattributable) -> RED (3 assertion(s) failed, match count 1)
  [w1]   ok   D27 B278 S1b F6 `target_kind` is DROPPED from `deleg_ack_reserved` (the appended field never lands) -> RED (8 assertion(s) failed, match count 1)
  [w0]   ok   D13 B278 S1a the RESERVED-phase key silently reads the ACTIVE-phase identity, so no reservation can ever match -> RED (7 assertion(s) failed, match count 1)
  [w2]   ok   S31 B278 S3 the §4.4 lookup drops the RETURN-KIND term — a hash-addressed return key matches a node-id report -> RED (3 assertion(s) failed, match count 1)
  [w1]   ok   S30 B278 S3 the §4.4 lookup drops the COUNTER term, so any live eligible row answers any report -> RED (9 assertion(s) failed, match count 1)
  [w0]   ok   S32 B278 S3 THE COUNTER-ONLY MATCHER: the RETURN PEER is dropped, so a report about one destination translates a flight to ANOTHER. Home counters are minted PER DESTINATION, so two live rows really can share `ctr_h` — this is the defect the whole §4.4 key exists to prevent -> RED (8 assertion(s) failed, match count 1)
  [w2]   ok   S34 B278 S3 the §4.4 lookup drops the OUTWARD-TYPE cross-check, so a report about one carrier type translates a flight that dispatched another -> RED (3 assertion(s) failed, match count 1)
  [w1]   ok   S33 B278 S3 the §4.4 lookup drops the LAYER term, so a dual-layer gateway's other leaf answers -> RED (2 assertion(s) failed, match count 1)
  [w0]   ok   S35 B278 S3 the optional DST_HASH cross-check becomes MANDATORY — §4.4 says lookup must not fail merely because the hash is unavailable, and the production direct-transit shape carries none -> RED (1 assertion(s) failed, match count 1)
  [w2]   ok   S37 B278 S3 the lookup stops requiring `eligible`, so a `none` row — one whose arm carried NO custody obligation — acquires one, and a `forwarded` row is translated a SECOND time -> RED (3 assertion(s) failed, match count 1)
  [w1]   ok   S36 B278 S3 the DST_HASH cross-check is applied to a NODE-ID row too — a node id compared against a 32-bit hash is a category error that happens to be arithmetic (the `HashQuerySeen::by_id` key-space lesson) -> RED (2 assertion(s) failed, match count 1)
  [w0]   ok   S38 B278 S3 PRUNE-BEFORE-SCAN IS REMOVED, so a report arriving at or after the 300 s edge matches a row that should already be gone -> RED (9 assertion(s) failed, match count 1)
  [w2]   ok   S40 B278 S3 an AMBIGUOUS ring is resolved by taking the FIRST match — the guess §4.4 forbids -> RED (5 assertion(s) failed, match count 1)
  [w1]   ok   S39 B278 S3 the SILENT zero-population case is collapsed into `no_map`, so every ordinary custody receipt on a v1-only node emits a diagnostic (and four corpus streams move) -> RED (8 assertion(s) failed, match count 1)
  [w0]   ok   S41 B278 S3 the outbound copy's `record_len` is NOT normalized, so a direct report carrying an unknown future tail can never be translated at all (the S2 packer requires a direct-shaped 24) -> RED (2 assertion(s) failed, match count 1)
  [w1]   ok   S42 B278 S3 the translated tail's `original_reporter` becomes the record's own `failed_origin` — i.e. the TRANSLATING HOME — so the mobile is told H1 lost custody of its own message -> RED (23 assertion(s) failed, match count 1)
  [w2]   ok   S43 B278 S3 the translated tail carries the HOME counter as `mobile_ctr` — the mobile then correlates the outcome to an operation it never started -> RED (31 assertion(s) failed, match count 1)
  [w0]   ok   S44 B278 S3 the tail's `target_value` is INFERRED from the return peer instead of the row's RETAINED target — §6.2 exists precisely so a hash-addressed delegation stays representable -> RED (11 assertion(s) failed, match count 1)
  [w2]   ok   S46 B278 S3 the COMMIT's complete-identity recheck collapses to the counter, so a row REPLACED between the lookup and the send is marked as though it were the one that was sent -> RED (7 assertion(s) failed, match count 1)
  [w1]   ok   S45 B278 S3 the tail's `target_kind` is hard-wired to `node_id`, so a hash-addressed delegation's mobile-visible identity is silently re-typed -> RED (5 assertion(s) failed, match count 1)
  [w0]   ok   S47 B278 S3 the commit marks the FIRST candidate even when several match — an ambiguous commit is a misdelivery to the wrong mobile -> RED (3 assertion(s) failed, match count 1)
  [w1]   ok   S48 B278 S3 the commit will mark a row in ANY custody state, so a `none` row (one whose arm owed no custody) is stamped `forwarded` -> RED (1 assertion(s) failed, match count 1)
  [w2]   ok   S49 B278 S3 the commit CLEARS the row instead of stamping it — the ACK obligation is destroyed, so the later E2E ACK can no longer translate ctr_H -> ctr_M and the mobile times out -> RED (17 assertion(s) failed, match count 1)
  [w0]   ok   R01 §RADMIN-0d arm 1/4 (the delegated SEALED_RELAY wrapper) is restored to Plane::AUTO, so a teammate whose team-local id equals the home's static id captures the sealed wrapper onto _rt_team -> RED (9 assertion(s) failed, match count 1)
  [w1]   ok   R02 §RADMIN-0d arm 2/4 (the nonzero enclosed-type wrapper) is restored to Plane::AUTO -> RED (9 assertion(s) failed, match count 1)
  [w1] source restored: md5 094c1a00ec20ca7cf10fdcb50a913d25 (MATCHES)
  [w1] shard 1: 18 RED / 0 unusable   (of 18 entries)
  [w2]   ok   R03 §RADMIN-0d arm 3/4 (the plain MOBILE_SEND wrapper) is restored to Plane::AUTO -> RED (12 assertion(s) failed, match count 1)
  [w2] source restored: md5 094c1a00ec20ca7cf10fdcb50a913d25 (MATCHES)
  [w2] shard 2: 18 RED / 0 unusable   (of 18 entries)
  [w0]   ok   R04 §RADMIN-0d arm 4/4 (the cached-home send) is restored to Plane::AUTO, so an unregistered team mobile's DM to a target's home is captured by a colliding teammate (the arm D-0d-1 added) -> RED (9 assertion(s) failed, match count 1)
  [w0] source restored: md5 094c1a00ec20ca7cf10fdcb50a913d25 (MATCHES)
  [w0] shard 0: 19 RED / 0 unusable   (of 19 entries)

======================================================================================================================
-- MERGED REPORT — target b251hash: /dev/shm/mr-b434-b435-r2-6kvsxgb3/mutation-stage/lib/core/node_hashlocate.cpp
  ok   clean baseline 2950 / 195770 / 0   (DERIVED per worker tree; 3 tree(s) agree)
  ok   D01 B251 reverse lookup drops the returning destination discriminator -> RED (3 assertion(s) failed, match count 1)
  ok   D02 B251 reverse lookup drops the layer/plane discriminator -> RED (2 assertion(s) failed, match count 1)
  ok   D03 B251 reverse lookup drops the hosted-mobile hash discriminator -> RED (4 assertion(s) failed, match count 1)
  ok   D04 B251 a full live correlation ring evicts slot zero instead of applying backpressure -> RED (10 assertion(s) failed, match count 1)
  ok   D05 B251 MOBILE_SEND treats a minted non-zero counter as admission and manufactures phantom evidence/state -> RED (6 assertion(s) failed, match count 1)
  ok   D06 B278 a full ring EVICTS at RESERVATION instead of refusing, so the ninth -a send is never BUSY-NACKed -> RED (8 assertion(s) failed, match count 1)
  ok   D07 B278 ACK translation stops being ONE-SHOT: the row survives, so a duplicate ACK translates again -> RED (23 assertion(s) failed, match count 1)
  ok   D08 B278 prune-before-admit is removed from deleg_ack_put, so the ring never self-drains at its TTL -> RED (5 assertion(s) failed, match count 1)
  ok   D09i B278 S1b the CROSS-MOBILE refusal is undone at the availability probe (the `mobile_hash` term returns) -> RED (7 assertion(s) failed, match count 1)
  ok   D09j B278 S1b the CROSS-MOBILE refusal is undone at the ACTIVE-match arm (the `mobile_hash` term returns) -> RED (6 assertion(s) failed, match count 1)
  ok   D09k B278 S1b a colliding foreign mobile OVERWRITES the incumbent instead of being refused -> RED (9 assertion(s) failed, match count 1)
  ok   D09m B278 S1b a colliding foreign mobile falls THROUGH to a free slot, creating the second indistinguishable row -> RED (5 assertion(s) failed, match count 1)
  ok   D10 B278 S1a the mobile-visible TARGET is overwritten at activation (B251's single phase-dependent `peer` restored) -> RED (4 assertion(s) failed, match count 1)
  ok   D11 B278 S1a the outward carrier TYPE is silently dropped at activation instead of being stored -> RED (2 assertion(s) failed, match count 1)
  ok   D12 B278 S1b a RESERVED row is born with a candidate REGARDLESS of the caller's §5 verdict -> RED (7 assertion(s) failed, match count 1)
  ok   D14 B278 S1b the reservation's custody verdict is DROPPED, so no row is ever provisional -> RED (6 assertion(s) failed, match count 1)
  ok   D15 B278 S1b a `candidate` SURVIVES activation (the arm's verdict never lands on the row) -> RED (11 assertion(s) failed, match count 1)
  ok   D16 B278 S1b `forwarded` — S3's state — is written at activation, one arc-slice early -> RED (17 assertion(s) failed, match count 1)
  ok   D17 B278 S1b an ACTIVE refresh RE-DECIDES the custody state instead of preserving it -> RED (2 assertion(s) failed, match count 1)
  ok   D18 B278 S1b an exact RESERVED retry re-decides the provisional state instead of preserving it -> RED (1 assertion(s) failed, match count 1)
  ok   D19 B278 S1b F6 the release CAUSE is hard-coded, so every release reads as the same reason -> RED (7 assertion(s) failed, match count 1)
  ok   D20 B278 S1b F6 `deleg_ack_released` is emitted AFTER the clear, so it reports a zeroed row -> RED (31 assertion(s) failed, match count 1)
  ok   D21 B278 S1b F6 a NO-MATCH release emits anyway, so the census counts releases that never happened -> RED (20 assertion(s) failed, match count 1)
  ok   D22 B278 S1b F6 the park-giveup call site BYPASSES the helper, so an aged-out send reports no release -> RED (3 assertion(s) failed, match count 1)
  ok   D23 B278 S1b F6 the expiry emit is DELETED, so a row's end becomes unobservable again -> RED (8 assertion(s) failed, match count 1)
  ok   D24 B278 S1b F6 the expiry is emitted AFTER the clear, so every field reports a zeroed row -> RED (8 assertion(s) failed, match count 1)
  ok   D25 B278 S1b F6 the exclusive 300 s edge becomes inclusive, so a row dies one scan early -> RED (16 assertion(s) failed, match count 1)
  ok   D26 B278 S1b F6 the translate prune site BYPASSES the one expiry authority -> RED (3 assertion(s) failed, match count 1)
  ok   D27 B278 S1b F6 `target_kind` is DROPPED from `deleg_ack_reserved` (the appended field never lands) -> RED (8 assertion(s) failed, match count 1)
  ok   D28 B278 S1b F6 `deleg_ack_reserved` is REORDERED instead of appended (the corpus anchor becomes unattributable) -> RED (3 assertion(s) failed, match count 1)
  ok   D13 B278 S1a the RESERVED-phase key silently reads the ACTIVE-phase identity, so no reservation can ever match -> RED (7 assertion(s) failed, match count 1)
  ok   S30 B278 S3 the §4.4 lookup drops the COUNTER term, so any live eligible row answers any report -> RED (9 assertion(s) failed, match count 1)
  ok   S31 B278 S3 the §4.4 lookup drops the RETURN-KIND term — a hash-addressed return key matches a node-id report -> RED (3 assertion(s) failed, match count 1)
  ok   S32 B278 S3 THE COUNTER-ONLY MATCHER: the RETURN PEER is dropped, so a report about one destination translates a flight to ANOTHER. Home counters are minted PER DESTINATION, so two live rows really can share `ctr_h` — this is the defect the whole §4.4 key exists to prevent -> RED (8 assertion(s) failed, match count 1)
  ok   S33 B278 S3 the §4.4 lookup drops the LAYER term, so a dual-layer gateway's other leaf answers -> RED (2 assertion(s) failed, match count 1)
  ok   S34 B278 S3 the §4.4 lookup drops the OUTWARD-TYPE cross-check, so a report about one carrier type translates a flight that dispatched another -> RED (3 assertion(s) failed, match count 1)
  ok   S35 B278 S3 the optional DST_HASH cross-check becomes MANDATORY — §4.4 says lookup must not fail merely because the hash is unavailable, and the production direct-transit shape carries none -> RED (1 assertion(s) failed, match count 1)
  ok   S36 B278 S3 the DST_HASH cross-check is applied to a NODE-ID row too — a node id compared against a 32-bit hash is a category error that happens to be arithmetic (the `HashQuerySeen::by_id` key-space lesson) -> RED (2 assertion(s) failed, match count 1)
  ok   S37 B278 S3 the lookup stops requiring `eligible`, so a `none` row — one whose arm carried NO custody obligation — acquires one, and a `forwarded` row is translated a SECOND time -> RED (3 assertion(s) failed, match count 1)
  ok   S38 B278 S3 PRUNE-BEFORE-SCAN IS REMOVED, so a report arriving at or after the 300 s edge matches a row that should already be gone -> RED (9 assertion(s) failed, match count 1)
  ok   S39 B278 S3 the SILENT zero-population case is collapsed into `no_map`, so every ordinary custody receipt on a v1-only node emits a diagnostic (and four corpus streams move) -> RED (8 assertion(s) failed, match count 1)
  ok   S40 B278 S3 an AMBIGUOUS ring is resolved by taking the FIRST match — the guess §4.4 forbids -> RED (5 assertion(s) failed, match count 1)
  ok   S41 B278 S3 the outbound copy's `record_len` is NOT normalized, so a direct report carrying an unknown future tail can never be translated at all (the S2 packer requires a direct-shaped 24) -> RED (2 assertion(s) failed, match count 1)
  ok   S42 B278 S3 the translated tail's `original_reporter` becomes the record's own `failed_origin` — i.e. the TRANSLATING HOME — so the mobile is told H1 lost custody of its own message -> RED (23 assertion(s) failed, match count 1)
  ok   S43 B278 S3 the translated tail carries the HOME counter as `mobile_ctr` — the mobile then correlates the outcome to an operation it never started -> RED (31 assertion(s) failed, match count 1)
  ok   S44 B278 S3 the tail's `target_value` is INFERRED from the return peer instead of the row's RETAINED target — §6.2 exists precisely so a hash-addressed delegation stays representable -> RED (11 assertion(s) failed, match count 1)
  ok   S45 B278 S3 the tail's `target_kind` is hard-wired to `node_id`, so a hash-addressed delegation's mobile-visible identity is silently re-typed -> RED (5 assertion(s) failed, match count 1)
  ok   S46 B278 S3 the COMMIT's complete-identity recheck collapses to the counter, so a row REPLACED between the lookup and the send is marked as though it were the one that was sent -> RED (7 assertion(s) failed, match count 1)
  ok   S47 B278 S3 the commit marks the FIRST candidate even when several match — an ambiguous commit is a misdelivery to the wrong mobile -> RED (3 assertion(s) failed, match count 1)
  ok   S48 B278 S3 the commit will mark a row in ANY custody state, so a `none` row (one whose arm owed no custody) is stamped `forwarded` -> RED (1 assertion(s) failed, match count 1)
  ok   S49 B278 S3 the commit CLEARS the row instead of stamping it — the ACK obligation is destroyed, so the later E2E ACK can no longer translate ctr_H -> ctr_M and the mobile times out -> RED (17 assertion(s) failed, match count 1)
  ok   R01 §RADMIN-0d arm 1/4 (the delegated SEALED_RELAY wrapper) is restored to Plane::AUTO, so a teammate whose team-local id equals the home's static id captures the sealed wrapper onto _rt_team -> RED (9 assertion(s) failed, match count 1)
  ok   R02 §RADMIN-0d arm 2/4 (the nonzero enclosed-type wrapper) is restored to Plane::AUTO -> RED (9 assertion(s) failed, match count 1)
  ok   R03 §RADMIN-0d arm 3/4 (the plain MOBILE_SEND wrapper) is restored to Plane::AUTO -> RED (12 assertion(s) failed, match count 1)
  ok   R04 §RADMIN-0d arm 4/4 (the cached-home send) is restored to Plane::AUTO, so an unregistered team mobile's DM to a target's home is captured by a colliding teammate (the arm D-0d-1 added) -> RED (9 assertion(s) failed, match count 1)
  worker 0: 19/19 entries, 19 RED / 0 worthless, wall 69.3s, rc 0, source restored: md5 094c1a00ec20ca7cf10fdcb50a913d25 (MATCHES)   /dev/shm/mr-b434-b435-r2-6kvsxgb3/scratch/mr_mutation_run-jfdnyja_/w0
  worker 1: 18/18 entries, 18 RED / 0 worthless, wall 66.3s, rc 0, source restored: md5 094c1a00ec20ca7cf10fdcb50a913d25 (MATCHES)   /dev/shm/mr-b434-b435-r2-6kvsxgb3/scratch/mr_mutation_run-jfdnyja_/w1
  worker 2: 18/18 entries, 18 RED / 0 worthless, wall 66.4s, rc 0, source restored: md5 094c1a00ec20ca7cf10fdcb50a913d25 (MATCHES)   /dev/shm/mr-b434-b435-r2-6kvsxgb3/scratch/mr_mutation_run-jfdnyja_/w2
real tree untouched: all 62 target files byte-identical to launch (md5); no build ran in /dev/shm/mr-b434-b435-r2-6kvsxgb3/mutation-stage
timing: copy 4.1s + battery 69.4s = 73.5s total, 55 entries over 3 worker(s)
mutations: 55 RED / 0 unusable
