$ /home/staszek/.platformio/penv/bin/python3 tools/probe_ui_model_mutations.py --target=radmin73action --workers=3
-- target radmin73action: /dev/shm/mr-b434-b435-r2-6kvsxgb3/mutation-stage/lib/core/remote_session.cpp (35 entries)
-- selection: IN FULL (all 35 entries)
-- workers: 3
-- scratch root: /dev/shm/mr-b434-b435-r2-6kvsxgb3/scratch/mr_mutation_run-4cnkkn2t   (removed on exit; MR_MUT_KEEP_SCRATCH=1 to keep)
  [w0] -- target radmin73action: /dev/shm/mr-b434-b435-r2-6kvsxgb3/scratch/mr_mutation_run-4cnkkn2t/w0/lib/core/remote_session.cpp (12 of 35 entries in this shard)
  [w0] -- baseline gate: THIS WORKER'S OWN clean tree must run 0 FAILED; its own counts become this shard's baseline
  [w1] -- target radmin73action: /dev/shm/mr-b434-b435-r2-6kvsxgb3/scratch/mr_mutation_run-4cnkkn2t/w1/lib/core/remote_session.cpp (12 of 35 entries in this shard)
  [w1] -- baseline gate: THIS WORKER'S OWN clean tree must run 0 FAILED; its own counts become this shard's baseline
  [w2] -- target radmin73action: /dev/shm/mr-b434-b435-r2-6kvsxgb3/scratch/mr_mutation_run-4cnkkn2t/w2/lib/core/remote_session.cpp (11 of 35 entries in this shard)
  [w2] -- baseline gate: THIS WORKER'S OWN clean tree must run 0 FAILED; its own counts become this shard's baseline
  [w1]   ok   clean baseline 2950 / 195770 / 0   (DERIVED from this tree)
  [w2]   ok   clean baseline 2950 / 195770 / 0   (DERIVED from this tree)
  [w0]   ok   clean baseline 2950 / 195770 / 0   (DERIVED from this tree)
  [w1]   ok   A02 request identity dropped -> RED (250 assertion(s) failed, match count 1)
  [w0]   ok   A01 slot identity dropped -> RED (14 assertion(s) failed, match count 1)
  [w2]   ok   A03 source identity dropped -> RED (245 assertion(s) failed, match count 1)
  [w1]   ok   A05 accepted authority lost -> RED (9 assertion(s) failed, match count 1)
  [w0]   ok   A04 epoch identity dropped -> RED (243 assertion(s) failed, match count 1)
  [w2]   ok   A06 typed kind lost -> RED (16 assertion(s) failed, match count 1)
  [w1]   ok   A08 frozen delay changed -> RED (114 assertion(s) failed, match count 1)
  [w0]   ok   A07 backend lost -> RED (9 assertion(s) failed, match count 1)
  [w2]   ok   A09 second promise overwrites the first -> RED (3 assertion(s) failed, match count 1)
  [w1]   ok   A11 staging failure leaves owned action -> RED (1 assertion(s) failed, match count 1)
  [w0]   ok   A10 missing preparation still promises -> RED (1 assertion(s) failed, match count 1)
  [w2]   ok   A12 transcript detail lost -> RED (175 assertion(s) failed, match count 1)
  [w1]   ok   A14 scheduled detail uses wrong byte order -> RED (34 assertion(s) failed, match count 1)
  [w0]   ok   A13 detail borrows reusable action storage -> RED (8 assertion(s) failed, match count 1)
  [w2]   ok   A15 scheduled terminal shrinks to one byte -> RED (60 assertion(s) failed, match count 1)
  [w1]   ok   A17 deadline origin is boot -> RED (45 assertion(s) failed, match count 1)
  [w0]   ok   A16 OUTPUT starts the clock -> RED (24 assertion(s) failed, match count 1)
  [w2]   ok   A18 replay refreshes deadline -> RED (9 assertion(s) failed, match count 1)
  [w1]   ok   A20 exact deadline delayed -> RED (96 assertion(s) failed, match count 1)
  [w2]   ok   A21 deadline trigger lies -> RED (14 assertion(s) failed, match count 1)
  [w0]   ok   A19 action arms during completion -> RED (105 assertion(s) failed, match count 1)
  [w1]   ok   A23 action executes again -> RED (24 assertion(s) failed, match count 1)
  [w2]   ok   A24 owned transfer is empty -> RED (54 assertion(s) failed, match count 1)
  [w0]   ok   A22 armed action consumed early -> RED (35 assertion(s) failed, match count 1)
  [w1]   ok   A26 premature ACK releases promise -> RED (17 assertion(s) failed, match count 1)
  [w2]   ok   A27 ACK never makes action due -> RED (7 assertion(s) failed, match count 1)
  [w0]   ok   A25 wrong-source ACK consumes promise -> RED (3 assertion(s) failed, match count 1)
  [w1]   ok   A29 armed action lost on slot invalidation -> RED (4 assertion(s) failed, match count 1)
  [w2]   ok   A30 armed action lost on root invalidation -> RED (4 assertion(s) failed, match count 1)
  [w0]   ok   A28 ACK trigger called deadline -> RED (2 assertion(s) failed, match count 1)
  [w1]   ok   A32 rollover ignores outstanding armed promise -> RED (10 assertion(s) failed, match count 1)
  [w2]   ok   A33 earliest scan ignores action -> RED (3 assertion(s) failed, match count 1)
  [w2] source restored: md5 e1e863ae1dd98cdd763cd454b4590767 (MATCHES)
  [w2] shard 2: 11 RED / 0 unusable   (of 11 entries)
  [w0]   ok   A31 unowned invalidation leaks action -> RED (2 assertion(s) failed, match count 1)
  [w1]   ok   A35 status remaining time refreshes -> RED (3 assertion(s) failed, match count 1)
  [w1] source restored: md5 e1e863ae1dd98cdd763cd454b4590767 (MATCHES)
  [w1] shard 1: 12 RED / 0 unusable   (of 12 entries)
  [w0]   ok   A34 due row rearms at zero forever -> RED (4 assertion(s) failed, match count 1)
  [w0] source restored: md5 e1e863ae1dd98cdd763cd454b4590767 (MATCHES)
  [w0] shard 0: 12 RED / 0 unusable   (of 12 entries)

======================================================================================================================
-- MERGED REPORT — target radmin73action: /dev/shm/mr-b434-b435-r2-6kvsxgb3/mutation-stage/lib/core/remote_session.cpp
  ok   clean baseline 2950 / 195770 / 0   (DERIVED per worker tree; 3 tree(s) agree)
  ok   A01 slot identity dropped -> RED (14 assertion(s) failed, match count 1)
  ok   A02 request identity dropped -> RED (250 assertion(s) failed, match count 1)
  ok   A03 source identity dropped -> RED (245 assertion(s) failed, match count 1)
  ok   A04 epoch identity dropped -> RED (243 assertion(s) failed, match count 1)
  ok   A05 accepted authority lost -> RED (9 assertion(s) failed, match count 1)
  ok   A06 typed kind lost -> RED (16 assertion(s) failed, match count 1)
  ok   A07 backend lost -> RED (9 assertion(s) failed, match count 1)
  ok   A08 frozen delay changed -> RED (114 assertion(s) failed, match count 1)
  ok   A09 second promise overwrites the first -> RED (3 assertion(s) failed, match count 1)
  ok   A10 missing preparation still promises -> RED (1 assertion(s) failed, match count 1)
  ok   A11 staging failure leaves owned action -> RED (1 assertion(s) failed, match count 1)
  ok   A12 transcript detail lost -> RED (175 assertion(s) failed, match count 1)
  ok   A13 detail borrows reusable action storage -> RED (8 assertion(s) failed, match count 1)
  ok   A14 scheduled detail uses wrong byte order -> RED (34 assertion(s) failed, match count 1)
  ok   A15 scheduled terminal shrinks to one byte -> RED (60 assertion(s) failed, match count 1)
  ok   A16 OUTPUT starts the clock -> RED (24 assertion(s) failed, match count 1)
  ok   A17 deadline origin is boot -> RED (45 assertion(s) failed, match count 1)
  ok   A18 replay refreshes deadline -> RED (9 assertion(s) failed, match count 1)
  ok   A19 action arms during completion -> RED (105 assertion(s) failed, match count 1)
  ok   A20 exact deadline delayed -> RED (96 assertion(s) failed, match count 1)
  ok   A21 deadline trigger lies -> RED (14 assertion(s) failed, match count 1)
  ok   A22 armed action consumed early -> RED (35 assertion(s) failed, match count 1)
  ok   A23 action executes again -> RED (24 assertion(s) failed, match count 1)
  ok   A24 owned transfer is empty -> RED (54 assertion(s) failed, match count 1)
  ok   A25 wrong-source ACK consumes promise -> RED (3 assertion(s) failed, match count 1)
  ok   A26 premature ACK releases promise -> RED (17 assertion(s) failed, match count 1)
  ok   A27 ACK never makes action due -> RED (7 assertion(s) failed, match count 1)
  ok   A28 ACK trigger called deadline -> RED (2 assertion(s) failed, match count 1)
  ok   A29 armed action lost on slot invalidation -> RED (4 assertion(s) failed, match count 1)
  ok   A30 armed action lost on root invalidation -> RED (4 assertion(s) failed, match count 1)
  ok   A31 unowned invalidation leaks action -> RED (2 assertion(s) failed, match count 1)
  ok   A32 rollover ignores outstanding armed promise -> RED (10 assertion(s) failed, match count 1)
  ok   A33 earliest scan ignores action -> RED (3 assertion(s) failed, match count 1)
  ok   A34 due row rearms at zero forever -> RED (4 assertion(s) failed, match count 1)
  ok   A35 status remaining time refreshes -> RED (3 assertion(s) failed, match count 1)
  worker 0: 12/12 entries, 12 RED / 0 worthless, wall 46.2s, rc 0, source restored: md5 e1e863ae1dd98cdd763cd454b4590767 (MATCHES)   /dev/shm/mr-b434-b435-r2-6kvsxgb3/scratch/mr_mutation_run-4cnkkn2t/w0
  worker 1: 12/12 entries, 12 RED / 0 worthless, wall 45.6s, rc 0, source restored: md5 e1e863ae1dd98cdd763cd454b4590767 (MATCHES)   /dev/shm/mr-b434-b435-r2-6kvsxgb3/scratch/mr_mutation_run-4cnkkn2t/w1
  worker 2: 11/11 entries, 11 RED / 0 worthless, wall 42.7s, rc 0, source restored: md5 e1e863ae1dd98cdd763cd454b4590767 (MATCHES)   /dev/shm/mr-b434-b435-r2-6kvsxgb3/scratch/mr_mutation_run-4cnkkn2t/w2
real tree untouched: all 62 target files byte-identical to launch (md5); no build ran in /dev/shm/mr-b434-b435-r2-6kvsxgb3/mutation-stage
timing: copy 4.1s + battery 46.2s = 50.3s total, 35 entries over 3 worker(s)
mutations: 35 RED / 0 unusable
