$ /home/staszek/.platformio/penv/bin/python3 tools/probe_ui_model_mutations.py --target=sliceDclear --workers=3
-- target sliceDclear: /dev/shm/mr-b434-b435-r2-6kvsxgb3/mutation-stage/lib/core/inbox.cpp (5 entries)
-- selection: IN FULL (all 5 entries)
-- workers: 3
-- scratch root: /dev/shm/mr-b434-b435-r2-6kvsxgb3/scratch/mr_mutation_run-eloyng30   (removed on exit; MR_MUT_KEEP_SCRATCH=1 to keep)
  [w0] -- target sliceDclear: /dev/shm/mr-b434-b435-r2-6kvsxgb3/scratch/mr_mutation_run-eloyng30/w0/lib/core/inbox.cpp (2 of 5 entries in this shard)
  [w0] -- baseline gate: THIS WORKER'S OWN clean tree must run 0 FAILED; its own counts become this shard's baseline
  [w2] -- target sliceDclear: /dev/shm/mr-b434-b435-r2-6kvsxgb3/scratch/mr_mutation_run-eloyng30/w2/lib/core/inbox.cpp (1 of 5 entries in this shard)
  [w2] -- baseline gate: THIS WORKER'S OWN clean tree must run 0 FAILED; its own counts become this shard's baseline
  [w1] -- target sliceDclear: /dev/shm/mr-b434-b435-r2-6kvsxgb3/scratch/mr_mutation_run-eloyng30/w1/lib/core/inbox.cpp (2 of 5 entries in this shard)
  [w1] -- baseline gate: THIS WORKER'S OWN clean tree must run 0 FAILED; its own counts become this shard's baseline
  [w1]   ok   clean baseline 2950 / 195770 / 0   (DERIVED from this tree)
  [w0]   ok   clean baseline 2950 / 195770 / 0   (DERIVED from this tree)
  [w2]   ok   clean baseline 2950 / 195770 / 0   (DERIVED from this tree)
  [w2]   ok   D03 ★★★ THE SECOND WIPE IS SHORT-CIRCUITED ON THE FIRST'S FAILURE — a partial clear leaves the healthy store's entire history on the medium and still reports the same io_error -> RED (3 assertion(s) failed, match count 1)
  [w2] source restored: md5 a8088417e948aef2e5ffbe8cec312b27 (MATCHES)
  [w2] shard 2: 1 RED / 0 unusable   (of 1 entries)
  [w0]   ok   D01 ★★★★ THE PRE-ERASE HIGH-WATER PERSIST IS DROPPED — the records are erased while the metadata still holds a stale counter, so a reboot after a clear REUSES sequences the companion has already filed -> RED (19 assertion(s) failed, match count 1)
  [w1]   ok   D02 ★★★★ THE ERASE-NEITHER GUARD IS DROPPED — a high-water that could not be persisted no longer stops the erase, so both stores are destroyed over metadata the medium never accepted -> RED (8 assertion(s) failed, match count 1)
  [w0]   ok   D04 ★★★ THE READ CURSORS ARE NOT RESET — the unread badge keeps a cursor into a history that was destroyed -> RED (6 assertion(s) failed, match count 1)
  [w0] source restored: md5 a8088417e948aef2e5ffbe8cec312b27 (MATCHES)
  [w0] shard 0: 2 RED / 0 unusable   (of 2 entries)
  [w1]   ok   D05 ★★★★ THE CLEAR ALSO RESETS THE SEQUENCE COUNTERS — the high-water is destroyed by the very operation that just persisted it, so the next message reuses seq 1 -> RED (8 assertion(s) failed, match count 1)
  [w1] source restored: md5 a8088417e948aef2e5ffbe8cec312b27 (MATCHES)
  [w1] shard 1: 2 RED / 0 unusable   (of 2 entries)

======================================================================================================================
-- MERGED REPORT — target sliceDclear: /dev/shm/mr-b434-b435-r2-6kvsxgb3/mutation-stage/lib/core/inbox.cpp
  ok   clean baseline 2950 / 195770 / 0   (DERIVED per worker tree; 3 tree(s) agree)
  ok   D01 ★★★★ THE PRE-ERASE HIGH-WATER PERSIST IS DROPPED — the records are erased while the metadata still holds a stale counter, so a reboot after a clear REUSES sequences the companion has already filed -> RED (19 assertion(s) failed, match count 1)
  ok   D02 ★★★★ THE ERASE-NEITHER GUARD IS DROPPED — a high-water that could not be persisted no longer stops the erase, so both stores are destroyed over metadata the medium never accepted -> RED (8 assertion(s) failed, match count 1)
  ok   D03 ★★★ THE SECOND WIPE IS SHORT-CIRCUITED ON THE FIRST'S FAILURE — a partial clear leaves the healthy store's entire history on the medium and still reports the same io_error -> RED (3 assertion(s) failed, match count 1)
  ok   D04 ★★★ THE READ CURSORS ARE NOT RESET — the unread badge keeps a cursor into a history that was destroyed -> RED (6 assertion(s) failed, match count 1)
  ok   D05 ★★★★ THE CLEAR ALSO RESETS THE SEQUENCE COUNTERS — the high-water is destroyed by the very operation that just persisted it, so the next message reuses seq 1 -> RED (8 assertion(s) failed, match count 1)
  worker 0: 2/2 entries, 2 RED / 0 worthless, wall 11.7s, rc 0, source restored: md5 a8088417e948aef2e5ffbe8cec312b27 (MATCHES)   /dev/shm/mr-b434-b435-r2-6kvsxgb3/scratch/mr_mutation_run-eloyng30/w0
  worker 1: 2/2 entries, 2 RED / 0 worthless, wall 11.7s, rc 0, source restored: md5 a8088417e948aef2e5ffbe8cec312b27 (MATCHES)   /dev/shm/mr-b434-b435-r2-6kvsxgb3/scratch/mr_mutation_run-eloyng30/w1
  worker 2: 1/1 entries, 1 RED / 0 worthless, wall 8.1s, rc 0, source restored: md5 a8088417e948aef2e5ffbe8cec312b27 (MATCHES)   /dev/shm/mr-b434-b435-r2-6kvsxgb3/scratch/mr_mutation_run-eloyng30/w2
real tree untouched: all 62 target files byte-identical to launch (md5); no build ran in /dev/shm/mr-b434-b435-r2-6kvsxgb3/mutation-stage
timing: copy 3.9s + battery 11.8s = 15.7s total, 5 entries over 3 worker(s)
mutations: 5 RED / 0 unusable
