$ /home/staszek/.platformio/penv/bin/python3 tools/probe_ui_model_mutations.py --target=radmin3id --workers=3
-- target radmin3id: /dev/shm/mr-b434-b435-r2-6kvsxgb3/mutation-stage/src/firmware_admin_identity.h (23 entries)
-- selection: IN FULL (all 23 entries)
-- workers: 3
-- scratch root: /dev/shm/mr-b434-b435-r2-6kvsxgb3/scratch/mr_mutation_run-r1tyqo5f   (removed on exit; MR_MUT_KEEP_SCRATCH=1 to keep)
  [w2] -- target radmin3id: /dev/shm/mr-b434-b435-r2-6kvsxgb3/scratch/mr_mutation_run-r1tyqo5f/w2/src/firmware_admin_identity.h (7 of 23 entries in this shard)
  [w2] -- baseline gate: THIS WORKER'S OWN clean tree must run 0 FAILED; its own counts become this shard's baseline
  [w0] -- target radmin3id: /dev/shm/mr-b434-b435-r2-6kvsxgb3/scratch/mr_mutation_run-r1tyqo5f/w0/src/firmware_admin_identity.h (8 of 23 entries in this shard)
  [w0] -- baseline gate: THIS WORKER'S OWN clean tree must run 0 FAILED; its own counts become this shard's baseline
  [w1] -- target radmin3id: /dev/shm/mr-b434-b435-r2-6kvsxgb3/scratch/mr_mutation_run-r1tyqo5f/w1/src/firmware_admin_identity.h (8 of 23 entries in this shard)
  [w1] -- baseline gate: THIS WORKER'S OWN clean tree must run 0 FAILED; its own counts become this shard's baseline
  [w0]   ok   clean baseline 2950 / 195770 / 0   (DERIVED from this tree)
  [w2]   ok   clean baseline 2950 / 195770 / 0   (DERIVED from this tree)
  [w1]   ok   clean baseline 2950 / 195770 / 0   (DERIVED from this tree)
  [w1]   ok   A02 the PROVIDER'S ANSWER is ignored — a refused/partial draw is minted from anyway -> RED (31 assertion(s) failed, match count 1)
  [w2]   ok   A03 ★★ THE ORDER IS INVERTED: the record is SAVED BEFORE the draw is validated -> RED (16 assertion(s) failed, match count 1)
  [w0]   ok   A01 ★★★ THE DEAD-RNG REFUSAL IS DELETED: an all-zero draw mints the world-known root and reports SUCCESS -> RED (15 assertion(s) failed, match count 1)
  [w1]   ok   A05 the all-zero predicate EXITS EARLY on the first byte — a seed of 00 ff ff … would read as zero -> RED (60 assertion(s) failed, match count 1)
  [w2]   ok   A06 `reserved` is no longer part of the content policy (a non-canonical record compares unequal forever) -> RED (1 assertion(s) failed, match count 1)
  [w0]   ok   A04 a FAILED SAVE is reported as success (the record is not there, the console says it is) -> RED (13 assertion(s) failed, match count 1)
  [w1]   ok   A08 `io_failed` is folded into `invalid` — a transient mount failure becomes a recoverable corruption -> RED (20 assertion(s) failed, match count 1)
  [w2]   ok   A09 `absent` is folded into `invalid` — a fresh device reports a corrupt root -> RED (61 assertion(s) failed, match count 1)
  [w0]   ok   A07 ★★ a STORAGE-ok record with a dead seed is called `ok` — the composition is dropped -> RED (10 assertion(s) failed, match count 1)
  [w1]   ok   A11 `generate` mints over an INVALID record (an implicit re-seed, which only recovery may do) -> RED (12 assertion(s) failed, match count 1)
  [w0]   ok   A10 ★★ `generate` OVERWRITES an existing root instead of refusing -> RED (7 assertion(s) failed, match count 1)
  [w2]   ok   A12 ⛔⛔ `generate` WRITES OVER AN UNREADABLE STORE — nothing is known and an intact root is destroyed -> RED (7 assertion(s) failed, match count 1)
  [w1]   ok   A14 ⛔⛔ RECOVERY IS ALLOWED OVER `io_failed` — a transient mount failure re-mints the node's root -> RED (10 assertion(s) failed, match count 1)
  [w2]   ok   A15 recovery re-mints an `ok` record too (a 'repair' that destroys a healthy root) -> RED (20 assertion(s) failed, match count 1)
  [w0]   ok   A13 `rotate` mints on an ABSENT node (a rotation invents a root that never existed) -> RED (6 assertion(s) failed, match count 1)
  [w2]   ok   A18 ★★ THE PREFIX OFFSET MOVES: bytes 8..15 instead of 0..7 -> RED (28 assertion(s) failed, match count 1)
  [w1]   ok   A17 ★★★ THE DIGEST SIZE BECOMES 8 — an 8-byte BLAKE2b is a DIFFERENT function, not a truncation -> RED (27 assertion(s) failed, match count 1)
  [w0]   ok   A16 `show` WRITES: the read-only path gains a durable save -> RED (1 assertion(s) failed, match count 1)
  [w2]   ok   A21 the hex renderer emits UPPERCASE (a selector that changes case is a different string) -> RED (82 assertion(s) failed, match count 1)
  [w2] source restored: md5 e919adc3b622885c788e470b854ab742 (MATCHES)
  [w2] shard 2: 7 RED / 0 unusable   (of 7 entries)
  [w0]   ok   A19 the prefix LENGTH moves to four bytes (the grindable `key_hash32` shape R-RA-29 forbids) -> RED (34 assertion(s) failed, match count 1)
  [w1]   ok   A20 the INPUT is the whole 64-byte digest of something else — the key is hashed with a stray extra byte -> RED (28 assertion(s) failed, match count 1)
  [w0]   ok   A22 the hex renderer swaps the nibble order (every byte reads back reversed) -> RED (35 assertion(s) failed, match count 1)
  [w0] source restored: md5 e919adc3b622885c788e470b854ab742 (MATCHES)
  [w0] shard 0: 8 RED / 0 unusable   (of 8 entries)
  [w1]   ok   A23 ★ THE PUBLISHED KEY IS THE SEED — the one substitution that leaks the secret to the console -> RED (6 assertion(s) failed, match count 1)
  [w1] source restored: md5 e919adc3b622885c788e470b854ab742 (MATCHES)
  [w1] shard 1: 8 RED / 0 unusable   (of 8 entries)

======================================================================================================================
-- MERGED REPORT — target radmin3id: /dev/shm/mr-b434-b435-r2-6kvsxgb3/mutation-stage/src/firmware_admin_identity.h
  ok   clean baseline 2950 / 195770 / 0   (DERIVED per worker tree; 3 tree(s) agree)
  ok   A01 ★★★ THE DEAD-RNG REFUSAL IS DELETED: an all-zero draw mints the world-known root and reports SUCCESS -> RED (15 assertion(s) failed, match count 1)
  ok   A02 the PROVIDER'S ANSWER is ignored — a refused/partial draw is minted from anyway -> RED (31 assertion(s) failed, match count 1)
  ok   A03 ★★ THE ORDER IS INVERTED: the record is SAVED BEFORE the draw is validated -> RED (16 assertion(s) failed, match count 1)
  ok   A04 a FAILED SAVE is reported as success (the record is not there, the console says it is) -> RED (13 assertion(s) failed, match count 1)
  ok   A05 the all-zero predicate EXITS EARLY on the first byte — a seed of 00 ff ff … would read as zero -> RED (60 assertion(s) failed, match count 1)
  ok   A06 `reserved` is no longer part of the content policy (a non-canonical record compares unequal forever) -> RED (1 assertion(s) failed, match count 1)
  ok   A07 ★★ a STORAGE-ok record with a dead seed is called `ok` — the composition is dropped -> RED (10 assertion(s) failed, match count 1)
  ok   A08 `io_failed` is folded into `invalid` — a transient mount failure becomes a recoverable corruption -> RED (20 assertion(s) failed, match count 1)
  ok   A09 `absent` is folded into `invalid` — a fresh device reports a corrupt root -> RED (61 assertion(s) failed, match count 1)
  ok   A10 ★★ `generate` OVERWRITES an existing root instead of refusing -> RED (7 assertion(s) failed, match count 1)
  ok   A11 `generate` mints over an INVALID record (an implicit re-seed, which only recovery may do) -> RED (12 assertion(s) failed, match count 1)
  ok   A12 ⛔⛔ `generate` WRITES OVER AN UNREADABLE STORE — nothing is known and an intact root is destroyed -> RED (7 assertion(s) failed, match count 1)
  ok   A13 `rotate` mints on an ABSENT node (a rotation invents a root that never existed) -> RED (6 assertion(s) failed, match count 1)
  ok   A14 ⛔⛔ RECOVERY IS ALLOWED OVER `io_failed` — a transient mount failure re-mints the node's root -> RED (10 assertion(s) failed, match count 1)
  ok   A15 recovery re-mints an `ok` record too (a 'repair' that destroys a healthy root) -> RED (20 assertion(s) failed, match count 1)
  ok   A16 `show` WRITES: the read-only path gains a durable save -> RED (1 assertion(s) failed, match count 1)
  ok   A17 ★★★ THE DIGEST SIZE BECOMES 8 — an 8-byte BLAKE2b is a DIFFERENT function, not a truncation -> RED (27 assertion(s) failed, match count 1)
  ok   A18 ★★ THE PREFIX OFFSET MOVES: bytes 8..15 instead of 0..7 -> RED (28 assertion(s) failed, match count 1)
  ok   A19 the prefix LENGTH moves to four bytes (the grindable `key_hash32` shape R-RA-29 forbids) -> RED (34 assertion(s) failed, match count 1)
  ok   A20 the INPUT is the whole 64-byte digest of something else — the key is hashed with a stray extra byte -> RED (28 assertion(s) failed, match count 1)
  ok   A21 the hex renderer emits UPPERCASE (a selector that changes case is a different string) -> RED (82 assertion(s) failed, match count 1)
  ok   A22 the hex renderer swaps the nibble order (every byte reads back reversed) -> RED (35 assertion(s) failed, match count 1)
  ok   A23 ★ THE PUBLISHED KEY IS THE SEED — the one substitution that leaks the secret to the console -> RED (6 assertion(s) failed, match count 1)
  worker 0: 8/8 entries, 8 RED / 0 worthless, wall 33.1s, rc 0, source restored: md5 e919adc3b622885c788e470b854ab742 (MATCHES)   /dev/shm/mr-b434-b435-r2-6kvsxgb3/scratch/mr_mutation_run-r1tyqo5f/w0
  worker 1: 8/8 entries, 8 RED / 0 worthless, wall 33.3s, rc 0, source restored: md5 e919adc3b622885c788e470b854ab742 (MATCHES)   /dev/shm/mr-b434-b435-r2-6kvsxgb3/scratch/mr_mutation_run-r1tyqo5f/w1
  worker 2: 7/7 entries, 7 RED / 0 worthless, wall 29.5s, rc 0, source restored: md5 e919adc3b622885c788e470b854ab742 (MATCHES)   /dev/shm/mr-b434-b435-r2-6kvsxgb3/scratch/mr_mutation_run-r1tyqo5f/w2
real tree untouched: all 62 target files byte-identical to launch (md5); no build ran in /dev/shm/mr-b434-b435-r2-6kvsxgb3/mutation-stage
timing: copy 4.0s + battery 33.4s = 37.5s total, 23 entries over 3 worker(s)
mutations: 23 RED / 0 unusable
