$ /home/staszek/.platformio/penv/bin/python3 tools/probe_ui_model_mutations.py --target=sliceBmac --workers=3
-- target sliceBmac: /dev/shm/mr-b434-b435-r2-6kvsxgb3/mutation-stage/lib/core/node_mac.cpp (4 entries)
-- selection: IN FULL (all 4 entries)
-- workers: 3
-- scratch root: /dev/shm/mr-b434-b435-r2-6kvsxgb3/scratch/mr_mutation_run-2q_v9qfw   (removed on exit; MR_MUT_KEEP_SCRATCH=1 to keep)
  [w1] -- target sliceBmac: /dev/shm/mr-b434-b435-r2-6kvsxgb3/scratch/mr_mutation_run-2q_v9qfw/w1/lib/core/node_mac.cpp (1 of 4 entries in this shard)
  [w1] -- baseline gate: THIS WORKER'S OWN clean tree must run 0 FAILED; its own counts become this shard's baseline
  [w0] -- target sliceBmac: /dev/shm/mr-b434-b435-r2-6kvsxgb3/scratch/mr_mutation_run-2q_v9qfw/w0/lib/core/node_mac.cpp (2 of 4 entries in this shard)
  [w0] -- baseline gate: THIS WORKER'S OWN clean tree must run 0 FAILED; its own counts become this shard's baseline
  [w2] -- target sliceBmac: /dev/shm/mr-b434-b435-r2-6kvsxgb3/scratch/mr_mutation_run-2q_v9qfw/w2/lib/core/node_mac.cpp (1 of 4 entries in this shard)
  [w2] -- baseline gate: THIS WORKER'S OWN clean tree must run 0 FAILED; its own counts become this shard's baseline
  [w2]   ok   clean baseline 2950 / 195770 / 0   (DERIVED from this tree)
  [w0]   ok   clean baseline 2950 / 195770 / 0   (DERIVED from this tree)
  [w1]   ok   clean baseline 2950 / 195770 / 0   (DERIVED from this tree)
  [w2]   ok   B03 ★★★ THE ORIGINATION GATE ASKS `app_dm` INSTEAD OF THE TRAIT — the sealed team-key grant keeps a generic user-send failure it does not own (design §6.1: app_dm is an encoding input, not a lifecycle authority) -> RED (2 assertion(s) failed, match count 1)
  [w2] source restored: md5 146623dab4797e3c5727022847cbf199 (MATCHES)
  [w2] shard 2: 1 RED / 0 unusable   (of 1 entries)
  [w0]   ok   B01 ★★★ THE CHECK HALF REVERTS TO THE HISTORICAL THREE-TYPE LIST — every hash/mobile answer is paced behind the 3 s USER-DM floor again, which is the §6.2(4) widening undone at the half §A0-2 cannot see -> RED (2 assertion(s) failed, match count 1)
  [w1]   ok   B02 ★★★ THE STAMP HALF REVERTS TO THE HISTORICAL THREE-TYPE LIST — an internal origination arms the user-DM floor again, so the NEXT user DM waits behind a frame the user never sent -> RED (2 assertion(s) failed, match count 1)
  [w1] source restored: md5 146623dab4797e3c5727022847cbf199 (MATCHES)
  [w1] shard 1: 1 RED / 0 unusable   (of 1 entries)
  [w0]   FAIL M04 ★★ THE HELPER CALL IN `do_data_tx`'s PACK-FAILED PATH IS DELETED — the SEVENTH site this sweep found reverts to destroying an admitted carrier in total silence, grant included ([[B268]] blocker-1) — the suite still PASSES; nothing measures this
  [w0] source restored: md5 146623dab4797e3c5727022847cbf199 (MATCHES)
  [w0] shard 0: 1 RED / 1 unusable   (of 2 entries)

======================================================================================================================
-- MERGED REPORT — target sliceBmac: /dev/shm/mr-b434-b435-r2-6kvsxgb3/mutation-stage/lib/core/node_mac.cpp
  ok   clean baseline 2950 / 195770 / 0   (DERIVED per worker tree; 3 tree(s) agree)
  ok   B01 ★★★ THE CHECK HALF REVERTS TO THE HISTORICAL THREE-TYPE LIST — every hash/mobile answer is paced behind the 3 s USER-DM floor again, which is the §6.2(4) widening undone at the half §A0-2 cannot see -> RED (2 assertion(s) failed, match count 1)
  ok   B02 ★★★ THE STAMP HALF REVERTS TO THE HISTORICAL THREE-TYPE LIST — an internal origination arms the user-DM floor again, so the NEXT user DM waits behind a frame the user never sent -> RED (2 assertion(s) failed, match count 1)
  ok   B03 ★★★ THE ORIGINATION GATE ASKS `app_dm` INSTEAD OF THE TRAIT — the sealed team-key grant keeps a generic user-send failure it does not own (design §6.1: app_dm is an encoding input, not a lifecycle authority) -> RED (2 assertion(s) failed, match count 1)
  FAIL M04 ★★ THE HELPER CALL IN `do_data_tx`'s PACK-FAILED PATH IS DELETED — the SEVENTH site this sweep found reverts to destroying an admitted carrier in total silence, grant included ([[B268]] blocker-1) — the suite still PASSES; nothing measures this
  worker 0: 2/2 entries, 1 RED / 1 worthless, wall 11.7s, rc 1, source restored: md5 146623dab4797e3c5727022847cbf199 (MATCHES)   /dev/shm/mr-b434-b435-r2-6kvsxgb3/scratch/mr_mutation_run-2q_v9qfw/w0
  worker 1: 1/1 entries, 1 RED / 0 worthless, wall 8.5s, rc 0, source restored: md5 146623dab4797e3c5727022847cbf199 (MATCHES)   /dev/shm/mr-b434-b435-r2-6kvsxgb3/scratch/mr_mutation_run-2q_v9qfw/w1
  worker 2: 1/1 entries, 1 RED / 0 worthless, wall 8.1s, rc 0, source restored: md5 146623dab4797e3c5727022847cbf199 (MATCHES)   /dev/shm/mr-b434-b435-r2-6kvsxgb3/scratch/mr_mutation_run-2q_v9qfw/w2
real tree untouched: all 62 target files byte-identical to launch (md5); no build ran in /dev/shm/mr-b434-b435-r2-6kvsxgb3/mutation-stage
timing: copy 4.1s + battery 11.8s = 15.9s total, 4 entries over 3 worker(s)
mutations: 3 RED / 1 unusable
