$ /home/staszek/.platformio/penv/bin/python3 tools/probe_ui_model_mutations.py --target=radmin73node --workers=3
-- target radmin73node: /dev/shm/mr-b434-b435-r2-6kvsxgb3/mutation-stage/lib/core/node.cpp (5 entries)
-- selection: IN FULL (all 5 entries)
-- workers: 3
-- scratch root: /dev/shm/mr-b434-b435-r2-6kvsxgb3/scratch/mr_mutation_run-0k7vsmn4   (removed on exit; MR_MUT_KEEP_SCRATCH=1 to keep)
  [w0] -- target radmin73node: /dev/shm/mr-b434-b435-r2-6kvsxgb3/scratch/mr_mutation_run-0k7vsmn4/w0/lib/core/node.cpp (2 of 5 entries in this shard)
  [w0] -- baseline gate: THIS WORKER'S OWN clean tree must run 0 FAILED; its own counts become this shard's baseline
  [w2] -- target radmin73node: /dev/shm/mr-b434-b435-r2-6kvsxgb3/scratch/mr_mutation_run-0k7vsmn4/w2/lib/core/node.cpp (1 of 5 entries in this shard)
  [w2] -- baseline gate: THIS WORKER'S OWN clean tree must run 0 FAILED; its own counts become this shard's baseline
  [w1] -- target radmin73node: /dev/shm/mr-b434-b435-r2-6kvsxgb3/scratch/mr_mutation_run-0k7vsmn4/w1/lib/core/node.cpp (2 of 5 entries in this shard)
  [w1] -- baseline gate: THIS WORKER'S OWN clean tree must run 0 FAILED; its own counts become this shard's baseline
  [w1]   ok   clean baseline 2950 / 195770 / 0   (DERIVED from this tree)
  [w0]   ok   clean baseline 2950 / 195770 / 0   (DERIVED from this tree)
  [w2]   ok   clean baseline 2950 / 195770 / 0   (DERIVED from this tree)
  [w1]   ok   N02 consumer clock is stale -> RED (5 assertion(s) failed, match count 1)
  [w0]   ok   N01 service does not mark due work -> RED (6 assertion(s) failed, match count 1)
  [w2]   ok   N03 consumed promise leaves wake armed -> RED (1 assertion(s) failed, match count 1)
  [w2] source restored: md5 af3e78a78b0825a44db29d50d804ae28 (MATCHES)
  [w2] shard 2: 1 RED / 0 unusable   (of 1 entries)
  [w1]   ok   N05 last outcome lost -> RED (1 assertion(s) failed, match count 1)
  [w1] source restored: md5 af3e78a78b0825a44db29d50d804ae28 (MATCHES)
  [w1] shard 1: 2 RED / 0 unusable   (of 2 entries)
  [w0]   ok   N04 status clock is stale -> RED (1 assertion(s) failed, match count 1)
  [w0] source restored: md5 af3e78a78b0825a44db29d50d804ae28 (MATCHES)
  [w0] shard 0: 2 RED / 0 unusable   (of 2 entries)

======================================================================================================================
-- MERGED REPORT — target radmin73node: /dev/shm/mr-b434-b435-r2-6kvsxgb3/mutation-stage/lib/core/node.cpp
  ok   clean baseline 2950 / 195770 / 0   (DERIVED per worker tree; 3 tree(s) agree)
  ok   N01 service does not mark due work -> RED (6 assertion(s) failed, match count 1)
  ok   N02 consumer clock is stale -> RED (5 assertion(s) failed, match count 1)
  ok   N03 consumed promise leaves wake armed -> RED (1 assertion(s) failed, match count 1)
  ok   N04 status clock is stale -> RED (1 assertion(s) failed, match count 1)
  ok   N05 last outcome lost -> RED (1 assertion(s) failed, match count 1)
  worker 0: 2/2 entries, 2 RED / 0 worthless, wall 11.8s, rc 0, source restored: md5 af3e78a78b0825a44db29d50d804ae28 (MATCHES)   /dev/shm/mr-b434-b435-r2-6kvsxgb3/scratch/mr_mutation_run-0k7vsmn4/w0
  worker 1: 2/2 entries, 2 RED / 0 worthless, wall 11.8s, rc 0, source restored: md5 af3e78a78b0825a44db29d50d804ae28 (MATCHES)   /dev/shm/mr-b434-b435-r2-6kvsxgb3/scratch/mr_mutation_run-0k7vsmn4/w1
  worker 2: 1/1 entries, 1 RED / 0 worthless, wall 8.4s, rc 0, source restored: md5 af3e78a78b0825a44db29d50d804ae28 (MATCHES)   /dev/shm/mr-b434-b435-r2-6kvsxgb3/scratch/mr_mutation_run-0k7vsmn4/w2
real tree untouched: all 62 target files byte-identical to launch (md5); no build ran in /dev/shm/mr-b434-b435-r2-6kvsxgb3/mutation-stage
timing: copy 4.0s + battery 11.9s = 15.9s total, 5 entries over 3 worker(s)
mutations: 5 RED / 0 unusable
