-- target b134ack: /tmp/mr-s10-r3-j6pcxvmv/union-inputs/lib/console/console_json.h (2 entries)
-- selection: IN FULL (all 2 entries)
-- workers: 2
-- scratch root: /tmp/mr_mutation_run-iem08pm7   (removed on exit; MR_MUT_KEEP_SCRATCH=1 to keep)
  [w0] -- target b134ack: /tmp/mr_mutation_run-iem08pm7/w0/lib/console/console_json.h (1 of 2 entries in this shard)
  [w0] -- baseline gate: THIS WORKER'S OWN clean tree must run 0 FAILED; its own counts become this shard's baseline
  [w1] -- target b134ack: /tmp/mr_mutation_run-iem08pm7/w1/lib/console/console_json.h (1 of 2 entries in this shard)
  [w1] -- baseline gate: THIS WORKER'S OWN clean tree must run 0 FAILED; its own counts become this shard's baseline
  [w0]   ok   clean baseline 2950 / 195770 / 0   (DERIVED from this tree)
  [w1]   ok   clean baseline 2950 / 195770 / 0   (DERIVED from this tree)
  [w0]   ok   A01 ★★★ the ack's result mapping becomes UNCONDITIONAL SUCCESS — the exact shape the verb had before QG round 7: a cursor the store refused to persist is reported to the companion as marked -> RED (2 assertion(s) failed, match count 1)
  [w0] source restored: md5 21b1db7be690a55771a96490f003f769 (MATCHES)
  [w0] shard 0: 1 RED / 0 unusable   (of 1 entries)
  [w1]   ok   A02 ★★ the mapping is INVERTED — a persisted cursor reports io_error, so a working node looks broken and the companion retries for ever -> RED (4 assertion(s) failed, match count 1)
  [w1] source restored: md5 21b1db7be690a55771a96490f003f769 (MATCHES)
  [w1] shard 1: 1 RED / 0 unusable   (of 1 entries)

======================================================================================================================
-- MERGED REPORT — target b134ack: /tmp/mr-s10-r3-j6pcxvmv/union-inputs/lib/console/console_json.h
  ok   clean baseline 2950 / 195770 / 0   (DERIVED per worker tree; 2 tree(s) agree)
  !!!!!!!!!!!!!!!!!!!!!!!!!!!!!!!!!!!!!!!!!!!!!!!!!!!!!!!!!!!!!!!!!!!!!!!!!!!!!!!!!!!!!!!!!!!!!!!!!!!!!!!!!!!!!!!!
  !!  STALE CROSS-CHECK PIN — the hand-pinned figure is NOT what these clean trees run.
  !!      pinned   2950 / 195768   (PIN_CASES, this file)
  !!      derived  2950 / 195770   <-- THE BATTERY USED THIS
  !!  The battery RAN anyway, IN FULL (all 2 entries): per [[B217]] a stale figure must NEVER zero a run.
  !!  Then re-pin PIN_CASES / PIN_ASSERTS with the derivation (or unset MR_MUT_BASE).
  !!!!!!!!!!!!!!!!!!!!!!!!!!!!!!!!!!!!!!!!!!!!!!!!!!!!!!!!!!!!!!!!!!!!!!!!!!!!!!!!!!!!!!!!!!!!!!!!!!!!!!!!!!!!!!!!
  ok   A01 ★★★ the ack's result mapping becomes UNCONDITIONAL SUCCESS — the exact shape the verb had before QG round 7: a cursor the store refused to persist is reported to the companion as marked -> RED (2 assertion(s) failed, match count 1)
  ok   A02 ★★ the mapping is INVERTED — a persisted cursor reports io_error, so a working node looks broken and the companion retries for ever -> RED (4 assertion(s) failed, match count 1)
  worker 0: 1/1 entries, 1 RED / 0 worthless, wall 23.9s, rc 0, source restored: md5 21b1db7be690a55771a96490f003f769 (MATCHES)   /tmp/mr_mutation_run-iem08pm7/w0
  worker 1: 1/1 entries, 1 RED / 0 worthless, wall 24.8s, rc 0, source restored: md5 21b1db7be690a55771a96490f003f769 (MATCHES)   /tmp/mr_mutation_run-iem08pm7/w1
real tree untouched: all 62 target files byte-identical to launch (md5); no build ran in /tmp/mr-s10-r3-j6pcxvmv/union-inputs
timing: copy 3.0s + battery 24.9s = 27.9s total, 2 entries over 2 worker(s)
mutations: 2 RED / 0 unusable
  !!!!!!!!!!!!!!!!!!!!!!!!!!!!!!!!!!!!!!!!!!!!!!!!!!!!!!!!!!!!!!!!!!!!!!!!!!!!!!!!!!!!!!!!!!!!!!!!!!!!!!!!!!!!!!!!
  !!  REMINDER — the cross-check pin is STALE: pinned 2950 / 195768, these trees run 2950 / 195770.
  !!  The battery above RAN IN FULL (2 entries) on the derived figure ([[B217]]); re-pin PIN_CASES/PIN_ASSERTS.
  !!!!!!!!!!!!!!!!!!!!!!!!!!!!!!!!!!!!!!!!!!!!!!!!!!!!!!!!!!!!!!!!!!!!!!!!!!!!!!!!!!!!!!!!!!!!!!!!!!!!!!!!!!!!!!!!
