-- target b134ram: /tmp/mr-s10-r3-j6pcxvmv/union-inputs/lib/core/fixed_inbox_store.h (3 entries)
-- selection: IN FULL (all 3 entries)
-- workers: 3
-- scratch root: /tmp/mr_mutation_run-19g5nw94   (removed on exit; MR_MUT_KEEP_SCRATCH=1 to keep)
  [w0] -- target b134ram: /tmp/mr_mutation_run-19g5nw94/w0/lib/core/fixed_inbox_store.h (1 of 3 entries in this shard)
  [w0] -- baseline gate: THIS WORKER'S OWN clean tree must run 0 FAILED; its own counts become this shard's baseline
  [w1] -- target b134ram: /tmp/mr_mutation_run-19g5nw94/w1/lib/core/fixed_inbox_store.h (1 of 3 entries in this shard)
  [w1] -- baseline gate: THIS WORKER'S OWN clean tree must run 0 FAILED; its own counts become this shard's baseline
  [w2] -- target b134ram: /tmp/mr_mutation_run-19g5nw94/w2/lib/core/fixed_inbox_store.h (1 of 3 entries in this shard)
  [w2] -- baseline gate: THIS WORKER'S OWN clean tree must run 0 FAILED; its own counts become this shard's baseline
  [w1]   ok   clean baseline 2950 / 195770 / 0   (DERIVED from this tree)
  [w2]   ok   clean baseline 2950 / 195770 / 0   (DERIVED from this tree)
  [w0]   ok   clean baseline 2950 / 195770 / 0   (DERIVED from this tree)
  [w2]   ok   R03 ★★ wipe() also re-rolls the storage epoch — it announces a wipe to the companion that the imminent reboot makes moot, forcing a full re-pull for nothing -> RED (2 assertion(s) failed, match count 1)
  [w2] source restored: md5 39644fd2d33466f12779c92431a3dc71 (MATCHES)
  [w2] shard 2: 1 RED / 0 unusable   (of 1 entries)
  [w1]   ok   R02 ★★ wipe() empties the ring but leaves the READ CURSOR pointing at records that no longer exist — the unread badge then counts against a history that was just destroyed -> RED (1 assertion(s) failed, match count 1)
  [w1] source restored: md5 39644fd2d33466f12779c92431a3dc71 (MATCHES)
  [w1] shard 1: 1 RED / 0 unusable   (of 1 entries)
  [w0]   ok   R01 ★★★ wipe() drops back to the base's successful NO-OP — `prep-restart` HALTS but does NOT reboot, so the console reports a cleared inbox while `pull_inbox` still streams every record until the operator cuts power -> RED (9 assertion(s) failed, match count 1)
  [w0] source restored: md5 39644fd2d33466f12779c92431a3dc71 (MATCHES)
  [w0] shard 0: 1 RED / 0 unusable   (of 1 entries)

======================================================================================================================
-- MERGED REPORT — target b134ram: /tmp/mr-s10-r3-j6pcxvmv/union-inputs/lib/core/fixed_inbox_store.h
  ok   clean baseline 2950 / 195770 / 0   (DERIVED per worker tree; 3 tree(s) agree)
  !!!!!!!!!!!!!!!!!!!!!!!!!!!!!!!!!!!!!!!!!!!!!!!!!!!!!!!!!!!!!!!!!!!!!!!!!!!!!!!!!!!!!!!!!!!!!!!!!!!!!!!!!!!!!!!!
  !!  STALE CROSS-CHECK PIN — the hand-pinned figure is NOT what these clean trees run.
  !!      pinned   2950 / 195768   (PIN_CASES, this file)
  !!      derived  2950 / 195770   <-- THE BATTERY USED THIS
  !!  The battery RAN anyway, IN FULL (all 3 entries): per [[B217]] a stale figure must NEVER zero a run.
  !!  Then re-pin PIN_CASES / PIN_ASSERTS with the derivation (or unset MR_MUT_BASE).
  !!!!!!!!!!!!!!!!!!!!!!!!!!!!!!!!!!!!!!!!!!!!!!!!!!!!!!!!!!!!!!!!!!!!!!!!!!!!!!!!!!!!!!!!!!!!!!!!!!!!!!!!!!!!!!!!
  ok   R01 ★★★ wipe() drops back to the base's successful NO-OP — `prep-restart` HALTS but does NOT reboot, so the console reports a cleared inbox while `pull_inbox` still streams every record until the operator cuts power -> RED (9 assertion(s) failed, match count 1)
  ok   R02 ★★ wipe() empties the ring but leaves the READ CURSOR pointing at records that no longer exist — the unread badge then counts against a history that was just destroyed -> RED (1 assertion(s) failed, match count 1)
  ok   R03 ★★ wipe() also re-rolls the storage epoch — it announces a wipe to the companion that the imminent reboot makes moot, forcing a full re-pull for nothing -> RED (2 assertion(s) failed, match count 1)
  worker 0: 1/1 entries, 1 RED / 0 worthless, wall 16.8s, rc 0, source restored: md5 39644fd2d33466f12779c92431a3dc71 (MATCHES)   /tmp/mr_mutation_run-19g5nw94/w0
  worker 1: 1/1 entries, 1 RED / 0 worthless, wall 15.3s, rc 0, source restored: md5 39644fd2d33466f12779c92431a3dc71 (MATCHES)   /tmp/mr_mutation_run-19g5nw94/w1
  worker 2: 1/1 entries, 1 RED / 0 worthless, wall 15.2s, rc 0, source restored: md5 39644fd2d33466f12779c92431a3dc71 (MATCHES)   /tmp/mr_mutation_run-19g5nw94/w2
real tree untouched: all 62 target files byte-identical to launch (md5); no build ran in /tmp/mr-s10-r3-j6pcxvmv/union-inputs
timing: copy 5.0s + battery 16.9s = 21.9s total, 3 entries over 3 worker(s)
mutations: 3 RED / 0 unusable
  !!!!!!!!!!!!!!!!!!!!!!!!!!!!!!!!!!!!!!!!!!!!!!!!!!!!!!!!!!!!!!!!!!!!!!!!!!!!!!!!!!!!!!!!!!!!!!!!!!!!!!!!!!!!!!!!
  !!  REMINDER — the cross-check pin is STALE: pinned 2950 / 195768, these trees run 2950 / 195770.
  !!  The battery above RAN IN FULL (3 entries) on the derived figure ([[B217]]); re-pin PIN_CASES/PIN_ASSERTS.
  !!!!!!!!!!!!!!!!!!!!!!!!!!!!!!!!!!!!!!!!!!!!!!!!!!!!!!!!!!!!!!!!!!!!!!!!!!!!!!!!!!!!!!!!!!!!!!!!!!!!!!!!!!!!!!!!
