-- target b159rx: /tmp/mr-s10-r3-j6pcxvmv/union-inputs/lib/core/node_mac_rx.cpp (3 entries)
-- selection: IN FULL (all 3 entries)
-- workers: 3
-- scratch root: /tmp/mr_mutation_run-2_td5jbq   (removed on exit; MR_MUT_KEEP_SCRATCH=1 to keep)
  [w0] -- target b159rx: /tmp/mr_mutation_run-2_td5jbq/w0/lib/core/node_mac_rx.cpp (1 of 3 entries in this shard)
  [w0] -- baseline gate: THIS WORKER'S OWN clean tree must run 0 FAILED; its own counts become this shard's baseline
  [w1] -- target b159rx: /tmp/mr_mutation_run-2_td5jbq/w1/lib/core/node_mac_rx.cpp (1 of 3 entries in this shard)
  [w1] -- baseline gate: THIS WORKER'S OWN clean tree must run 0 FAILED; its own counts become this shard's baseline
  [w2] -- target b159rx: /tmp/mr_mutation_run-2_td5jbq/w2/lib/core/node_mac_rx.cpp (1 of 3 entries in this shard)
  [w2] -- baseline gate: THIS WORKER'S OWN clean tree must run 0 FAILED; its own counts become this shard's baseline
  [w1]   ok   clean baseline 2950 / 195770 / 0   (DERIVED from this tree)
  [w0]   ok   clean baseline 2950 / 195770 / 0   (DERIVED from this tree)
  [w2]   ok   clean baseline 2950 / 195770 / 0   (DERIVED from this tree)
  [w2]   ok   B11 capacity pressure REFUSES the new key instead of rolling the oldest -> RED (2 assertion(s) failed, match count 1)
  [w0]   ok   B09 the dedup ignores expiry — a genuinely-new flight reusing the identity is SUPPRESSED (over-correction) -> RED (1 assertion(s) failed, match count 1)
  [w2] source restored: md5 15a280defa85eed07e315af6c3a7f968 (MATCHES)
  [w2] shard 2: 1 RED / 0 unusable   (of 1 entries)
  [w0] source restored: md5 15a280defa85eed07e315af6c3a7f968 (MATCHES)
  [w0] shard 0: 1 RED / 0 unusable   (of 1 entries)
  [w1]   ok   B10 the expiry PRUNE is removed — the clearing term the B239 audit rests on -> RED (1 assertion(s) failed, match count 1)
  [w1] source restored: md5 15a280defa85eed07e315af6c3a7f968 (MATCHES)
  [w1] shard 1: 1 RED / 0 unusable   (of 1 entries)

======================================================================================================================
-- MERGED REPORT — target b159rx: /tmp/mr-s10-r3-j6pcxvmv/union-inputs/lib/core/node_mac_rx.cpp
  ok   clean baseline 2950 / 195770 / 0   (DERIVED per worker tree; 3 tree(s) agree)
  !!!!!!!!!!!!!!!!!!!!!!!!!!!!!!!!!!!!!!!!!!!!!!!!!!!!!!!!!!!!!!!!!!!!!!!!!!!!!!!!!!!!!!!!!!!!!!!!!!!!!!!!!!!!!!!!
  !!  STALE CROSS-CHECK PIN — the hand-pinned figure is NOT what these clean trees run.
  !!      pinned   2950 / 195768   (PIN_CASES, this file)
  !!      derived  2950 / 195770   <-- THE BATTERY USED THIS
  !!  The battery RAN anyway, IN FULL (all 3 entries): per [[B217]] a stale figure must NEVER zero a run.
  !!  Then re-pin PIN_CASES / PIN_ASSERTS with the derivation (or unset MR_MUT_BASE).
  !!!!!!!!!!!!!!!!!!!!!!!!!!!!!!!!!!!!!!!!!!!!!!!!!!!!!!!!!!!!!!!!!!!!!!!!!!!!!!!!!!!!!!!!!!!!!!!!!!!!!!!!!!!!!!!!
  ok   B09 the dedup ignores expiry — a genuinely-new flight reusing the identity is SUPPRESSED (over-correction) -> RED (1 assertion(s) failed, match count 1)
  ok   B10 the expiry PRUNE is removed — the clearing term the B239 audit rests on -> RED (1 assertion(s) failed, match count 1)
  ok   B11 capacity pressure REFUSES the new key instead of rolling the oldest -> RED (2 assertion(s) failed, match count 1)
  worker 0: 1/1 entries, 1 RED / 0 worthless, wall 18.4s, rc 0, source restored: md5 15a280defa85eed07e315af6c3a7f968 (MATCHES)   /tmp/mr_mutation_run-2_td5jbq/w0
  worker 1: 1/1 entries, 1 RED / 0 worthless, wall 21.0s, rc 0, source restored: md5 15a280defa85eed07e315af6c3a7f968 (MATCHES)   /tmp/mr_mutation_run-2_td5jbq/w1
  worker 2: 1/1 entries, 1 RED / 0 worthless, wall 18.4s, rc 0, source restored: md5 15a280defa85eed07e315af6c3a7f968 (MATCHES)   /tmp/mr_mutation_run-2_td5jbq/w2
real tree untouched: all 62 target files byte-identical to launch (md5); no build ran in /tmp/mr-s10-r3-j6pcxvmv/union-inputs
timing: copy 4.3s + battery 21.1s = 25.4s total, 3 entries over 3 worker(s)
mutations: 3 RED / 0 unusable
  !!!!!!!!!!!!!!!!!!!!!!!!!!!!!!!!!!!!!!!!!!!!!!!!!!!!!!!!!!!!!!!!!!!!!!!!!!!!!!!!!!!!!!!!!!!!!!!!!!!!!!!!!!!!!!!!
  !!  REMINDER — the cross-check pin is STALE: pinned 2950 / 195768, these trees run 2950 / 195770.
  !!  The battery above RAN IN FULL (3 entries) on the derived figure ([[B217]]); re-pin PIN_CASES/PIN_ASSERTS.
  !!!!!!!!!!!!!!!!!!!!!!!!!!!!!!!!!!!!!!!!!!!!!!!!!!!!!!!!!!!!!!!!!!!!!!!!!!!!!!!!!!!!!!!!!!!!!!!!!!!!!!!!!!!!!!!!
