-- target b161mac: /tmp/mr-s10-r3-j6pcxvmv/union-inputs/lib/core/node_mac.cpp (1 entries)
-- selection: IN FULL (all 1 entries)
-- workers: 1   [SERIAL REFERENCE PATH]
-- scratch root: /tmp/mr_mutation_run-rtea28wu   (removed on exit; MR_MUT_KEEP_SCRATCH=1 to keep)
  [w0] -- target b161mac: /tmp/mr_mutation_run-rtea28wu/w0/lib/core/node_mac.cpp (1 of 1 entries in this shard)
  [w0] -- baseline gate: THIS WORKER'S OWN clean tree must run 0 FAILED; its own counts become this shard's baseline
  [w0]   ok   clean baseline 2950 / 195770 / 0   (DERIVED from this tree)
  [w0]   ok   M01 B161 flight_identity trusts PendingTx.origin instead of the origin exposed by the DATA inner -> RED (2 assertion(s) failed, match count 1)
  [w0] source restored: md5 146623dab4797e3c5727022847cbf199 (MATCHES)
  [w0] shard 0: 1 RED / 0 unusable   (of 1 entries)

======================================================================================================================
-- MERGED REPORT — target b161mac: /tmp/mr-s10-r3-j6pcxvmv/union-inputs/lib/core/node_mac.cpp
  ok   clean baseline 2950 / 195770 / 0   (DERIVED per worker tree; 1 tree(s) agree)
  !!!!!!!!!!!!!!!!!!!!!!!!!!!!!!!!!!!!!!!!!!!!!!!!!!!!!!!!!!!!!!!!!!!!!!!!!!!!!!!!!!!!!!!!!!!!!!!!!!!!!!!!!!!!!!!!
  !!  STALE CROSS-CHECK PIN — the hand-pinned figure is NOT what these clean trees run.
  !!      pinned   2950 / 195768   (PIN_CASES, this file)
  !!      derived  2950 / 195770   <-- THE BATTERY USED THIS
  !!  The battery RAN anyway, IN FULL (all 1 entries): per [[B217]] a stale figure must NEVER zero a run.
  !!  Then re-pin PIN_CASES / PIN_ASSERTS with the derivation (or unset MR_MUT_BASE).
  !!!!!!!!!!!!!!!!!!!!!!!!!!!!!!!!!!!!!!!!!!!!!!!!!!!!!!!!!!!!!!!!!!!!!!!!!!!!!!!!!!!!!!!!!!!!!!!!!!!!!!!!!!!!!!!!
  ok   M01 B161 flight_identity trusts PendingTx.origin instead of the origin exposed by the DATA inner -> RED (2 assertion(s) failed, match count 1)
  worker 0: 1/1 entries, 1 RED / 0 worthless, wall 11.9s, rc 0, source restored: md5 146623dab4797e3c5727022847cbf199 (MATCHES)   /tmp/mr_mutation_run-rtea28wu/w0
real tree untouched: all 62 target files byte-identical to launch (md5); no build ran in /tmp/mr-s10-r3-j6pcxvmv/union-inputs
timing: copy 1.7s + battery 12.0s = 13.7s total, 1 entries over 1 worker(s)
mutations: 1 RED / 0 unusable
  !!!!!!!!!!!!!!!!!!!!!!!!!!!!!!!!!!!!!!!!!!!!!!!!!!!!!!!!!!!!!!!!!!!!!!!!!!!!!!!!!!!!!!!!!!!!!!!!!!!!!!!!!!!!!!!!
  !!  REMINDER — the cross-check pin is STALE: pinned 2950 / 195768, these trees run 2950 / 195770.
  !!  The battery above RAN IN FULL (1 entries) on the derived figure ([[B217]]); re-pin PIN_CASES/PIN_ASSERTS.
  !!!!!!!!!!!!!!!!!!!!!!!!!!!!!!!!!!!!!!!!!!!!!!!!!!!!!!!!!!!!!!!!!!!!!!!!!!!!!!!!!!!!!!!!!!!!!!!!!!!!!!!!!!!!!!!!
