-- target consoleline: /tmp/mr-s10-r3-j6pcxvmv/union-inputs/lib/console/console_line.h (12 entries)
-- selection: IN FULL (all 12 entries)
-- workers: 3
-- scratch root: /tmp/mr_mutation_run-mf9h_1v6   (removed on exit; MR_MUT_KEEP_SCRATCH=1 to keep)
  [w0] -- target consoleline: /tmp/mr_mutation_run-mf9h_1v6/w0/lib/console/console_line.h (4 of 12 entries in this shard)
  [w0] -- baseline gate: THIS WORKER'S OWN clean tree must run 0 FAILED; its own counts become this shard's baseline
  [w1] -- target consoleline: /tmp/mr_mutation_run-mf9h_1v6/w1/lib/console/console_line.h (4 of 12 entries in this shard)
  [w1] -- baseline gate: THIS WORKER'S OWN clean tree must run 0 FAILED; its own counts become this shard's baseline
  [w2] -- target consoleline: /tmp/mr_mutation_run-mf9h_1v6/w2/lib/console/console_line.h (4 of 12 entries in this shard)
  [w2] -- baseline gate: THIS WORKER'S OWN clean tree must run 0 FAILED; its own counts become this shard's baseline
  [w2]   ok   clean baseline 2950 / 195770 / 0   (DERIVED from this tree)
  [w0]   ok   clean baseline 2950 / 195770 / 0   (DERIVED from this tree)
  [w1]   ok   clean baseline 2950 / 195770 / 0   (DERIVED from this tree)
  [w1]   ok   L02 length check bypassed -> RED (5 assertion(s) failed, match count 1)
  [w2]   ok   L03 last byte is not scanned -> RED (4 assertion(s) failed, match count 1)
  [w0]   ok   L01 inclusive cap becomes exclusive -> RED (778 assertion(s) failed, match count 1)
  [w1]   ok   L05 NUL accepted -> RED (4 assertion(s) failed, match count 1)
  [w2]   ok   L06 CR accepted -> RED (4 assertion(s) failed, match count 1)
  [w0]   ok   L04 first byte is not scanned -> RED (6 assertion(s) failed, match count 1)
  [w1]   ok   L08 LF reason collapses to CR -> RED (1 assertion(s) failed, match count 1)
  [w0]   ok   L07 LF accepted -> RED (5 assertion(s) failed, match count 1)
  [w2]   ok   L09 remote command cap drifts above the live codec derivation -> RED (4 assertion(s) failed, match count 1)
  [w1]   ok   L11 byte error incorrectly precedes length error -> RED (1 assertion(s) failed, match count 1)
  [w1] source restored: md5 906e1a837b8ca667d191e55ac5bdd848 (MATCHES)
  [w1] shard 1: 4 RED / 0 unusable   (of 4 entries)
  [w2]   ok   L12 unknown reason silently means ok -> RED (1 assertion(s) failed, match count 1)
  [w2] source restored: md5 906e1a837b8ca667d191e55ac5bdd848 (MATCHES)
  [w2] shard 2: 4 RED / 0 unusable   (of 4 entries)
  [w0]   ok   L10 USB command bound drifts -> RED (1 assertion(s) failed, match count 1)
  [w0] source restored: md5 906e1a837b8ca667d191e55ac5bdd848 (MATCHES)
  [w0] shard 0: 4 RED / 0 unusable   (of 4 entries)

======================================================================================================================
-- MERGED REPORT — target consoleline: /tmp/mr-s10-r3-j6pcxvmv/union-inputs/lib/console/console_line.h
  ok   clean baseline 2950 / 195770 / 0   (DERIVED per worker tree; 3 tree(s) agree)
  !!!!!!!!!!!!!!!!!!!!!!!!!!!!!!!!!!!!!!!!!!!!!!!!!!!!!!!!!!!!!!!!!!!!!!!!!!!!!!!!!!!!!!!!!!!!!!!!!!!!!!!!!!!!!!!!
  !!  STALE CROSS-CHECK PIN — the hand-pinned figure is NOT what these clean trees run.
  !!      pinned   2950 / 195768   (PIN_CASES, this file)
  !!      derived  2950 / 195770   <-- THE BATTERY USED THIS
  !!  The battery RAN anyway, IN FULL (all 12 entries): per [[B217]] a stale figure must NEVER zero a run.
  !!  Then re-pin PIN_CASES / PIN_ASSERTS with the derivation (or unset MR_MUT_BASE).
  !!!!!!!!!!!!!!!!!!!!!!!!!!!!!!!!!!!!!!!!!!!!!!!!!!!!!!!!!!!!!!!!!!!!!!!!!!!!!!!!!!!!!!!!!!!!!!!!!!!!!!!!!!!!!!!!
  ok   L01 inclusive cap becomes exclusive -> RED (778 assertion(s) failed, match count 1)
  ok   L02 length check bypassed -> RED (5 assertion(s) failed, match count 1)
  ok   L03 last byte is not scanned -> RED (4 assertion(s) failed, match count 1)
  ok   L04 first byte is not scanned -> RED (6 assertion(s) failed, match count 1)
  ok   L05 NUL accepted -> RED (4 assertion(s) failed, match count 1)
  ok   L06 CR accepted -> RED (4 assertion(s) failed, match count 1)
  ok   L07 LF accepted -> RED (5 assertion(s) failed, match count 1)
  ok   L08 LF reason collapses to CR -> RED (1 assertion(s) failed, match count 1)
  ok   L09 remote command cap drifts above the live codec derivation -> RED (4 assertion(s) failed, match count 1)
  ok   L10 USB command bound drifts -> RED (1 assertion(s) failed, match count 1)
  ok   L11 byte error incorrectly precedes length error -> RED (1 assertion(s) failed, match count 1)
  ok   L12 unknown reason silently means ok -> RED (1 assertion(s) failed, match count 1)
  worker 0: 4/4 entries, 4 RED / 0 worthless, wall 73.6s, rc 0, source restored: md5 906e1a837b8ca667d191e55ac5bdd848 (MATCHES)   /tmp/mr_mutation_run-mf9h_1v6/w0
  worker 1: 4/4 entries, 4 RED / 0 worthless, wall 66.4s, rc 0, source restored: md5 906e1a837b8ca667d191e55ac5bdd848 (MATCHES)   /tmp/mr_mutation_run-mf9h_1v6/w1
  worker 2: 4/4 entries, 4 RED / 0 worthless, wall 69.1s, rc 0, source restored: md5 906e1a837b8ca667d191e55ac5bdd848 (MATCHES)   /tmp/mr_mutation_run-mf9h_1v6/w2
real tree untouched: all 62 target files byte-identical to launch (md5); no build ran in /tmp/mr-s10-r3-j6pcxvmv/union-inputs
timing: copy 4.1s + battery 73.7s = 78.4s total, 12 entries over 3 worker(s)
mutations: 12 RED / 0 unusable
  !!!!!!!!!!!!!!!!!!!!!!!!!!!!!!!!!!!!!!!!!!!!!!!!!!!!!!!!!!!!!!!!!!!!!!!!!!!!!!!!!!!!!!!!!!!!!!!!!!!!!!!!!!!!!!!!
  !!  REMINDER — the cross-check pin is STALE: pinned 2950 / 195768, these trees run 2950 / 195770.
  !!  The battery above RAN IN FULL (12 entries) on the derived figure ([[B217]]); re-pin PIN_CASES/PIN_ASSERTS.
  !!!!!!!!!!!!!!!!!!!!!!!!!!!!!!!!!!!!!!!!!!!!!!!!!!!!!!!!!!!!!!!!!!!!!!!!!!!!!!!!!!!!!!!!!!!!!!!!!!!!!!!!!!!!!!!!
