-- target devicenv: /tmp/mr-s10-r3-j6pcxvmv/union-inputs/src/device_nv.h (42 entries)
-- selection: IN FULL (all 42 entries)
-- workers: 3
-- scratch root: /tmp/mr_mutation_run-_sk743c9   (removed on exit; MR_MUT_KEEP_SCRATCH=1 to keep)
  [w0] -- target devicenv: /tmp/mr_mutation_run-_sk743c9/w0/src/device_nv.h (14 of 42 entries in this shard)
  [w0] -- baseline gate: THIS WORKER'S OWN clean tree must run 0 FAILED; its own counts become this shard's baseline
  [w2] -- target devicenv: /tmp/mr_mutation_run-_sk743c9/w2/src/device_nv.h (14 of 42 entries in this shard)
  [w2] -- baseline gate: THIS WORKER'S OWN clean tree must run 0 FAILED; its own counts become this shard's baseline
  [w1] -- target devicenv: /tmp/mr_mutation_run-_sk743c9/w1/src/device_nv.h (14 of 42 entries in this shard)
  [w1] -- baseline gate: THIS WORKER'S OWN clean tree must run 0 FAILED; its own counts become this shard's baseline
  [w2]   ok   clean baseline 2950 / 195770 / 0   (DERIVED from this tree)
  [w1]   ok   clean baseline 2950 / 195770 / 0   (DERIVED from this tree)
  [w0]   ok   clean baseline 2950 / 195770 / 0   (DERIVED from this tree)
  [w0]   ok   N01 ★★★ THE DEFECT ITSELF: the mount result is discarded again, so a dead FS reads as a fresh device -> RED (8 assertion(s) failed, match count 1)
  [w2]   ok   N03 ★★ THE ESP32 CLASSIFIER IS INVERTED: a first boot is called a STORAGE FAILURE (the same lie, other way) -> RED (2 assertion(s) failed, match count 1)
  [w1]   ok   N02 the mount failure is recorded but the read continues (a half-fix: the fact is set, the early return dropped) -> RED (5 assertion(s) failed, match count 1)
  [w0]   ok   N04 the ESP32 classifier is dropped, so 'NVS would not open' is a fresh device again -> RED (2 assertion(s) failed, match count 1)
  [w2]   ok   N06 a storage failure is folded into `invalid` (the tempting collapse — it prints the WRONG remedy) -> RED (6 assertion(s) failed, match count 1)
  [w1]   ok   N05 ★★ the backend fact is consulted AFTER the absent test — the ordering that loses it entirely -> RED (5 assertion(s) failed, match count 1)
  [w0]   ok   N13 ★★★ THE REOPENED DEFECT: ANY lookup error is absent again — a metadata error reads as a fresh device -> RED (3 assertion(s) failed, match count 1)
  [w1]   ok   N14 ★★★ present-but-unopenable collapses to absent — four possibly-intact profiles read as NO PROFILES -> RED (3 assertion(s) failed, match count 1)
  [w2]   ok   N15 ⛔ the lookup is issued for EVERY record ('compute first, gate later') — the four bool records pay a stat each -> RED (5 assertion(s) failed, match count 1)
  [w0]   ok   N07 ★★★ THE OVER-LENGTH CHECK IS DROPPED, so a longer file is accepted on its valid PREFIX -> RED (3 assertion(s) failed, match count 1)
  [w1]   ok   N08 the size comparison is `>=`, so an EXACTLY-sized record is rejected too (the off-by-one wrong fix) -> RED (6 assertion(s) failed, match count 1)
  [w2]   ok   N09 the ESP32 over-length check is dropped -> RED (1 assertion(s) failed, match count 1)
  [w0]   ok   N10 an over-length record is accepted anyway (the fact is gathered and then ignored) -> RED (2 assertion(s) failed, match count 1)
  [w1]   ok   N11 ⛔ the extra FS question is asked for EVERY record (⛔ /mrcfg, /mrid, /mrpeers, /mrfault must not move) -> RED (1 assertion(s) failed, match count 1)
  [w2]   ok   N12 ⛔ the ESP32 nvs_open classification runs for every record, on every open failure -> RED (1 assertion(s) failed, match count 1)
  [w0]   ok   N17 ★★ the keyring's backend-failure arm is ordered AFTER `absent`, so a dead flash reports NO STORED KEYS -> RED (1 assertion(s) failed, match count 1)
  [w1]   ok   N18 an OVER-LENGTH keyring is accepted as a valid PREFIX (the nRF52 short-read hazard, one record over) -> RED (1 assertion(s) failed, match count 1)
  [w2]   ok   N19 ★ the keyring's version policy is RELAXED from equality to a range — an unknown layout is parsed as keys -> RED (1 assertion(s) failed, match count 1)
  [w0]   ok   N20 the keyring seed does not STAMP the version, so a fresh record is rejected by its own read policy -> RED (4 assertion(s) failed, match count 1)
  [w1]   ok   N21 ★★★ THE CATALOG IS ADDRESSED AT `/mrcfg`: a phrase edit now writes the record whose version mismatch REPROVISIONS the node -> RED (3 assertion(s) failed, match count 1)
  [w2]   ok   N22 ★★ the catalog carries `/mrcfg`'s MAGIC — the two records become mutually readable, which is the same collapse one layer in -> RED (3 assertion(s) failed, match count 1)
  [w0]   ok   N23 ★★ the /mrui seed stamps generation ZERO — the value reserved for 'no generation', which a SendReq can never seal -> RED (74 assertion(s) failed, match count 1)
  [w1]   ok   N24 the /mrui version policy is RELAXED from equality to a range — an unknown layout is parsed as the wearer's phrases -> RED (1 assertion(s) failed, match count 1)
  [w2]   ok   N25 ★★ the /mrui read tests `absent` FIRST, so a store that would not open announces 'no catalog configured' -> RED (1 assertion(s) failed, match count 1)
  [w0]   ok   N40 ★★ /mradmid's VERSION POLICY becomes a RANGE — a record written under another layout is adopted -> RED (1 assertion(s) failed, match count 1)
  [w1]   ok   N41 /mracl's version policy becomes a range -> RED (1 assertion(s) failed, match count 1)
  [w2]   ok   N42 ★★ /mradmid's backend fact is consulted AFTER the absent test — a dead store reads as a fresh device -> RED (1 assertion(s) failed, match count 1)
  [w0]   ok   N43 ★★ /mracl's backend fact is consulted after the absent test -> RED (1 assertion(s) failed, match count 1)
  [w1]   ok   N44 ★ /mradmid's OVER-LENGTH check is dropped — a longer file is accepted on its valid PREFIX -> RED (1 assertion(s) failed, match count 1)
  [w2]   ok   N45 ★ /mracl's over-length check is dropped -> RED (1 assertion(s) failed, match count 1)
  [w0]   ok   N50 ★ `admin_id_blob_init` leaves the header UNSTAMPED, so a minted record reads back as invalid -> RED (8 assertion(s) failed, match count 1)
  [w1]   ok   N51 `acl_blob_init` stamps the WRONG magic (the two target records become interchangeable) -> RED (3 assertion(s) failed, match count 1)
  [w2]   ok   N52 `acl_blob_init` no longer value-initialises, so `reserved`/holes carry indeterminate bytes -> RED (46 assertion(s) failed, match count 1)
  [w0]   ok   N53 ★ the ACL slot table names the ADMIN record's file (both records share one file) -> RED (4 assertion(s) failed, match count 1)
  [w1]   ok   N54 ★★ /mradmid moves OUT of the factory-reset namespace — a factory reset would keep the root -> RED (1 assertion(s) failed, match count 1)
  [w2]   ok   N-S4-1 §RADMIN-4: `/mrmkeys` and `/mrtargets` share ONE backend key — an update to one lands on the other -> RED (2 assertion(s) failed, match count 1)
  [w0]   ok   N-S4-2 §RADMIN-4: the CONTROLLER keyring lands in the fault namespace — a factory reset would spare the seeds -> RED (2 assertion(s) failed, match count 1)
  [w1]   ok   N-S4-3 §RADMIN-4: `/mrmkeys` reuses the ACL magic — one record becomes readable as another -> RED (4 assertion(s) failed, match count 1)
  [w2]   ok   N-S4-4 §RADMIN-4: `/mrtargets` accepts ANY version — a v2 record is adopted under a v1 layout guess -> RED (2 assertion(s) failed, match count 1)
  [w0]   ok   N-S4-5 §RADMIN-4: a dead backend reads as a FRESH controller — the keyring's io_failed arm is gone -> RED (1 assertion(s) failed, match count 1)
  [w0] source restored: md5 475c7107924c85b866b566b6dc1ed006 (MATCHES)
  [w0] shard 0: 14 RED / 0 unusable   (of 14 entries)
  [w1]   ok   N-S4-6 §RADMIN-4: an OVER-LENGTH target book passes on its valid prefix -> RED (1 assertion(s) failed, match count 1)
  [w1] source restored: md5 475c7107924c85b866b566b6dc1ed006 (MATCHES)
  [w1] shard 1: 14 RED / 0 unusable   (of 14 entries)
  [w2]   ok   N-S4-7 §RADMIN-4: `mgmt_key_blob_init` stops stamping the magic — every fresh keyring reads as invalid -> RED (4 assertion(s) failed, match count 1)
  [w2] source restored: md5 475c7107924c85b866b566b6dc1ed006 (MATCHES)
  [w2] shard 2: 14 RED / 0 unusable   (of 14 entries)

======================================================================================================================
-- MERGED REPORT — target devicenv: /tmp/mr-s10-r3-j6pcxvmv/union-inputs/src/device_nv.h
  ok   clean baseline 2950 / 195770 / 0   (DERIVED per worker tree; 3 tree(s) agree)
  !!!!!!!!!!!!!!!!!!!!!!!!!!!!!!!!!!!!!!!!!!!!!!!!!!!!!!!!!!!!!!!!!!!!!!!!!!!!!!!!!!!!!!!!!!!!!!!!!!!!!!!!!!!!!!!!
  !!  STALE CROSS-CHECK PIN — the hand-pinned figure is NOT what these clean trees run.
  !!      pinned   2950 / 195768   (PIN_CASES, this file)
  !!      derived  2950 / 195770   <-- THE BATTERY USED THIS
  !!  The battery RAN anyway, IN FULL (all 42 entries): per [[B217]] a stale figure must NEVER zero a run.
  !!  Then re-pin PIN_CASES / PIN_ASSERTS with the derivation (or unset MR_MUT_BASE).
  !!!!!!!!!!!!!!!!!!!!!!!!!!!!!!!!!!!!!!!!!!!!!!!!!!!!!!!!!!!!!!!!!!!!!!!!!!!!!!!!!!!!!!!!!!!!!!!!!!!!!!!!!!!!!!!!
  ok   N01 ★★★ THE DEFECT ITSELF: the mount result is discarded again, so a dead FS reads as a fresh device -> RED (8 assertion(s) failed, match count 1)
  ok   N02 the mount failure is recorded but the read continues (a half-fix: the fact is set, the early return dropped) -> RED (5 assertion(s) failed, match count 1)
  ok   N03 ★★ THE ESP32 CLASSIFIER IS INVERTED: a first boot is called a STORAGE FAILURE (the same lie, other way) -> RED (2 assertion(s) failed, match count 1)
  ok   N04 the ESP32 classifier is dropped, so 'NVS would not open' is a fresh device again -> RED (2 assertion(s) failed, match count 1)
  ok   N05 ★★ the backend fact is consulted AFTER the absent test — the ordering that loses it entirely -> RED (5 assertion(s) failed, match count 1)
  ok   N06 a storage failure is folded into `invalid` (the tempting collapse — it prints the WRONG remedy) -> RED (6 assertion(s) failed, match count 1)
  ok   N13 ★★★ THE REOPENED DEFECT: ANY lookup error is absent again — a metadata error reads as a fresh device -> RED (3 assertion(s) failed, match count 1)
  ok   N14 ★★★ present-but-unopenable collapses to absent — four possibly-intact profiles read as NO PROFILES -> RED (3 assertion(s) failed, match count 1)
  ok   N15 ⛔ the lookup is issued for EVERY record ('compute first, gate later') — the four bool records pay a stat each -> RED (5 assertion(s) failed, match count 1)
  ok   N07 ★★★ THE OVER-LENGTH CHECK IS DROPPED, so a longer file is accepted on its valid PREFIX -> RED (3 assertion(s) failed, match count 1)
  ok   N08 the size comparison is `>=`, so an EXACTLY-sized record is rejected too (the off-by-one wrong fix) -> RED (6 assertion(s) failed, match count 1)
  ok   N09 the ESP32 over-length check is dropped -> RED (1 assertion(s) failed, match count 1)
  ok   N10 an over-length record is accepted anyway (the fact is gathered and then ignored) -> RED (2 assertion(s) failed, match count 1)
  ok   N11 ⛔ the extra FS question is asked for EVERY record (⛔ /mrcfg, /mrid, /mrpeers, /mrfault must not move) -> RED (1 assertion(s) failed, match count 1)
  ok   N12 ⛔ the ESP32 nvs_open classification runs for every record, on every open failure -> RED (1 assertion(s) failed, match count 1)
  ok   N17 ★★ the keyring's backend-failure arm is ordered AFTER `absent`, so a dead flash reports NO STORED KEYS -> RED (1 assertion(s) failed, match count 1)
  ok   N18 an OVER-LENGTH keyring is accepted as a valid PREFIX (the nRF52 short-read hazard, one record over) -> RED (1 assertion(s) failed, match count 1)
  ok   N19 ★ the keyring's version policy is RELAXED from equality to a range — an unknown layout is parsed as keys -> RED (1 assertion(s) failed, match count 1)
  ok   N20 the keyring seed does not STAMP the version, so a fresh record is rejected by its own read policy -> RED (4 assertion(s) failed, match count 1)
  ok   N21 ★★★ THE CATALOG IS ADDRESSED AT `/mrcfg`: a phrase edit now writes the record whose version mismatch REPROVISIONS the node -> RED (3 assertion(s) failed, match count 1)
  ok   N22 ★★ the catalog carries `/mrcfg`'s MAGIC — the two records become mutually readable, which is the same collapse one layer in -> RED (3 assertion(s) failed, match count 1)
  ok   N23 ★★ the /mrui seed stamps generation ZERO — the value reserved for 'no generation', which a SendReq can never seal -> RED (74 assertion(s) failed, match count 1)
  ok   N24 the /mrui version policy is RELAXED from equality to a range — an unknown layout is parsed as the wearer's phrases -> RED (1 assertion(s) failed, match count 1)
  ok   N25 ★★ the /mrui read tests `absent` FIRST, so a store that would not open announces 'no catalog configured' -> RED (1 assertion(s) failed, match count 1)
  ok   N40 ★★ /mradmid's VERSION POLICY becomes a RANGE — a record written under another layout is adopted -> RED (1 assertion(s) failed, match count 1)
  ok   N41 /mracl's version policy becomes a range -> RED (1 assertion(s) failed, match count 1)
  ok   N42 ★★ /mradmid's backend fact is consulted AFTER the absent test — a dead store reads as a fresh device -> RED (1 assertion(s) failed, match count 1)
  ok   N43 ★★ /mracl's backend fact is consulted after the absent test -> RED (1 assertion(s) failed, match count 1)
  ok   N44 ★ /mradmid's OVER-LENGTH check is dropped — a longer file is accepted on its valid PREFIX -> RED (1 assertion(s) failed, match count 1)
  ok   N45 ★ /mracl's over-length check is dropped -> RED (1 assertion(s) failed, match count 1)
  ok   N50 ★ `admin_id_blob_init` leaves the header UNSTAMPED, so a minted record reads back as invalid -> RED (8 assertion(s) failed, match count 1)
  ok   N51 `acl_blob_init` stamps the WRONG magic (the two target records become interchangeable) -> RED (3 assertion(s) failed, match count 1)
  ok   N52 `acl_blob_init` no longer value-initialises, so `reserved`/holes carry indeterminate bytes -> RED (46 assertion(s) failed, match count 1)
  ok   N53 ★ the ACL slot table names the ADMIN record's file (both records share one file) -> RED (4 assertion(s) failed, match count 1)
  ok   N54 ★★ /mradmid moves OUT of the factory-reset namespace — a factory reset would keep the root -> RED (1 assertion(s) failed, match count 1)
  ok   N-S4-1 §RADMIN-4: `/mrmkeys` and `/mrtargets` share ONE backend key — an update to one lands on the other -> RED (2 assertion(s) failed, match count 1)
  ok   N-S4-2 §RADMIN-4: the CONTROLLER keyring lands in the fault namespace — a factory reset would spare the seeds -> RED (2 assertion(s) failed, match count 1)
  ok   N-S4-3 §RADMIN-4: `/mrmkeys` reuses the ACL magic — one record becomes readable as another -> RED (4 assertion(s) failed, match count 1)
  ok   N-S4-4 §RADMIN-4: `/mrtargets` accepts ANY version — a v2 record is adopted under a v1 layout guess -> RED (2 assertion(s) failed, match count 1)
  ok   N-S4-5 §RADMIN-4: a dead backend reads as a FRESH controller — the keyring's io_failed arm is gone -> RED (1 assertion(s) failed, match count 1)
  ok   N-S4-6 §RADMIN-4: an OVER-LENGTH target book passes on its valid prefix -> RED (1 assertion(s) failed, match count 1)
  ok   N-S4-7 §RADMIN-4: `mgmt_key_blob_init` stops stamping the magic — every fresh keyring reads as invalid -> RED (4 assertion(s) failed, match count 1)
  worker 0: 14/14 entries, 14 RED / 0 worthless, wall 422.0s, rc 0, source restored: md5 475c7107924c85b866b566b6dc1ed006 (MATCHES)   /tmp/mr_mutation_run-_sk743c9/w0
  worker 1: 14/14 entries, 14 RED / 0 worthless, wall 425.9s, rc 0, source restored: md5 475c7107924c85b866b566b6dc1ed006 (MATCHES)   /tmp/mr_mutation_run-_sk743c9/w1
  worker 2: 14/14 entries, 14 RED / 0 worthless, wall 427.5s, rc 0, source restored: md5 475c7107924c85b866b566b6dc1ed006 (MATCHES)   /tmp/mr_mutation_run-_sk743c9/w2
real tree untouched: all 62 target files byte-identical to launch (md5); no build ran in /tmp/mr-s10-r3-j6pcxvmv/union-inputs
timing: copy 4.6s + battery 427.6s = 432.2s total, 42 entries over 3 worker(s)
mutations: 42 RED / 0 unusable
  !!!!!!!!!!!!!!!!!!!!!!!!!!!!!!!!!!!!!!!!!!!!!!!!!!!!!!!!!!!!!!!!!!!!!!!!!!!!!!!!!!!!!!!!!!!!!!!!!!!!!!!!!!!!!!!!
  !!  REMINDER — the cross-check pin is STALE: pinned 2950 / 195768, these trees run 2950 / 195770.
  !!  The battery above RAN IN FULL (42 entries) on the derived figure ([[B217]]); re-pin PIN_CASES/PIN_ASSERTS.
  !!!!!!!!!!!!!!!!!!!!!!!!!!!!!!!!!!!!!!!!!!!!!!!!!!!!!!!!!!!!!!!!!!!!!!!!!!!!!!!!!!!!!!!!!!!!!!!!!!!!!!!!!!!!!!!!
