-- target macwait: /tmp/mr-s10-r3-j6pcxvmv/union-inputs/lib/core/mac_wait_windows.h (10 entries)
-- selection: IN FULL (all 10 entries)
-- workers: 3
-- scratch root: /tmp/mr_mutation_run-_qrmoxdx   (removed on exit; MR_MUT_KEEP_SCRATCH=1 to keep)
  [w0] -- target macwait: /tmp/mr_mutation_run-_qrmoxdx/w0/lib/core/mac_wait_windows.h (4 of 10 entries in this shard)
  [w0] -- baseline gate: THIS WORKER'S OWN clean tree must run 0 FAILED; its own counts become this shard's baseline
  [w2] -- target macwait: /tmp/mr_mutation_run-_qrmoxdx/w2/lib/core/mac_wait_windows.h (3 of 10 entries in this shard)
  [w2] -- baseline gate: THIS WORKER'S OWN clean tree must run 0 FAILED; its own counts become this shard's baseline
  [w1] -- target macwait: /tmp/mr_mutation_run-_qrmoxdx/w1/lib/core/mac_wait_windows.h (3 of 10 entries in this shard)
  [w1] -- baseline gate: THIS WORKER'S OWN clean tree must run 0 FAILED; its own counts become this shard's baseline
  [w1]   ok   clean baseline 2950 / 195770 / 0   (DERIVED from this tree)
  [w2]   ok   clean baseline 2950 / 195770 / 0   (DERIVED from this tree)
  [w0]   ok   clean baseline 2950 / 195770 / 0   (DERIVED from this tree)
  [w0]   ok   W01 CTS backoff caps one attempt early -> RED (20 assertion(s) failed, match count 1)
  [w2]   ok   W03 CTS exponential backoff becomes a linear increment -> RED (24 assertion(s) failed, match count 1)
  [w1]   ok   W02 CTS backoff exceeds the existing x4 cap -> RED (4 assertion(s) failed, match count 1)
  [w0]   ok   W04 CTS loses its one-millisecond margin -> RED (30 assertion(s) failed, match count 1)
  [w2]   ok   W06 ACK loses DATA airtime -> RED (17 assertion(s) failed, match count 1)
  [w1]   ok   W05 CTS pays only one of the two turnarounds -> RED (10 assertion(s) failed, match count 1)
  [w0]   ok   W07 ACK loses routing ACK airtime -> RED (16 assertion(s) failed, match count 1)
  [w2]   ok   W09 ACK loses the routing-SF turnaround -> RED (6 assertion(s) failed, match count 1)
  [w2] source restored: md5 00a8c2db8fe5e1523d15e709578b71a9 (MATCHES)
  [w2] shard 2: 3 RED / 0 unusable   (of 3 entries)
  [w1]   ok   W08 ACK loses the DATA-SF turnaround -> RED (7 assertion(s) failed, match count 1)
  [w1] source restored: md5 00a8c2db8fe5e1523d15e709578b71a9 (MATCHES)
  [w1] shard 1: 3 RED / 0 unusable   (of 3 entries)
  [w0]   ok   W10 ACK loses its two-millisecond margin -> RED (21 assertion(s) failed, match count 1)
  [w0] source restored: md5 00a8c2db8fe5e1523d15e709578b71a9 (MATCHES)
  [w0] shard 0: 4 RED / 0 unusable   (of 4 entries)

======================================================================================================================
-- MERGED REPORT — target macwait: /tmp/mr-s10-r3-j6pcxvmv/union-inputs/lib/core/mac_wait_windows.h
  ok   clean baseline 2950 / 195770 / 0   (DERIVED per worker tree; 3 tree(s) agree)
  !!!!!!!!!!!!!!!!!!!!!!!!!!!!!!!!!!!!!!!!!!!!!!!!!!!!!!!!!!!!!!!!!!!!!!!!!!!!!!!!!!!!!!!!!!!!!!!!!!!!!!!!!!!!!!!!
  !!  STALE CROSS-CHECK PIN — the hand-pinned figure is NOT what these clean trees run.
  !!      pinned   2950 / 195768   (PIN_CASES, this file)
  !!      derived  2950 / 195770   <-- THE BATTERY USED THIS
  !!  The battery RAN anyway, IN FULL (all 10 entries): per [[B217]] a stale figure must NEVER zero a run.
  !!  Then re-pin PIN_CASES / PIN_ASSERTS with the derivation (or unset MR_MUT_BASE).
  !!!!!!!!!!!!!!!!!!!!!!!!!!!!!!!!!!!!!!!!!!!!!!!!!!!!!!!!!!!!!!!!!!!!!!!!!!!!!!!!!!!!!!!!!!!!!!!!!!!!!!!!!!!!!!!!
  ok   W01 CTS backoff caps one attempt early -> RED (20 assertion(s) failed, match count 1)
  ok   W02 CTS backoff exceeds the existing x4 cap -> RED (4 assertion(s) failed, match count 1)
  ok   W03 CTS exponential backoff becomes a linear increment -> RED (24 assertion(s) failed, match count 1)
  ok   W04 CTS loses its one-millisecond margin -> RED (30 assertion(s) failed, match count 1)
  ok   W05 CTS pays only one of the two turnarounds -> RED (10 assertion(s) failed, match count 1)
  ok   W06 ACK loses DATA airtime -> RED (17 assertion(s) failed, match count 1)
  ok   W07 ACK loses routing ACK airtime -> RED (16 assertion(s) failed, match count 1)
  ok   W08 ACK loses the DATA-SF turnaround -> RED (7 assertion(s) failed, match count 1)
  ok   W09 ACK loses the routing-SF turnaround -> RED (6 assertion(s) failed, match count 1)
  ok   W10 ACK loses its two-millisecond margin -> RED (21 assertion(s) failed, match count 1)
  worker 0: 4/4 entries, 4 RED / 0 worthless, wall 55.2s, rc 0, source restored: md5 00a8c2db8fe5e1523d15e709578b71a9 (MATCHES)   /tmp/mr_mutation_run-_qrmoxdx/w0
  worker 1: 3/3 entries, 3 RED / 0 worthless, wall 48.2s, rc 0, source restored: md5 00a8c2db8fe5e1523d15e709578b71a9 (MATCHES)   /tmp/mr_mutation_run-_qrmoxdx/w1
  worker 2: 3/3 entries, 3 RED / 0 worthless, wall 47.7s, rc 0, source restored: md5 00a8c2db8fe5e1523d15e709578b71a9 (MATCHES)   /tmp/mr_mutation_run-_qrmoxdx/w2
real tree untouched: all 62 target files byte-identical to launch (md5); no build ran in /tmp/mr-s10-r3-j6pcxvmv/union-inputs
timing: copy 9.0s + battery 55.3s = 64.3s total, 10 entries over 3 worker(s)
mutations: 10 RED / 0 unusable
  !!!!!!!!!!!!!!!!!!!!!!!!!!!!!!!!!!!!!!!!!!!!!!!!!!!!!!!!!!!!!!!!!!!!!!!!!!!!!!!!!!!!!!!!!!!!!!!!!!!!!!!!!!!!!!!!
  !!  REMINDER — the cross-check pin is STALE: pinned 2950 / 195768, these trees run 2950 / 195770.
  !!  The battery above RAN IN FULL (10 entries) on the derived figure ([[B217]]); re-pin PIN_CASES/PIN_ASSERTS.
  !!!!!!!!!!!!!!!!!!!!!!!!!!!!!!!!!!!!!!!!!!!!!!!!!!!!!!!!!!!!!!!!!!!!!!!!!!!!!!!!!!!!!!!!!!!!!!!!!!!!!!!!!!!!!!!!
