-- target radmin2codec: /tmp/mr-s10-r3-j6pcxvmv/union-inputs/lib/core/remote_codec.cpp (105 entries)
-- selection: IN FULL (all 105 entries)
-- workers: 3
-- scratch root: /tmp/mr_mutation_run-uscvxi7v   (removed on exit; MR_MUT_KEEP_SCRATCH=1 to keep)
  [w2] -- target radmin2codec: /tmp/mr_mutation_run-uscvxi7v/w2/lib/core/remote_codec.cpp (35 of 105 entries in this shard)
  [w2] -- baseline gate: THIS WORKER'S OWN clean tree must run 0 FAILED; its own counts become this shard's baseline
  [w0] -- target radmin2codec: /tmp/mr_mutation_run-uscvxi7v/w0/lib/core/remote_codec.cpp (35 of 105 entries in this shard)
  [w0] -- baseline gate: THIS WORKER'S OWN clean tree must run 0 FAILED; its own counts become this shard's baseline
  [w1] -- target radmin2codec: /tmp/mr_mutation_run-uscvxi7v/w1/lib/core/remote_codec.cpp (35 of 105 entries in this shard)
  [w1] -- baseline gate: THIS WORKER'S OWN clean tree must run 0 FAILED; its own counts become this shard's baseline
  [w2]   ok   clean baseline 2950 / 195770 / 0   (DERIVED from this tree)
  [w1]   ok   clean baseline 2950 / 195770 / 0   (DERIVED from this tree)
  [w0]   ok   clean baseline 2950 / 195770 / 0   (DERIVED from this tree)
  [w2]   ok   R03 ★★ the base KDF drops the SHARED POINT and derives a key from two public keys alone -> RED (15 assertion(s) failed, match count 1)
  [w1]   ok   R02 ★★ the base KDF label loses its version tag (same length, so every static_assert still holds) — remote-admin v1 and v2 would derive the same key from the same inputs -> RED (14 assertion(s) failed, match count 1)
  [w0]   ok   R01 ★★★ the base KDF binds the two full public keys in the WRONG ROLE ORDER, so a controller and its target derive the same key from either end — the DM sorted-hash habit imported into a protocol whose two endpoints are NOT interchangeable -> RED (14 assertion(s) failed, match count 1)
  [w2]   ok   R06 ★★ the base key is truncated from the WRONG END of the 64-byte digest — still 32 bytes, still self-consistent, and not the spec's [:32] -> RED (14 assertion(s) failed, match count 1)
  [w1]   ok   R05 ★★ the session KDF writes the epoch BIG-endian — the wrong-endian defect at a key boundary, invisible to any round-trip -> RED (11 assertion(s) failed, match count 1)
  [w0]   ok   R04 ★★★ the session KDF drops the epoch, so a rollover does not change the session key — the whole point of the epoch -> RED (15 assertion(s) failed, match count 1)
  [w2]   ok   R09 ★★★ the nonce drops the DIRECTION byte, so a request and a response with the same opcode nibble and request id collide under one key -> RED (8 assertion(s) failed, match count 1)
  [w1]   ok   R08 ★★★ the ECDH boundary stops rejecting a degenerate result, so every low-order peer point yields a key both sides agree on and an attacker knows -> RED (3 assertion(s) failed, match count 1)
  [w0]   ok   R07 ★★★ the ALL-ZERO shared point is accepted and turned into a key — exactly what the existing void `ecdh_shared` would hand over unchecked -> RED (33 assertion(s) failed, match count 1)
  [w2]   ok   R12 ★★★ the nonce drops the stable controller SOURCE_HASH — two controllers deliberately sharing one credential lose their pre-encryption nonce separation (design §9) -> RED (8 assertion(s) failed, match count 1)
  [w1]   ok   R11 ★★ the nonce drops the RESPONSE SEQUENCE, so two frames of one transcript reuse a nonce under the same session key -> RED (8 assertion(s) failed, match count 1)
  [w0]   ok   R10 ★★★ the nonce drops the CONTROL BYTE, so every opcode and every ACL slot share one nonce domain at a given request id -> RED (8 assertion(s) failed, match count 1)
  [w2]   ok   R15 ★★ the nonce is truncated from the wrong end of the digest -> RED (8 assertion(s) failed, match count 1)
  [w1]   ok   R14 ★★ NO domain gets the epoch in its nonce, so a replayed bootstrap after a rollover reuses the old response nonce -> RED (21 assertion(s) failed, match count 1)
  [w0]   ok   R13 ★★★ EVERY domain gets the epoch in its nonce — including the bootstrap REQUEST, whose controller does not yet know one (§8.1) -> RED (71 assertion(s) failed, match count 1)
  [w2]   ok   R18 ★★ one byte of the nonce LABEL changes (same length, so every static_assert still holds) — the derivation drifts out of its frozen domain without any structural sign -> RED (8 assertion(s) failed, match count 1)
  [w1]   ok   R17 ★★ the ABSENT-SOURCE fallback comes back: a message with no captured controller source is derived against whatever number the field happens to hold -> RED (1 assertion(s) failed, match count 1)
  [w0]   ok   R16 ★★★ an OPEN domain is handed a nonce, so an unauthenticated envelope could join an authenticated inequality claim as a fake zero-nonce member -> RED (4 assertion(s) failed, match count 1)
  [w2]   ok   R21 ★★ the AAD length stops covering the source hash — the bytes are written and then not authenticated, which is the shape that looks right in a hex dump -> RED (9 assertion(s) failed, match count 1)
  [w1]   ok   R20 ★★★ the AAD drops the controller SOURCE_HASH, so the return identity is no longer bound and a relay could rewrite it without breaking the tag -> RED (8 assertion(s) failed, match count 1)
  [w0]   ok   R19 ★★★ the AAD drops the DIRECTION byte, so a sealed request body would authenticate as a response body -> RED (9 assertion(s) failed, match count 1)
  [w2]   ok   R24 ★★ the rollover result writes its abandoned count BEFORE the epoch — the field order of §8.6 reversed -> RED (60 assertion(s) failed, match count 1)
  [w1]   ok   R23 ★★ the clear header puts the request id BEFORE the control byte -> RED (374 assertion(s) failed, match count 1)
  [w0]   ok   R22 ★★★ the request id is written BIG-endian in the clear header — wrong on the wire and wrong in the AAD, and a round-trip never notices -> RED (349 assertion(s) failed, match count 1)
  [w2]   ok   R27 ★★★ the RESERVED slot nibbles A..E stop being refused as a class -> RED (345 assertion(s) failed, match count 1)
  [w1]   ok   R26 ★★★ the outer DATA type is not validated, so a FOREIGN typed frame's first body byte is read as a remote `ctl` -> RED (18 assertion(s) failed, match count 1)
  [w0]   ok   R25 ★★ a bootstrap request may be built without its 32-byte controller key, or any other layout with one — the header/AAD field set stops being checked -> RED (2 assertion(s) failed, match count 1)
  [w0]   ok   R28 ★★ a RESERVED REMOTE_CMD opcode (0x6..0xF) is admitted instead of refused -> RED (110 assertion(s) failed, match count 1)
  [w2]   ok   R30 ★★★ an AUTHENTICATED EXECUTE is accepted on the sentinel slot — open becomes a fake ACL slot, which §8.1 forbids by name -> RED (2 assertion(s) failed, match count 1)
  [w1]   ok   R29 ★★ a RESERVED REMOTE_RESP opcode (0x5..0xF) is admitted instead of refused -> RED (110 assertion(s) failed, match count 1)
  [w0]   ok   R31 ★★★ a BOOTSTRAP REQUEST is accepted on an established slot, i.e. on a row the controller cannot yet know -> RED (20 assertion(s) failed, match count 1)
  [w1]   ok   R32 ★★ a BOOTSTRAP RESPONSE is accepted on the sentinel, so it stops carrying the actual matched slot -> RED (2 assertion(s) failed, match count 1)
  [w2]   ok   R33 ★★★ the OPEN protocol error acquires the AUTHENTICATED `already_acknowledged` result namespace — an unauthenticated envelope gaining an authenticated meaning -> RED (260 assertion(s) failed, match count 1)
  [w1]   ok   R35 ★★ a VARIABLE layout stops checking that its fixed fields are even present -> RED (1 assertion(s) failed, match count 1)
  [w2]   ok   R36 ★★ a FIXED layout is allowed to carry an application payload -> RED (3 assertion(s) failed, match count 1)
  [w0]   ok   R34 ★★★ a FIXED layout accepts a trailing byte (the exact-length rule becomes a minimum) -> RED (11 assertion(s) failed, match count 1)
  [w1]   ok   R38 ★★ ENCODE admission is off by one: a body EXACTLY at the carrier's cap is refused -> RED (213 assertion(s) failed, match count 1)
  [w0]   ok   R37 ★★★ ENCODE admission is skipped: an oversize body is built and handed on rather than refused -> RED (7 assertion(s) failed, match count 1)
  [w2]   ok   R39 ★★★ DECODE admission is skipped, so an oversize body's size check hides behind a tag that happens to verify -> RED (2 assertion(s) failed, match count 1)
  [w2]   ok   R42 ★★ the origin byte is forgotten in the capacity derivation -> RED (310 assertion(s) failed, match count 1)
  [w0]   ok   R40 ★★★ [[R-RA-28]] REVERSED: the four DST_HASH bytes are reclaimed on a leg that does not transmit them — the optional-for-size decision the ruling exists to forbid -> RED (11 assertion(s) failed, match count 1)
  [w1]   ok   R41 ★★ the mandatory SOURCE_HASH reservation is dropped from the capacity derivation -> RED (312 assertion(s) failed, match count 1)
  [w2]   ok   R45 ★★ the typed wrapper's enclosed-TYPE byte is free -> RED (15 assertion(s) failed, match count 1)
  [w1]   ok   R44 ★★★ the STORAGE bound is ignored and AIR always governs, so a plaintext carrier is told it may fill 233 inner bytes the 241-byte TxItem buffer cannot hold alongside its fields -> RED (310 assertion(s) failed, match count 1)
  [w0]   ok   R43 ★★★ the AIR-fit bound is ignored and STORAGE always governs — [[B20]]'s conflation at a new authority (the outer-CRYPTED shape then reads 232 instead of 229) -> RED (2 assertion(s) failed, match count 1)
  [w2]   ok   R48 ★★ the path cursor stops being validated against the depth (`pack_unicast_inner` refuses what this would admit) -> RED (2 assertion(s) failed, match count 1)
  [w1]   ok   R47 ★★★ [[B309]]: the typed wrapper is given the FULL path's depth limit, so destination depth 4 is admitted as a 225-byte carrier the home could never re-originate -> RED (10 assertion(s) failed, match count 1)
  [w2]   ok   R51 ★★ a same-layer descriptor is allowed to carry a path block that its flags would never emit -> RED (1 assertion(s) failed, match count 1)
  [w1]   ok   R50 ★★ `pack_data`'s structural rule is dropped: outer CRYPTED with no DST_HASH is reported as a carrier with a lower cap instead of no carrier at all -> RED (1 assertion(s) failed, match count 1)
  [w2]   ok   R54 ★★★ the DECODE key selector collapses to the session key -> RED (255 assertion(s) failed, match count 1)
  [w1]   ok   R53 ★★★ the ENCODE key selector collapses to the session key, so a bootstrap is sealed under a key the target cannot have yet -> RED (226 assertion(s) failed, match count 1)
  [w2]   ok   R57 ★★ an OPEN body is published as AUTHENTICATED — a success that isn't -> RED (284 assertion(s) failed, match count 1)
  [w1]   ok   R56 ★★★ a FAILED authenticated open FALLS BACK to the open decoder — the exact behaviour §8.1 forbids by name -> RED (463 assertion(s) failed, match count 1)
  [w2]   ok   R60 ★★ an UNALLOCATED terminal code (0x09..0xFF) is decoded as a known meaning -> RED (510 assertion(s) failed, match count 1)
  [w1]   ok   R59 ★★★ the typed DOMAIN is lost: a protocol-error body decodes as a TERMINAL result, so 0x00 reads as `completed` instead of `already_acknowledged` -> RED (7 assertion(s) failed, match count 1)
  [w2]   ok   R63 ★★★ [[B312]] VERBATIM: the entropy provider's status is IGNORED, so a failed or partial draw becomes a usable request id -> RED (11 assertion(s) failed, match count 1)
  [w1]   ok   R62 ★★ the bounded terminal DETAIL bytes are dropped rather than preserved exactly -> RED (17 assertion(s) failed, match count 1)
  [w0]   ok   R46 ★★ the cross-layer path forgets its two count bytes and charges only the layer ids -> RED (30083 assertion(s) failed, match count 1)
  [w2]   ok   R66 ★★★ the request id is silently NARROWED to 32 bits — R-RA-5's rejected width, and the birthday bound moves from 2^-33 to about 0.5 -> RED (4 assertion(s) failed, match count 1)
  [w1]   ok   R65 ★★ the request id is composed BIG-endian from the drawn bytes -> RED (7 assertion(s) failed, match count 1)
  [w0]   ok   R49 ★★ [[R-RA-13]] reversed: a carrier without SOURCE_HASH is admitted -> RED (5 assertion(s) failed, match count 1)
  [w2]   ok   A01 R-RA-36 domain absent -> RED (2805 assertion(s) failed, match count 1)
  [w1]   ok   R68 R-RA-37 action_busy is misreported as session_busy -> RED (22 assertion(s) failed, match count 1)
  [w0]   ok   R52 ★★ `addr_len` beyond the mobile last mile is admitted (`pack_data` refuses it) -> RED (1 assertion(s) failed, match count 1)
  [w2]   ok   A04 R-RA-36 notice variable body -> RED (53 assertion(s) failed, match count 1)
  [w0]   ok   R55 ★★★ the AEAD verdict is IGNORED: a body with a broken tag publishes its plaintext -> RED (473 assertion(s) failed, match count 1)
  [w1]   ok   A03 R-RA-36 notice selects base key -> RED (3850 assertion(s) failed, match count 1)
  [w0]   ok   R58 ★★★ the two result namespaces COLLAPSE: the authenticated protocol error accepts the whole terminal namespace, so 0x01..0x08 stop rejecting -> RED (20 assertion(s) failed, match count 1)
  [w2]   ok   A07 R-RA-36 nonce omits w.u8(msg.request_ctl); -> RED (3753 assertion(s) failed, match count 1)
  [w1]   ok   A06 R-RA-36 wrong fixed overhead -> RED (3877 assertion(s) failed, match count 1)
  [w0]   ok   R61 ★★ a TERMINAL body with NO result code defaults to `completed` instead of refusing -> RED (6 assertion(s) failed, match count 1)
  [w2]   ok   A10 R-RA-36 nonce reorders suffix -> RED (3721 assertion(s) failed, match count 1)
  [w0]   ok   R64 ★★★ an ABSENT provider silently yields the reserved id zero instead of refusing -> RED (2 assertion(s) failed, match count 1)
  [w1]   ok   A09 R-RA-36 nonce omits w.u8(msg.admission_detail); -> RED (3754 assertion(s) failed, match count 1)
  [w0]   ok   R67 R-RA-37 decoder retains the old terminal ceiling 07 (must compile and reject positive 08) -> RED (92 assertion(s) failed, match count 1)
  [w2]   ok   A13 R-RA-36 AAD clear byte 0 zeroed -> RED (3752 assertion(s) failed, match count 1)
  [w1]   ok   A12 R-RA-36 header field order reversed -> RED (3821 assertion(s) failed, match count 1)
  [w2]   ok   A16 R-RA-36 AAD clear byte 10 zeroed -> RED (2278 assertion(s) failed, match count 1)
  [w0]   ok   A02 R-RA-36 notice is open -> RED (4145 assertion(s) failed, match count 1)
  [w1]   ok   A15 R-RA-36 AAD clear byte 9 zeroed -> RED (3722 assertion(s) failed, match count 1)
  [w2]   ok   A19 R-RA-36 unused detail admitted -> RED (4080 assertion(s) failed, match count 1)
  [w0]   ok   A05 R-RA-36 wrong response opcode -> RED (2828 assertion(s) failed, match count 1)
  [w1]   ok   A18 R-RA-36 busy zero admitted -> RED (4 assertion(s) failed, match count 1)
  [w2]   ok   A22 R-RA-36 mismatched slot admitted -> RED (600 assertion(s) failed, match count 1)
  [w1]   ok   A21 R-RA-36 unsupported request admitted -> RED (284 assertion(s) failed, match count 1)
  [w0]   ok   A08 R-RA-36 nonce omits w.u8(static_cast<uint8_t>(msg.admission_code)); -> RED (3753 assertion(s) failed, match count 1)
  [w2]   ok   A25 R-RA-36 typed notice becomes protocol error -> RED (87 assertion(s) failed, match count 1)
  [w1]   ok   A24 R-RA-36 typed notice becomes terminal -> RED (90 assertion(s) failed, match count 1)
  [w0]   ok   A11 R-RA-36 old preimage contaminated -> RED (287 assertion(s) failed, match count 1)
  [w2]   ok   A28 R-RA-36 fixed encode carrier bypass -> RED (2 assertion(s) failed, match count 1)
  [w1]   ok   A27 R-RA-36 fixed receive carrier bypass -> RED (2 assertion(s) failed, match count 1)
  [w0]   ok   A14 R-RA-36 AAD clear byte 1 zeroed -> RED (3728 assertion(s) failed, match count 1)
  [w1]   ok   A30 R-RA-36 semantic failure publishes parsed header -> RED (1718 assertion(s) failed, match count 1)
  [w0]   ok   A17 R-RA-36 AAD clear byte 11 zeroed -> RED (2118 assertion(s) failed, match count 1)
  [w1]   ok   A33 R-RA-36 clear detail becomes payload view -> RED (25 assertion(s) failed, match count 1)
  [w2]   ok   A31 R-RA-36 decode semantic check bypassed -> RED (6872 assertion(s) failed, match count 1)
  [w0]   ok   A20 R-RA-36 unsupported code admitted -> RED (1004 assertion(s) failed, match count 1)
  [w1]   ok   A36 R-RA-36 detail field not decoded -> RED (2123 assertion(s) failed, match count 1)
  [w1] source restored: md5 7f0e241fca89e75d96a323ff6a4f9f71 (MATCHES)
  [w1] shard 1: 35 RED / 0 unusable   (of 35 entries)
  [w2]   ok   A34 R-RA-36 unused sequence contaminates nonce -> RED (2 assertion(s) failed, match count 1)
  [w0]   ok   A23 R-RA-36 busy codec invents max four -> RED (18 assertion(s) failed, match count 1)
  [w2]   ok   A37 R-RA-36 notice sentinel admitted -> RED (3 assertion(s) failed, match count 1)
  [w2] source restored: md5 7f0e241fca89e75d96a323ff6a4f9f71 (MATCHES)
  [w2] shard 2: 35 RED / 0 unusable   (of 35 entries)
  [w0]   ok   A26 R-RA-36 fixed trailing byte accepted -> RED (32 assertion(s) failed, match count 1)
  [w0]   ok   A29 R-RA-36 bad tag publishes parsed header -> RED (30 assertion(s) failed, match count 1)
  [w0]   ok   A32 R-RA-36 encode semantic check bypassed -> RED (3436 assertion(s) failed, match count 1)
  [w0]   ok   A35 R-RA-36 request field not decoded -> RED (3707 assertion(s) failed, match count 1)
  [w0] source restored: md5 7f0e241fca89e75d96a323ff6a4f9f71 (MATCHES)
  [w0] shard 0: 35 RED / 0 unusable   (of 35 entries)

======================================================================================================================
-- MERGED REPORT — target radmin2codec: /tmp/mr-s10-r3-j6pcxvmv/union-inputs/lib/core/remote_codec.cpp
  ok   clean baseline 2950 / 195770 / 0   (DERIVED per worker tree; 3 tree(s) agree)
  !!!!!!!!!!!!!!!!!!!!!!!!!!!!!!!!!!!!!!!!!!!!!!!!!!!!!!!!!!!!!!!!!!!!!!!!!!!!!!!!!!!!!!!!!!!!!!!!!!!!!!!!!!!!!!!!
  !!  STALE CROSS-CHECK PIN — the hand-pinned figure is NOT what these clean trees run.
  !!      pinned   2950 / 195768   (PIN_CASES, this file)
  !!      derived  2950 / 195770   <-- THE BATTERY USED THIS
  !!  The battery RAN anyway, IN FULL (all 105 entries): per [[B217]] a stale figure must NEVER zero a run.
  !!  Then re-pin PIN_CASES / PIN_ASSERTS with the derivation (or unset MR_MUT_BASE).
  !!!!!!!!!!!!!!!!!!!!!!!!!!!!!!!!!!!!!!!!!!!!!!!!!!!!!!!!!!!!!!!!!!!!!!!!!!!!!!!!!!!!!!!!!!!!!!!!!!!!!!!!!!!!!!!!
  ok   R01 ★★★ the base KDF binds the two full public keys in the WRONG ROLE ORDER, so a controller and its target derive the same key from either end — the DM sorted-hash habit imported into a protocol whose two endpoints are NOT interchangeable -> RED (14 assertion(s) failed, match count 1)
  ok   R02 ★★ the base KDF label loses its version tag (same length, so every static_assert still holds) — remote-admin v1 and v2 would derive the same key from the same inputs -> RED (14 assertion(s) failed, match count 1)
  ok   R03 ★★ the base KDF drops the SHARED POINT and derives a key from two public keys alone -> RED (15 assertion(s) failed, match count 1)
  ok   R04 ★★★ the session KDF drops the epoch, so a rollover does not change the session key — the whole point of the epoch -> RED (15 assertion(s) failed, match count 1)
  ok   R05 ★★ the session KDF writes the epoch BIG-endian — the wrong-endian defect at a key boundary, invisible to any round-trip -> RED (11 assertion(s) failed, match count 1)
  ok   R06 ★★ the base key is truncated from the WRONG END of the 64-byte digest — still 32 bytes, still self-consistent, and not the spec's [:32] -> RED (14 assertion(s) failed, match count 1)
  ok   R07 ★★★ the ALL-ZERO shared point is accepted and turned into a key — exactly what the existing void `ecdh_shared` would hand over unchecked -> RED (33 assertion(s) failed, match count 1)
  ok   R08 ★★★ the ECDH boundary stops rejecting a degenerate result, so every low-order peer point yields a key both sides agree on and an attacker knows -> RED (3 assertion(s) failed, match count 1)
  ok   R09 ★★★ the nonce drops the DIRECTION byte, so a request and a response with the same opcode nibble and request id collide under one key -> RED (8 assertion(s) failed, match count 1)
  ok   R10 ★★★ the nonce drops the CONTROL BYTE, so every opcode and every ACL slot share one nonce domain at a given request id -> RED (8 assertion(s) failed, match count 1)
  ok   R11 ★★ the nonce drops the RESPONSE SEQUENCE, so two frames of one transcript reuse a nonce under the same session key -> RED (8 assertion(s) failed, match count 1)
  ok   R12 ★★★ the nonce drops the stable controller SOURCE_HASH — two controllers deliberately sharing one credential lose their pre-encryption nonce separation (design §9) -> RED (8 assertion(s) failed, match count 1)
  ok   R13 ★★★ EVERY domain gets the epoch in its nonce — including the bootstrap REQUEST, whose controller does not yet know one (§8.1) -> RED (71 assertion(s) failed, match count 1)
  ok   R14 ★★ NO domain gets the epoch in its nonce, so a replayed bootstrap after a rollover reuses the old response nonce -> RED (21 assertion(s) failed, match count 1)
  ok   R15 ★★ the nonce is truncated from the wrong end of the digest -> RED (8 assertion(s) failed, match count 1)
  ok   R16 ★★★ an OPEN domain is handed a nonce, so an unauthenticated envelope could join an authenticated inequality claim as a fake zero-nonce member -> RED (4 assertion(s) failed, match count 1)
  ok   R17 ★★ the ABSENT-SOURCE fallback comes back: a message with no captured controller source is derived against whatever number the field happens to hold -> RED (1 assertion(s) failed, match count 1)
  ok   R18 ★★ one byte of the nonce LABEL changes (same length, so every static_assert still holds) — the derivation drifts out of its frozen domain without any structural sign -> RED (8 assertion(s) failed, match count 1)
  ok   R19 ★★★ the AAD drops the DIRECTION byte, so a sealed request body would authenticate as a response body -> RED (9 assertion(s) failed, match count 1)
  ok   R20 ★★★ the AAD drops the controller SOURCE_HASH, so the return identity is no longer bound and a relay could rewrite it without breaking the tag -> RED (8 assertion(s) failed, match count 1)
  ok   R21 ★★ the AAD length stops covering the source hash — the bytes are written and then not authenticated, which is the shape that looks right in a hex dump -> RED (9 assertion(s) failed, match count 1)
  ok   R22 ★★★ the request id is written BIG-endian in the clear header — wrong on the wire and wrong in the AAD, and a round-trip never notices -> RED (349 assertion(s) failed, match count 1)
  ok   R23 ★★ the clear header puts the request id BEFORE the control byte -> RED (374 assertion(s) failed, match count 1)
  ok   R24 ★★ the rollover result writes its abandoned count BEFORE the epoch — the field order of §8.6 reversed -> RED (60 assertion(s) failed, match count 1)
  ok   R25 ★★ a bootstrap request may be built without its 32-byte controller key, or any other layout with one — the header/AAD field set stops being checked -> RED (2 assertion(s) failed, match count 1)
  ok   R26 ★★★ the outer DATA type is not validated, so a FOREIGN typed frame's first body byte is read as a remote `ctl` -> RED (18 assertion(s) failed, match count 1)
  ok   R27 ★★★ the RESERVED slot nibbles A..E stop being refused as a class -> RED (345 assertion(s) failed, match count 1)
  ok   R28 ★★ a RESERVED REMOTE_CMD opcode (0x6..0xF) is admitted instead of refused -> RED (110 assertion(s) failed, match count 1)
  ok   R29 ★★ a RESERVED REMOTE_RESP opcode (0x5..0xF) is admitted instead of refused -> RED (110 assertion(s) failed, match count 1)
  ok   R30 ★★★ an AUTHENTICATED EXECUTE is accepted on the sentinel slot — open becomes a fake ACL slot, which §8.1 forbids by name -> RED (2 assertion(s) failed, match count 1)
  ok   R31 ★★★ a BOOTSTRAP REQUEST is accepted on an established slot, i.e. on a row the controller cannot yet know -> RED (20 assertion(s) failed, match count 1)
  ok   R32 ★★ a BOOTSTRAP RESPONSE is accepted on the sentinel, so it stops carrying the actual matched slot -> RED (2 assertion(s) failed, match count 1)
  ok   R33 ★★★ the OPEN protocol error acquires the AUTHENTICATED `already_acknowledged` result namespace — an unauthenticated envelope gaining an authenticated meaning -> RED (260 assertion(s) failed, match count 1)
  ok   R34 ★★★ a FIXED layout accepts a trailing byte (the exact-length rule becomes a minimum) -> RED (11 assertion(s) failed, match count 1)
  ok   R35 ★★ a VARIABLE layout stops checking that its fixed fields are even present -> RED (1 assertion(s) failed, match count 1)
  ok   R36 ★★ a FIXED layout is allowed to carry an application payload -> RED (3 assertion(s) failed, match count 1)
  ok   R37 ★★★ ENCODE admission is skipped: an oversize body is built and handed on rather than refused -> RED (7 assertion(s) failed, match count 1)
  ok   R38 ★★ ENCODE admission is off by one: a body EXACTLY at the carrier's cap is refused -> RED (213 assertion(s) failed, match count 1)
  ok   R39 ★★★ DECODE admission is skipped, so an oversize body's size check hides behind a tag that happens to verify -> RED (2 assertion(s) failed, match count 1)
  ok   R40 ★★★ [[R-RA-28]] REVERSED: the four DST_HASH bytes are reclaimed on a leg that does not transmit them — the optional-for-size decision the ruling exists to forbid -> RED (11 assertion(s) failed, match count 1)
  ok   R41 ★★ the mandatory SOURCE_HASH reservation is dropped from the capacity derivation -> RED (312 assertion(s) failed, match count 1)
  ok   R42 ★★ the origin byte is forgotten in the capacity derivation -> RED (310 assertion(s) failed, match count 1)
  ok   R43 ★★★ the AIR-fit bound is ignored and STORAGE always governs — [[B20]]'s conflation at a new authority (the outer-CRYPTED shape then reads 232 instead of 229) -> RED (2 assertion(s) failed, match count 1)
  ok   R44 ★★★ the STORAGE bound is ignored and AIR always governs, so a plaintext carrier is told it may fill 233 inner bytes the 241-byte TxItem buffer cannot hold alongside its fields -> RED (310 assertion(s) failed, match count 1)
  ok   R45 ★★ the typed wrapper's enclosed-TYPE byte is free -> RED (15 assertion(s) failed, match count 1)
  ok   R46 ★★ the cross-layer path forgets its two count bytes and charges only the layer ids -> RED (30083 assertion(s) failed, match count 1)
  ok   R47 ★★★ [[B309]]: the typed wrapper is given the FULL path's depth limit, so destination depth 4 is admitted as a 225-byte carrier the home could never re-originate -> RED (10 assertion(s) failed, match count 1)
  ok   R48 ★★ the path cursor stops being validated against the depth (`pack_unicast_inner` refuses what this would admit) -> RED (2 assertion(s) failed, match count 1)
  ok   R49 ★★ [[R-RA-13]] reversed: a carrier without SOURCE_HASH is admitted -> RED (5 assertion(s) failed, match count 1)
  ok   R50 ★★ `pack_data`'s structural rule is dropped: outer CRYPTED with no DST_HASH is reported as a carrier with a lower cap instead of no carrier at all -> RED (1 assertion(s) failed, match count 1)
  ok   R51 ★★ a same-layer descriptor is allowed to carry a path block that its flags would never emit -> RED (1 assertion(s) failed, match count 1)
  ok   R52 ★★ `addr_len` beyond the mobile last mile is admitted (`pack_data` refuses it) -> RED (1 assertion(s) failed, match count 1)
  ok   R53 ★★★ the ENCODE key selector collapses to the session key, so a bootstrap is sealed under a key the target cannot have yet -> RED (226 assertion(s) failed, match count 1)
  ok   R54 ★★★ the DECODE key selector collapses to the session key -> RED (255 assertion(s) failed, match count 1)
  ok   R55 ★★★ the AEAD verdict is IGNORED: a body with a broken tag publishes its plaintext -> RED (473 assertion(s) failed, match count 1)
  ok   R56 ★★★ a FAILED authenticated open FALLS BACK to the open decoder — the exact behaviour §8.1 forbids by name -> RED (463 assertion(s) failed, match count 1)
  ok   R57 ★★ an OPEN body is published as AUTHENTICATED — a success that isn't -> RED (284 assertion(s) failed, match count 1)
  ok   R58 ★★★ the two result namespaces COLLAPSE: the authenticated protocol error accepts the whole terminal namespace, so 0x01..0x08 stop rejecting -> RED (20 assertion(s) failed, match count 1)
  ok   R59 ★★★ the typed DOMAIN is lost: a protocol-error body decodes as a TERMINAL result, so 0x00 reads as `completed` instead of `already_acknowledged` -> RED (7 assertion(s) failed, match count 1)
  ok   R60 ★★ an UNALLOCATED terminal code (0x09..0xFF) is decoded as a known meaning -> RED (510 assertion(s) failed, match count 1)
  ok   R61 ★★ a TERMINAL body with NO result code defaults to `completed` instead of refusing -> RED (6 assertion(s) failed, match count 1)
  ok   R62 ★★ the bounded terminal DETAIL bytes are dropped rather than preserved exactly -> RED (17 assertion(s) failed, match count 1)
  ok   R63 ★★★ [[B312]] VERBATIM: the entropy provider's status is IGNORED, so a failed or partial draw becomes a usable request id -> RED (11 assertion(s) failed, match count 1)
  ok   R64 ★★★ an ABSENT provider silently yields the reserved id zero instead of refusing -> RED (2 assertion(s) failed, match count 1)
  ok   R65 ★★ the request id is composed BIG-endian from the drawn bytes -> RED (7 assertion(s) failed, match count 1)
  ok   R66 ★★★ the request id is silently NARROWED to 32 bits — R-RA-5's rejected width, and the birthday bound moves from 2^-33 to about 0.5 -> RED (4 assertion(s) failed, match count 1)
  ok   R67 R-RA-37 decoder retains the old terminal ceiling 07 (must compile and reject positive 08) -> RED (92 assertion(s) failed, match count 1)
  ok   R68 R-RA-37 action_busy is misreported as session_busy -> RED (22 assertion(s) failed, match count 1)
  ok   A01 R-RA-36 domain absent -> RED (2805 assertion(s) failed, match count 1)
  ok   A02 R-RA-36 notice is open -> RED (4145 assertion(s) failed, match count 1)
  ok   A03 R-RA-36 notice selects base key -> RED (3850 assertion(s) failed, match count 1)
  ok   A04 R-RA-36 notice variable body -> RED (53 assertion(s) failed, match count 1)
  ok   A05 R-RA-36 wrong response opcode -> RED (2828 assertion(s) failed, match count 1)
  ok   A06 R-RA-36 wrong fixed overhead -> RED (3877 assertion(s) failed, match count 1)
  ok   A07 R-RA-36 nonce omits w.u8(msg.request_ctl); -> RED (3753 assertion(s) failed, match count 1)
  ok   A08 R-RA-36 nonce omits w.u8(static_cast<uint8_t>(msg.admission_code)); -> RED (3753 assertion(s) failed, match count 1)
  ok   A09 R-RA-36 nonce omits w.u8(msg.admission_detail); -> RED (3754 assertion(s) failed, match count 1)
  ok   A10 R-RA-36 nonce reorders suffix -> RED (3721 assertion(s) failed, match count 1)
  ok   A11 R-RA-36 old preimage contaminated -> RED (287 assertion(s) failed, match count 1)
  ok   A12 R-RA-36 header field order reversed -> RED (3821 assertion(s) failed, match count 1)
  ok   A13 R-RA-36 AAD clear byte 0 zeroed -> RED (3752 assertion(s) failed, match count 1)
  ok   A14 R-RA-36 AAD clear byte 1 zeroed -> RED (3728 assertion(s) failed, match count 1)
  ok   A15 R-RA-36 AAD clear byte 9 zeroed -> RED (3722 assertion(s) failed, match count 1)
  ok   A16 R-RA-36 AAD clear byte 10 zeroed -> RED (2278 assertion(s) failed, match count 1)
  ok   A17 R-RA-36 AAD clear byte 11 zeroed -> RED (2118 assertion(s) failed, match count 1)
  ok   A18 R-RA-36 busy zero admitted -> RED (4 assertion(s) failed, match count 1)
  ok   A19 R-RA-36 unused detail admitted -> RED (4080 assertion(s) failed, match count 1)
  ok   A20 R-RA-36 unsupported code admitted -> RED (1004 assertion(s) failed, match count 1)
  ok   A21 R-RA-36 unsupported request admitted -> RED (284 assertion(s) failed, match count 1)
  ok   A22 R-RA-36 mismatched slot admitted -> RED (600 assertion(s) failed, match count 1)
  ok   A23 R-RA-36 busy codec invents max four -> RED (18 assertion(s) failed, match count 1)
  ok   A24 R-RA-36 typed notice becomes terminal -> RED (90 assertion(s) failed, match count 1)
  ok   A25 R-RA-36 typed notice becomes protocol error -> RED (87 assertion(s) failed, match count 1)
  ok   A26 R-RA-36 fixed trailing byte accepted -> RED (32 assertion(s) failed, match count 1)
  ok   A27 R-RA-36 fixed receive carrier bypass -> RED (2 assertion(s) failed, match count 1)
  ok   A28 R-RA-36 fixed encode carrier bypass -> RED (2 assertion(s) failed, match count 1)
  ok   A29 R-RA-36 bad tag publishes parsed header -> RED (30 assertion(s) failed, match count 1)
  ok   A30 R-RA-36 semantic failure publishes parsed header -> RED (1718 assertion(s) failed, match count 1)
  ok   A31 R-RA-36 decode semantic check bypassed -> RED (6872 assertion(s) failed, match count 1)
  ok   A32 R-RA-36 encode semantic check bypassed -> RED (3436 assertion(s) failed, match count 1)
  ok   A33 R-RA-36 clear detail becomes payload view -> RED (25 assertion(s) failed, match count 1)
  ok   A34 R-RA-36 unused sequence contaminates nonce -> RED (2 assertion(s) failed, match count 1)
  ok   A35 R-RA-36 request field not decoded -> RED (3707 assertion(s) failed, match count 1)
  ok   A36 R-RA-36 detail field not decoded -> RED (2123 assertion(s) failed, match count 1)
  ok   A37 R-RA-36 notice sentinel admitted -> RED (3 assertion(s) failed, match count 1)
  worker 0: 35/35 entries, 35 RED / 0 worthless, wall 335.1s, rc 0, source restored: md5 7f0e241fca89e75d96a323ff6a4f9f71 (MATCHES)   /tmp/mr_mutation_run-uscvxi7v/w0
  worker 1: 35/35 entries, 35 RED / 0 worthless, wall 307.2s, rc 0, source restored: md5 7f0e241fca89e75d96a323ff6a4f9f71 (MATCHES)   /tmp/mr_mutation_run-uscvxi7v/w1
  worker 2: 35/35 entries, 35 RED / 0 worthless, wall 313.2s, rc 0, source restored: md5 7f0e241fca89e75d96a323ff6a4f9f71 (MATCHES)   /tmp/mr_mutation_run-uscvxi7v/w2
real tree untouched: all 62 target files byte-identical to launch (md5); no build ran in /tmp/mr-s10-r3-j6pcxvmv/union-inputs
timing: copy 12.2s + battery 335.3s = 347.5s total, 105 entries over 3 worker(s)
mutations: 105 RED / 0 unusable
  !!!!!!!!!!!!!!!!!!!!!!!!!!!!!!!!!!!!!!!!!!!!!!!!!!!!!!!!!!!!!!!!!!!!!!!!!!!!!!!!!!!!!!!!!!!!!!!!!!!!!!!!!!!!!!!!
  !!  REMINDER — the cross-check pin is STALE: pinned 2950 / 195768, these trees run 2950 / 195770.
  !!  The battery above RAN IN FULL (105 entries) on the derived figure ([[B217]]); re-pin PIN_CASES/PIN_ASSERTS.
  !!!!!!!!!!!!!!!!!!!!!!!!!!!!!!!!!!!!!!!!!!!!!!!!!!!!!!!!!!!!!!!!!!!!!!!!!!!!!!!!!!!!!!!!!!!!!!!!!!!!!!!!!!!!!!!!
