-- target sliceCinbox: /tmp/mr-s10-r3-j6pcxvmv/union-inputs/lib/core/inbox.h (2 entries)
-- selection: IN FULL (all 2 entries)
-- workers: 2
-- scratch root: /tmp/mr_mutation_run-11exuoy2   (removed on exit; MR_MUT_KEEP_SCRATCH=1 to keep)
  [w1] -- target sliceCinbox: /tmp/mr_mutation_run-11exuoy2/w1/lib/core/inbox.h (1 of 2 entries in this shard)
  [w1] -- baseline gate: THIS WORKER'S OWN clean tree must run 0 FAILED; its own counts become this shard's baseline
  [w0] -- target sliceCinbox: /tmp/mr_mutation_run-11exuoy2/w0/lib/core/inbox.h (1 of 2 entries in this shard)
  [w0] -- baseline gate: THIS WORKER'S OWN clean tree must run 0 FAILED; its own counts become this shard's baseline
  [w0]   ok   clean baseline 2950 / 195770 / 0   (DERIVED from this tree)
  [w1]   ok   clean baseline 2950 / 195770 / 0   (DERIVED from this tree)
  [w0]   ok   S06 ★★★★ THE CLASSIFICATION PREDICATE IS DROPPED — every internal outcome record becomes an ordinary message again: rows on the panel, a bigger visible total, and a binary body through the byte sanitizer -> RED (95 assertion(s) failed, match count 1)
  [w0] source restored: md5 6e60f13c2aec55cbffc5b48d24cc9d8d (MATCHES)
  [w0] shard 0: 1 RED / 0 unusable   (of 1 entries)
  [w1]   ok   S07 ★★★★ THE PREDICATE IS WEAKENED TO `persistent_outcome` — an 0x81-class record (and every reserved, retired or future internal value) becomes VISIBLE as ordinary text, while today's E2E ack still hides -> RED (66 assertion(s) failed, match count 1)
  [w1] source restored: md5 6e60f13c2aec55cbffc5b48d24cc9d8d (MATCHES)
  [w1] shard 1: 1 RED / 0 unusable   (of 1 entries)

======================================================================================================================
-- MERGED REPORT — target sliceCinbox: /tmp/mr-s10-r3-j6pcxvmv/union-inputs/lib/core/inbox.h
  ok   clean baseline 2950 / 195770 / 0   (DERIVED per worker tree; 2 tree(s) agree)
  !!!!!!!!!!!!!!!!!!!!!!!!!!!!!!!!!!!!!!!!!!!!!!!!!!!!!!!!!!!!!!!!!!!!!!!!!!!!!!!!!!!!!!!!!!!!!!!!!!!!!!!!!!!!!!!!
  !!  STALE CROSS-CHECK PIN — the hand-pinned figure is NOT what these clean trees run.
  !!      pinned   2950 / 195768   (PIN_CASES, this file)
  !!      derived  2950 / 195770   <-- THE BATTERY USED THIS
  !!  The battery RAN anyway, IN FULL (all 2 entries): per [[B217]] a stale figure must NEVER zero a run.
  !!  Then re-pin PIN_CASES / PIN_ASSERTS with the derivation (or unset MR_MUT_BASE).
  !!!!!!!!!!!!!!!!!!!!!!!!!!!!!!!!!!!!!!!!!!!!!!!!!!!!!!!!!!!!!!!!!!!!!!!!!!!!!!!!!!!!!!!!!!!!!!!!!!!!!!!!!!!!!!!!
  ok   S06 ★★★★ THE CLASSIFICATION PREDICATE IS DROPPED — every internal outcome record becomes an ordinary message again: rows on the panel, a bigger visible total, and a binary body through the byte sanitizer -> RED (95 assertion(s) failed, match count 1)
  ok   S07 ★★★★ THE PREDICATE IS WEAKENED TO `persistent_outcome` — an 0x81-class record (and every reserved, retired or future internal value) becomes VISIBLE as ordinary text, while today's E2E ack still hides -> RED (66 assertion(s) failed, match count 1)
  worker 0: 1/1 entries, 1 RED / 0 worthless, wall 36.3s, rc 0, source restored: md5 6e60f13c2aec55cbffc5b48d24cc9d8d (MATCHES)   /tmp/mr_mutation_run-11exuoy2/w0
  worker 1: 1/1 entries, 1 RED / 0 worthless, wall 36.9s, rc 0, source restored: md5 6e60f13c2aec55cbffc5b48d24cc9d8d (MATCHES)   /tmp/mr_mutation_run-11exuoy2/w1
real tree untouched: all 62 target files byte-identical to launch (md5); no build ran in /tmp/mr-s10-r3-j6pcxvmv/union-inputs
timing: copy 2.7s + battery 37.0s = 39.8s total, 2 entries over 2 worker(s)
mutations: 2 RED / 0 unusable
  !!!!!!!!!!!!!!!!!!!!!!!!!!!!!!!!!!!!!!!!!!!!!!!!!!!!!!!!!!!!!!!!!!!!!!!!!!!!!!!!!!!!!!!!!!!!!!!!!!!!!!!!!!!!!!!!
  !!  REMINDER — the cross-check pin is STALE: pinned 2950 / 195768, these trees run 2950 / 195770.
  !!  The battery above RAN IN FULL (2 entries) on the derived figure ([[B217]]); re-pin PIN_CASES/PIN_ASSERTS.
  !!!!!!!!!!!!!!!!!!!!!!!!!!!!!!!!!!!!!!!!!!!!!!!!!!!!!!!!!!!!!!!!!!!!!!!!!!!!!!!!!!!!!!!!!!!!!!!!!!!!!!!!!!!!!!!!
