-- target sliceEnode: /tmp/mr-s10-r3-j6pcxvmv/union-inputs/lib/core/node.cpp (3 entries)
-- selection: IN FULL (all 3 entries)
-- workers: 3
-- scratch root: /tmp/mr_mutation_run-slpinodw   (removed on exit; MR_MUT_KEEP_SCRATCH=1 to keep)
  [w0] -- target sliceEnode: /tmp/mr_mutation_run-slpinodw/w0/lib/core/node.cpp (1 of 3 entries in this shard)
  [w0] -- baseline gate: THIS WORKER'S OWN clean tree must run 0 FAILED; its own counts become this shard's baseline
  [w1] -- target sliceEnode: /tmp/mr_mutation_run-slpinodw/w1/lib/core/node.cpp (1 of 3 entries in this shard)
  [w1] -- baseline gate: THIS WORKER'S OWN clean tree must run 0 FAILED; its own counts become this shard's baseline
  [w2] -- target sliceEnode: /tmp/mr_mutation_run-slpinodw/w2/lib/core/node.cpp (1 of 3 entries in this shard)
  [w2] -- baseline gate: THIS WORKER'S OWN clean tree must run 0 FAILED; its own counts become this shard's baseline
  [w1]   ok   clean baseline 2950 / 195770 / 0   (DERIVED from this tree)
  [w0]   ok   clean baseline 2950 / 195770 / 0   (DERIVED from this tree)
  [w2]   ok   clean baseline 2950 / 195770 / 0   (DERIVED from this tree)
  [w1]   ok   E02 ★★★ THE TRANSIT AXIS IS INVERTED — only RELAYED carriers report and our own sends go silent, which is [[B263]] with the sign flipped: every real user-send failure disappears from the app -> RED (34 assertion(s) failed, match count 1)
  [w1] source restored: md5 af3e78a78b0825a44db29d50d804ae28 (MATCHES)
  [w1] shard 1: 1 RED / 0 unusable   (of 1 entries)
  [w2]   ok   E03 ★★★ THE TWO OWNERSHIP TERMS ARE OR-ED INSTEAD OF AND-ED — `own_origination` becomes an alternative to the caller's own `generic_owed` answer, so the three deliberately-silent terminals start reporting AND the transit fence is gone -> RED (6 assertion(s) failed, match count 1)
  [w0]   ok   E01 ★★★★ [[B263]] IS RESTORED — the `own_origination` term is dropped from the central gate, so a TRANSIT terminal give-up again pushes a generic `send_failed` under the ORIGINAL sender's `{dst, ctr}`: a user-send completion for a send this node never made, able to collide with a real local one -> RED (4 assertion(s) failed, match count 1)
  [w0] source restored: md5 af3e78a78b0825a44db29d50d804ae28 (MATCHES)
  [w0] shard 0: 1 RED / 0 unusable   (of 1 entries)
  [w2] source restored: md5 af3e78a78b0825a44db29d50d804ae28 (MATCHES)
  [w2] shard 2: 1 RED / 0 unusable   (of 1 entries)

======================================================================================================================
-- MERGED REPORT — target sliceEnode: /tmp/mr-s10-r3-j6pcxvmv/union-inputs/lib/core/node.cpp
  ok   clean baseline 2950 / 195770 / 0   (DERIVED per worker tree; 3 tree(s) agree)
  !!!!!!!!!!!!!!!!!!!!!!!!!!!!!!!!!!!!!!!!!!!!!!!!!!!!!!!!!!!!!!!!!!!!!!!!!!!!!!!!!!!!!!!!!!!!!!!!!!!!!!!!!!!!!!!!
  !!  STALE CROSS-CHECK PIN — the hand-pinned figure is NOT what these clean trees run.
  !!      pinned   2950 / 195768   (PIN_CASES, this file)
  !!      derived  2950 / 195770   <-- THE BATTERY USED THIS
  !!  The battery RAN anyway, IN FULL (all 3 entries): per [[B217]] a stale figure must NEVER zero a run.
  !!  Then re-pin PIN_CASES / PIN_ASSERTS with the derivation (or unset MR_MUT_BASE).
  !!!!!!!!!!!!!!!!!!!!!!!!!!!!!!!!!!!!!!!!!!!!!!!!!!!!!!!!!!!!!!!!!!!!!!!!!!!!!!!!!!!!!!!!!!!!!!!!!!!!!!!!!!!!!!!!
  ok   E01 ★★★★ [[B263]] IS RESTORED — the `own_origination` term is dropped from the central gate, so a TRANSIT terminal give-up again pushes a generic `send_failed` under the ORIGINAL sender's `{dst, ctr}`: a user-send completion for a send this node never made, able to collide with a real local one -> RED (4 assertion(s) failed, match count 1)
  ok   E02 ★★★ THE TRANSIT AXIS IS INVERTED — only RELAYED carriers report and our own sends go silent, which is [[B263]] with the sign flipped: every real user-send failure disappears from the app -> RED (34 assertion(s) failed, match count 1)
  ok   E03 ★★★ THE TWO OWNERSHIP TERMS ARE OR-ED INSTEAD OF AND-ED — `own_origination` becomes an alternative to the caller's own `generic_owed` answer, so the three deliberately-silent terminals start reporting AND the transit fence is gone -> RED (6 assertion(s) failed, match count 1)
  worker 0: 1/1 entries, 1 RED / 0 worthless, wall 11.9s, rc 0, source restored: md5 af3e78a78b0825a44db29d50d804ae28 (MATCHES)   /tmp/mr_mutation_run-slpinodw/w0
  worker 1: 1/1 entries, 1 RED / 0 worthless, wall 11.6s, rc 0, source restored: md5 af3e78a78b0825a44db29d50d804ae28 (MATCHES)   /tmp/mr_mutation_run-slpinodw/w1
  worker 2: 1/1 entries, 1 RED / 0 worthless, wall 11.9s, rc 0, source restored: md5 af3e78a78b0825a44db29d50d804ae28 (MATCHES)   /tmp/mr_mutation_run-slpinodw/w2
real tree untouched: all 62 target files byte-identical to launch (md5); no build ran in /tmp/mr-s10-r3-j6pcxvmv/union-inputs
timing: copy 4.1s + battery 12.0s = 16.1s total, 3 entries over 3 worker(s)
mutations: 3 RED / 0 unusable
  !!!!!!!!!!!!!!!!!!!!!!!!!!!!!!!!!!!!!!!!!!!!!!!!!!!!!!!!!!!!!!!!!!!!!!!!!!!!!!!!!!!!!!!!!!!!!!!!!!!!!!!!!!!!!!!!
  !!  REMINDER — the cross-check pin is STALE: pinned 2950 / 195768, these trees run 2950 / 195770.
  !!  The battery above RAN IN FULL (3 entries) on the derived figure ([[B217]]); re-pin PIN_CASES/PIN_ASSERTS.
  !!!!!!!!!!!!!!!!!!!!!!!!!!!!!!!!!!!!!!!!!!!!!!!!!!!!!!!!!!!!!!!!!!!!!!!!!!!!!!!!!!!!!!!!!!!!!!!!!!!!!!!!!!!!!!!!
