-- target sliceAjson: /tmp/mr-s10-r3-j6pcxvmv/union-inputs/lib/console/console_json.cpp (1 entries)
-- selection: IN FULL (all 1 entries)
-- workers: 1   [SERIAL REFERENCE PATH]
-- scratch root: /tmp/mr_mutation_run-1aa6lvxe   (removed on exit; MR_MUT_KEEP_SCRATCH=1 to keep)
  [w0] -- target sliceAjson: /tmp/mr_mutation_run-1aa6lvxe/w0/lib/console/console_json.cpp (1 of 1 entries in this shard)
  [w0] -- baseline gate: THIS WORKER'S OWN clean tree must run 0 FAILED; its own counts become this shard's baseline
  [w0]   ok   clean baseline 2950 / 195770 / 0   (DERIVED from this tree)
  [w0]   ok   S08 ★★★ THE [[B265]] NUMERIC LITERAL COMES BACK — the companion encoder compares the DM type against 3 again, which after the transition is SEALED_RELAY and not the receipt -> RED (1 assertion(s) failed, match count 1)
  [w0] source restored: md5 45df30d5066440b1dc098b65e23e4fd8 (MATCHES)
  [w0] shard 0: 1 RED / 0 unusable   (of 1 entries)

======================================================================================================================
-- MERGED REPORT — target sliceAjson: /tmp/mr-s10-r3-j6pcxvmv/union-inputs/lib/console/console_json.cpp
  ok   clean baseline 2950 / 195770 / 0   (DERIVED per worker tree; 1 tree(s) agree)
  !!!!!!!!!!!!!!!!!!!!!!!!!!!!!!!!!!!!!!!!!!!!!!!!!!!!!!!!!!!!!!!!!!!!!!!!!!!!!!!!!!!!!!!!!!!!!!!!!!!!!!!!!!!!!!!!
  !!  STALE CROSS-CHECK PIN — the hand-pinned figure is NOT what these clean trees run.
  !!      pinned   2950 / 195768   (PIN_CASES, this file)
  !!      derived  2950 / 195770   <-- THE BATTERY USED THIS
  !!  The battery RAN anyway, IN FULL (all 1 entries): per [[B217]] a stale figure must NEVER zero a run.
  !!  Then re-pin PIN_CASES / PIN_ASSERTS with the derivation (or unset MR_MUT_BASE).
  !!!!!!!!!!!!!!!!!!!!!!!!!!!!!!!!!!!!!!!!!!!!!!!!!!!!!!!!!!!!!!!!!!!!!!!!!!!!!!!!!!!!!!!!!!!!!!!!!!!!!!!!!!!!!!!!
  ok   S08 ★★★ THE [[B265]] NUMERIC LITERAL COMES BACK — the companion encoder compares the DM type against 3 again, which after the transition is SEALED_RELAY and not the receipt -> RED (1 assertion(s) failed, match count 1)
  worker 0: 1/1 entries, 1 RED / 0 worthless, wall 10.4s, rc 0, source restored: md5 45df30d5066440b1dc098b65e23e4fd8 (MATCHES)   /tmp/mr_mutation_run-1aa6lvxe/w0
real tree untouched: all 62 target files byte-identical to launch (md5); no build ran in /tmp/mr-s10-r3-j6pcxvmv/union-inputs
timing: copy 1.5s + battery 10.5s = 12.0s total, 1 entries over 1 worker(s)
mutations: 1 RED / 0 unusable
  !!!!!!!!!!!!!!!!!!!!!!!!!!!!!!!!!!!!!!!!!!!!!!!!!!!!!!!!!!!!!!!!!!!!!!!!!!!!!!!!!!!!!!!!!!!!!!!!!!!!!!!!!!!!!!!!
  !!  REMINDER — the cross-check pin is STALE: pinned 2950 / 195768, these trees run 2950 / 195770.
  !!  The battery above RAN IN FULL (1 entries) on the derived figure ([[B217]]); re-pin PIN_CASES/PIN_ASSERTS.
  !!!!!!!!!!!!!!!!!!!!!!!!!!!!!!!!!!!!!!!!!!!!!!!!!!!!!!!!!!!!!!!!!!!!!!!!!!!!!!!!!!!!!!!!!!!!!!!!!!!!!!!!!!!!!!!!
