-- target sliceDtoken: /tmp/mr-s10-r3-j6pcxvmv/union-inputs/src/firmware_config_parse.h (2 entries)
-- selection: IN FULL (all 2 entries)
-- workers: 2
-- scratch root: /tmp/mr_mutation_run-rhbiqu5m   (removed on exit; MR_MUT_KEEP_SCRATCH=1 to keep)
  [w0] -- target sliceDtoken: /tmp/mr_mutation_run-rhbiqu5m/w0/src/firmware_config_parse.h (1 of 2 entries in this shard)
  [w0] -- baseline gate: THIS WORKER'S OWN clean tree must run 0 FAILED; its own counts become this shard's baseline
  [w1] -- target sliceDtoken: /tmp/mr_mutation_run-rhbiqu5m/w1/src/firmware_config_parse.h (1 of 2 entries in this shard)
  [w1] -- baseline gate: THIS WORKER'S OWN clean tree must run 0 FAILED; its own counts become this shard's baseline
  [w1]   ok   clean baseline 2950 / 195770 / 0   (DERIVED from this tree)
  [w0]   ok   clean baseline 2950 / 195770 / 0   (DERIVED from this tree)
  [w1]   ok   D11 ★★★★ THE CONFIRM GATE IS DROPPED ENTIRELY — a bare `clear_inbox` (or any tail at all) clears the inbox with no confirmation -> RED (112 assertion(s) failed, match count 1)
  [w1] source restored: md5 668d664775bed49047d60e9bceb1d702 (MATCHES)
  [w1] shard 1: 1 RED / 0 unusable   (of 1 entries)
  [w0]   ok   D10 ★★★★ THE CONFIRM TOKEN IS MATCHED AS A PREFIX — `clear_inbox confirm extra` and `clear_inbox confirmation` both DESTROY the inbox -> RED (51 assertion(s) failed, match count 1)
  [w0] source restored: md5 668d664775bed49047d60e9bceb1d702 (MATCHES)
  [w0] shard 0: 1 RED / 0 unusable   (of 1 entries)

======================================================================================================================
-- MERGED REPORT — target sliceDtoken: /tmp/mr-s10-r3-j6pcxvmv/union-inputs/src/firmware_config_parse.h
  ok   clean baseline 2950 / 195770 / 0   (DERIVED per worker tree; 2 tree(s) agree)
  !!!!!!!!!!!!!!!!!!!!!!!!!!!!!!!!!!!!!!!!!!!!!!!!!!!!!!!!!!!!!!!!!!!!!!!!!!!!!!!!!!!!!!!!!!!!!!!!!!!!!!!!!!!!!!!!
  !!  STALE CROSS-CHECK PIN — the hand-pinned figure is NOT what these clean trees run.
  !!      pinned   2950 / 195768   (PIN_CASES, this file)
  !!      derived  2950 / 195770   <-- THE BATTERY USED THIS
  !!  The battery RAN anyway, IN FULL (all 2 entries): per [[B217]] a stale figure must NEVER zero a run.
  !!  Then re-pin PIN_CASES / PIN_ASSERTS with the derivation (or unset MR_MUT_BASE).
  !!!!!!!!!!!!!!!!!!!!!!!!!!!!!!!!!!!!!!!!!!!!!!!!!!!!!!!!!!!!!!!!!!!!!!!!!!!!!!!!!!!!!!!!!!!!!!!!!!!!!!!!!!!!!!!!
  ok   D10 ★★★★ THE CONFIRM TOKEN IS MATCHED AS A PREFIX — `clear_inbox confirm extra` and `clear_inbox confirmation` both DESTROY the inbox -> RED (51 assertion(s) failed, match count 1)
  ok   D11 ★★★★ THE CONFIRM GATE IS DROPPED ENTIRELY — a bare `clear_inbox` (or any tail at all) clears the inbox with no confirmation -> RED (112 assertion(s) failed, match count 1)
  worker 0: 1/1 entries, 1 RED / 0 worthless, wall 26.0s, rc 0, source restored: md5 668d664775bed49047d60e9bceb1d702 (MATCHES)   /tmp/mr_mutation_run-rhbiqu5m/w0
  worker 1: 1/1 entries, 1 RED / 0 worthless, wall 26.0s, rc 0, source restored: md5 668d664775bed49047d60e9bceb1d702 (MATCHES)   /tmp/mr_mutation_run-rhbiqu5m/w1
real tree untouched: all 62 target files byte-identical to launch (md5); no build ran in /tmp/mr-s10-r3-j6pcxvmv/union-inputs
timing: copy 2.6s + battery 26.1s = 28.7s total, 2 entries over 2 worker(s)
mutations: 2 RED / 0 unusable
  !!!!!!!!!!!!!!!!!!!!!!!!!!!!!!!!!!!!!!!!!!!!!!!!!!!!!!!!!!!!!!!!!!!!!!!!!!!!!!!!!!!!!!!!!!!!!!!!!!!!!!!!!!!!!!!!
  !!  REMINDER — the cross-check pin is STALE: pinned 2950 / 195768, these trees run 2950 / 195770.
  !!  The battery above RAN IN FULL (2 entries) on the derived figure ([[B217]]); re-pin PIN_CASES/PIN_ASSERTS.
  !!!!!!!!!!!!!!!!!!!!!!!!!!!!!!!!!!!!!!!!!!!!!!!!!!!!!!!!!!!!!!!!!!!!!!!!!!!!!!!!!!!!!!!!!!!!!!!!!!!!!!!!!!!!!!!!
