-- target sliceGinbox: /tmp/mr-s10-r3-j6pcxvmv/union-inputs/lib/core/inbox.cpp (4 entries)
-- selection: IN FULL (all 4 entries)
-- workers: 3
-- scratch root: /tmp/mr_mutation_run-o5owel9a   (removed on exit; MR_MUT_KEEP_SCRATCH=1 to keep)
  [w0] -- target sliceGinbox: /tmp/mr_mutation_run-o5owel9a/w0/lib/core/inbox.cpp (2 of 4 entries in this shard)
  [w0] -- baseline gate: THIS WORKER'S OWN clean tree must run 0 FAILED; its own counts become this shard's baseline
  [w1] -- target sliceGinbox: /tmp/mr_mutation_run-o5owel9a/w1/lib/core/inbox.cpp (1 of 4 entries in this shard)
  [w1] -- baseline gate: THIS WORKER'S OWN clean tree must run 0 FAILED; its own counts become this shard's baseline
  [w2] -- target sliceGinbox: /tmp/mr_mutation_run-o5owel9a/w2/lib/core/inbox.cpp (1 of 4 entries in this shard)
  [w2] -- baseline gate: THIS WORKER'S OWN clean tree must run 0 FAILED; its own counts become this shard's baseline
  [w0]   ok   clean baseline 2950 / 195770 / 0   (DERIVED from this tree)
  [w2]   ok   clean baseline 2950 / 195770 / 0   (DERIVED from this tree)
  [w1]   ok   clean baseline 2950 / 195770 / 0   (DERIVED from this tree)
  [w1]   ok   G31 ★★★★ THE RECORD IS STORED AS AN ORDINARY DM (`type = 0`) — it stops being `internal`, so §CUSTODY-C's presentation predicate admits it to the ordinary view and 24 bytes of packed binary reach the OLED byte sanitizer and the `inbox_dm` text encoder. That is §7.2's forbidden outcome, reached by one argument -> RED (84 assertion(s) failed, match count 1)
  [w1] source restored: md5 a8088417e948aef2e5ffbe8cec312b27 (MATCHES)
  [w1] shard 1: 1 RED / 0 unusable   (of 1 entries)
  [w0]   ok   G30 ★★★★ §7.2's `origin` IS THE FAILED ORIGIN INSTEAD OF THE REPORTER — the stored record starts naming THIS NODE as the relay that lost custody of its own message. `origin` is the one field that says WHO reported, and it is the only place the (unauthenticated) reporter identity is kept at all -> RED (39 assertion(s) failed, match count 1)
  [w2]   ok   G32 ★★★ THE REPORTER IS NOT RECORDED — `origin` becomes 0, so the pulled record and its JSON name reporter 0, an id no node can hold. A diagnostic that cannot say who reported is not evidence of anything -> RED (10 assertion(s) failed, match count 1)
  [w2] source restored: md5 a8088417e948aef2e5ffbe8cec312b27 (MATCHES)
  [w2] shard 2: 1 RED / 0 unusable   (of 1 entries)
  [w0]   ok   G33 ★★★ A DISABLED INBOX RETURNS A NONZERO SEQUENCE — `seq = 0` is EXCLUSIVELY the storage-disabled receipt (§7.3), and the app reads a nonzero seq as a record it can pull. Returning 1 makes every storage-disabled node advertise a record that does not exist -> RED (3 assertion(s) failed, match count 1)
  [w0] source restored: md5 a8088417e948aef2e5ffbe8cec312b27 (MATCHES)
  [w0] shard 0: 2 RED / 0 unusable   (of 2 entries)

======================================================================================================================
-- MERGED REPORT — target sliceGinbox: /tmp/mr-s10-r3-j6pcxvmv/union-inputs/lib/core/inbox.cpp
  ok   clean baseline 2950 / 195770 / 0   (DERIVED per worker tree; 3 tree(s) agree)
  !!!!!!!!!!!!!!!!!!!!!!!!!!!!!!!!!!!!!!!!!!!!!!!!!!!!!!!!!!!!!!!!!!!!!!!!!!!!!!!!!!!!!!!!!!!!!!!!!!!!!!!!!!!!!!!!
  !!  STALE CROSS-CHECK PIN — the hand-pinned figure is NOT what these clean trees run.
  !!      pinned   2950 / 195768   (PIN_CASES, this file)
  !!      derived  2950 / 195770   <-- THE BATTERY USED THIS
  !!  The battery RAN anyway, IN FULL (all 4 entries): per [[B217]] a stale figure must NEVER zero a run.
  !!  Then re-pin PIN_CASES / PIN_ASSERTS with the derivation (or unset MR_MUT_BASE).
  !!!!!!!!!!!!!!!!!!!!!!!!!!!!!!!!!!!!!!!!!!!!!!!!!!!!!!!!!!!!!!!!!!!!!!!!!!!!!!!!!!!!!!!!!!!!!!!!!!!!!!!!!!!!!!!!
  ok   G30 ★★★★ §7.2's `origin` IS THE FAILED ORIGIN INSTEAD OF THE REPORTER — the stored record starts naming THIS NODE as the relay that lost custody of its own message. `origin` is the one field that says WHO reported, and it is the only place the (unauthenticated) reporter identity is kept at all -> RED (39 assertion(s) failed, match count 1)
  ok   G31 ★★★★ THE RECORD IS STORED AS AN ORDINARY DM (`type = 0`) — it stops being `internal`, so §CUSTODY-C's presentation predicate admits it to the ordinary view and 24 bytes of packed binary reach the OLED byte sanitizer and the `inbox_dm` text encoder. That is §7.2's forbidden outcome, reached by one argument -> RED (84 assertion(s) failed, match count 1)
  ok   G32 ★★★ THE REPORTER IS NOT RECORDED — `origin` becomes 0, so the pulled record and its JSON name reporter 0, an id no node can hold. A diagnostic that cannot say who reported is not evidence of anything -> RED (10 assertion(s) failed, match count 1)
  ok   G33 ★★★ A DISABLED INBOX RETURNS A NONZERO SEQUENCE — `seq = 0` is EXCLUSIVELY the storage-disabled receipt (§7.3), and the app reads a nonzero seq as a record it can pull. Returning 1 makes every storage-disabled node advertise a record that does not exist -> RED (3 assertion(s) failed, match count 1)
  worker 0: 2/2 entries, 2 RED / 0 worthless, wall 14.5s, rc 0, source restored: md5 a8088417e948aef2e5ffbe8cec312b27 (MATCHES)   /tmp/mr_mutation_run-o5owel9a/w0
  worker 1: 1/1 entries, 1 RED / 0 worthless, wall 8.9s, rc 0, source restored: md5 a8088417e948aef2e5ffbe8cec312b27 (MATCHES)   /tmp/mr_mutation_run-o5owel9a/w1
  worker 2: 1/1 entries, 1 RED / 0 worthless, wall 10.5s, rc 0, source restored: md5 a8088417e948aef2e5ffbe8cec312b27 (MATCHES)   /tmp/mr_mutation_run-o5owel9a/w2
real tree untouched: all 62 target files byte-identical to launch (md5); no build ran in /tmp/mr-s10-r3-j6pcxvmv/union-inputs
timing: copy 4.1s + battery 14.5s = 18.7s total, 4 entries over 3 worker(s)
mutations: 4 RED / 0 unusable
  !!!!!!!!!!!!!!!!!!!!!!!!!!!!!!!!!!!!!!!!!!!!!!!!!!!!!!!!!!!!!!!!!!!!!!!!!!!!!!!!!!!!!!!!!!!!!!!!!!!!!!!!!!!!!!!!
  !!  REMINDER — the cross-check pin is STALE: pinned 2950 / 195768, these trees run 2950 / 195770.
  !!  The battery above RAN IN FULL (4 entries) on the derived figure ([[B217]]); re-pin PIN_CASES/PIN_ASSERTS.
  !!!!!!!!!!!!!!!!!!!!!!!!!!!!!!!!!!!!!!!!!!!!!!!!!!!!!!!!!!!!!!!!!!!!!!!!!!!!!!!!!!!!!!!!!!!!!!!!!!!!!!!!!!!!!!!!
