-- target sliceCpull: /tmp/mr-s10-r3-j6pcxvmv/union-inputs/lib/core/inbox.cpp (2 entries)
-- selection: IN FULL (all 2 entries)
-- workers: 2
-- scratch root: /tmp/mr_mutation_run-g01qfmi7   (removed on exit; MR_MUT_KEEP_SCRATCH=1 to keep)
  [w0] -- target sliceCpull: /tmp/mr_mutation_run-g01qfmi7/w0/lib/core/inbox.cpp (1 of 2 entries in this shard)
  [w0] -- baseline gate: THIS WORKER'S OWN clean tree must run 0 FAILED; its own counts become this shard's baseline
  [w1] -- target sliceCpull: /tmp/mr_mutation_run-g01qfmi7/w1/lib/core/inbox.cpp (1 of 2 entries in this shard)
  [w1] -- baseline gate: THIS WORKER'S OWN clean tree must run 0 FAILED; its own counts become this shard's baseline
  [w1]   ok   clean baseline 2950 / 195770 / 0   (DERIVED from this tree)
  [w0]   ok   clean baseline 2950 / 195770 / 0   (DERIVED from this tree)
  [w0]   ok   S08 ★★★★ `Inbox::pull()` FILTERS INTERNAL RECORDS — the diagnostic stream loses every E2E receipt, so an offline-delivered message can never be confirmed and the DM cursor never advances past it -> RED (92 assertion(s) failed, match count 1)
  [w0] source restored: md5 a8088417e948aef2e5ffbe8cec312b27 (MATCHES)
  [w0] shard 0: 1 RED / 0 unusable   (of 1 entries)
  [w1]   ok   S09 ★★★ `Inbox::erase` PROTECTS AN INTERNAL RECORD — `del_msg dm <seq>` on a receipt answers not_found, so a record the diagnostic stream still shows can never be deleted -> RED (3 assertion(s) failed, match count 1)
  [w1] source restored: md5 a8088417e948aef2e5ffbe8cec312b27 (MATCHES)
  [w1] shard 1: 1 RED / 0 unusable   (of 1 entries)

======================================================================================================================
-- MERGED REPORT — target sliceCpull: /tmp/mr-s10-r3-j6pcxvmv/union-inputs/lib/core/inbox.cpp
  ok   clean baseline 2950 / 195770 / 0   (DERIVED per worker tree; 2 tree(s) agree)
  !!!!!!!!!!!!!!!!!!!!!!!!!!!!!!!!!!!!!!!!!!!!!!!!!!!!!!!!!!!!!!!!!!!!!!!!!!!!!!!!!!!!!!!!!!!!!!!!!!!!!!!!!!!!!!!!
  !!  STALE CROSS-CHECK PIN — the hand-pinned figure is NOT what these clean trees run.
  !!      pinned   2950 / 195768   (PIN_CASES, this file)
  !!      derived  2950 / 195770   <-- THE BATTERY USED THIS
  !!  The battery RAN anyway, IN FULL (all 2 entries): per [[B217]] a stale figure must NEVER zero a run.
  !!  Then re-pin PIN_CASES / PIN_ASSERTS with the derivation (or unset MR_MUT_BASE).
  !!!!!!!!!!!!!!!!!!!!!!!!!!!!!!!!!!!!!!!!!!!!!!!!!!!!!!!!!!!!!!!!!!!!!!!!!!!!!!!!!!!!!!!!!!!!!!!!!!!!!!!!!!!!!!!!
  ok   S08 ★★★★ `Inbox::pull()` FILTERS INTERNAL RECORDS — the diagnostic stream loses every E2E receipt, so an offline-delivered message can never be confirmed and the DM cursor never advances past it -> RED (92 assertion(s) failed, match count 1)
  ok   S09 ★★★ `Inbox::erase` PROTECTS AN INTERNAL RECORD — `del_msg dm <seq>` on a receipt answers not_found, so a record the diagnostic stream still shows can never be deleted -> RED (3 assertion(s) failed, match count 1)
  worker 0: 1/1 entries, 1 RED / 0 worthless, wall 16.8s, rc 0, source restored: md5 a8088417e948aef2e5ffbe8cec312b27 (MATCHES)   /tmp/mr_mutation_run-g01qfmi7/w0
  worker 1: 1/1 entries, 1 RED / 0 worthless, wall 18.1s, rc 0, source restored: md5 a8088417e948aef2e5ffbe8cec312b27 (MATCHES)   /tmp/mr_mutation_run-g01qfmi7/w1
real tree untouched: all 62 target files byte-identical to launch (md5); no build ran in /tmp/mr-s10-r3-j6pcxvmv/union-inputs
timing: copy 2.6s + battery 18.2s = 20.8s total, 2 entries over 2 worker(s)
mutations: 2 RED / 0 unusable
  !!!!!!!!!!!!!!!!!!!!!!!!!!!!!!!!!!!!!!!!!!!!!!!!!!!!!!!!!!!!!!!!!!!!!!!!!!!!!!!!!!!!!!!!!!!!!!!!!!!!!!!!!!!!!!!!
  !!  REMINDER — the cross-check pin is STALE: pinned 2950 / 195768, these trees run 2950 / 195770.
  !!  The battery above RAN IN FULL (2 entries) on the derived figure ([[B217]]); re-pin PIN_CASES/PIN_ASSERTS.
  !!!!!!!!!!!!!!!!!!!!!!!!!!!!!!!!!!!!!!!!!!!!!!!!!!!!!!!!!!!!!!!!!!!!!!!!!!!!!!!!!!!!!!!!!!!!!!!!!!!!!!!!!!!!!!!!
