-- target teamkeyring: /tmp/mr-s10-r3-j6pcxvmv/union-inputs/src/firmware_team_keyring.h (68 entries)
-- selection: IN FULL (all 68 entries)
-- workers: 3
-- scratch root: /tmp/mr_mutation_run-1_xwdbb3   (removed on exit; MR_MUT_KEEP_SCRATCH=1 to keep)
  [w1] -- target teamkeyring: /tmp/mr_mutation_run-1_xwdbb3/w1/src/firmware_team_keyring.h (23 of 68 entries in this shard)
  [w1] -- baseline gate: THIS WORKER'S OWN clean tree must run 0 FAILED; its own counts become this shard's baseline
  [w0] -- target teamkeyring: /tmp/mr_mutation_run-1_xwdbb3/w0/src/firmware_team_keyring.h (23 of 68 entries in this shard)
  [w2] -- target teamkeyring: /tmp/mr_mutation_run-1_xwdbb3/w2/src/firmware_team_keyring.h (22 of 68 entries in this shard)
  [w0] -- baseline gate: THIS WORKER'S OWN clean tree must run 0 FAILED; its own counts become this shard's baseline
  [w2] -- baseline gate: THIS WORKER'S OWN clean tree must run 0 FAILED; its own counts become this shard's baseline
  [w2]   ok   clean baseline 2950 / 195770 / 0   (DERIVED from this tree)
  [w1]   ok   clean baseline 2950 / 195770 / 0   (DERIVED from this tree)
  [w0]   ok   clean baseline 2950 / 195770 / 0   (DERIVED from this tree)
  [w1]   ok   T02 ★ the byte-identical coalescing guard is dropped — every re-grant of the SAME key writes flash -> RED (13 assertion(s) failed, match count 1)
  [w2]   ok   T03 the compare covers only the KEY, not the whole record (a moved id or a dirty `reserved` reads as unchanged) -> RED (4 assertion(s) failed, match count 1)
  [w0]   ok   T01 ★★★ P-15 BROKEN: a FULL keyring EVICTS THE OLDEST record — the tree's own idiom, destroying a secret -> RED (82 assertion(s) failed, match count 1)
  [w1]   ok   T05 ★★ ONE RECORD PER TEAM BROKEN: a re-key APPENDS a second row for the same team_id -> RED (43 assertion(s) failed, match count 1)
  [w2]   ok   T06 the composition path no longer zeroes the record first — a stale tail defeats the coalescing compare -> RED (1 assertion(s) failed, match count 1)
  [w0]   ok   T04 ★★ `team_id == 0` IS STORED — a zero-keyed row that matches every teamless node's binding -> RED (5 assertion(s) failed, match count 1)
  [w1]   ok   T08 the two unreadable answers are COLLAPSED, so a dead store and a corrupt record read alike -> RED (4 assertion(s) failed, match count 1)
  [w0]   ok   T07 an UNREADABLE store is silently RESEEDED — up to four intact keys destroyed by a transient mount fault -> RED (18 assertion(s) failed, match count 1)
  [w2]   ok   T09 `io_failed` stops counting as unreadable, so `put` writes onto a record it never read -> RED (9 assertion(s) failed, match count 1)
  [w1]   ok   T11 a failed save is reported as a success (the 'success that isn't', over a key nothing stored) -> RED (14 assertion(s) failed, match count 1)
  [w0]   ok   T10 the ABSENT seed is dropped, so a partial read's GARBAGE is written back as the keyring -> RED (8 assertion(s) failed, match count 1)
  [w2]   ok   T12 ★★ THE SECRET BUFFER IS LEFT UNWIPED — the transient key material outlives the call -> RED (8 assertion(s) failed, match count 1)
  [w1]   ok   T22 ★★★ TERM (ii) — MEMBERSHIP DROPPED: a stale binding installs ANOTHER team's key on this node -> RED (8 assertion(s) failed, match count 1)
  [w0]   ok   T14 ★★★ TERM (i) — P-2b BROKEN: the ACTIVE flag is dropped, so mere knowledge of the team id reactivates the key -> RED (9 assertion(s) failed, match count 1)
  [w2]   ok   T15 ★★ TERM (iii) — the restore falls back to the FIRST record when the bound team has none -> RED (11 assertion(s) failed, match count 1)
  [w1]   ok   T25 TERM (iv) HALF-APPLIED: the witness is consulted only when /mrcfg happens to carry one -> RED (3 assertion(s) failed, match count 1)
  [w0]   ok   T23 ★★★ TERM (iv) — THE COMMITTED WITNESS DROPPED: a FAILED re-key becomes effective at the next boot -> RED (14 assertion(s) failed, match count 1)
  [w2]   ok   T16 ★★ TERM (v) — THE CORRUPTION CHECK IS IGNORED: a record whose pub does not verify is reported as installed -> RED (4 assertion(s) failed, match count 1)
  [w1]   ok   T26 the governance is HALF-APPLIED: the store arms clear, the BINDING arms do not (the stale-binding hole) -> RED (6 assertion(s) failed, match count 1)
  [w0]   ok   T24 ★★★ THE VERDICT IS REPORTED BUT NOT APPLIED — a key installed by an earlier boot step SURVIVES a refusal -> RED (38 assertion(s) failed, match count 1)
  [w2]   ok   T17 an UNREADABLE store is reported as 'no key stored' (the honesty this record's four states exist for) -> RED (4 assertion(s) failed, match count 1)
  [w1]   ok   T19 `team_key_find` answers for team 0, so a bit-rotted zero row can satisfy a binding -> RED (1 assertion(s) failed, match count 1)
  [w0]   ok   T18 the restore WRITES (a 'repair' on the read path — flash wear, and a corrupt store overwritten unread) -> RED (1 assertion(s) failed, match count 1)
  [w2]   ok   T20 a bit-rotted count is PERSISTED FORWARD instead of repaired by the write that follows it -> RED (1 assertion(s) failed, match count 1)
  [w1]   ok   T27 ★★★ THE ORDER IS INVERTED — the `/mrcfg` ACTIVATION is written BEFORE the durable key, so a reboot landing between the two finds a binding with no key behind it (QG blocker 2, arriving by push) -> RED (17 assertion(s) failed, match count 1)
  [w0]   ok   T21 the ruled `KEYRING FULL` lexeme is re-spelled (a string declared once, changed in one place — or not) -> RED (2 assertion(s) failed, match count 1)
  [w2]   ok   T28 ★★★ A FAILED `/mrteams` WRITE STILL ANSWERS `saved` — the push is forwarded and the panel says TEAM KEY RECEIVED for a key that exists only in RAM. This IS [[B240]] restored (F-10, the headline) -> RED (32 assertion(s) failed, match count 1)
  [w1]   ok   T30 ★ RE-CHECK (1) DROPPED — a grant naming team 0 reaches the store, which then has to refuse it there -> RED (4 assertion(s) failed, match count 1)
  [w0]   ok   T29 ★★ A FAILED `/mrcfg` ACTIVATION STILL ANSWERS `saved` — the key is durable but nothing will ever install it, and the panel claims durable adoption anyway -> RED (3 assertion(s) failed, match count 1)
  [w2]   ok   T31 ★★★ RE-CHECK (2) DROPPED — the LIVE membership is not re-asked, so a `team 0` between RX and drain still activates the departed team's key -> RED (6 assertion(s) failed, match count 1)
  [w1]   ok   T37 ★★ RE-CHECK (3) IS MOVED **BELOW** THE `/mrcfg` READ — the refusal still happens, but a node with no key now pays a flash read for a receipt it was always going to drop (the ⛔ ZERO-I/O half of the rule) -> RED (1 assertion(s) failed, match count 1)
  [w0]   ok   T32 ★★★ RE-CHECK (3) ANSWERS `saved` — a node whose key was WIPED between RX and drain forwards the push and the panel says TEAM KEY RECEIVED for a key it does not even hold -> RED (5 assertion(s) failed, match count 1)
  [w2]   ok   T33 ★★★ RE-CHECK (4) DROPPED — the PERSISTED record is never compared, so a key is marked ACTIVE against a `/mrcfg` that names another team (QG blocker 3, arriving by push) -> RED (3 assertion(s) failed, match count 1)
  [w1]   ok   T35 ★★ THE ACTIVATION'S ZERO-WRITE GUARD IS DROPPED — every re-grant of the SAME key rewrites `/mrcfg`, and a teammate re-sends on every join (K1's flash-wear discipline, on the second record) -> RED (4 assertion(s) failed, match count 1)
  [w2]   ok   T36 ★ THE GUARD BECOMES 'A KEY IS PRESENT' RATHER THAN 'THIS KEY' — a stale witness for another team, or for a different public half, is accepted and the boot then rejects the pair it names -> RED (3 assertion(s) failed, match count 1)
  [w0]   ok   T34 ★★ THE UNREADABLE `/mrcfg` RECORD FAILS **OPEN** — an unestablished term is treated as satisfied and both records are written on facts nobody read (C2, inverted) -> RED (4 assertion(s) failed, match count 1)
  [w1]   ok   T39 ★★★★ A SUPPRESSED ARM IS ROUTED TO THE FAILED-SAVE DOOR — the live pair was WIPED between RX and drain, and the panel is made to say `TEAM KEY ACTIVE` about a key this node does not hold. THIS IS THE QG BLOCKER of 2026-08-25, restored verbatim (the honest-looking 'tell the operator something' reflex) -> RED (5 assertion(s) failed, match count 1)
  [w0]   ok   T38 ★ THE SENTINEL IS GIVEN A PLAUSIBLE WORD — `count` stops reading as 'not an outcome' and starts reading as one, which is how a sentinel quietly becomes a state a carrier may hold -> RED (1 assertion(s) failed, match count 1)
  [w2]   ok   T40 ★★★ AN `active_unsaved` ARM IS COLLAPSED INTO SILENCE — a keyring write that really failed over a key that really IS live says NOTHING, so the operator walks away believing a key he will lose on the next reboot is durable ([[B243]] restored from the other side) -> RED (21 assertion(s) failed, match count 1)
  [w1]   ok   T42 ★★ the presence question FAILS OPEN — an unreadable store answers 'yes', so the offer is made against a keyring nobody could read and the operator is walked into a refusal -> RED (2 assertion(s) failed, match count 1)
  [w0]   ok   T41 ★★★★ THE VERDICT IS COLLAPSED BACK TO A BOOLEAN — every non-`saved` outcome takes the failed-save door, which is the WITHDRAWN shape exactly: the three before-re-check-(3) arms all claim an ACTIVE key -> RED (11 assertion(s) failed, match count 1)
  [w2]   ok   T43 ★★★ the presence question stops naming THE TEAM — any record at all answers yes, so `SAVED KEY FOUND` is offered for a team with NO retained record (P-2b's sibling) -> RED (1 assertion(s) failed, match count 1)
  [w1]   ok   T45 ★★★ A FAILED ACTIVATION IS REPORTED AS A SUCCESS — the `/mrcfg` write came back false and the verb still answers `installed`, so the panel claims a key the next boot will not restore -> RED (8 assertion(s) failed, match count 1)
  [w0]   ok   T44 ★★★★ THE ACTIVATION FORKS A SECOND INSTALL PATH — the binding is committed WITHOUT adopting, so the record is never verified and the panel reports a key the core does not hold -> RED (18 assertion(s) failed, match count 1)
  [w2]   ok   T46 ★★★ THE FAILED ACTIVATION IS LEFT **HALF-INSTALLED** — the live key stays up with no durable binding behind it, which is [[B240]]'s exact shape (works at the trailhead, dead at the summit) -> RED (4 assertion(s) failed, match count 1)
  [w1]   ok   T48 ★★ the activation's ZERO FLOOR is dropped — `use_saved(0)` reaches the store instead of being refused before a load, and answers a different arm's word -> RED (3 assertion(s) failed, match count 1)
  [w0]   ok   T47 ★★ THE ORDER IS INVERTED — the `/mrcfg` activation is committed BEFORE the record is verified, so a CORRUPT record leaves an active binding with nothing behind it -> RED (11 assertion(s) failed, match count 1)
  [w2]   ok   T49 ★ the two absent-ish answers are COLLAPSED — 'there is no record for this team' and 'the store could not be read at all' read alike, although they take different operator actions -> RED (2 assertion(s) failed, match count 1)
  [w1]   ok   T51 ★★★ THE RE-CHECK ASKS THE **BINDING** INSTEAD OF THE MEMBERSHIP — a stale binding then authorises itself, which is QG blocker 3's shape (the boot restore's term (ii)) arriving through the operator's button -> RED (42 assertion(s) failed, match count 1)
  [w0]   ok   T50 ★★★★ THE MEMBERSHIP RE-CHECK IS DROPPED — a STALE offer installs another team's key under this team's record (the A -> B race, QG blocker 1 restored verbatim) -> RED (13 assertion(s) failed, match count 1)
  [w2]   ok   T52 ★★★★ THE REFUSAL GOES BACK THROUGH A CLEARING FUNNEL — the stale-target arm WIPES the live key, which at that moment belongs to the team we ARE in: an innocent key destroyed by a refusal about a different one -> RED (5 assertion(s) failed, match count 1)
  [w1]   ok   T54 ★★ THE FAIL-CLOSED READ IS FAIL-OPEN — an unreadable `/mrcfg` record is treated as a satisfied membership term, so the activation proceeds on facts nobody read (C2, inverted — T34's shape one verb over) -> RED (43 assertion(s) failed, match count 1)
  [w0]   ok   T53 ★★★ THE WRITER'S SECOND AUTHORITY IS DROPPED — `commit_active` will write an ACTIVE BINDING into a `/mrcfg` record whose MEMBERSHIP names another team, i.e. a binding that lies and a boot that comes up keyless -> RED (7 assertion(s) failed, match count 1)
  [w2]   ok   T55 ★★★★ SILENT OLDEST-RECORD EVICTION IN `put` — the fifth team quietly displaces the first, so a `team new` destroys an unrelated retained key and the operator is never told (P-15 inverted, the idiom's own trap) -> RED (82 assertion(s) failed, match count 1)
  [w1]   ok   T57 ★★★★ THE DELETE IS KEYED ON THE **DISPLAY FINGERPRINT** — the low 24 bits the panel prints — so two teams that share six hex digits are indistinguishable and the wrong key is destroyed while the right one is on screen ([[B48]]'s class, arriving through a delete) -> RED (7 assertion(s) failed, match count 1)
  [w0]   ok   T56 ★★★★ THE ACTIVE KEY'S PROTECTION IS DROPPED — the record behind the LIVE binding can be forgotten, so a working node reads the team channel today and, the boot restore finding no record, silently cannot tomorrow ([[B240]]'s exact shape arriving through a management screen) -> RED (10 assertion(s) failed, match count 1)
  [w2]   ok   T58 ★★★★ THE COMPACTION LEAVES A **SECRET-BEARING TAIL** — the vacated slot is not wiped, so the blob keeps a byte-for-byte DUPLICATE of a still-live team's PRIVATE key in a slot nothing reads and nothing clears, recoverable from a flash dump long after the operator believed a key had been removed -> RED (3 assertion(s) failed, match count 1)
  [w1]   ok   T60 ★★★ A FAILED SAVE IS RENDERED AS A SUCCESS — the one `/mrteams` write came back false and the verb still answers `forgotten`, so the panel says `KEY FORGOTTEN` about a removal that did not complete -> RED (7 assertion(s) failed, match count 1)
  [w0]   ok   T59 ★★★ THE COMPACTION BECOMES A SWAP-WITH-THE-LAST — the survivors are re-ordered under the operator's cursor between one removal and the next, and the tail wipe then clears a slot the swap already overwrote -> RED (4 assertion(s) failed, match count 1)
  [w2]   ok   T61 ★★★★ THE LIST RETURNS **KEY MATERIAL** — the metadata row is filled from the record's PRIVATE half instead of from its public id, so the enumeration becomes the reader K1 says this file does not have -> RED (14 assertion(s) failed, match count 1)
  [w1]   ok   T63 ★★★ THE BINDING READ IS FAIL-OPEN — an unreadable `/mrcfg` record is treated as "nothing is active", so a removal proceeds without ever establishing which record is the PROTECTED one (C2 inverted, T54's shape one verb over and with a destructive consequence) -> RED (5 assertion(s) failed, match count 1)
  [w0]   ok   T62 ★★ THE MISSING STORE AND THE UNREADABLE STORE ARE COLLAPSED — "the flash would not open" reads as "there is no such record", so the operator is told a key is already gone while four intact ones sit behind a transient mount failure -> RED (2 assertion(s) failed, match count 1)
  [w2]   ok   T64 ★★★ THE ACTIVE PREDICATE ASKS **MEMBERSHIP** INSTEAD OF THE BINDING — a node that has left a team (`team 0` clears the binding and RETAINS the record, P-2b) can no longer free that record, and a stale binding's own record stops being protected: the marker and the protection both move to the wrong row -> RED (5 assertion(s) failed, match count 1)
  [w1]   ok   T67 ★★★★ THE RECEIVED GRANT'S FULL-KEYRING DISTINCTION IS REMOVED — the verdict stops carrying the one fact a ROUTE cannot, so the fifth RECEIVED grant loses its way out of the dead end (spec §K6 :987, either origin) -> RED (5 assertion(s) failed, match count 1)
  [w0]   ok   T65 ★★ THE REMOVAL'S ZERO FLOOR IS DROPPED — `forget(0)` reaches the binding and the store instead of being refused before anything is read, and answers a different arm's word -> RED (3 assertion(s) failed, match count 1)
  [w2]   ok   T68 ★★★ THE FULL FACT IS CLAIMED FOR **EVERY** KEYRING REFUSAL — a corrupt or unopenable store also offers the removal list, i.e. a false remedy for a fault that has nothing to do with the four records -> RED (16 assertion(s) failed, match count 1)
  [w2] source restored: md5 d5ec2e56c194d51c8d5c9f679232e380 (MATCHES)
  [w2] shard 2: 22 RED / 0 unusable   (of 22 entries)
  [w1]   ok   T66 ★ THE `KeyringForget` SENTINEL IS GIVEN A PLAUSIBLE WORD — `count` stops reading as "not an outcome" and starts reading as a successful removal, which is the fence's whole point (the T38 shape, a fourth enum over) -> RED (1 assertion(s) failed, match count 1)
  [w1] source restored: md5 d5ec2e56c194d51c8d5c9f679232e380 (MATCHES)
  [w1] shard 1: 23 RED / 0 unusable   (of 23 entries)
  [w0]   ok   T69 ★★ THE VERDICT RE-DECIDES THE ROUTE instead of CALLING the landed classifier — the three ruled rows are put at the mercy of a second authority that can drift from `grant_ui_route_of` -> RED (24 assertion(s) failed, match count 1)
  [w0] source restored: md5 d5ec2e56c194d51c8d5c9f679232e380 (MATCHES)
  [w0] shard 0: 23 RED / 0 unusable   (of 23 entries)

======================================================================================================================
-- MERGED REPORT — target teamkeyring: /tmp/mr-s10-r3-j6pcxvmv/union-inputs/src/firmware_team_keyring.h
  ok   clean baseline 2950 / 195770 / 0   (DERIVED per worker tree; 3 tree(s) agree)
  !!!!!!!!!!!!!!!!!!!!!!!!!!!!!!!!!!!!!!!!!!!!!!!!!!!!!!!!!!!!!!!!!!!!!!!!!!!!!!!!!!!!!!!!!!!!!!!!!!!!!!!!!!!!!!!!
  !!  STALE CROSS-CHECK PIN — the hand-pinned figure is NOT what these clean trees run.
  !!      pinned   2950 / 195768   (PIN_CASES, this file)
  !!      derived  2950 / 195770   <-- THE BATTERY USED THIS
  !!  The battery RAN anyway, IN FULL (all 68 entries): per [[B217]] a stale figure must NEVER zero a run.
  !!  Then re-pin PIN_CASES / PIN_ASSERTS with the derivation (or unset MR_MUT_BASE).
  !!!!!!!!!!!!!!!!!!!!!!!!!!!!!!!!!!!!!!!!!!!!!!!!!!!!!!!!!!!!!!!!!!!!!!!!!!!!!!!!!!!!!!!!!!!!!!!!!!!!!!!!!!!!!!!!
  ok   T01 ★★★ P-15 BROKEN: a FULL keyring EVICTS THE OLDEST record — the tree's own idiom, destroying a secret -> RED (82 assertion(s) failed, match count 1)
  ok   T02 ★ the byte-identical coalescing guard is dropped — every re-grant of the SAME key writes flash -> RED (13 assertion(s) failed, match count 1)
  ok   T03 the compare covers only the KEY, not the whole record (a moved id or a dirty `reserved` reads as unchanged) -> RED (4 assertion(s) failed, match count 1)
  ok   T04 ★★ `team_id == 0` IS STORED — a zero-keyed row that matches every teamless node's binding -> RED (5 assertion(s) failed, match count 1)
  ok   T05 ★★ ONE RECORD PER TEAM BROKEN: a re-key APPENDS a second row for the same team_id -> RED (43 assertion(s) failed, match count 1)
  ok   T06 the composition path no longer zeroes the record first — a stale tail defeats the coalescing compare -> RED (1 assertion(s) failed, match count 1)
  ok   T07 an UNREADABLE store is silently RESEEDED — up to four intact keys destroyed by a transient mount fault -> RED (18 assertion(s) failed, match count 1)
  ok   T08 the two unreadable answers are COLLAPSED, so a dead store and a corrupt record read alike -> RED (4 assertion(s) failed, match count 1)
  ok   T09 `io_failed` stops counting as unreadable, so `put` writes onto a record it never read -> RED (9 assertion(s) failed, match count 1)
  ok   T10 the ABSENT seed is dropped, so a partial read's GARBAGE is written back as the keyring -> RED (8 assertion(s) failed, match count 1)
  ok   T11 a failed save is reported as a success (the 'success that isn't', over a key nothing stored) -> RED (14 assertion(s) failed, match count 1)
  ok   T12 ★★ THE SECRET BUFFER IS LEFT UNWIPED — the transient key material outlives the call -> RED (8 assertion(s) failed, match count 1)
  ok   T14 ★★★ TERM (i) — P-2b BROKEN: the ACTIVE flag is dropped, so mere knowledge of the team id reactivates the key -> RED (9 assertion(s) failed, match count 1)
  ok   T22 ★★★ TERM (ii) — MEMBERSHIP DROPPED: a stale binding installs ANOTHER team's key on this node -> RED (8 assertion(s) failed, match count 1)
  ok   T15 ★★ TERM (iii) — the restore falls back to the FIRST record when the bound team has none -> RED (11 assertion(s) failed, match count 1)
  ok   T23 ★★★ TERM (iv) — THE COMMITTED WITNESS DROPPED: a FAILED re-key becomes effective at the next boot -> RED (14 assertion(s) failed, match count 1)
  ok   T25 TERM (iv) HALF-APPLIED: the witness is consulted only when /mrcfg happens to carry one -> RED (3 assertion(s) failed, match count 1)
  ok   T16 ★★ TERM (v) — THE CORRUPTION CHECK IS IGNORED: a record whose pub does not verify is reported as installed -> RED (4 assertion(s) failed, match count 1)
  ok   T24 ★★★ THE VERDICT IS REPORTED BUT NOT APPLIED — a key installed by an earlier boot step SURVIVES a refusal -> RED (38 assertion(s) failed, match count 1)
  ok   T26 the governance is HALF-APPLIED: the store arms clear, the BINDING arms do not (the stale-binding hole) -> RED (6 assertion(s) failed, match count 1)
  ok   T17 an UNREADABLE store is reported as 'no key stored' (the honesty this record's four states exist for) -> RED (4 assertion(s) failed, match count 1)
  ok   T18 the restore WRITES (a 'repair' on the read path — flash wear, and a corrupt store overwritten unread) -> RED (1 assertion(s) failed, match count 1)
  ok   T19 `team_key_find` answers for team 0, so a bit-rotted zero row can satisfy a binding -> RED (1 assertion(s) failed, match count 1)
  ok   T20 a bit-rotted count is PERSISTED FORWARD instead of repaired by the write that follows it -> RED (1 assertion(s) failed, match count 1)
  ok   T21 the ruled `KEYRING FULL` lexeme is re-spelled (a string declared once, changed in one place — or not) -> RED (2 assertion(s) failed, match count 1)
  ok   T27 ★★★ THE ORDER IS INVERTED — the `/mrcfg` ACTIVATION is written BEFORE the durable key, so a reboot landing between the two finds a binding with no key behind it (QG blocker 2, arriving by push) -> RED (17 assertion(s) failed, match count 1)
  ok   T28 ★★★ A FAILED `/mrteams` WRITE STILL ANSWERS `saved` — the push is forwarded and the panel says TEAM KEY RECEIVED for a key that exists only in RAM. This IS [[B240]] restored (F-10, the headline) -> RED (32 assertion(s) failed, match count 1)
  ok   T29 ★★ A FAILED `/mrcfg` ACTIVATION STILL ANSWERS `saved` — the key is durable but nothing will ever install it, and the panel claims durable adoption anyway -> RED (3 assertion(s) failed, match count 1)
  ok   T30 ★ RE-CHECK (1) DROPPED — a grant naming team 0 reaches the store, which then has to refuse it there -> RED (4 assertion(s) failed, match count 1)
  ok   T31 ★★★ RE-CHECK (2) DROPPED — the LIVE membership is not re-asked, so a `team 0` between RX and drain still activates the departed team's key -> RED (6 assertion(s) failed, match count 1)
  ok   T32 ★★★ RE-CHECK (3) ANSWERS `saved` — a node whose key was WIPED between RX and drain forwards the push and the panel says TEAM KEY RECEIVED for a key it does not even hold -> RED (5 assertion(s) failed, match count 1)
  ok   T37 ★★ RE-CHECK (3) IS MOVED **BELOW** THE `/mrcfg` READ — the refusal still happens, but a node with no key now pays a flash read for a receipt it was always going to drop (the ⛔ ZERO-I/O half of the rule) -> RED (1 assertion(s) failed, match count 1)
  ok   T33 ★★★ RE-CHECK (4) DROPPED — the PERSISTED record is never compared, so a key is marked ACTIVE against a `/mrcfg` that names another team (QG blocker 3, arriving by push) -> RED (3 assertion(s) failed, match count 1)
  ok   T34 ★★ THE UNREADABLE `/mrcfg` RECORD FAILS **OPEN** — an unestablished term is treated as satisfied and both records are written on facts nobody read (C2, inverted) -> RED (4 assertion(s) failed, match count 1)
  ok   T35 ★★ THE ACTIVATION'S ZERO-WRITE GUARD IS DROPPED — every re-grant of the SAME key rewrites `/mrcfg`, and a teammate re-sends on every join (K1's flash-wear discipline, on the second record) -> RED (4 assertion(s) failed, match count 1)
  ok   T36 ★ THE GUARD BECOMES 'A KEY IS PRESENT' RATHER THAN 'THIS KEY' — a stale witness for another team, or for a different public half, is accepted and the boot then rejects the pair it names -> RED (3 assertion(s) failed, match count 1)
  ok   T38 ★ THE SENTINEL IS GIVEN A PLAUSIBLE WORD — `count` stops reading as 'not an outcome' and starts reading as one, which is how a sentinel quietly becomes a state a carrier may hold -> RED (1 assertion(s) failed, match count 1)
  ok   T39 ★★★★ A SUPPRESSED ARM IS ROUTED TO THE FAILED-SAVE DOOR — the live pair was WIPED between RX and drain, and the panel is made to say `TEAM KEY ACTIVE` about a key this node does not hold. THIS IS THE QG BLOCKER of 2026-08-25, restored verbatim (the honest-looking 'tell the operator something' reflex) -> RED (5 assertion(s) failed, match count 1)
  ok   T40 ★★★ AN `active_unsaved` ARM IS COLLAPSED INTO SILENCE — a keyring write that really failed over a key that really IS live says NOTHING, so the operator walks away believing a key he will lose on the next reboot is durable ([[B243]] restored from the other side) -> RED (21 assertion(s) failed, match count 1)
  ok   T41 ★★★★ THE VERDICT IS COLLAPSED BACK TO A BOOLEAN — every non-`saved` outcome takes the failed-save door, which is the WITHDRAWN shape exactly: the three before-re-check-(3) arms all claim an ACTIVE key -> RED (11 assertion(s) failed, match count 1)
  ok   T42 ★★ the presence question FAILS OPEN — an unreadable store answers 'yes', so the offer is made against a keyring nobody could read and the operator is walked into a refusal -> RED (2 assertion(s) failed, match count 1)
  ok   T43 ★★★ the presence question stops naming THE TEAM — any record at all answers yes, so `SAVED KEY FOUND` is offered for a team with NO retained record (P-2b's sibling) -> RED (1 assertion(s) failed, match count 1)
  ok   T44 ★★★★ THE ACTIVATION FORKS A SECOND INSTALL PATH — the binding is committed WITHOUT adopting, so the record is never verified and the panel reports a key the core does not hold -> RED (18 assertion(s) failed, match count 1)
  ok   T45 ★★★ A FAILED ACTIVATION IS REPORTED AS A SUCCESS — the `/mrcfg` write came back false and the verb still answers `installed`, so the panel claims a key the next boot will not restore -> RED (8 assertion(s) failed, match count 1)
  ok   T46 ★★★ THE FAILED ACTIVATION IS LEFT **HALF-INSTALLED** — the live key stays up with no durable binding behind it, which is [[B240]]'s exact shape (works at the trailhead, dead at the summit) -> RED (4 assertion(s) failed, match count 1)
  ok   T47 ★★ THE ORDER IS INVERTED — the `/mrcfg` activation is committed BEFORE the record is verified, so a CORRUPT record leaves an active binding with nothing behind it -> RED (11 assertion(s) failed, match count 1)
  ok   T48 ★★ the activation's ZERO FLOOR is dropped — `use_saved(0)` reaches the store instead of being refused before a load, and answers a different arm's word -> RED (3 assertion(s) failed, match count 1)
  ok   T49 ★ the two absent-ish answers are COLLAPSED — 'there is no record for this team' and 'the store could not be read at all' read alike, although they take different operator actions -> RED (2 assertion(s) failed, match count 1)
  ok   T50 ★★★★ THE MEMBERSHIP RE-CHECK IS DROPPED — a STALE offer installs another team's key under this team's record (the A -> B race, QG blocker 1 restored verbatim) -> RED (13 assertion(s) failed, match count 1)
  ok   T51 ★★★ THE RE-CHECK ASKS THE **BINDING** INSTEAD OF THE MEMBERSHIP — a stale binding then authorises itself, which is QG blocker 3's shape (the boot restore's term (ii)) arriving through the operator's button -> RED (42 assertion(s) failed, match count 1)
  ok   T52 ★★★★ THE REFUSAL GOES BACK THROUGH A CLEARING FUNNEL — the stale-target arm WIPES the live key, which at that moment belongs to the team we ARE in: an innocent key destroyed by a refusal about a different one -> RED (5 assertion(s) failed, match count 1)
  ok   T53 ★★★ THE WRITER'S SECOND AUTHORITY IS DROPPED — `commit_active` will write an ACTIVE BINDING into a `/mrcfg` record whose MEMBERSHIP names another team, i.e. a binding that lies and a boot that comes up keyless -> RED (7 assertion(s) failed, match count 1)
  ok   T54 ★★ THE FAIL-CLOSED READ IS FAIL-OPEN — an unreadable `/mrcfg` record is treated as a satisfied membership term, so the activation proceeds on facts nobody read (C2, inverted — T34's shape one verb over) -> RED (43 assertion(s) failed, match count 1)
  ok   T55 ★★★★ SILENT OLDEST-RECORD EVICTION IN `put` — the fifth team quietly displaces the first, so a `team new` destroys an unrelated retained key and the operator is never told (P-15 inverted, the idiom's own trap) -> RED (82 assertion(s) failed, match count 1)
  ok   T56 ★★★★ THE ACTIVE KEY'S PROTECTION IS DROPPED — the record behind the LIVE binding can be forgotten, so a working node reads the team channel today and, the boot restore finding no record, silently cannot tomorrow ([[B240]]'s exact shape arriving through a management screen) -> RED (10 assertion(s) failed, match count 1)
  ok   T57 ★★★★ THE DELETE IS KEYED ON THE **DISPLAY FINGERPRINT** — the low 24 bits the panel prints — so two teams that share six hex digits are indistinguishable and the wrong key is destroyed while the right one is on screen ([[B48]]'s class, arriving through a delete) -> RED (7 assertion(s) failed, match count 1)
  ok   T58 ★★★★ THE COMPACTION LEAVES A **SECRET-BEARING TAIL** — the vacated slot is not wiped, so the blob keeps a byte-for-byte DUPLICATE of a still-live team's PRIVATE key in a slot nothing reads and nothing clears, recoverable from a flash dump long after the operator believed a key had been removed -> RED (3 assertion(s) failed, match count 1)
  ok   T59 ★★★ THE COMPACTION BECOMES A SWAP-WITH-THE-LAST — the survivors are re-ordered under the operator's cursor between one removal and the next, and the tail wipe then clears a slot the swap already overwrote -> RED (4 assertion(s) failed, match count 1)
  ok   T60 ★★★ A FAILED SAVE IS RENDERED AS A SUCCESS — the one `/mrteams` write came back false and the verb still answers `forgotten`, so the panel says `KEY FORGOTTEN` about a removal that did not complete -> RED (7 assertion(s) failed, match count 1)
  ok   T61 ★★★★ THE LIST RETURNS **KEY MATERIAL** — the metadata row is filled from the record's PRIVATE half instead of from its public id, so the enumeration becomes the reader K1 says this file does not have -> RED (14 assertion(s) failed, match count 1)
  ok   T62 ★★ THE MISSING STORE AND THE UNREADABLE STORE ARE COLLAPSED — "the flash would not open" reads as "there is no such record", so the operator is told a key is already gone while four intact ones sit behind a transient mount failure -> RED (2 assertion(s) failed, match count 1)
  ok   T63 ★★★ THE BINDING READ IS FAIL-OPEN — an unreadable `/mrcfg` record is treated as "nothing is active", so a removal proceeds without ever establishing which record is the PROTECTED one (C2 inverted, T54's shape one verb over and with a destructive consequence) -> RED (5 assertion(s) failed, match count 1)
  ok   T64 ★★★ THE ACTIVE PREDICATE ASKS **MEMBERSHIP** INSTEAD OF THE BINDING — a node that has left a team (`team 0` clears the binding and RETAINS the record, P-2b) can no longer free that record, and a stale binding's own record stops being protected: the marker and the protection both move to the wrong row -> RED (5 assertion(s) failed, match count 1)
  ok   T65 ★★ THE REMOVAL'S ZERO FLOOR IS DROPPED — `forget(0)` reaches the binding and the store instead of being refused before anything is read, and answers a different arm's word -> RED (3 assertion(s) failed, match count 1)
  ok   T67 ★★★★ THE RECEIVED GRANT'S FULL-KEYRING DISTINCTION IS REMOVED — the verdict stops carrying the one fact a ROUTE cannot, so the fifth RECEIVED grant loses its way out of the dead end (spec §K6 :987, either origin) -> RED (5 assertion(s) failed, match count 1)
  ok   T68 ★★★ THE FULL FACT IS CLAIMED FOR **EVERY** KEYRING REFUSAL — a corrupt or unopenable store also offers the removal list, i.e. a false remedy for a fault that has nothing to do with the four records -> RED (16 assertion(s) failed, match count 1)
  ok   T69 ★★ THE VERDICT RE-DECIDES THE ROUTE instead of CALLING the landed classifier — the three ruled rows are put at the mercy of a second authority that can drift from `grant_ui_route_of` -> RED (24 assertion(s) failed, match count 1)
  ok   T66 ★ THE `KeyringForget` SENTINEL IS GIVEN A PLAUSIBLE WORD — `count` stops reading as "not an outcome" and starts reading as a successful removal, which is the fence's whole point (the T38 shape, a fourth enum over) -> RED (1 assertion(s) failed, match count 1)
  worker 0: 23/23 entries, 23 RED / 0 worthless, wall 437.7s, rc 0, source restored: md5 d5ec2e56c194d51c8d5c9f679232e380 (MATCHES)   /tmp/mr_mutation_run-1_xwdbb3/w0
  worker 1: 23/23 entries, 23 RED / 0 worthless, wall 435.5s, rc 0, source restored: md5 d5ec2e56c194d51c8d5c9f679232e380 (MATCHES)   /tmp/mr_mutation_run-1_xwdbb3/w1
  worker 2: 22/22 entries, 22 RED / 0 worthless, wall 424.4s, rc 0, source restored: md5 d5ec2e56c194d51c8d5c9f679232e380 (MATCHES)   /tmp/mr_mutation_run-1_xwdbb3/w2
real tree untouched: all 62 target files byte-identical to launch (md5); no build ran in /tmp/mr-s10-r3-j6pcxvmv/union-inputs
timing: copy 4.0s + battery 437.7s = 441.7s total, 68 entries over 3 worker(s)
mutations: 68 RED / 0 unusable
  !!!!!!!!!!!!!!!!!!!!!!!!!!!!!!!!!!!!!!!!!!!!!!!!!!!!!!!!!!!!!!!!!!!!!!!!!!!!!!!!!!!!!!!!!!!!!!!!!!!!!!!!!!!!!!!!
  !!  REMINDER — the cross-check pin is STALE: pinned 2950 / 195768, these trees run 2950 / 195770.
  !!  The battery above RAN IN FULL (68 entries) on the derived figure ([[B217]]); re-pin PIN_CASES/PIN_ASSERTS.
  !!!!!!!!!!!!!!!!!!!!!!!!!!!!!!!!!!!!!!!!!!!!!!!!!!!!!!!!!!!!!!!!!!!!!!!!!!!!!!!!!!!!!!!!!!!!!!!!!!!!!!!!!!!!!!!!
