.........§B278 census selftest
  ok    the ruled bounds re-derive from lib/core/protocol_constants.h + node.h
  ok    P1 one receipt
  ok    P1 status bound
  ok    P1 age is the derived difference
  ok    P1 classified delegated (deleg_ack_put ctr_h==ctr and peer==dst)
  ok    P1 age exceeds the 300 s threshold
  ok    N1 wrong node -> unbound
  ok    N2 wrong dst -> unbound
  ok    N3 wrong ctr -> unbound
  ok    N4 origin after the receipt -> unbound
  ok    N5 two origins -> ambiguous, never the nearest
  ok    N6 no deleg_ack_put -> bound but NOT delegated
  ok    N6b deleg_ack_put with a different return key -> NOT delegated
  ok    O1 eight direct puts modelled
  ok    O1 max occupancy at 300 s == 8
  ok    O1 max occupancy at 750 s == 8
  ok    O2 at 300 s the two rows never coexist
  ok    O2 at 750 s they do  (this is R2's whole cost)
  ok    O3 the ACK released exactly one row
  ok    O3 the row's life ends at the ACK, not at the TTL
  ok    O3 reserve+put collapse to ONE row, not two
  ok    O3 the end is OBSERVED, so the row is not left open
  ok    O3 the registration authority is no longer needed for the bind
  ok    O3s an ACK whose ctr_h no row activated on -> unbound, row NOT freed
  ok    O3s the row therefore lives to its TTL
  ok    O3s an ACK naming another mobile's hash -> unbound, never paired by ctr alone
  ok    O3a two rows sharing {mobile_hash, ctr_m, ctr_h} -> AMBIGUOUS, never the first match
  ok    O3f a `mobile_reverse_ack` without `mobile_hash` REFUSES (a missing field is not a zero)
  ok    O3f a `mobile_reverse_ack` without `ctr_h` REFUSES (a missing field is not a zero)
  ok    O3f a `ctr_h` of False REFUSES (bool subclasses int; only a type identity rejects it)
  ok    O3f a `ctr_h` of 2.0 REFUSES (bool subclasses int; only a type identity rejects it)
  ok    O3f a `ctr_h` of '9' REFUSES (bool subclasses int; only a type identity rejects it)
  ok    O3f a `deleg_ack_reserved` without `target_kind` REFUSES (a pre-S1b stream is not this measurement)
  ok    O4 reserved-never-activated counted
  ok    O4 an unclosed row is reported as such, not folded into a bound
  ok    O4 lo arm gives it no span
  ok    O4 hi arm holds it to the TTL
  ok    O5 the release closed the row exactly, with its cause
  ok    O5 lo and hi now COINCIDE — the S0/S1a gap is closed
  ok    O5 all seven release causes are accepted and counted separately
  ok    O5s an orphan release is UNBOUND, never invented into a row
  ok    O6 the expiry closed the row at the named edge, with its exact custody state
  ok    O6s an orphan expiry is UNBOUND, never invented into a row
  ok    O7 a forward event binds to EXACTLY ONE live active row and stamps it
  ok    O7 a forwarded row is still closed by its later ACK
  ok    O7s an orphan forward is UNBOUND, never invented into a row
  ok    O7s a forward whose return peer disagrees does NOT bind (counter-only matching is refused)
  ok    O7s an AMBIGUOUS forward (two live rows share the wire-visible identity) is UNBOUND
  ok    O7s a forward missing `type` REFUSES the run
  ok    O7s a forward missing `ctr_m` REFUSES the run
  ok    O7s a boolean `ctr_h` REFUSES — only a type-IDENTITY test rejects it
  ok    O8 an expiry reporting `forwarded` is ACCEPTED when a forward event bound to that row
  ok    O8s an expiry CLAIMING `forwarded` with no forward event behind it is a FINDING
  ok    S1 a mutated ACK bound REFUSES against the header (no stale bound is reported as current)

PASS: §B278 census selftest, 0 failure(s)
§B278 census selftest
  ok    the ruled bounds re-derive from lib/core/protocol_constants.h + node.h
  ok    P1 one receipt
  ok    P1 status bound
  FAIL  P1 age is the derived difference: got 1, want 400000
  ok    P1 classified delegated (deleg_ack_put ctr_h==ctr and peer==dst)
  FAIL  P1 age exceeds the 300 s threshold: got False, want True
  FAIL  N1 wrong node -> unbound: got 'bound', want 'unbound'
  FAIL  N2 wrong dst -> unbound: got 'bound', want 'unbound'
  FAIL  N3 wrong ctr -> unbound: got 'bound', want 'unbound'
  FAIL  N4 origin after the receipt -> unbound: got 'bound', want 'unbound'
  FAIL  N5 two origins -> ambiguous, never the nearest: got 'bound', want 'ambiguous'
  FAIL  N6 no deleg_ack_put -> bound but NOT delegated: got ('bound', True), want ('bound', False)
  FAIL  N6b deleg_ack_put with a different return key -> NOT delegated: got True, want False
  ok    O1 eight direct puts modelled
  ok    O1 max occupancy at 300 s == 8
  ok    O1 max occupancy at 750 s == 8
  ok    O2 at 300 s the two rows never coexist
  ok    O2 at 750 s they do  (this is R2's whole cost)
  ok    O3 the ACK released exactly one row
  ok    O3 the row's life ends at the ACK, not at the TTL
  ok    O3 reserve+put collapse to ONE row, not two
  ok    O3 the end is OBSERVED, so the row is not left open
  ok    O3 the registration authority is no longer needed for the bind
  ok    O3s an ACK whose ctr_h no row activated on -> unbound, row NOT freed
  ok    O3s the row therefore lives to its TTL
  ok    O3s an ACK naming another mobile's hash -> unbound, never paired by ctr alone
  ok    O3a two rows sharing {mobile_hash, ctr_m, ctr_h} -> AMBIGUOUS, never the first match
  ok    O3f a `mobile_reverse_ack` without `mobile_hash` REFUSES (a missing field is not a zero)
  ok    O3f a `mobile_reverse_ack` without `ctr_h` REFUSES (a missing field is not a zero)
  ok    O3f a `ctr_h` of False REFUSES (bool subclasses int; only a type identity rejects it)
  ok    O3f a `ctr_h` of 2.0 REFUSES (bool subclasses int; only a type identity rejects it)
  ok    O3f a `ctr_h` of '9' REFUSES (bool subclasses int; only a type identity rejects it)
  ok    O3f a `deleg_ack_reserved` without `target_kind` REFUSES (a pre-S1b stream is not this measurement)
  ok    O4 reserved-never-activated counted
  ok    O4 an unclosed row is reported as such, not folded into a bound
  ok    O4 lo arm gives it no span
  ok    O4 hi arm holds it to the TTL
  ok    O5 the release closed the row exactly, with its cause
  ok    O5 lo and hi now COINCIDE — the S0/S1a gap is closed
  ok    O5 all seven release causes are accepted and counted separately
  ok    O5s an orphan release is UNBOUND, never invented into a row
  ok    O6 the expiry closed the row at the named edge, with its exact custody state
  ok    O6s an orphan expiry is UNBOUND, never invented into a row
  ok    O7 a forward event binds to EXACTLY ONE live active row and stamps it
  ok    O7 a forwarded row is still closed by its later ACK
  ok    O7s an orphan forward is UNBOUND, never invented into a row
  ok    O7s a forward whose return peer disagrees does NOT bind (counter-only matching is refused)
  ok    O7s an AMBIGUOUS forward (two live rows share the wire-visible identity) is UNBOUND
  ok    O7s a forward missing `type` REFUSES the run
  ok    O7s a forward missing `ctr_m` REFUSES the run
  ok    O7s a boolean `ctr_h` REFUSES — only a type-IDENTITY test rejects it
  ok    O8 an expiry reporting `forwarded` is ACCEPTED when a forward event bound to that row
  ok    O8s an expiry CLAIMING `forwarded` with no forward event behind it is a FINDING
  ok    S1 a mutated ACK bound REFUSES against the header (no stale bound is reported as current)

FAIL: §B278 census selftest, 9 failure(s)
§B278 census selftest
  ok    the ruled bounds re-derive from lib/core/protocol_constants.h + node.h
  ok    P1 one receipt
  ok    P1 status bound
  ok    P1 age is the derived difference
  ok    P1 classified delegated (deleg_ack_put ctr_h==ctr and peer==dst)
  ok    P1 age exceeds the 300 s threshold
  ok    N1 wrong node -> unbound
  ok    N2 wrong dst -> unbound
  ok    N3 wrong ctr -> unbound
  ok    N4 origin after the receipt -> unbound
  ok    N5 two origins -> ambiguous, never the nearest
  ok    N6 no deleg_ack_put -> bound but NOT delegated
  ok    N6b deleg_ack_put with a different return key -> NOT delegated
  ok    O1 eight direct puts modelled
  ok    O1 max occupancy at 300 s == 8
  ok    O1 max occupancy at 750 s == 8
  ok    O2 at 300 s the two rows never coexist
  ok    O2 at 750 s they do  (this is R2's whole cost)
.................................................../usr/lib/python3.11/unittest/case.py:579: ResourceWarning: unclosed file <_io.TextIOWrapper name='/dev/null' mode='w' encoding='UTF-8'>
  if method() is not None:
ResourceWarning: Enable tracemalloc to get the object allocation traceback
............................................................................................................................s....................................................................................................................................................FF.FF.............
======================================================================
FAIL: test_it_executed_its_pinned_cells_checks_and_controls (test_probe_features.TheGateRuns.test_it_executed_its_pinned_cells_checks_and_controls)
----------------------------------------------------------------------
Traceback (most recent call last):
  File "/tmp/mr-s8b-r5-mfhusrrg/snapshot/tools/test_probe_features.py", line 257, in test_it_executed_its_pinned_cells_checks_and_controls
    self.assertRegex(self.gate.stdout,
AssertionError: Regex didn't match: 'matrix: (\\d+) configuration cells \\(pin \\1\\), (\\d+) checks .*0 failed \\(pin \\2\\)' not found in "== §remote-admin v2 slice 1 — the mr_features.h configuration matrix (the REAL lib/core header) ==\n   header under test : /tmp/mr-s8b-r5-mfhusrrg/snapshot/lib/core/mr_features.h\n   md5(header)       : 04cd8bcc4c7425563267ee5477f57a06\n   compiler          : g++ (g++ (Debian 12.2.0-14+deb12u1) 12.2.0)\n\n== control classification (declared up-front; nothing below may be reclassified after the fact) ==\n  class A — PRODUCTION COMPILE-TIME REFUSAL (A1..A4)\n      measured RED = the declared INVALID configuration fails to compile AT the intended mr_features.h diagnostic\n                     (matched against text EXTRACTED from the production header), AND its legal sibling\n                     configuration still compiles and runs green under the same mutant.\n      NEVER a RED  = a missing compiler, a syntax error, an unrelated #error, a promoted warning, a signal,\n                     a timeout, or a probe-owned assertion.\n  class B — EXECUTABLE MATRIX MUTATION (B1..B6)\n      measured RED = the mutated header BUILDS, the driver RUNS, and it names the expected wrong-value assertion;\n                     a collateral cell stays green, so the mutation is scoped rather than global.\n      NEVER a RED  = any build failure or abnormal exit without the named failed assertion.\n  class C — GUARD REMOVAL / GUARD SCOPE (C1..C5)\n      measured RED = deleting ONE production check on an isolated copy makes its own invalid fixture COMPILE\n                     (proving that check, and no other, was refusing it); C5 instead WIDENS the board-only fence\n                     and the legitimate host {1,1} must then be refused. The enclosing gate rejects the changed\n                     outcome for the named reason.\n      NEVER a RED  = a missing/multiple mutation match, an unexplained failure, or an unchanged outcome.\n  class X — THE CONTROLS OF THE CONTROLS (X1..X4)\n      a broken toolchain, an unrelated syntax error and an unrelated #error must each classify as NOT-a-refusal,\n      and the classifier's own truth table must discriminate. Plus the three pins above, which the wrapper\n      sabotages (MR_PROBE_DROP) to prove that dropping a cell / a check / a control cannot preserve PASS.\n  class W — SLICE-1b OWNERSHIP VIOLATION (W-*)          [ownership.py --controls; NOTHING is compiled]\n      measured RED = ONE exact-match edit on an ISOLATED COPY of the sources makes the ownership checker REJECT\n                     that copy, AND the NAMED check(s) are the ones that reject it (reported by id).\n      NEVER a RED  = a nonzero exit alone, a rejection by some other check only, a find text that matches zero or\n                     more than one time (that is an INSTRUMENT ERROR, ctl-BAD), or an unreadable source.\n  class Y — THE CONTROLS OF THE OWNERSHIP CONTROLS (Y0..Y5)\n      Y0 the untouched copy must pass every check first (else no rejection below means anything) · Y1 a benign\n      comment edit must NOT be rejected · Y2 a multi-match and Y3 a vacuous find must be refused as instrument\n      errors · Y4 an unreadable source must raise a GATE ERROR, never a pass · Y5 the shared checkout must be\n      byte-identical before and after.\n\n  ok   S1 the header declares exactly 3 distinct board-only #error diagnostics (extracted, not typed here)\n       [1] board build is BOTH remote-admin endpoints: MR_FEAT_RADMIN_CLIENT and MR_FEAT_RADMIN_ACCEPT are both 1 (R-RA-17: a board is either managed or managing)\n       [2] board build is NEITHER remote-admin endpoint: MR_FEAT_RADMIN_CLIENT and MR_FEAT_RADMIN_ACCEPT are both 0 (R-RA-17: a board is either managed or managing)\n       [3] board build disagrees with itself: MR_FEAT_RADMIN_ACCEPT != MR_FEAT_REMOTE_MGMT (they must agree until the legacy remote-mgmt switch is deleted)\n  ok   S2 the pair is DERIVED with no #ifndef override surface (an invalid pair cannot be dialled in by -D)\n\n== the slice-1b first-consumer ownership contract (the REAL lib/core sources) ==\n  ok   O1 the pair is named in CODE by exactly the 10 approved files: lib/core/mr_features.h, lib/core/node.cpp, lib/core/node.h, lib/core/node_mac_rx.cpp, src/firmware_commands.cpp, src/firmware_commands.h, src/firmware_help.h, src/firmware_remote_actions.cpp, src/firmware_remote_actions.h, src/fw_main.cpp\n  ok   O2 lib/core/mr_features.h is the sole definer, with 6 `#define`s (3 derivation arms x 2 capabilities)\n  ok   O3 lib/core/node.h names the pair only on 8 `#if` declaration guards, never in an expression\n  ok   O4a lib/core/mr_features.h: all 9 naming sites match the approved census exactly\n  ok   O4b lib/core/node.cpp: all 2 naming sites match the approved census exactly\n  ok   O4c lib/core/node.h: all 8 naming sites match the approved census exactly\n  ok   O4d lib/core/node_mac_rx.cpp: all 11 naming sites match the approved census exactly\n  ok   O4e src/firmware_commands.cpp: all 10 naming sites match the approved census exactly\n  ok   O4f src/firmware_commands.h: all 2 naming sites match the approved census exactly\n  ok   O4g src/firmware_help.h: all 3 naming sites match the approved census exactly\n  ok   O4h src/firmware_remote_actions.cpp: all 1 naming sites match the approved census exactly\n  ok   O4i src/firmware_remote_actions.h: all 1 naming sites match the approved census exactly\n  ok   O4j src/fw_main.cpp: all 9 naming sites match the approved census exactly\n  ok   O5 no directive widens a RADMIN capability with MR_FEAT_REMOTE_MGMT (the one `!=` agreement pin in mr_features.h is permitted BY NAME)\n  ok   O6a all 3 occurrences of `rx_remote_cmd_accept` compile under `MR_FEAT_RADMIN_ACCEPT` and never under `MR_FEAT_RADMIN_CLIENT`\n  ok   O6b all 3 occurrences of `rx_remote_resp_client` compile under `MR_FEAT_RADMIN_CLIENT` and never under `MR_FEAT_RADMIN_ACCEPT`\n  ok   O6c one CLIENT-owned controller receive call; no legacy staging declaration, definition or drain\n  ok   O7a the production router makes exactly ONE call to the pure decision, with (pa.type, MR_FEAT_RADMIN_CLIENT, MR_FEAT_RADMIN_ACCEPT) in the declared order\n  ok   O7b both dispatch arms select on the DECISION'S RESULT, not on the raw type byte\n  ok   O8 both owned arms CONSUME the frame (`become_free(); return;` immediately after the owner call)\n  ok   O9 there is no `none` arm — an unowned remote type takes no branch here and reaches the guard\n  ok   O10 no file under test/ names the capability pair in code — tests are not production owners\n  ok   O11 the pure decision is declared `static` and compiled UNGATED on every build (only its consumers are capability-gated)\n  ok   O12 the pair has no `#ifndef` override surface in lib/, src/ or test/ (R-RA-26)\n  ok   O13 source integrity: 226 scanned files, sha256(tree) 80a659aac5519bc5… before and after\n\n== derived environment -> cell mapping (platformio.ini via pio, + the simulator's CMakeLists) ==\n   platformio.ini  : /tmp/mr-s8b-r5-mfhusrrg/snapshot/platformio.ini\n   simulator source: /tmp/mr-s8b-r5-mfhusrrg/lora-universal-simulator/CMakeLists.txt\n   map  gateway                framework=arduino  -> board_gateway_oled0  [MR_GATEWAY_BUILD=1 MR_N_LAYERS=2 MR_PROFILE_GATEWAY]\n   map  gateway_esp32s3        framework=arduino  -> board_gateway_oled0  [MR_GATEWAY_BUILD=1 MR_N_LAYERS=2 MR_PROFILE_GATEWAY]\n   map  gateway_heltec         framework=arduino  -> board_gateway_oled1  [MR_FEAT_OLED=1 MR_GATEWAY_BUILD=1 MR_N_LAYERS=2 MR_PROFILE_GATEWAY]\n   map  gateway_heltec_v4      framework=arduino  -> board_gateway_oled1  [MR_FEAT_OLED=1 MR_GATEWAY_BUILD=1 MR_N_LAYERS=2 MR_PROFILE_GATEWAY]\n   map  heltec_mobile          framework=arduino  -> board_mobile_oled1   [MR_FEAT_OLED=1 MR_PROFILE_MOBILE]\n   map  heltec_v3              framework=arduino  -> board_static_oled1   [MR_FEAT_OLED=1]\n   map  heltec_v4              framework=arduino  -> board_static_oled1   [MR_FEAT_OLED=1]\n   map  heltec_v4_mobile       framework=arduino  -> board_mobile_oled1   [MR_FEAT_OLED=1 MR_PROFILE_MOBILE]\n   map  native                 framework=-        -> host_native          [MESHROUTE_NATIVE=1 MR_N_LAYERS=2]\n   map  production             framework=arduino  -> board_static_oled0   []\n   map  xiao_esp32s3           framework=arduino  -> board_static_oled0   []\n   map  xiao_esp32s3_mobile    framework=arduino  -> board_mobile_oled0   [MR_PROFILE_MOBILE]\n   map  xiao_mobile            framework=arduino  -> board_mobile_oled0   [MR_PROFILE_MOBILE]\n   map  xiao_sx1262            framework=arduino  -> board_static_oled0   []\n  ok   E1 every board env declares framework=arduino: 13 board envs\n  ok   E2 MR_PROFILE_MOBILE envs = 4 ['heltec_mobile', 'heltec_v4_mobile', 'xiao_esp32s3_mobile', 'xiao_mobile']\n  ok   E3 MR_PROFILE_GATEWAY envs = 4 ['gateway', 'gateway_esp32s3', 'gateway_heltec', 'gateway_heltec_v4']\n  ok   E4 no-profile STATIC PRODUCT envs = 5 ['heltec_v3', 'heltec_v4', 'production', 'xiao_esp32s3', 'xiao_sx1262']\n  ok   E5 the only non-arduino env is `native`, and it defines neither ARDUINO nor MR_PROFILE_*: hosts=['native']\n  ok   E6 no env sets both MR_PROFILE_MOBILE and MR_PROFILE_GATEWAY\n  ok   E7 MR_FEAT_OLED=1 envs = 6 ['gateway_heltec', 'gateway_heltec_v4', 'heltec_mobile', 'heltec_v3', 'heltec_v4', 'heltec_v4_mobile']; all three board roles occur at BOTH OLED values\n  FAIL E0 envmap could not run: simulator CMakeLists not found at /tmp/mr-s8b-r5-mfhusrrg/lora-universal-simulator/CMakeLists.txt (set MR_LUS_SRC)\n\n== the ruled configuration matrix: nine cells, each host-compiled and host-RUN ==\n  ok   board_mobile_oled0.hdr_integrity = 0x77c4a312bb6aa278\n  ok   board_mobile_oled0.MR_FEAT_TEAM = 1\n  ok   board_mobile_oled0.MR_FEAT_MOBILE = 1\n  ok   board_mobile_oled0.MR_FEAT_MOBILE_HOST = 1\n  ok   board_mobile_oled0.MR_FEAT_GATEWAY = 1\n  ok   board_mobile_oled0.MR_FEAT_OLED = 0\n  ok   board_mobile_oled0.MR_FEAT_REMOTE_MGMT = 0\n  ok   board_mobile_oled0.MR_FEAT_RADMIN_CLIENT = 1\n  ok   board_mobile_oled0.MR_FEAT_RADMIN_ACCEPT = 0\n   derived: board_mobile_oled0 TEAM=1 MOBILE=1 MOBILE_HOST=1 GATEWAY=1 OLED=0 REMOTE_MGMT=0 RADMIN_CLIENT=1 RADMIN_ACCEPT=0\n   cell board_mobile_oled0: 9 checks, 0 failed\n  ok   board_mobile_oled1.hdr_integrity = 0x77c4a312bb6aa278\n  ok   board_mobile_oled1.MR_FEAT_TEAM = 1\n  ok   board_mobile_oled1.MR_FEAT_MOBILE = 1\n  ok   board_mobile_oled1.MR_FEAT_MOBILE_HOST = 1\n  ok   board_mobile_oled1.MR_FEAT_GATEWAY = 1\n  ok   board_mobile_oled1.MR_FEAT_OLED = 1\n  ok   board_mobile_oled1.MR_FEAT_REMOTE_MGMT = 0\n  ok   board_mobile_oled1.MR_FEAT_RADMIN_CLIENT = 1\n  ok   board_mobile_oled1.MR_FEAT_RADMIN_ACCEPT = 0\n   derived: board_mobile_oled1 TEAM=1 MOBILE=1 MOBILE_HOST=1 GATEWAY=1 OLED=1 REMOTE_MGMT=0 RADMIN_CLIENT=1 RADMIN_ACCEPT=0\n   cell board_mobile_oled1: 9 checks, 0 failed\n  ok   board_gateway_oled0.hdr_integrity = 0x77c4a312bb6aa278\n  ok   board_gateway_oled0.MR_FEAT_TEAM = 0\n  ok   board_gateway_oled0.MR_FEAT_MOBILE = 0\n  ok   board_gateway_oled0.MR_FEAT_MOBILE_HOST = 1\n  ok   board_gateway_oled0.MR_FEAT_GATEWAY = 1\n  ok   board_gateway_oled0.MR_FEAT_OLED = 0\n  ok   board_gateway_oled0.MR_FEAT_REMOTE_MGMT = 1\n  ok   board_gateway_oled0.MR_FEAT_RADMIN_CLIENT = 0\n  ok   board_gateway_oled0.MR_FEAT_RADMIN_ACCEPT = 1\n   derived: board_gateway_oled0 TEAM=0 MOBILE=0 MOBILE_HOST=1 GATEWAY=1 OLED=0 REMOTE_MGMT=1 RADMIN_CLIENT=0 RADMIN_ACCEPT=1\n   cell board_gateway_oled0: 9 checks, 0 failed\n  ok   board_gateway_oled1.hdr_integrity = 0x77c4a312bb6aa278\n  ok   board_gateway_oled1.MR_FEAT_TEAM = 0\n  ok   board_gateway_oled1.MR_FEAT_MOBILE = 0\n  ok   board_gateway_oled1.MR_FEAT_MOBILE_HOST = 1\n  ok   board_gateway_oled1.MR_FEAT_GATEWAY = 1\n  ok   board_gateway_oled1.MR_FEAT_OLED = 1\n  ok   board_gateway_oled1.MR_FEAT_REMOTE_MGMT = 1\n  ok   board_gateway_oled1.MR_FEAT_RADMIN_CLIENT = 0\n  ok   board_gateway_oled1.MR_FEAT_RADMIN_ACCEPT = 1\n   derived: board_gateway_oled1 TEAM=0 MOBILE=0 MOBILE_HOST=1 GATEWAY=1 OLED=1 REMOTE_MGMT=1 RADMIN_CLIENT=0 RADMIN_ACCEPT=1\n   cell board_gateway_oled1: 9 checks, 0 failed\n  ok   board_static_oled0.hdr_integrity = 0x77c4a312bb6aa278\n  ok   board_static_oled0.MR_FEAT_TEAM = 1\n  ok   board_static_oled0.MR_FEAT_MOBILE = 1\n  ok   board_static_oled0.MR_FEAT_MOBILE_HOST = 1\n  ok   board_static_oled0.MR_FEAT_GATEWAY = 1\n  ok   board_static_oled0.MR_FEAT_OLED = 0\n  ok   board_static_oled0.MR_FEAT_REMOTE_MGMT = 1\n  ok   board_static_oled0.MR_FEAT_RADMIN_CLIENT = 0\n  ok   board_static_oled0.MR_FEAT_RADMIN_ACCEPT = 1\n   derived: board_static_oled0 TEAM=1 MOBILE=1 MOBILE_HOST=1 GATEWAY=1 OLED=0 REMOTE_MGMT=1 RADMIN_CLIENT=0 RADMIN_ACCEPT=1\n   cell board_static_oled0: 9 checks, 0 failed\n  ok   board_static_oled1.hdr_integrity = 0x77c4a312bb6aa278\n  ok   board_static_oled1.MR_FEAT_TEAM = 1\n  ok   board_static_oled1.MR_FEAT_MOBILE = 1\n  ok   board_static_oled1.MR_FEAT_MOBILE_HOST = 1\n  ok   board_static_oled1.MR_FEAT_GATEWAY = 1\n  ok   board_static_oled1.MR_FEAT_OLED = 1\n  ok   board_static_oled1.MR_FEAT_REMOTE_MGMT = 1\n  ok   board_static_oled1.MR_FEAT_RADMIN_CLIENT = 0\n  ok   board_static_oled1.MR_FEAT_RADMIN_ACCEPT = 1\n   derived: board_static_oled1 TEAM=1 MOBILE=1 MOBILE_HOST=1 GATEWAY=1 OLED=1 REMOTE_MGMT=1 RADMIN_CLIENT=0 RADMIN_ACCEPT=1\n   cell board_static_oled1: 9 checks, 0 failed\n  ok   host_native.hdr_integrity = 0x77c4a312bb6aa278\n  ok   host_native.MR_FEAT_TEAM = 1\n  ok   host_native.MR_FEAT_MOBILE = 1\n  ok   host_native.MR_FEAT_MOBILE_HOST = 1\n  ok   host_native.MR_FEAT_GATEWAY = 1\n  ok   host_native.MR_FEAT_OLED = 0\n  ok   host_native.MR_FEAT_REMOTE_MGMT = 1\n  ok   host_native.MR_FEAT_RADMIN_CLIENT = 1\n  ok   host_native.MR_FEAT_RADMIN_ACCEPT = 1\n   derived: host_native TEAM=1 MOBILE=1 MOBILE_HOST=1 GATEWAY=1 OLED=0 REMOTE_MGMT=1 RADMIN_CLIENT=1 RADMIN_ACCEPT=1\n   cell host_native: 9 checks, 0 failed\n  ok   host_lus_normal.hdr_integrity = 0x77c4a312bb6aa278\n  ok   host_lus_normal.MR_FEAT_TEAM = 1\n  ok   host_lus_normal.MR_FEAT_MOBILE = 1\n  ok   host_lus_normal.MR_FEAT_MOBILE_HOST = 1\n  ok   host_lus_normal.MR_FEAT_GATEWAY = 1\n  ok   host_lus_normal.MR_FEAT_OLED = 0\n  ok   host_lus_normal.MR_FEAT_REMOTE_MGMT = 1\n  ok   host_lus_normal.MR_FEAT_RADMIN_CLIENT = 1\n  ok   host_lus_normal.MR_FEAT_RADMIN_ACCEPT = 1\n   derived: host_lus_normal TEAM=1 MOBILE=1 MOBILE_HOST=1 GATEWAY=1 OLED=0 REMOTE_MGMT=1 RADMIN_CLIENT=1 RADMIN_ACCEPT=1\n   cell host_lus_normal: 9 checks, 0 failed\n  ok   host_lus_gateway.hdr_integrity = 0x77c4a312bb6aa278\n  ok   host_lus_gateway.MR_FEAT_TEAM = 1\n  ok   host_lus_gateway.MR_FEAT_MOBILE = 1\n  ok   host_lus_gateway.MR_FEAT_MOBILE_HOST = 1\n  ok   host_lus_gateway.MR_FEAT_GATEWAY = 1\n  ok   host_lus_gateway.MR_FEAT_OLED = 0\n  ok   host_lus_gateway.MR_FEAT_REMOTE_MGMT = 1\n  ok   host_lus_gateway.MR_FEAT_RADMIN_CLIENT = 1\n  ok   host_lus_gateway.MR_FEAT_RADMIN_ACCEPT = 1\n   derived: host_lus_gateway TEAM=1 MOBILE=1 MOBILE_HOST=1 GATEWAY=1 OLED=0 REMOTE_MGMT=1 RADMIN_CLIENT=1 RADMIN_ACCEPT=1\n   cell host_lus_gateway: 9 checks, 0 failed\n\n== class A — production compile-time refusals (a COMPILE FAILURE is the declared RED here, and ONLY here) ==\n  ok   A1 a BOARD with both endpoints enabled ({1,1}, ACCEPT==REMOTE_MGMT so only exclusivity can fire) -> REFUSED at `both` (exit 1); legal sibling board_mobile_oled0 still green\n  ok   A2 a BOARD with neither endpoint ({0,0}, ACCEPT==REMOTE_MGMT so only exclusivity can fire) -> REFUSED at `neither` (exit 1); legal sibling board_static_oled0 still green\n  ok   A3 a STATIC board derived as {1,0} while the legacy switch says managed (exclusivity holds) -> REFUSED at `consistency` (exit 1); legal sibling board_mobile_oled0 still green\n  ok   A4 a MOBILE board derived as {0,1} while the legacy switch says unmanaged (exclusivity holds) -> REFUSED at `consistency` (exit 1); legal sibling board_static_oled0 still green\n\n== class B — executable matrix mutations (the mutant BUILDS; the driver names the wrong value) ==\n  ok   B1 the HOST arm loses CLIENT -> RED on host_native (1 failed: MR_FEAT_RADMIN_CLIENT ); board_mobile_oled0 still green\n  ok   B2 the HOST arm loses ACCEPT -> RED on host_lus_normal (1 failed: MR_FEAT_RADMIN_ACCEPT ); board_static_oled0 still green\n  ok   B3 MR_GATEWAY_BUILD leaks into the board arm — the SIMULATOR gateway loses CLIENT -> RED on host_lus_gateway (1 failed: MR_FEAT_RADMIN_CLIENT ); host_lus_normal still green\n  ok   B4 the board/host discriminator becomes MESHROUTE_NATIVE — lus-normal is read as a board -> RED on host_lus_normal (1 failed: MR_FEAT_RADMIN_CLIENT ); host_native still green\n  ok   B5 the gateway profile stops compiling the mobile plane out (the six OLD flags are live) -> RED on board_gateway_oled0 (1 failed: MR_FEAT_MOBILE ); board_static_oled0 still green\n  ok   B6 the OLED default flips to 1 (the OLED column is live, both values measured) -> RED on board_static_oled0 (1 failed: MR_FEAT_OLED ); board_static_oled1 still green\n\n== class C — guard removal and guard scope (each fixture is class A's, then ONE guard changes) ==\n  ok   C1 the both-enabled #error is deleted -> the invalid fixture board_static_oled0 now COMPILES; that guard, and no other, was refusing it\n  ok   C2 the neither-enabled #error is deleted -> the invalid fixture board_mobile_oled0 now COMPILES; that guard, and no other, was refusing it\n  ok   C3 the ACCEPT==REMOTE_MGMT #error is deleted (static direction) -> the invalid fixture board_static_oled0 now COMPILES; that guard, and no other, was refusing it\n  ok   C4 the ACCEPT==REMOTE_MGMT #error is deleted (mobile direction) -> the invalid fixture board_mobile_oled0 now COMPILES; that guard, and no other, was refusing it\n  ok   C5 the board-only fence is widened to the HOST — the legitimate {1,1} is now refused -> REFUSED at `both` (exit 1); legal sibling board_mobile_oled0 still green\n\n== class X — the controls of the controls (a failure that is NOT a policy refusal must not score as one) ==\n  ok   X1 a broken toolchain (CXX=/bin/false) classifies as `unrelated`, never a refusal\n  ok   X2 an unrelated syntax error classifies as `unrelated`, never a refusal\n  ok   X3 an UNRELATED #error classifies as `unrelated` — the refusal is matched by TEXT, not by exit code\n  ok   X4 the classifier discriminates: 1+diag=refusal · 1+other=unrelated · 0=accepted · 139=abnormal\n\n== class W/Y — the first-consumer ownership contract's violations and their controls ==\n  ctl-ok   Y0 the untouched snapshot passes all 24 checks (the baseline every rejection below is measured against)\n  ctl-ok   W-S73-ACTIONS-H -> REJECTED by O4i — action declarations moved to CLIENT\n  ctl-ok   W-S73-ACTIONS-CPP -> REJECTED by O4h — action implementation moved to CLIENT\n  ctl-ok   W-S73-ACTION-LOOP -> REJECTED by O4j — action main-loop call moved to CLIENT\n  ctl-ok   W-UNKNOWN -> REJECTED by O1 — an UNAPPROVED production file starts naming the pair (a consumer nobody reviewed)\n  ctl-ok   W-EXTRA-SITE -> REJECTED by O4d — an EXTRA capability guard appears inside an ALLOWED file (a second, unreviewed consumer)\n  ctl-ok   W-NOCALL -> REJECTED by O4d, O7a — the production call to the pure decision is DELETED and replaced by a constant\n  ctl-ok   W-BYPASS -> REJECTED by O7b — the decision is still called but the router BYPASSES it and re-tests the raw type byte (a correctly tested helper the real router does not use)\n  ctl-ok   W-SWAP -> REJECTED by O4d, O7a — ★ the two MACRO ARGUMENTS are swapped at the call site — INVISIBLE to the {1,1} native binary, which is exactly why this control lives here and not in a mutation battery\n  ctl-ok   W-OWNER-CMD -> REJECTED by O4d, O6a — the COMMAND entry point is compiled under the CLIENT capability (the R-RA-8 inversion)\n  ctl-ok   W-OWNER-RESP -> REJECTED by O4d, O6b, O6c — the RESPONSE entry point is compiled under the ACCEPT capability (the mirror inversion)\n  ctl-ok   W-WIDEN-ACCEPT -> REJECTED by O4d, O5, O6a — the ACCEPT owner is legacy-widened with `|| MR_FEAT_REMOTE_MGMT` (forbidden by R-RA-27)\n  ctl-ok   W-WIDEN-CLIENT -> REJECTED by O4d, O5, O6b, O6c — the CLIENT owner is legacy-widened with `|| MR_FEAT_REMOTE_MGMT`\n  ctl-ok   W-NONE-ARM -> REJECTED by O9 — an early consume/return is added for the `none` decision — an unowned type would stop reaching the fail-closed guard, and NO capability name appears in the edit at all\n  ctl-ok   W-TEST-OWNER -> REJECTED by O1, O10 — a TEST file starts naming the capability pair (tests must not become production owners)\n  ctl-ok   W-OVERRIDE -> REJECTED by O12, O4a — an `#ifndef` override surface is re-opened on the pair (an invalid pair becomes dialable)\n  ctl-ok   W-DECISION-GATED -> REJECTED by O11, O4c — the pure decision itself becomes capability-gated, so a role-disabled build could not even compute an owner and the four-combination native test would stop being possible\n  ctl-ok   W-S3-DROP-DISPATCH -> REJECTED by O4e — §RADMIN slice 3: the ACCEPT gate around the ROUTER FORWARDING arm is deleted, so a CLIENT board would route `acl`/`admin-id` into a target store it must not have\n  ctl-ok   W-S3-DROP-BLE -> REJECTED by O4j — §RADMIN slice 3: the ACCEPT gate around the R-RA-29 BLE REFUSAL is deleted, so a CLIENT board acquires an unused target-family guard it was ruled not to carry\n  ctl-ok   W-S3-WIDEN-BOOT -> REJECTED by O4j, O5 — §RADMIN slice 3: the boot-call gate is legacy-widened with `|| MR_FEAT_REMOTE_MGMT` (forbidden by R-RA-27 — the capability must not be aliased to the legacy switch)\n  ctl-ok   W-S3-INVERT-HELP -> REJECTED by O4g — §RADMIN slice 3: the help index's two names are compiled under the CLIENT capability — the R-RA-8 inversion, which would advertise a target surface on a MOBILE build\n  ctl-ok   W-S3-DUP-DECL -> REJECTED by O4f — §RADMIN slice 3: a DUPLICATE capability guard appears in the boot wrapper's header — a second, unreviewed gating site inside an allowed file\n  ctl-ok   W-S3-GATE-PURE -> REJECTED by O1 — §RADMIN slice 3: a PURE SERVICE HEADER acquires a capability macro — the [[B255]] idiom's own violation, which would stop the native suite exercising the service arms at all\n  ctl-ok   W-S4-DROP-DISPATCH -> REJECTED by O4e — §RADMIN slice 4: the CLIENT gate around the controller ROUTER FORWARDING arm is deleted, so an ACCEPT board would route `admin-key`/`admin-target` into controller stores it was ruled not to have\n  ctl-ok   W-S4-DROP-BLE -> REJECTED by O4j — §RADMIN slice 4: the CLIENT gate around the R-RA-30 BLE SPLIT is deleted, so an ACCEPT board acquires a controller-family guard it was ruled not to carry\n  ctl-ok   W-S4-WIDEN-BOOT -> REJECTED by O4j, O5 — §RADMIN slice 4: the controller boot-call gate is legacy-widened with `|| MR_FEAT_REMOTE_MGMT` (forbidden by R-RA-27)\n  ctl-ok   W-S4-INVERT-HELP -> REJECTED by O4g — §RADMIN slice 4: the help index's two CONTROLLER names are compiled under the ACCEPT capability — the R-RA-8 inversion, which would advertise a controller surface on a GATEWAY build\n  ctl-ok   W-S4-INVERT-REGEN -> REJECTED by O4e — ★★ §RADMIN slice 4: `do_regen`'s CLIENT ADMISSION is compiled under the ACCEPT capability — the controller check would run on the managed half and never on the controller, which is the exact inversion R-RA-8 exists to forbid\n  ctl-ok   W-S4-DUP-DECL -> REJECTED by O4f — §RADMIN slice 4: a DUPLICATE capability guard appears in the controller boot wrapper's header — a second, unreviewed gating site inside an allowed file\n  ctl-ok   W-S5-DROP-SESSION -> REJECTED by O4c — ★ §RADMIN slice 5: the ACCEPT gate around the 2 064-byte session STATE BLOCK is deleted, so a CLIENT board would carry the whole target-side session state it was ruled not to have — invisible to a {1,1} host binary\n  ctl-ok   W-S5-INVERT-SLOT -> REJECTED by O4c — 8ac controller block compiled under ACCEPT\n  ctl-ok   W-S5-WIDEN-TIMER -> REJECTED by O4b, O5 — §RADMIN slice 5: the ACCEPT gate on the shared EXPIRY TIMER case is legacy-widened with `|| MR_FEAT_REMOTE_MGMT` (forbidden by R-RA-27)\n  ctl-ok   W-S5-INVERT-TAKE -> REJECTED by O4d, O6b, O6c — 8ac pure-state receive consumer compiled under ACCEPT\n  ctl-ok   W-S5-DROP-DRAIN -> REJECTED by O4j — 8ac main-loop delivery loses CLIENT guard\n  ctl-ok   W-S5-GATE-PURE-SESSION -> REJECTED by O1 — ★ §RADMIN slice 5: the PURE SESSION IMPLEMENTATION acquires a capability macro — the [[B255]] idiom's own violation, which would stop the native suite driving the classifier, the crypto and the expiry at all\n  ctl-ok   W-S5-GATE-PURE-RUNTIME -> REJECTED by O1 — §RADMIN slice 5: the PURE prepare/commit/discard SEAM acquires a capability macro — the same violation on the file that owns the durable/live ORDERING\n  ctl-ok   W-S4-GATE-PURE -> REJECTED by O1 — §RADMIN slice 4: a PURE CONTROLLER SERVICE HEADER acquires a capability macro — the [[B255]] idiom's own violation, which would stop the native suite exercising the keyring's arms at all\n  ctl-ok   W-S4-GATE-PURE-VERBS -> REJECTED by O1 — §RADMIN slice 4: the CONTROLLER VERB header acquires a capability macro — the same violation on the file that owns R-RA-30's split predicate, which the BLE guard's extractor compiles UNGATED\n  ctl-ok   Y1 a benign comment edit is ACCEPTED — the checks reject violations, not changes\n  ctl-ok   Y2 a multi-match find is refused as an INSTRUMENT ERROR, never scored as a control\n  ctl-ok   Y3 a vacuous find is refused as an INSTRUMENT ERROR, never scored as a control\n  ctl-ok   Y4 an unreadable/malformed source raises a GATE ERROR, never a silent pass\n  ctl-ok   Y5 the shared checkout is byte-identical before and after (80a659aac5519bc5…)\nownership controls: 43 verified / 0 unusable\n\ntree unchanged: the real sources' md5 is identical before and after (a63bf93ddd1ef77391102b6ad48422f4)\nmatrix: 9 configuration cells (pin 9), 116 checks against the REAL mr_features.h, 1 failed (pin 121)\n  !! the environment-map derivation FAILED (exit 1)\n  !! 1 check(s) failed\n  !! CHECK COUNT MOVED: 116, pinned 121 — a check was added or deleted.\n     If deliberate, update PIN_CHECKS at the top of this file WITH its derivation.\ncontrols: 62 verified / 0 unusable (pin 62)\nFAIL\n"

======================================================================
FAIL: test_no_neg_never_reports_pass (test_probe_features.TheGateRuns.test_no_neg_never_reports_pass)
----------------------------------------------------------------------
Traceback (most recent call last):
  File "/tmp/mr-s8b-r5-mfhusrrg/snapshot/tools/test_probe_features.py", line 338, in test_no_neg_never_reports_pass
    self.assertEqual(self.probe_only.returncode, 0, self.probe_only.stdout[-4000:])
AssertionError: 1 != 0 : ed
  ok   board_gateway_oled1.hdr_integrity = 0x77c4a312bb6aa278
  ok   board_gateway_oled1.MR_FEAT_TEAM = 0
  ok   board_gateway_oled1.MR_FEAT_MOBILE = 0
  ok   board_gateway_oled1.MR_FEAT_MOBILE_HOST = 1
  ok   board_gateway_oled1.MR_FEAT_GATEWAY = 1
  ok   board_gateway_oled1.MR_FEAT_OLED = 1
  ok   board_gateway_oled1.MR_FEAT_REMOTE_MGMT = 1
  ok   board_gateway_oled1.MR_FEAT_RADMIN_CLIENT = 0
  ok   board_gateway_oled1.MR_FEAT_RADMIN_ACCEPT = 1
   derived: board_gateway_oled1 TEAM=0 MOBILE=0 MOBILE_HOST=1 GATEWAY=1 OLED=1 REMOTE_MGMT=1 RADMIN_CLIENT=0 RADMIN_ACCEPT=1
   cell board_gateway_oled1: 9 checks, 0 failed
  ok   board_static_oled0.hdr_integrity = 0x77c4a312bb6aa278
  ok   board_static_oled0.MR_FEAT_TEAM = 1
  ok   board_static_oled0.MR_FEAT_MOBILE = 1
  ok   board_static_oled0.MR_FEAT_MOBILE_HOST = 1
  ok   board_static_oled0.MR_FEAT_GATEWAY = 1
  ok   board_static_oled0.MR_FEAT_OLED = 0
  ok   board_static_oled0.MR_FEAT_REMOTE_MGMT = 1
  ok   board_static_oled0.MR_FEAT_RADMIN_CLIENT = 0
  ok   board_static_oled0.MR_FEAT_RADMIN_ACCEPT = 1
   derived: board_static_oled0 TEAM=1 MOBILE=1 MOBILE_HOST=1 GATEWAY=1 OLED=0 REMOTE_MGMT=1 RADMIN_CLIENT=0 RADMIN_ACCEPT=1
   cell board_static_oled0: 9 checks, 0 failed
  ok   board_static_oled1.hdr_integrity = 0x77c4a312bb6aa278
  ok   board_static_oled1.MR_FEAT_TEAM = 1
  ok   board_static_oled1.MR_FEAT_MOBILE = 1
  ok   board_static_oled1.MR_FEAT_MOBILE_HOST = 1
  ok   board_static_oled1.MR_FEAT_GATEWAY = 1
  ok   board_static_oled1.MR_FEAT_OLED = 1
  ok   board_static_oled1.MR_FEAT_REMOTE_MGMT = 1
  ok   board_static_oled1.MR_FEAT_RADMIN_CLIENT = 0
  ok   board_static_oled1.MR_FEAT_RADMIN_ACCEPT = 1
   derived: board_static_oled1 TEAM=1 MOBILE=1 MOBILE_HOST=1 GATEWAY=1 OLED=1 REMOTE_MGMT=1 RADMIN_CLIENT=0 RADMIN_ACCEPT=1
   cell board_static_oled1: 9 checks, 0 failed
  ok   host_native.hdr_integrity = 0x77c4a312bb6aa278
  ok   host_native.MR_FEAT_TEAM = 1
  ok   host_native.MR_FEAT_MOBILE = 1
  ok   host_native.MR_FEAT_MOBILE_HOST = 1
  ok   host_native.MR_FEAT_GATEWAY = 1
  ok   host_native.MR_FEAT_OLED = 0
  ok   host_native.MR_FEAT_REMOTE_MGMT = 1
  ok   host_native.MR_FEAT_RADMIN_CLIENT = 1
  ok   host_native.MR_FEAT_RADMIN_ACCEPT = 1
   derived: host_native TEAM=1 MOBILE=1 MOBILE_HOST=1 GATEWAY=1 OLED=0 REMOTE_MGMT=1 RADMIN_CLIENT=1 RADMIN_ACCEPT=1
   cell host_native: 9 checks, 0 failed
  ok   host_lus_normal.hdr_integrity = 0x77c4a312bb6aa278
  ok   host_lus_normal.MR_FEAT_TEAM = 1
  ok   host_lus_normal.MR_FEAT_MOBILE = 1
  ok   host_lus_normal.MR_FEAT_MOBILE_HOST = 1
  ok   host_lus_normal.MR_FEAT_GATEWAY = 1
  ok   host_lus_normal.MR_FEAT_OLED = 0
  ok   host_lus_normal.MR_FEAT_REMOTE_MGMT = 1
  ok   host_lus_normal.MR_FEAT_RADMIN_CLIENT = 1
  ok   host_lus_normal.MR_FEAT_RADMIN_ACCEPT = 1
   derived: host_lus_normal TEAM=1 MOBILE=1 MOBILE_HOST=1 GATEWAY=1 OLED=0 REMOTE_MGMT=1 RADMIN_CLIENT=1 RADMIN_ACCEPT=1
   cell host_lus_normal: 9 checks, 0 failed
  ok   host_lus_gateway.hdr_integrity = 0x77c4a312bb6aa278
  ok   host_lus_gateway.MR_FEAT_TEAM = 1
  ok   host_lus_gateway.MR_FEAT_MOBILE = 1
  ok   host_lus_gateway.MR_FEAT_MOBILE_HOST = 1
  ok   host_lus_gateway.MR_FEAT_GATEWAY = 1
  ok   host_lus_gateway.MR_FEAT_OLED = 0
  ok   host_lus_gateway.MR_FEAT_REMOTE_MGMT = 1
  ok   host_lus_gateway.MR_FEAT_RADMIN_CLIENT = 1
  ok   host_lus_gateway.MR_FEAT_RADMIN_ACCEPT = 1
   derived: host_lus_gateway TEAM=1 MOBILE=1 MOBILE_HOST=1 GATEWAY=1 OLED=0 REMOTE_MGMT=1 RADMIN_CLIENT=1 RADMIN_ACCEPT=1
   cell host_lus_gateway: 9 checks, 0 failed

tree unchanged: the real sources' md5 is identical before and after (a63bf93ddd1ef77391102b6ad48422f4)
matrix: 9 configuration cells (pin 9), 116 checks against the REAL mr_features.h, 1 failed (pin 121)
  !! the environment-map derivation FAILED (exit 1)
  !! 1 check(s) failed
  !! CHECK COUNT MOVED: 116, pinned 121 — a check was added or deleted.
     If deliberate, update PIN_CHECKS at the top of this file WITH its derivation.
FAIL


======================================================================
FAIL: test_the_default_run_is_the_gate_and_passes (test_probe_features.TheGateRuns.test_the_default_run_is_the_gate_and_passes)
----------------------------------------------------------------------
Traceback (most recent call last):
  File "/tmp/mr-s8b-r5-mfhusrrg/snapshot/tools/test_probe_features.py", line 253, in test_the_default_run_is_the_gate_and_passes
    self.assertEqual(self.gate.returncode, 0, self.gate.stdout[-4000:])
AssertionError: 1 != 0 :  at all
  ctl-ok   W-S4-DROP-DISPATCH -> REJECTED by O4e — §RADMIN slice 4: the CLIENT gate around the controller ROUTER FORWARDING arm is deleted, so an ACCEPT board would route `admin-key`/`admin-target` into controller stores it was ruled not to have
  ctl-ok   W-S4-DROP-BLE -> REJECTED by O4j — §RADMIN slice 4: the CLIENT gate around the R-RA-30 BLE SPLIT is deleted, so an ACCEPT board acquires a controller-family guard it was ruled not to carry
  ctl-ok   W-S4-WIDEN-BOOT -> REJECTED by O4j, O5 — §RADMIN slice 4: the controller boot-call gate is legacy-widened with `|| MR_FEAT_REMOTE_MGMT` (forbidden by R-RA-27)
  ctl-ok   W-S4-INVERT-HELP -> REJECTED by O4g — §RADMIN slice 4: the help index's two CONTROLLER names are compiled under the ACCEPT capability — the R-RA-8 inversion, which would advertise a controller surface on a GATEWAY build
  ctl-ok   W-S4-INVERT-REGEN -> REJECTED by O4e — ★★ §RADMIN slice 4: `do_regen`'s CLIENT ADMISSION is compiled under the ACCEPT capability — the controller check would run on the managed half and never on the controller, which is the exact inversion R-RA-8 exists to forbid
  ctl-ok   W-S4-DUP-DECL -> REJECTED by O4f — §RADMIN slice 4: a DUPLICATE capability guard appears in the controller boot wrapper's header — a second, unreviewed gating site inside an allowed file
  ctl-ok   W-S5-DROP-SESSION -> REJECTED by O4c — ★ §RADMIN slice 5: the ACCEPT gate around the 2 064-byte session STATE BLOCK is deleted, so a CLIENT board would carry the whole target-side session state it was ruled not to have — invisible to a {1,1} host binary
  ctl-ok   W-S5-INVERT-SLOT -> REJECTED by O4c — 8ac controller block compiled under ACCEPT
  ctl-ok   W-S5-WIDEN-TIMER -> REJECTED by O4b, O5 — §RADMIN slice 5: the ACCEPT gate on the shared EXPIRY TIMER case is legacy-widened with `|| MR_FEAT_REMOTE_MGMT` (forbidden by R-RA-27)
  ctl-ok   W-S5-INVERT-TAKE -> REJECTED by O4d, O6b, O6c — 8ac pure-state receive consumer compiled under ACCEPT
  ctl-ok   W-S5-DROP-DRAIN -> REJECTED by O4j — 8ac main-loop delivery loses CLIENT guard
  ctl-ok   W-S5-GATE-PURE-SESSION -> REJECTED by O1 — ★ §RADMIN slice 5: the PURE SESSION IMPLEMENTATION acquires a capability macro — the [[B255]] idiom's own violation, which would stop the native suite driving the classifier, the crypto and the expiry at all
  ctl-ok   W-S5-GATE-PURE-RUNTIME -> REJECTED by O1 — §RADMIN slice 5: the PURE prepare/commit/discard SEAM acquires a capability macro — the same violation on the file that owns the durable/live ORDERING
  ctl-ok   W-S4-GATE-PURE -> REJECTED by O1 — §RADMIN slice 4: a PURE CONTROLLER SERVICE HEADER acquires a capability macro — the [[B255]] idiom's own violation, which would stop the native suite exercising the keyring's arms at all
  ctl-ok   W-S4-GATE-PURE-VERBS -> REJECTED by O1 — §RADMIN slice 4: the CONTROLLER VERB header acquires a capability macro — the same violation on the file that owns R-RA-30's split predicate, which the BLE guard's extractor compiles UNGATED
  ctl-ok   Y1 a benign comment edit is ACCEPTED — the checks reject violations, not changes
  ctl-ok   Y2 a multi-match find is refused as an INSTRUMENT ERROR, never scored as a control
  ctl-ok   Y3 a vacuous find is refused as an INSTRUMENT ERROR, never scored as a control
  ctl-ok   Y4 an unreadable/malformed source raises a GATE ERROR, never a silent pass
  ctl-ok   Y5 the shared checkout is byte-identical before and after (80a659aac5519bc5…)
ownership controls: 43 verified / 0 unusable

tree unchanged: the real sources' md5 is identical before and after (a63bf93ddd1ef77391102b6ad48422f4)
matrix: 9 configuration cells (pin 9), 116 checks against the REAL mr_features.h, 1 failed (pin 121)
  !! the environment-map derivation FAILED (exit 1)
  !! 1 check(s) failed
  !! CHECK COUNT MOVED: 116, pinned 121 — a check was added or deleted.
     If deliberate, update PIN_CHECKS at the top of this file WITH its derivation.
controls: 62 verified / 0 unusable (pin 62)
FAIL


======================================================================
FAIL: test_the_environment_mapping_is_derived_not_typed (test_probe_features.TheGateRuns.test_the_environment_mapping_is_derived_not_typed)
----------------------------------------------------------------------
Traceback (most recent call last):
  File "/tmp/mr-s8b-r5-mfhusrrg/snapshot/tools/test_probe_features.py", line 290, in test_the_environment_mapping_is_derived_not_typed
    self.assertIn("all 14 envs map into the probe matrix", self.gate.stdout)
AssertionError: 'all 14 envs map into the probe matrix' not found in "== §remote-admin v2 slice 1 — the mr_features.h configuration matrix (the REAL lib/core header) ==\n   header under test : /tmp/mr-s8b-r5-mfhusrrg/snapshot/lib/core/mr_features.h\n   md5(header)       : 04cd8bcc4c7425563267ee5477f57a06\n   compiler          : g++ (g++ (Debian 12.2.0-14+deb12u1) 12.2.0)\n\n== control classification (declared up-front; nothing below may be reclassified after the fact) ==\n  class A — PRODUCTION COMPILE-TIME REFUSAL (A1..A4)\n      measured RED = the declared INVALID configuration fails to compile AT the intended mr_features.h diagnostic\n                     (matched against text EXTRACTED from the production header), AND its legal sibling\n                     configuration still compiles and runs green under the same mutant.\n      NEVER a RED  = a missing compiler, a syntax error, an unrelated #error, a promoted warning, a signal,\n                     a timeout, or a probe-owned assertion.\n  class B — EXECUTABLE MATRIX MUTATION (B1..B6)\n      measured RED = the mutated header BUILDS, the driver RUNS, and it names the expected wrong-value assertion;\n                     a collateral cell stays green, so the mutation is scoped rather than global.\n      NEVER a RED  = any build failure or abnormal exit without the named failed assertion.\n  class C — GUARD REMOVAL / GUARD SCOPE (C1..C5)\n      measured RED = deleting ONE production check on an isolated copy makes its own invalid fixture COMPILE\n                     (proving that check, and no other, was refusing it); C5 instead WIDENS the board-only fence\n                     and the legitimate host {1,1} must then be refused. The enclosing gate rejects the changed\n                     outcome for the named reason.\n      NEVER a RED  = a missing/multiple mutation match, an unexplained failure, or an unchanged outcome.\n  class X — THE CONTROLS OF THE CONTROLS (X1..X4)\n      a broken toolchain, an unrelated syntax error and an unrelated #error must each classify as NOT-a-refusal,\n      and the classifier's own truth table must discriminate. Plus the three pins above, which the wrapper\n      sabotages (MR_PROBE_DROP) to prove that dropping a cell / a check / a control cannot preserve PASS.\n  class W — SLICE-1b OWNERSHIP VIOLATION (W-*)          [ownership.py --controls; NOTHING is compiled]\n      measured RED = ONE exact-match edit on an ISOLATED COPY of the sources makes the ownership checker REJECT\n                     that copy, AND the NAMED check(s) are the ones that reject it (reported by id).\n      NEVER a RED  = a nonzero exit alone, a rejection by some other check only, a find text that matches zero or\n                     more than one time (that is an INSTRUMENT ERROR, ctl-BAD), or an unreadable source.\n  class Y — THE CONTROLS OF THE OWNERSHIP CONTROLS (Y0..Y5)\n      Y0 the untouched copy must pass every check first (else no rejection below means anything) · Y1 a benign\n      comment edit must NOT be rejected · Y2 a multi-match and Y3 a vacuous find must be refused as instrument\n      errors · Y4 an unreadable source must raise a GATE ERROR, never a pass · Y5 the shared checkout must be\n      byte-identical before and after.\n\n  ok   S1 the header declares exactly 3 distinct board-only #error diagnostics (extracted, not typed here)\n       [1] board build is BOTH remote-admin endpoints: MR_FEAT_RADMIN_CLIENT and MR_FEAT_RADMIN_ACCEPT are both 1 (R-RA-17: a board is either managed or managing)\n       [2] board build is NEITHER remote-admin endpoint: MR_FEAT_RADMIN_CLIENT and MR_FEAT_RADMIN_ACCEPT are both 0 (R-RA-17: a board is either managed or managing)\n       [3] board build disagrees with itself: MR_FEAT_RADMIN_ACCEPT != MR_FEAT_REMOTE_MGMT (they must agree until the legacy remote-mgmt switch is deleted)\n  ok   S2 the pair is DERIVED with no #ifndef override surface (an invalid pair cannot be dialled in by -D)\n\n== the slice-1b first-consumer ownership contract (the REAL lib/core sources) ==\n  ok   O1 the pair is named in CODE by exactly the 10 approved files: lib/core/mr_features.h, lib/core/node.cpp, lib/core/node.h, lib/core/node_mac_rx.cpp, src/firmware_commands.cpp, src/firmware_commands.h, src/firmware_help.h, src/firmware_remote_actions.cpp, src/firmware_remote_actions.h, src/fw_main.cpp\n  ok   O2 lib/core/mr_features.h is the sole definer, with 6 `#define`s (3 derivation arms x 2 capabilities)\n  ok   O3 lib/core/node.h names the pair only on 8 `#if` declaration guards, never in an expression\n  ok   O4a lib/core/mr_features.h: all 9 naming sites match the approved census exactly\n  ok   O4b lib/core/node.cpp: all 2 naming sites match the approved census exactly\n  ok   O4c lib/core/node.h: all 8 naming sites match the approved census exactly\n  ok   O4d lib/core/node_mac_rx.cpp: all 11 naming sites match the approved census exactly\n  ok   O4e src/firmware_commands.cpp: all 10 naming sites match the approved census exactly\n  ok   O4f src/firmware_commands.h: all 2 naming sites match the approved census exactly\n  ok   O4g src/firmware_help.h: all 3 naming sites match the approved census exactly\n  ok   O4h src/firmware_remote_actions.cpp: all 1 naming sites match the approved census exactly\n  ok   O4i src/firmware_remote_actions.h: all 1 naming sites match the approved census exactly\n  ok   O4j src/fw_main.cpp: all 9 naming sites match the approved census exactly\n  ok   O5 no directive widens a RADMIN capability with MR_FEAT_REMOTE_MGMT (the one `!=` agreement pin in mr_features.h is permitted BY NAME)\n  ok   O6a all 3 occurrences of `rx_remote_cmd_accept` compile under `MR_FEAT_RADMIN_ACCEPT` and never under `MR_FEAT_RADMIN_CLIENT`\n  ok   O6b all 3 occurrences of `rx_remote_resp_client` compile under `MR_FEAT_RADMIN_CLIENT` and never under `MR_FEAT_RADMIN_ACCEPT`\n  ok   O6c one CLIENT-owned controller receive call; no legacy staging declaration, definition or drain\n  ok   O7a the production router makes exactly ONE call to the pure decision, with (pa.type, MR_FEAT_RADMIN_CLIENT, MR_FEAT_RADMIN_ACCEPT) in the declared order\n  ok   O7b both dispatch arms select on the DECISION'S RESULT, not on the raw type byte\n  ok   O8 both owned arms CONSUME the frame (`become_free(); return;` immediately after the owner call)\n  ok   O9 there is no `none` arm — an unowned remote type takes no branch here and reaches the guard\n  ok   O10 no file under test/ names the capability pair in code — tests are not production owners\n  ok   O11 the pure decision is declared `static` and compiled UNGATED on every build (only its consumers are capability-gated)\n  ok   O12 the pair has no `#ifndef` override surface in lib/, src/ or test/ (R-RA-26)\n  ok   O13 source integrity: 226 scanned files, sha256(tree) 80a659aac5519bc5… before and after\n\n== derived environment -> cell mapping (platformio.ini via pio, + the simulator's CMakeLists) ==\n   platformio.ini  : /tmp/mr-s8b-r5-mfhusrrg/snapshot/platformio.ini\n   simulator source: /tmp/mr-s8b-r5-mfhusrrg/lora-universal-simulator/CMakeLists.txt\n   map  gateway                framework=arduino  -> board_gateway_oled0  [MR_GATEWAY_BUILD=1 MR_N_LAYERS=2 MR_PROFILE_GATEWAY]\n   map  gateway_esp32s3        framework=arduino  -> board_gateway_oled0  [MR_GATEWAY_BUILD=1 MR_N_LAYERS=2 MR_PROFILE_GATEWAY]\n   map  gateway_heltec         framework=arduino  -> board_gateway_oled1  [MR_FEAT_OLED=1 MR_GATEWAY_BUILD=1 MR_N_LAYERS=2 MR_PROFILE_GATEWAY]\n   map  gateway_heltec_v4      framework=arduino  -> board_gateway_oled1  [MR_FEAT_OLED=1 MR_GATEWAY_BUILD=1 MR_N_LAYERS=2 MR_PROFILE_GATEWAY]\n   map  heltec_mobile          framework=arduino  -> board_mobile_oled1   [MR_FEAT_OLED=1 MR_PROFILE_MOBILE]\n   map  heltec_v3              framework=arduino  -> board_static_oled1   [MR_FEAT_OLED=1]\n   map  heltec_v4              framework=arduino  -> board_static_oled1   [MR_FEAT_OLED=1]\n   map  heltec_v4_mobile       framework=arduino  -> board_mobile_oled1   [MR_FEAT_OLED=1 MR_PROFILE_MOBILE]\n   map  native                 framework=-        -> host_native          [MESHROUTE_NATIVE=1 MR_N_LAYERS=2]\n   map  production             framework=arduino  -> board_static_oled0   []\n   map  xiao_esp32s3           framework=arduino  -> board_static_oled0   []\n   map  xiao_esp32s3_mobile    framework=arduino  -> board_mobile_oled0   [MR_PROFILE_MOBILE]\n   map  xiao_mobile            framework=arduino  -> board_mobile_oled0   [MR_PROFILE_MOBILE]\n   map  xiao_sx1262            framework=arduino  -> board_static_oled0   []\n  ok   E1 every board env declares framework=arduino: 13 board envs\n  ok   E2 MR_PROFILE_MOBILE envs = 4 ['heltec_mobile', 'heltec_v4_mobile', 'xiao_esp32s3_mobile', 'xiao_mobile']\n  ok   E3 MR_PROFILE_GATEWAY envs = 4 ['gateway', 'gateway_esp32s3', 'gateway_heltec', 'gateway_heltec_v4']\n  ok   E4 no-profile STATIC PRODUCT envs = 5 ['heltec_v3', 'heltec_v4', 'production', 'xiao_esp32s3', 'xiao_sx1262']\n  ok   E5 the only non-arduino env is `native`, and it defines neither ARDUINO nor MR_PROFILE_*: hosts=['native']\n  ok   E6 no env sets both MR_PROFILE_MOBILE and MR_PROFILE_GATEWAY\n  ok   E7 MR_FEAT_OLED=1 envs = 6 ['gateway_heltec', 'gateway_heltec_v4', 'heltec_mobile', 'heltec_v3', 'heltec_v4', 'heltec_v4_mobile']; all three board roles occur at BOTH OLED values\n  FAIL E0 envmap could not run: simulator CMakeLists not found at /tmp/mr-s8b-r5-mfhusrrg/lora-universal-simulator/CMakeLists.txt (set MR_LUS_SRC)\n\n== the ruled configuration matrix: nine cells, each host-compiled and host-RUN ==\n  ok   board_mobile_oled0.hdr_integrity = 0x77c4a312bb6aa278\n  ok   board_mobile_oled0.MR_FEAT_TEAM = 1\n  ok   board_mobile_oled0.MR_FEAT_MOBILE = 1\n  ok   board_mobile_oled0.MR_FEAT_MOBILE_HOST = 1\n  ok   board_mobile_oled0.MR_FEAT_GATEWAY = 1\n  ok   board_mobile_oled0.MR_FEAT_OLED = 0\n  ok   board_mobile_oled0.MR_FEAT_REMOTE_MGMT = 0\n  ok   board_mobile_oled0.MR_FEAT_RADMIN_CLIENT = 1\n  ok   board_mobile_oled0.MR_FEAT_RADMIN_ACCEPT = 0\n   derived: board_mobile_oled0 TEAM=1 MOBILE=1 MOBILE_HOST=1 GATEWAY=1 OLED=0 REMOTE_MGMT=0 RADMIN_CLIENT=1 RADMIN_ACCEPT=0\n   cell board_mobile_oled0: 9 checks, 0 failed\n  ok   board_mobile_oled1.hdr_integrity = 0x77c4a312bb6aa278\n  ok   board_mobile_oled1.MR_FEAT_TEAM = 1\n  ok   board_mobile_oled1.MR_FEAT_MOBILE = 1\n  ok   board_mobile_oled1.MR_FEAT_MOBILE_HOST = 1\n  ok   board_mobile_oled1.MR_FEAT_GATEWAY = 1\n  ok   board_mobile_oled1.MR_FEAT_OLED = 1\n  ok   board_mobile_oled1.MR_FEAT_REMOTE_MGMT = 0\n  ok   board_mobile_oled1.MR_FEAT_RADMIN_CLIENT = 1\n  ok   board_mobile_oled1.MR_FEAT_RADMIN_ACCEPT = 0\n   derived: board_mobile_oled1 TEAM=1 MOBILE=1 MOBILE_HOST=1 GATEWAY=1 OLED=1 REMOTE_MGMT=0 RADMIN_CLIENT=1 RADMIN_ACCEPT=0\n   cell board_mobile_oled1: 9 checks, 0 failed\n  ok   board_gateway_oled0.hdr_integrity = 0x77c4a312bb6aa278\n  ok   board_gateway_oled0.MR_FEAT_TEAM = 0\n  ok   board_gateway_oled0.MR_FEAT_MOBILE = 0\n  ok   board_gateway_oled0.MR_FEAT_MOBILE_HOST = 1\n  ok   board_gateway_oled0.MR_FEAT_GATEWAY = 1\n  ok   board_gateway_oled0.MR_FEAT_OLED = 0\n  ok   board_gateway_oled0.MR_FEAT_REMOTE_MGMT = 1\n  ok   board_gateway_oled0.MR_FEAT_RADMIN_CLIENT = 0\n  ok   board_gateway_oled0.MR_FEAT_RADMIN_ACCEPT = 1\n   derived: board_gateway_oled0 TEAM=0 MOBILE=0 MOBILE_HOST=1 GATEWAY=1 OLED=0 REMOTE_MGMT=1 RADMIN_CLIENT=0 RADMIN_ACCEPT=1\n   cell board_gateway_oled0: 9 checks, 0 failed\n  ok   board_gateway_oled1.hdr_integrity = 0x77c4a312bb6aa278\n  ok   board_gateway_oled1.MR_FEAT_TEAM = 0\n  ok   board_gateway_oled1.MR_FEAT_MOBILE = 0\n  ok   board_gateway_oled1.MR_FEAT_MOBILE_HOST = 1\n  ok   board_gateway_oled1.MR_FEAT_GATEWAY = 1\n  ok   board_gateway_oled1.MR_FEAT_OLED = 1\n  ok   board_gateway_oled1.MR_FEAT_REMOTE_MGMT = 1\n  ok   board_gateway_oled1.MR_FEAT_RADMIN_CLIENT = 0\n  ok   board_gateway_oled1.MR_FEAT_RADMIN_ACCEPT = 1\n   derived: board_gateway_oled1 TEAM=0 MOBILE=0 MOBILE_HOST=1 GATEWAY=1 OLED=1 REMOTE_MGMT=1 RADMIN_CLIENT=0 RADMIN_ACCEPT=1\n   cell board_gateway_oled1: 9 checks, 0 failed\n  ok   board_static_oled0.hdr_integrity = 0x77c4a312bb6aa278\n  ok   board_static_oled0.MR_FEAT_TEAM = 1\n  ok   board_static_oled0.MR_FEAT_MOBILE = 1\n  ok   board_static_oled0.MR_FEAT_MOBILE_HOST = 1\n  ok   board_static_oled0.MR_FEAT_GATEWAY = 1\n  ok   board_static_oled0.MR_FEAT_OLED = 0\n  ok   board_static_oled0.MR_FEAT_REMOTE_MGMT = 1\n  ok   board_static_oled0.MR_FEAT_RADMIN_CLIENT = 0\n  ok   board_static_oled0.MR_FEAT_RADMIN_ACCEPT = 1\n   derived: board_static_oled0 TEAM=1 MOBILE=1 MOBILE_HOST=1 GATEWAY=1 OLED=0 REMOTE_MGMT=1 RADMIN_CLIENT=0 RADMIN_ACCEPT=1\n   cell board_static_oled0: 9 checks, 0 failed\n  ok   board_static_oled1.hdr_integrity = 0x77c4a312bb6aa278\n  ok   board_static_oled1.MR_FEAT_TEAM = 1\n  ok   board_static_oled1.MR_FEAT_MOBILE = 1\n  ok   board_static_oled1.MR_FEAT_MOBILE_HOST = 1\n  ok   board_static_oled1.MR_FEAT_GATEWAY = 1\n  ok   board_static_oled1.MR_FEAT_OLED = 1\n  ok   board_static_oled1.MR_FEAT_REMOTE_MGMT = 1\n  ok   board_static_oled1.MR_FEAT_RADMIN_CLIENT = 0\n  ok   board_static_oled1.MR_FEAT_RADMIN_ACCEPT = 1\n   derived: board_static_oled1 TEAM=1 MOBILE=1 MOBILE_HOST=1 GATEWAY=1 OLED=1 REMOTE_MGMT=1 RADMIN_CLIENT=0 RADMIN_ACCEPT=1\n   cell board_static_oled1: 9 checks, 0 failed\n  ok   host_native.hdr_integrity = 0x77c4a312bb6aa278\n  ok   host_native.MR_FEAT_TEAM = 1\n  ok   host_native.MR_FEAT_MOBILE = 1\n  ok   host_native.MR_FEAT_MOBILE_HOST = 1\n  ok   host_native.MR_FEAT_GATEWAY = 1\n  ok   host_native.MR_FEAT_OLED = 0\n  ok   host_native.MR_FEAT_REMOTE_MGMT = 1\n  ok   host_native.MR_FEAT_RADMIN_CLIENT = 1\n  ok   host_native.MR_FEAT_RADMIN_ACCEPT = 1\n   derived: host_native TEAM=1 MOBILE=1 MOBILE_HOST=1 GATEWAY=1 OLED=0 REMOTE_MGMT=1 RADMIN_CLIENT=1 RADMIN_ACCEPT=1\n   cell host_native: 9 checks, 0 failed\n  ok   host_lus_normal.hdr_integrity = 0x77c4a312bb6aa278\n  ok   host_lus_normal.MR_FEAT_TEAM = 1\n  ok   host_lus_normal.MR_FEAT_MOBILE = 1\n  ok   host_lus_normal.MR_FEAT_MOBILE_HOST = 1\n  ok   host_lus_normal.MR_FEAT_GATEWAY = 1\n  ok   host_lus_normal.MR_FEAT_OLED = 0\n  ok   host_lus_normal.MR_FEAT_REMOTE_MGMT = 1\n  ok   host_lus_normal.MR_FEAT_RADMIN_CLIENT = 1\n  ok   host_lus_normal.MR_FEAT_RADMIN_ACCEPT = 1\n   derived: host_lus_normal TEAM=1 MOBILE=1 MOBILE_HOST=1 GATEWAY=1 OLED=0 REMOTE_MGMT=1 RADMIN_CLIENT=1 RADMIN_ACCEPT=1\n   cell host_lus_normal: 9 checks, 0 failed\n  ok   host_lus_gateway.hdr_integrity = 0x77c4a312bb6aa278\n  ok   host_lus_gateway.MR_FEAT_TEAM = 1\n  ok   host_lus_gateway.MR_FEAT_MOBILE = 1\n  ok   host_lus_gateway.MR_FEAT_MOBILE_HOST = 1\n  ok   host_lus_gateway.MR_FEAT_GATEWAY = 1\n  ok   host_lus_gateway.MR_FEAT_OLED = 0\n  ok   host_lus_gateway.MR_FEAT_REMOTE_MGMT = 1\n  ok   host_lus_gateway.MR_FEAT_RADMIN_CLIENT = 1\n  ok   host_lus_gateway.MR_FEAT_RADMIN_ACCEPT = 1\n   derived: host_lus_gateway TEAM=1 MOBILE=1 MOBILE_HOST=1 GATEWAY=1 OLED=0 REMOTE_MGMT=1 RADMIN_CLIENT=1 RADMIN_ACCEPT=1\n   cell host_lus_gateway: 9 checks, 0 failed\n\n== class A — production compile-time refusals (a COMPILE FAILURE is the declared RED here, and ONLY here) ==\n  ok   A1 a BOARD with both endpoints enabled ({1,1}, ACCEPT==REMOTE_MGMT so only exclusivity can fire) -> REFUSED at `both` (exit 1); legal sibling board_mobile_oled0 still green\n  ok   A2 a BOARD with neither endpoint ({0,0}, ACCEPT==REMOTE_MGMT so only exclusivity can fire) -> REFUSED at `neither` (exit 1); legal sibling board_static_oled0 still green\n  ok   A3 a STATIC board derived as {1,0} while the legacy switch says managed (exclusivity holds) -> REFUSED at `consistency` (exit 1); legal sibling board_mobile_oled0 still green\n  ok   A4 a MOBILE board derived as {0,1} while the legacy switch says unmanaged (exclusivity holds) -> REFUSED at `consistency` (exit 1); legal sibling board_static_oled0 still green\n\n== class B — executable matrix mutations (the mutant BUILDS; the driver names the wrong value) ==\n  ok   B1 the HOST arm loses CLIENT -> RED on host_native (1 failed: MR_FEAT_RADMIN_CLIENT ); board_mobile_oled0 still green\n  ok   B2 the HOST arm loses ACCEPT -> RED on host_lus_normal (1 failed: MR_FEAT_RADMIN_ACCEPT ); board_static_oled0 still green\n  ok   B3 MR_GATEWAY_BUILD leaks into the board arm — the SIMULATOR gateway loses CLIENT -> RED on host_lus_gateway (1 failed: MR_FEAT_RADMIN_CLIENT ); host_lus_normal still green\n  ok   B4 the board/host discriminator becomes MESHROUTE_NATIVE — lus-normal is read as a board -> RED on host_lus_normal (1 failed: MR_FEAT_RADMIN_CLIENT ); host_native still green\n  ok   B5 the gateway profile stops compiling the mobile plane out (the six OLD flags are live) -> RED on board_gateway_oled0 (1 failed: MR_FEAT_MOBILE ); board_static_oled0 still green\n  ok   B6 the OLED default flips to 1 (the OLED column is live, both values measured) -> RED on board_static_oled0 (1 failed: MR_FEAT_OLED ); board_static_oled1 still green\n\n== class C — guard removal and guard scope (each fixture is class A's, then ONE guard changes) ==\n  ok   C1 the both-enabled #error is deleted -> the invalid fixture board_static_oled0 now COMPILES; that guard, and no other, was refusing it\n  ok   C2 the neither-enabled #error is deleted -> the invalid fixture board_mobile_oled0 now COMPILES; that guard, and no other, was refusing it\n  ok   C3 the ACCEPT==REMOTE_MGMT #error is deleted (static direction) -> the invalid fixture board_static_oled0 now COMPILES; that guard, and no other, was refusing it\n  ok   C4 the ACCEPT==REMOTE_MGMT #error is deleted (mobile direction) -> the invalid fixture board_mobile_oled0 now COMPILES; that guard, and no other, was refusing it\n  ok   C5 the board-only fence is widened to the HOST — the legitimate {1,1} is now refused -> REFUSED at `both` (exit 1); legal sibling board_mobile_oled0 still green\n\n== class X — the controls of the controls (a failure that is NOT a policy refusal must not score as one) ==\n  ok   X1 a broken toolchain (CXX=/bin/false) classifies as `unrelated`, never a refusal\n  ok   X2 an unrelated syntax error classifies as `unrelated`, never a refusal\n  ok   X3 an UNRELATED #error classifies as `unrelated` — the refusal is matched by TEXT, not by exit code\n  ok   X4 the classifier discriminates: 1+diag=refusal · 1+other=unrelated · 0=accepted · 139=abnormal\n\n== class W/Y — the first-consumer ownership contract's violations and their controls ==\n  ctl-ok   Y0 the untouched snapshot passes all 24 checks (the baseline every rejection below is measured against)\n  ctl-ok   W-S73-ACTIONS-H -> REJECTED by O4i — action declarations moved to CLIENT\n  ctl-ok   W-S73-ACTIONS-CPP -> REJECTED by O4h — action implementation moved to CLIENT\n  ctl-ok   W-S73-ACTION-LOOP -> REJECTED by O4j — action main-loop call moved to CLIENT\n  ctl-ok   W-UNKNOWN -> REJECTED by O1 — an UNAPPROVED production file starts naming the pair (a consumer nobody reviewed)\n  ctl-ok   W-EXTRA-SITE -> REJECTED by O4d — an EXTRA capability guard appears inside an ALLOWED file (a second, unreviewed consumer)\n  ctl-ok   W-NOCALL -> REJECTED by O4d, O7a — the production call to the pure decision is DELETED and replaced by a constant\n  ctl-ok   W-BYPASS -> REJECTED by O7b — the decision is still called but the router BYPASSES it and re-tests the raw type byte (a correctly tested helper the real router does not use)\n  ctl-ok   W-SWAP -> REJECTED by O4d, O7a — ★ the two MACRO ARGUMENTS are swapped at the call site — INVISIBLE to the {1,1} native binary, which is exactly why this control lives here and not in a mutation battery\n  ctl-ok   W-OWNER-CMD -> REJECTED by O4d, O6a — the COMMAND entry point is compiled under the CLIENT capability (the R-RA-8 inversion)\n  ctl-ok   W-OWNER-RESP -> REJECTED by O4d, O6b, O6c — the RESPONSE entry point is compiled under the ACCEPT capability (the mirror inversion)\n  ctl-ok   W-WIDEN-ACCEPT -> REJECTED by O4d, O5, O6a — the ACCEPT owner is legacy-widened with `|| MR_FEAT_REMOTE_MGMT` (forbidden by R-RA-27)\n  ctl-ok   W-WIDEN-CLIENT -> REJECTED by O4d, O5, O6b, O6c — the CLIENT owner is legacy-widened with `|| MR_FEAT_REMOTE_MGMT`\n  ctl-ok   W-NONE-ARM -> REJECTED by O9 — an early consume/return is added for the `none` decision — an unowned type would stop reaching the fail-closed guard, and NO capability name appears in the edit at all\n  ctl-ok   W-TEST-OWNER -> REJECTED by O1, O10 — a TEST file starts naming the capability pair (tests must not become production owners)\n  ctl-ok   W-OVERRIDE -> REJECTED by O12, O4a — an `#ifndef` override surface is re-opened on the pair (an invalid pair becomes dialable)\n  ctl-ok   W-DECISION-GATED -> REJECTED by O11, O4c — the pure decision itself becomes capability-gated, so a role-disabled build could not even compute an owner and the four-combination native test would stop being possible\n  ctl-ok   W-S3-DROP-DISPATCH -> REJECTED by O4e — §RADMIN slice 3: the ACCEPT gate around the ROUTER FORWARDING arm is deleted, so a CLIENT board would route `acl`/`admin-id` into a target store it must not have\n  ctl-ok   W-S3-DROP-BLE -> REJECTED by O4j — §RADMIN slice 3: the ACCEPT gate around the R-RA-29 BLE REFUSAL is deleted, so a CLIENT board acquires an unused target-family guard it was ruled not to carry\n  ctl-ok   W-S3-WIDEN-BOOT -> REJECTED by O4j, O5 — §RADMIN slice 3: the boot-call gate is legacy-widened with `|| MR_FEAT_REMOTE_MGMT` (forbidden by R-RA-27 — the capability must not be aliased to the legacy switch)\n  ctl-ok   W-S3-INVERT-HELP -> REJECTED by O4g — §RADMIN slice 3: the help index's two names are compiled under the CLIENT capability — the R-RA-8 inversion, which would advertise a target surface on a MOBILE build\n  ctl-ok   W-S3-DUP-DECL -> REJECTED by O4f — §RADMIN slice 3: a DUPLICATE capability guard appears in the boot wrapper's header — a second, unreviewed gating site inside an allowed file\n  ctl-ok   W-S3-GATE-PURE -> REJECTED by O1 — §RADMIN slice 3: a PURE SERVICE HEADER acquires a capability macro — the [[B255]] idiom's own violation, which would stop the native suite exercising the service arms at all\n  ctl-ok   W-S4-DROP-DISPATCH -> REJECTED by O4e — §RADMIN slice 4: the CLIENT gate around the controller ROUTER FORWARDING arm is deleted, so an ACCEPT board would route `admin-key`/`admin-target` into controller stores it was ruled not to have\n  ctl-ok   W-S4-DROP-BLE -> REJECTED by O4j — §RADMIN slice 4: the CLIENT gate around the R-RA-30 BLE SPLIT is deleted, so an ACCEPT board acquires a controller-family guard it was ruled not to carry\n  ctl-ok   W-S4-WIDEN-BOOT -> REJECTED by O4j, O5 — §RADMIN slice 4: the controller boot-call gate is legacy-widened with `|| MR_FEAT_REMOTE_MGMT` (forbidden by R-RA-27)\n  ctl-ok   W-S4-INVERT-HELP -> REJECTED by O4g — §RADMIN slice 4: the help index's two CONTROLLER names are compiled under the ACCEPT capability — the R-RA-8 inversion, which would advertise a controller surface on a GATEWAY build\n  ctl-ok   W-S4-INVERT-REGEN -> REJECTED by O4e — ★★ §RADMIN slice 4: `do_regen`'s CLIENT ADMISSION is compiled under the ACCEPT capability — the controller check would run on the managed half and never on the controller, which is the exact inversion R-RA-8 exists to forbid\n  ctl-ok   W-S4-DUP-DECL -> REJECTED by O4f — §RADMIN slice 4: a DUPLICATE capability guard appears in the controller boot wrapper's header — a second, unreviewed gating site inside an allowed file\n  ctl-ok   W-S5-DROP-SESSION -> REJECTED by O4c — ★ §RADMIN slice 5: the ACCEPT gate around the 2 064-byte session STATE BLOCK is deleted, so a CLIENT board would carry the whole target-side session state it was ruled not to have — invisible to a {1,1} host binary\n  ctl-ok   W-S5-INVERT-SLOT -> REJECTED by O4c — 8ac controller block compiled under ACCEPT\n  ctl-ok   W-S5-WIDEN-TIMER -> REJECTED by O4b, O5 — §RADMIN slice 5: the ACCEPT gate on the shared EXPIRY TIMER case is legacy-widened with `|| MR_FEAT_REMOTE_MGMT` (forbidden by R-RA-27)\n  ctl-ok   W-S5-INVERT-TAKE -> REJECTED by O4d, O6b, O6c — 8ac pure-state receive consumer compiled under ACCEPT\n  ctl-ok   W-S5-DROP-DRAIN -> REJECTED by O4j — 8ac main-loop delivery loses CLIENT guard\n  ctl-ok   W-S5-GATE-PURE-SESSION -> REJECTED by O1 — ★ §RADMIN slice 5: the PURE SESSION IMPLEMENTATION acquires a capability macro — the [[B255]] idiom's own violation, which would stop the native suite driving the classifier, the crypto and the expiry at all\n  ctl-ok   W-S5-GATE-PURE-RUNTIME -> REJECTED by O1 — §RADMIN slice 5: the PURE prepare/commit/discard SEAM acquires a capability macro — the same violation on the file that owns the durable/live ORDERING\n  ctl-ok   W-S4-GATE-PURE -> REJECTED by O1 — §RADMIN slice 4: a PURE CONTROLLER SERVICE HEADER acquires a capability macro — the [[B255]] idiom's own violation, which would stop the native suite exercising the keyring's arms at all\n  ctl-ok   W-S4-GATE-PURE-VERBS -> REJECTED by O1 — §RADMIN slice 4: the CONTROLLER VERB header acquires a capability macro — the same violation on the file that owns R-RA-30's split predicate, which the BLE guard's extractor compiles UNGATED\n  ctl-ok   Y1 a benign comment edit is ACCEPTED — the checks reject violations, not changes\n  ctl-ok   Y2 a multi-match find is refused as an INSTRUMENT ERROR, never scored as a control\n  ctl-ok   Y3 a vacuous find is refused as an INSTRUMENT ERROR, never scored as a control\n  ctl-ok   Y4 an unreadable/malformed source raises a GATE ERROR, never a silent pass\n  ctl-ok   Y5 the shared checkout is byte-identical before and after (80a659aac5519bc5…)\nownership controls: 43 verified / 0 unusable\n\ntree unchanged: the real sources' md5 is identical before and after (a63bf93ddd1ef77391102b6ad48422f4)\nmatrix: 9 configuration cells (pin 9), 116 checks against the REAL mr_features.h, 1 failed (pin 121)\n  !! the environment-map derivation FAILED (exit 1)\n  !! 1 check(s) failed\n  !! CHECK COUNT MOVED: 116, pinned 121 — a check was added or deleted.\n     If deliberate, update PIN_CHECKS at the top of this file WITH its derivation.\ncontrols: 62 verified / 0 unusable (pin 62)\nFAIL\n"

----------------------------------------------------------------------
Ran 351 tests in 686.251s

FAILED (failures=4, skipped=1)
  ok    O3 the ACK released exactly one row
  ok    O3 the row's life ends at the ACK, not at the TTL
  ok    O3 reserve+put collapse to ONE row, not two
  ok    O3 the end is OBSERVED, so the row is not left open
  ok    O3 the registration authority is no longer needed for the bind
  ok    O3s an ACK whose ctr_h no row activated on -> unbound, row NOT freed
  ok    O3s the row therefore lives to its TTL
  ok    O3s an ACK naming another mobile's hash -> unbound, never paired by ctr alone
  ok    O3a two rows sharing {mobile_hash, ctr_m, ctr_h} -> AMBIGUOUS, never the first match
  ok    O3f a `mobile_reverse_ack` without `mobile_hash` REFUSES (a missing field is not a zero)
  ok    O3f a `mobile_reverse_ack` without `ctr_h` REFUSES (a missing field is not a zero)
  ok    O3f a `ctr_h` of False REFUSES (bool subclasses int; only a type identity rejects it)
  ok    O3f a `ctr_h` of 2.0 REFUSES (bool subclasses int; only a type identity rejects it)
  ok    O3f a `ctr_h` of '9' REFUSES (bool subclasses int; only a type identity rejects it)
  ok    O3f a `deleg_ack_reserved` without `target_kind` REFUSES (a pre-S1b stream is not this measurement)
  ok    O4 reserved-never-activated counted
  ok    O4 an unclosed row is reported as such, not folded into a bound
  ok    O4 lo arm gives it no span
  ok    O4 hi arm holds it to the TTL
  ok    O5 the release closed the row exactly, with its cause
  ok    O5 lo and hi now COINCIDE — the S0/S1a gap is closed
  ok    O5 all seven release causes are accepted and counted separately
  ok    O5s an orphan release is UNBOUND, never invented into a row
  ok    O6 the expiry closed the row at the named edge, with its exact custody state
  ok    O6s an orphan expiry is UNBOUND, never invented into a row
  ok    O7 a forward event binds to EXACTLY ONE live active row and stamps it
  ok    O7 a forwarded row is still closed by its later ACK
  ok    O7s an orphan forward is UNBOUND, never invented into a row
  ok    O7s a forward whose return peer disagrees does NOT bind (counter-only matching is refused)
  ok    O7s an AMBIGUOUS forward (two live rows share the wire-visible identity) is UNBOUND
  ok    O7s a forward missing `type` REFUSES the run
  ok    O7s a forward missing `ctr_m` REFUSES the run
  ok    O7s a boolean `ctr_h` REFUSES — only a type-IDENTITY test rejects it
  ok    O8 an expiry reporting `forwarded` is ACCEPTED when a forward event bound to that row
  ok    O8s an expiry CLAIMING `forwarded` with no forward event behind it is a FINDING
  ok    S1 a mutated ACK bound REFUSES against the header (no stale bound is reported as current)

PASS: §B278 census selftest, 0 failure(s)
RED: missing row -> missing ruled row: ('acl', '—')
RED: duplicate row -> duplicate semantic authority row: ('acl', '—')
RED: unclassified row -> unclassified or malformed authority table row: | `acl` | — | unclassified | no | [§G](../plans/2026-09-06-radmin-authority-classification-proposal.md#g-target-side-remote-admin-stores-slice-3--the-physical-class) |
RED: table/header disagreement -> table/header disagreement: ('acl', '—')
RED: orphan row -> orphan ruled row: ('orphan-probe', '—')
RED: surface mark dropped -> authority/surface mark disagreement at src/firmware_remote.cpp:47
git_rev.py: GIT_REV = b206b206b206 (source=override)
git_rev.py: GIT_REV = b206b206b206 (source=override)
git_rev.py: GIT_REV = b206b206b206 (source=override)
git_rev.py: GIT_REV = b206b206b206 (source=override)
git_rev.py: GIT_REV = b206b206b206 (source=override)
git_rev.py: GIT_REV = b206b206b206 (source=override)
git_rev.py: GIT_REV = b206b206b206 (source=override)
git_rev.py: GIT_REV = b206b206b206 (source=override)
git_rev.py: GIT_REV = b206b206b206 (source=override)
git_rev.py: GIT_REV = b206b206b206 (source=override)
git_rev.py: GIT_REV = b206b206b206 (source=override)
git_rev.py: GIT_REV = b206b206b206 (source=override)
git_rev.py: GIT_REV = b206b206b206 (source=override)
git_rev.py: GIT_REV = e61bd9c (source=git)
git_rev.py: GIT_REV = b206b206b206 (source=override)
git_rev.py: GIT_REV = b206b206b206 (source=override)
git_rev.py: GIT_REV = b206b206b206 (source=override)
git_rev.py: GIT_REV = e61bd9c (source=git)
git_rev.py: GIT_REV = c07b77f-dirty (source=git)
git_rev.py: GIT_REV = c07b77f-dirty (source=git)
git_rev.py: GIT_REV = b206b206b206 (source=override)
