== actionadmit 16:44:34
rc=0
  [w2]   ok   clean baseline 2916 / 184587 / 0   (DERIVED from this tree)
  [w1]   ok   clean baseline 2916 / 184587 / 0   (DERIVED from this tree)
  ok   clean baseline 2916 / 184587 / 0   (DERIVED per worker tree; 3 tree(s) agree)
mutations: 10 RED / 0 unusable
== radmin5rx 16:44:59
rc=0
  [w1]   ok   clean baseline 2916 / 184587 / 0   (DERIVED from this tree)
  [w0]   ok   clean baseline 2916 / 184587 / 0   (DERIVED from this tree)
  ok   clean baseline 2916 / 184587 / 0   (DERIVED per worker tree; 3 tree(s) agree)
mutations: 14 RED / 0 unusable
== sliceDtoken 16:45:51
rc=0
  [w0]   ok   clean baseline 2916 / 184587 / 0   (DERIVED from this tree)
  [w1]   ok   clean baseline 2916 / 184587 / 0   (DERIVED from this tree)
  ok   clean baseline 2916 / 184587 / 0   (DERIVED per worker tree; 2 tree(s) agree)
mutations: 2 RED / 0 unusable
== radmin2codec 16:46:01
rc=0
  [w0]   ok   clean baseline 2916 / 184587 / 0   (DERIVED from this tree)
  [w1]   ok   clean baseline 2916 / 184587 / 0   (DERIVED from this tree)
  ok   clean baseline 2916 / 184587 / 0   (DERIVED per worker tree; 3 tree(s) agree)
mutations: 105 RED / 0 unusable
== a0rx 16:49:03
rc=0
  [w0]   ok   clean baseline 2916 / 184587 / 0   (DERIVED from this tree)
  [w2]   ok   clean baseline 2916 / 184587 / 0   (DERIVED from this tree)
  ok   clean baseline 2916 / 184587 / 0   (DERIVED per worker tree; 3 tree(s) agree)
mutations: 7 RED / 0 unusable
== b134ack 16:49:21
rc=0
  [w1]   ok   clean baseline 2916 / 184587 / 0   (DERIVED from this tree)
  [w0]   ok   clean baseline 2916 / 184587 / 0   (DERIVED from this tree)
  ok   clean baseline 2916 / 184587 / 0   (DERIVED per worker tree; 2 tree(s) agree)
mutations: 2 RED / 0 unusable
== b134inbox 16:49:32
rc=0
  [w0]   ok   clean baseline 2916 / 184587 / 0   (DERIVED from this tree)
  [w2]   ok   clean baseline 2916 / 184587 / 0   (DERIVED from this tree)
  ok   clean baseline 2916 / 184587 / 0   (DERIVED per worker tree; 3 tree(s) agree)
mutations: 5 RED / 0 unusable
== b134ram 16:49:47
rc=0
  [w2]   ok   clean baseline 2916 / 184587 / 0   (DERIVED from this tree)
  [w0]   ok   clean baseline 2916 / 184587 / 0   (DERIVED from this tree)
  ok   clean baseline 2916 / 184587 / 0   (DERIVED per worker tree; 3 tree(s) agree)
mutations: 3 RED / 0 unusable
== b134store 16:49:57
rc=0
  [w0]   ok   G08 ★★★ begin()'s FRESH-baseline save goes back to persisting nothing — the store runs with no topology, epoch or high-water on the medium, and a reboot inside the first seq batch REUSES sequences over a live log -> RED (7 assertion(s) failed, match count 1)
  ok   clean baseline 2916 / 184587 / 0   (DERIVED per worker tree; 3 tree(s) agree)
  ok   G08 ★★★ begin()'s FRESH-baseline save goes back to persisting nothing — the store runs with no topology, epoch or high-water on the medium, and a reboot inside the first seq batch REUSES sequences over a live log -> RED (7 assertion(s) failed, match count 1)
mutations: 39 RED / 0 unusable
== b159mac 16:50:52
rc=0
  [w0]   ok   clean baseline 2916 / 184587 / 0   (DERIVED from this tree)
  [w1]   ok   clean baseline 2916 / 184587 / 0   (DERIVED from this tree)
  ok   clean baseline 2916 / 184587 / 0   (DERIVED per worker tree; 2 tree(s) agree)
mutations: 2 RED / 0 unusable
== b159map 16:51:02
rc=0
  [w0]   ok   clean baseline 2916 / 184587 / 0   (DERIVED from this tree)
  [w1]   ok   clean baseline 2916 / 184587 / 0   (DERIVED from this tree)
  ok   clean baseline 2916 / 184587 / 0   (DERIVED per worker tree; 2 tree(s) agree)
mutations: 2 RED / 0 unusable
== b159rx 16:51:12
rc=0
  [w0]   ok   clean baseline 2916 / 184587 / 0   (DERIVED from this tree)
  [w2]   ok   clean baseline 2916 / 184587 / 0   (DERIVED from this tree)
  ok   clean baseline 2916 / 184587 / 0   (DERIVED per worker tree; 3 tree(s) agree)
mutations: 3 RED / 0 unusable
== b161hash 16:51:23
rc=0
  [w0]   ok   clean baseline 2916 / 184587 / 0   (DERIVED from this tree)
  [w1]   ok   clean baseline 2916 / 184587 / 0   (DERIVED from this tree)
  ok   clean baseline 2916 / 184587 / 0   (DERIVED per worker tree; 3 tree(s) agree)
mutations: 6 RED / 0 unusable
== b161mac 16:51:38
rc=0
  [w0] -- baseline gate: THIS WORKER'S OWN clean tree must run 0 FAILED; its own counts become this shard's baseline
  [w0]   ok   clean baseline 2916 / 184587 / 0   (DERIVED from this tree)
  ok   clean baseline 2916 / 184587 / 0   (DERIVED per worker tree; 1 tree(s) agree)
mutations: 1 RED / 0 unusable
== b161rx 16:51:48
rc=0
  [w2]   ok   clean baseline 2916 / 184587 / 0   (DERIVED from this tree)
  [w0]   ok   clean baseline 2916 / 184587 / 0   (DERIVED from this tree)
  ok   clean baseline 2916 / 184587 / 0   (DERIVED per worker tree; 3 tree(s) agree)
mutations: 8 RED / 0 unusable
== b20codec 16:52:06
rc=0
  [w0]   ok   clean baseline 2916 / 184587 / 0   (DERIVED from this tree)
  [w1]   ok   clean baseline 2916 / 184587 / 0   (DERIVED from this tree)
  ok   clean baseline 2916 / 184587 / 0   (DERIVED per worker tree; 3 tree(s) agree)
mutations: 5 RED / 0 unusable
== b20mac 16:52:22
rc=0
  [w1]   ok   clean baseline 2916 / 184587 / 0   (DERIVED from this tree)
  [w2]   ok   clean baseline 2916 / 184587 / 0   (DERIVED from this tree)
  ok   clean baseline 2916 / 184587 / 0   (DERIVED per worker tree; 3 tree(s) agree)
mutations: 11 RED / 0 unusable
== b251hash 16:52:45
rc=0
  [w2]   ok   clean baseline 2916 / 184587 / 0   (DERIVED from this tree)
  [w0]   ok   clean baseline 2916 / 184587 / 0   (DERIVED from this tree)
  ok   clean baseline 2916 / 184587 / 0   (DERIVED per worker tree; 3 tree(s) agree)
mutations: 55 RED / 0 unusable
== b251rx 16:54:05
rc=0
  [w1]   ok   clean baseline 2916 / 184587 / 0   (DERIVED from this tree)
  [w0]   ok   clean baseline 2916 / 184587 / 0   (DERIVED from this tree)
  ok   clean baseline 2916 / 184587 / 0   (DERIVED per worker tree; 3 tree(s) agree)
mutations: 19 RED / 0 unusable
== cmdauthority 16:54:39
rc=0
  [w1]   ok   clean baseline 2916 / 184587 / 0   (DERIVED from this tree)
  [w2]   ok   clean baseline 2916 / 184587 / 0   (DERIVED from this tree)
  ok   clean baseline 2916 / 184587 / 0   (DERIVED per worker tree; 3 tree(s) agree)
mutations: 16 RED / 0 unusable
== consoleline 16:55:08
rc=0
  [w2]   ok   clean baseline 2916 / 184587 / 0   (DERIVED from this tree)
  [w1]   ok   clean baseline 2916 / 184587 / 0   (DERIVED from this tree)
  ok   clean baseline 2916 / 184587 / 0   (DERIVED per worker tree; 3 tree(s) agree)
mutations: 12 RED / 0 unusable
== devicenv 16:55:30
rc=0
  [w1]   ok   clean baseline 2916 / 184587 / 0   (DERIVED from this tree)
  [w2]   ok   clean baseline 2916 / 184587 / 0   (DERIVED from this tree)
  ok   clean baseline 2916 / 184587 / 0   (DERIVED per worker tree; 3 tree(s) agree)
mutations: 42 RED / 0 unusable
== fwactivation 16:56:34
rc=0
  [w2]   ok   clean baseline 2916 / 184587 / 0   (DERIVED from this tree)
  [w0]   ok   clean baseline 2916 / 184587 / 0   (DERIVED from this tree)
  ok   clean baseline 2916 / 184587 / 0   (DERIVED per worker tree; 3 tree(s) agree)
mutations: 10 RED / 0 unusable
== grantadmit 16:56:56
rc=0
  [w0] -- baseline gate: THIS WORKER'S OWN clean tree must run 0 FAILED; its own counts become this shard's baseline
  [w0]   ok   clean baseline 2916 / 184587 / 0   (DERIVED from this tree)
  ok   clean baseline 2916 / 184587 / 0   (DERIVED per worker tree; 1 tree(s) agree)
mutations: 1 RED / 0 unusable
== grantpark 16:57:05
rc=0
  [w1]   ok   clean baseline 2916 / 184587 / 0   (DERIVED from this tree)
  [w0]   ok   clean baseline 2916 / 184587 / 0   (DERIVED from this tree)
  ok   clean baseline 2916 / 184587 / 0   (DERIVED per worker tree; 3 tree(s) agree)
mutations: 3 RED / 0 unusable
== macwait 16:57:16
rc=0
  [w0]   ok   clean baseline 2916 / 184587 / 0   (DERIVED from this tree)
  [w1]   ok   clean baseline 2916 / 184587 / 0   (DERIVED from this tree)
  ok   clean baseline 2916 / 184587 / 0   (DERIVED per worker tree; 3 tree(s) agree)
mutations: 10 RED / 0 unusable
== radmin3acl 16:57:38
rc=0
  [w1]   ok   clean baseline 2916 / 184587 / 0   (DERIVED from this tree)
  [w2]   ok   clean baseline 2916 / 184587 / 0   (DERIVED from this tree)
  ok   clean baseline 2916 / 184587 / 0   (DERIVED per worker tree; 3 tree(s) agree)
mutations: 36 RED / 0 unusable
== radmin3id 16:58:30
rc=0
  [w1]   ok   clean baseline 2916 / 184587 / 0   (DERIVED from this tree)
  [w2]   ok   clean baseline 2916 / 184587 / 0   (DERIVED from this tree)
  ok   clean baseline 2916 / 184587 / 0   (DERIVED per worker tree; 3 tree(s) agree)
mutations: 23 RED / 0 unusable
== radmin3verbs 16:59:07
rc=0
  [w0]   ok   clean baseline 2916 / 184587 / 0   (DERIVED from this tree)
  [w2]   ok   clean baseline 2916 / 184587 / 0   (DERIVED from this tree)
  ok   clean baseline 2916 / 184587 / 0   (DERIVED per worker tree; 3 tree(s) agree)
mutations: 28 RED / 0 unusable
== radmin5runtime 16:59:51
rc=0
  [w1]   ok   clean baseline 2916 / 184587 / 0   (DERIVED from this tree)
  [w0]   ok   clean baseline 2916 / 184587 / 0   (DERIVED from this tree)
  ok   clean baseline 2916 / 184587 / 0   (DERIVED per worker tree; 3 tree(s) agree)
mutations: 16 RED / 0 unusable
== radmin5session 17:00:20
rc=0
  [w2]   ok   clean baseline 2916 / 184587 / 0   (DERIVED from this tree)
  [w1]   ok   clean baseline 2916 / 184587 / 0   (DERIVED from this tree)
  ok   clean baseline 2916 / 184587 / 0   (DERIVED per worker tree; 3 tree(s) agree)
mutations: 25 RED / 0 unusable
== radmin72rx 17:01:02
rc=0
  [w2]   ok   clean baseline 2916 / 184587 / 0   (DERIVED from this tree)
  [w1]   ok   clean baseline 2916 / 184587 / 0   (DERIVED from this tree)
  ok   clean baseline 2916 / 184587 / 0   (DERIVED per worker tree; 3 tree(s) agree)
mutations: 15 RED / 0 unusable
== radmin72session 17:01:29
rc=0
  [w1]   ok   clean baseline 2916 / 184587 / 0   (DERIVED from this tree)
  [w2]   ok   clean baseline 2916 / 184587 / 0   (DERIVED from this tree)
  ok   clean baseline 2916 / 184587 / 0   (DERIVED per worker tree; 3 tree(s) agree)
mutations: 36 RED / 0 unusable
== radmin7exec 17:02:22
rc=0
  [w1]   ok   clean baseline 2916 / 184587 / 0   (DERIVED from this tree)
  [w0]   ok   clean baseline 2916 / 184587 / 0   (DERIVED from this tree)
  ok   clean baseline 2916 / 184587 / 0   (DERIVED per worker tree; 3 tree(s) agree)
mutations: 20 RED / 0 unusable
== radmin7rx 17:02:55
rc=0
  [w2]   ok   clean baseline 2916 / 184587 / 0   (DERIVED from this tree)
  [w1]   ok   clean baseline 2916 / 184587 / 0   (DERIVED from this tree)
  ok   clean baseline 2916 / 184587 / 0   (DERIVED per worker tree; 3 tree(s) agree)
mutations: 13 RED / 0 unusable
== radmin7transcript 17:03:21
rc=0
  [w0]   ok   clean baseline 2916 / 184587 / 0   (DERIVED from this tree)
  [w2]   ok   clean baseline 2916 / 184587 / 0   (DERIVED from this tree)
  ok   clean baseline 2916 / 184587 / 0   (DERIVED per worker tree; 3 tree(s) agree)
mutations: 20 RED / 0 unusable
== remoteactivation 17:03:55
rc=0
  [w1]   ok   clean baseline 2916 / 184587 / 0   (DERIVED from this tree)
  [w2]   ok   clean baseline 2916 / 184587 / 0   (DERIVED from this tree)
  ok   clean baseline 2916 / 184587 / 0   (DERIVED per worker tree; 3 tree(s) agree)
mutations: 22 RED / 0 unusable
== sliceAinbox 17:04:31
rc=0
  [w0] -- baseline gate: THIS WORKER'S OWN clean tree must run 0 FAILED; its own counts become this shard's baseline
  [w0]   ok   clean baseline 2916 / 184587 / 0   (DERIVED from this tree)
  ok   clean baseline 2916 / 184587 / 0   (DERIVED per worker tree; 1 tree(s) agree)
mutations: 1 RED / 0 unusable
== sliceAjson 17:04:41
rc=0
  [w0] -- baseline gate: THIS WORKER'S OWN clean tree must run 0 FAILED; its own counts become this shard's baseline
  [w0]   ok   clean baseline 2916 / 184587 / 0   (DERIVED from this tree)
  ok   clean baseline 2916 / 184587 / 0   (DERIVED per worker tree; 1 tree(s) agree)
mutations: 1 RED / 0 unusable
== sliceBmac 17:04:50
rc=1
  [w0]   FAIL M04 ★★ THE HELPER CALL IN `do_data_tx`'s PACK-FAILED PATH IS DELETED — the SEVENTH site this sweep found reverts to destroying an admitted carrier in total silence, grant included ([[B268]] blocker-1) — the suite still PASSES; nothing measures this
  ok   clean baseline 2916 / 184587 / 0   (DERIVED per worker tree; 3 tree(s) agree)
  FAIL M04 ★★ THE HELPER CALL IN `do_data_tx`'s PACK-FAILED PATH IS DELETED — the SEVENTH site this sweep found reverts to destroying an admitted carrier in total silence, grant included ([[B268]] blocker-1) — the suite still PASSES; nothing measures this
mutations: 3 RED / 1 unusable
== sliceBnode 17:05:05
rc=0
  [w1]   ok   clean baseline 2916 / 184587 / 0   (DERIVED from this tree)
  [w0]   ok   clean baseline 2916 / 184587 / 0   (DERIVED from this tree)
  ok   clean baseline 2916 / 184587 / 0   (DERIVED per worker tree; 3 tree(s) agree)
mutations: 8 RED / 0 unusable
== sliceBrx 17:05:23
rc=0
  [w2]   ok   clean baseline 2916 / 184587 / 0   (DERIVED from this tree)
  [w0]   ok   clean baseline 2916 / 184587 / 0   (DERIVED from this tree)
  ok   clean baseline 2916 / 184587 / 0   (DERIVED per worker tree; 3 tree(s) agree)
mutations: 16 RED / 0 unusable
== sliceCinbox 17:05:52
rc=0
  [w0]   ok   clean baseline 2916 / 184587 / 0   (DERIVED from this tree)
  [w1]   ok   clean baseline 2916 / 184587 / 0   (DERIVED from this tree)
  ok   clean baseline 2916 / 184587 / 0   (DERIVED per worker tree; 2 tree(s) agree)
mutations: 2 RED / 0 unusable
== sliceCpull 17:06:03
rc=0
  [w1]   ok   clean baseline 2916 / 184587 / 0   (DERIVED from this tree)
  [w0]   ok   clean baseline 2916 / 184587 / 0   (DERIVED from this tree)
  ok   clean baseline 2916 / 184587 / 0   (DERIVED per worker tree; 2 tree(s) agree)
mutations: 2 RED / 0 unusable
== sliceDack 17:06:13
rc=0
  [w0] -- baseline gate: THIS WORKER'S OWN clean tree must run 0 FAILED; its own counts become this shard's baseline
  [w0]   ok   clean baseline 2916 / 184587 / 0   (DERIVED from this tree)
  ok   clean baseline 2916 / 184587 / 0   (DERIVED per worker tree; 1 tree(s) agree)
mutations: 1 RED / 0 unusable
== sliceDclear 17:06:22
rc=0
  [w0]   ok   clean baseline 2916 / 184587 / 0   (DERIVED from this tree)
  [w2]   ok   clean baseline 2916 / 184587 / 0   (DERIVED from this tree)
  ok   clean baseline 2916 / 184587 / 0   (DERIVED per worker tree; 3 tree(s) agree)
mutations: 5 RED / 0 unusable
== sliceDstore 17:06:37
rc=0
  [w2]   ok   clean baseline 2916 / 184587 / 0   (DERIVED from this tree)
  [w0]   ok   clean baseline 2916 / 184587 / 0   (DERIVED from this tree)
  ok   clean baseline 2916 / 184587 / 0   (DERIVED per worker tree; 3 tree(s) agree)
mutations: 3 RED / 0 unusable
== sliceEnode 17:06:48
rc=0
  [w0]   ok   clean baseline 2916 / 184587 / 0   (DERIVED from this tree)
  [w1]   ok   clean baseline 2916 / 184587 / 0   (DERIVED from this tree)
  ok   clean baseline 2916 / 184587 / 0   (DERIVED per worker tree; 3 tree(s) agree)
mutations: 3 RED / 0 unusable
== sliceGinbox 17:06:58
rc=0
  [w0]   ok   clean baseline 2916 / 184587 / 0   (DERIVED from this tree)
  [w1]   ok   clean baseline 2916 / 184587 / 0   (DERIVED from this tree)
  ok   clean baseline 2916 / 184587 / 0   (DERIVED per worker tree; 3 tree(s) agree)
mutations: 4 RED / 0 unusable
== sliceGjson 17:07:13
rc=0
  [w0]   ok   clean baseline 2916 / 184587 / 0   (DERIVED from this tree)
  [w1]   ok   clean baseline 2916 / 184587 / 0   (DERIVED from this tree)
  ok   clean baseline 2916 / 184587 / 0   (DERIVED per worker tree; 3 tree(s) agree)
mutations: 16 RED / 0 unusable
== sliceGrx 17:07:42
rc=0
  ok   G11 ★★★ §13.2 AN UNPARSEABLE INNER BECOMES A SILENT CONSUME — the frame is still dropped, but the ruled bounded `custody_failure_reject` never fires, so a malformed-input population becomes invisible to the operator, the corpus instrument and the bug register at once -> RED (1 assertion(s) failed, match count 1)
  ok   G25 ★★★ THE LIVE PUSH IS SUPPRESSED WHEN STORAGE IS DISABLED — §7.3 rules the opposite: the receipt still emits ONE push carrying `seq = 0`. A node with no inbox backend (every simulator node, and any board built without one) would go silent on the whole diagnostic. ⓘ The anchor carries the line ABOVE it: a bare `enqueue_push(pu);` matches several sites in this file and the entry went VACUOUS at match count 3 -> RED (11 assertion(s) failed, match count 1)
  ok   S77 ★★★ §B278 S4 THE FACTUAL TELEMETRY REPORTS THE CARRIER'S ORIGIN — `custody_failure_rx` names the translating home as the reporter, so the corpus instrument and the operator see a different identity from the one the store and the Push carry. ⛔ One selected identity, three surfaces -> RED (1 assertion(s) failed, match count 1)
mutations: 42 RED / 0 unusable
== teamgrant 17:08:45
rc=0
  [w2]   ok   clean baseline 2916 / 184587 / 0   (DERIVED from this tree)
  [w0]   ok   clean baseline 2916 / 184587 / 0   (DERIVED from this tree)
  ok   clean baseline 2916 / 184587 / 0   (DERIVED per worker tree; 3 tree(s) agree)
mutations: 4 RED / 0 unusable
== teamkeyring 17:09:00
rc=0
  [w0]   ok   T59 ★★★ THE COMPACTION BECOMES A SWAP-WITH-THE-LAST — the survivors are re-ordered under the operator's cursor between one removal and the next, and the tail wipe then clears a slot the swap already overwrote -> RED (4 assertion(s) failed, match count 1)
  ok   clean baseline 2916 / 184587 / 0   (DERIVED per worker tree; 3 tree(s) agree)
  ok   T59 ★★★ THE COMPACTION BECOMES A SWAP-WITH-THE-LAST — the survivors are re-ordered under the operator's cursor between one removal and the next, and the tail wipe then clears a slot the swap already overwrote -> RED (4 assertion(s) failed, match count 1)
mutations: 68 RED / 0 unusable
