baseline: actual strict reader accepts all 8 pins; structural=83 controls=149
CONTROL RED PIN_STRUCTURAL run.sh no longer declares PIN_STRUCTURAL — the pin it names cannot be checked
CONTROL RED PIN_CONTROLS run.sh no longer declares PIN_CONTROLS — the pin it names cannot be checked
PASS: final runner readable; 2/2 inline-comment controls reject; source unchanged
{
  "reader_sha256": "a065f60117ae6a9f4c4b11c68cea4dccd81cf102d42dada2877dc3e691eb1df3",
  "runner_sha256": "d8b25110b9f05ea637bff6b46e9c3a71f6efa3cf74b52120e3d77be6736d40af",
  "pins": {
    "PIN_PROFILES": 6,
    "CHECKS_PER_PROFILE": 120,
    "PIN_STRUCTURAL": 83,
    "PIN_BLE_GUARD": 905,
    "PIN_OWNERSHIP": 6,
    "PIN_OWN_CTL": 3,
    "PIN_CONTROLS": 149,
    "PIN_CHECKS": 720
  },
  "controls": {
    "PIN_STRUCTURAL": "run.sh no longer declares PIN_STRUCTURAL \u2014 the pin it names cannot be checked",
    "PIN_CONTROLS": "run.sh no longer declares PIN_CONTROLS \u2014 the pin it names cannot be checked"
  }
}
