START abi
END abi 0 29.5
START b278
END b278 0 18.7
START console_sink
END console_sink 0 68.7
START console_sink-no-neg
END console_sink-no-neg 0 20.2
START inbox_verbs
END inbox_verbs 0 441.5
START inbox_verbs-no-neg
END inbox_verbs-no-neg 0 35.4
START firmware_ui
END firmware_ui 0 333.8
START firmware_ui-no-neg
END firmware_ui-no-neg 0 33.3
START custody_usb
END custody_usb 0 19.2
START custody_usb-no-neg
END custody_usb-no-neg 0 12.1
START ble_line
END ble_line 0 6.1
START ble_line-no-neg
END ble_line-no-neg 0 1.5
START features
END features 0 57.9
START features-no-neg
END features-no-neg 0 2.8
START tools
END tools 0 626.4
START inventory-write
END inventory-write 0 1.9
START inventory-bare
END inventory-bare 0 1.9
START inventory-check
END inventory-check 0 1.9
START authority
END authority 0 0.0
START authority-controls
END authority-controls 0 0.1
START a0
END a0 0 0.0
START literal-check
END literal-check 0 1.5
START census
END census 0 157.7
CHAIN COMPLETE
