START base-native-build
END base-native-build 0 27.5
START base-native
END base-native 0 0.6
START base-native-remote
END base-native-remote 0 0.1
START base-boards
END base-boards 0 51.4
START sim-base-configure
END sim-base-configure 0 0.4
START sim-base-build
END sim-base-build 0 36.4
START corpus-base
END corpus-base 0 52.8
START corpus-validate-base
END corpus-validate-base 0 0.7
START final-native-build
END final-native-build 0 21.3
START final-native
END final-native 0 0.6
START final-native-remote
END final-native-remote 0 0.1
START final-boards
END final-boards 0 46.4
START sim-final-configure
END sim-final-configure 0 0.4
START sim-final-build
END sim-final-build 0 36.8
START corpus-final
END corpus-final 0 53.2
START corpus-validate-final
END corpus-validate-final 0 0.7
START corpus-comparator
END corpus-comparator 1 1.3
MEASUREMENT COMPLETE; 36 actual streams byte-identical
