{
  "targets": [
    {
      "target": "a0rx",
      "entries": 7,
      "red": 7,
      "unusable": 0,
      "baselines": 4,
      "baseline": [
        2909,
        174485,
        0
      ],
      "restored_md5": "286e851176b2a03ee5b5d579d94849c8",
      "log_sha256": "87d76562eab81117295c2213ce9c962981dafbb9d4daa8e359d683f946754df8"
    },
    {
      "target": "b134ack",
      "entries": 2,
      "red": 2,
      "unusable": 0,
      "baselines": 2,
      "baseline": [
        2909,
        174485,
        0
      ],
      "restored_md5": "21b1db7be690a55771a96490f003f769",
      "log_sha256": "e4654e42251f7af1dd24d36f058ad22487b35385b6d53c5c608a6455ffabe699"
    },
    {
      "target": "b134inbox",
      "entries": 5,
      "red": 5,
      "unusable": 0,
      "baselines": 4,
      "baseline": [
        2909,
        174485,
        0
      ],
      "restored_md5": "a8088417e948aef2e5ffbe8cec312b27",
      "log_sha256": "5f24ac2be4424c5b71af906c31bb71124c3ac542ef801cacaa814d184c124b53"
    },
    {
      "target": "b134ram",
      "entries": 3,
      "red": 3,
      "unusable": 0,
      "baselines": 3,
      "baseline": [
        2909,
        174485,
        0
      ],
      "restored_md5": "39644fd2d33466f12779c92431a3dc71",
      "log_sha256": "bf9159e2fe9e6a6dacb722579886d491d2adfe24b51031de42cf522fa9b3baf8"
    },
    {
      "target": "b134store",
      "entries": 39,
      "red": 39,
      "unusable": 0,
      "baselines": 4,
      "baseline": [
        2909,
        174485,
        0
      ],
      "restored_md5": "29884575bbf3b33bf2ca456de63b1d69",
      "log_sha256": "56983cbc44138152009ea1b69267f7839ad78134383d1c8b9acbcbe8be12e14b"
    },
    {
      "target": "b159mac",
      "entries": 2,
      "red": 2,
      "unusable": 0,
      "baselines": 2,
      "baseline": [
        2909,
        174485,
        0
      ],
      "restored_md5": "677c65439817a380f3fc94d9b651341d",
      "log_sha256": "44814329347d4f56e082a258e6076743c1ef8f0240d4067dbc127729ba5cd127"
    },
    {
      "target": "b159map",
      "entries": 2,
      "red": 2,
      "unusable": 0,
      "baselines": 2,
      "baseline": [
        2909,
        174485,
        0
      ],
      "restored_md5": "74b20a89c6a872f6bcd846b3f4fd1fcf",
      "log_sha256": "0289102bcbb41486368c802c07281cf64981307b898d565d0b75d4827489373f"
    },
    {
      "target": "b159rx",
      "entries": 3,
      "red": 3,
      "unusable": 0,
      "baselines": 3,
      "baseline": [
        2909,
        174485,
        0
      ],
      "restored_md5": "286e851176b2a03ee5b5d579d94849c8",
      "log_sha256": "b746c6b1fb3af88213167999ef464e1238603c36e4965d64c58fcab94d269d4d"
    },
    {
      "target": "b161hash",
      "entries": 6,
      "red": 6,
      "unusable": 0,
      "baselines": 4,
      "baseline": [
        2909,
        174485,
        0
      ],
      "restored_md5": "ffb88cb2cb558a1158d741e6bc9eb6e4",
      "log_sha256": "2bf2a3e5417e2bf26f88e610fd61d4a3f91a7b8b66faf5130e6ab63c9bb38340"
    },
    {
      "target": "b161mac",
      "entries": 1,
      "red": 1,
      "unusable": 0,
      "baselines": 1,
      "baseline": [
        2909,
        174485,
        0
      ],
      "restored_md5": "677c65439817a380f3fc94d9b651341d",
      "log_sha256": "827ffbbd6df3be70b6b6f759a8c7592971eff9d132a28e2efbcb4f606f251a65"
    },
    {
      "target": "b161rx",
      "entries": 8,
      "red": 8,
      "unusable": 0,
      "baselines": 4,
      "baseline": [
        2909,
        174485,
        0
      ],
      "restored_md5": "286e851176b2a03ee5b5d579d94849c8",
      "log_sha256": "92dac2c7500d770fdd74a85409b4dc9d419534d8998c37671f9717f904cf948e"
    },
    {
      "target": "b20codec",
      "entries": 5,
      "red": 5,
      "unusable": 0,
      "baselines": 4,
      "baseline": [
        2909,
        174485,
        0
      ],
      "restored_md5": "70aff75d2bb570b9320bb471b7142e40",
      "log_sha256": "a9d9887b913412eaf120fe9702408c8b22bc2c0374811cf41dcf647e9a792869"
    },
    {
      "target": "b20mac",
      "entries": 11,
      "red": 11,
      "unusable": 0,
      "baselines": 4,
      "baseline": [
        2909,
        174485,
        0
      ],
      "restored_md5": "677c65439817a380f3fc94d9b651341d",
      "log_sha256": "aec980277055737364d6f033656dc8eab552f56440fe4c813ed7316d80777efb"
    },
    {
      "target": "b251hash",
      "entries": 55,
      "red": 55,
      "unusable": 0,
      "baselines": 4,
      "baseline": [
        2909,
        174485,
        0
      ],
      "restored_md5": "ffb88cb2cb558a1158d741e6bc9eb6e4",
      "log_sha256": "19e5f5eb2ca5a3e957f773799e7d68b3019770a63b876bf869ae65cf1e1f1529"
    },
    {
      "target": "b251rx",
      "entries": 19,
      "red": 19,
      "unusable": 0,
      "baselines": 4,
      "baseline": [
        2909,
        174485,
        0
      ],
      "restored_md5": "286e851176b2a03ee5b5d579d94849c8",
      "log_sha256": "6b0aa86fc11acde4c749d95d0d34b8e7fdd545d43b11bffc88e19a0d60fab05e"
    },
    {
      "target": "cmdauthority",
      "entries": 16,
      "red": 16,
      "unusable": 0,
      "baselines": 4,
      "baseline": [
        2909,
        174485,
        0
      ],
      "restored_md5": "401ed4d149fc410899f51d98fac667c1",
      "log_sha256": "a6b355e68468afb3d5d97515a761188eb6a8995d3dbdaa8ba3277e5c91b978b8"
    },
    {
      "target": "consoleline",
      "entries": 12,
      "red": 12,
      "unusable": 0,
      "baselines": 4,
      "baseline": [
        2909,
        174485,
        0
      ],
      "restored_md5": "906e1a837b8ca667d191e55ac5bdd848",
      "log_sha256": "b0160901487ed9028fc323b4c91398e2dd6d4b004255ee042ccd418186a51cd6"
    },
    {
      "target": "devicenv",
      "entries": 42,
      "red": 42,
      "unusable": 0,
      "baselines": 4,
      "baseline": [
        2909,
        174485,
        0
      ],
      "restored_md5": "eaf395c5d9caea43c256eaf84fbb9e8b",
      "log_sha256": "7f37ad6ad540e5de825816bcdd6dc9fcbc64a0ae475f3820be5bfe1ec0e9fd66"
    },
    {
      "target": "grantadmit",
      "entries": 1,
      "red": 1,
      "unusable": 0,
      "baselines": 1,
      "baseline": [
        2909,
        174485,
        0
      ],
      "restored_md5": "677c65439817a380f3fc94d9b651341d",
      "log_sha256": "0cb30bcf492d10549900f48b5d3b1b2e2c3aa635ef87d65970c4febe3e50e44c"
    },
    {
      "target": "grantpark",
      "entries": 3,
      "red": 3,
      "unusable": 0,
      "baselines": 3,
      "baseline": [
        2909,
        174485,
        0
      ],
      "restored_md5": "ffb88cb2cb558a1158d741e6bc9eb6e4",
      "log_sha256": "639fda45662e378b212f3d34b5a988e457016afdac93ea2f7f4df8a8469cc068"
    },
    {
      "target": "radmin2codec",
      "entries": 103,
      "red": 103,
      "unusable": 0,
      "baselines": 4,
      "baseline": [
        2909,
        174485,
        0
      ],
      "restored_md5": "22e3cfc10c678418ece5ce2daea0607b",
      "log_sha256": "f1c368f3b63c1f32347d29b880e001624ab15558be813882071cafe1da59dc40"
    },
    {
      "target": "radmin3acl",
      "entries": 36,
      "red": 36,
      "unusable": 0,
      "baselines": 4,
      "baseline": [
        2909,
        174485,
        0
      ],
      "restored_md5": "9e9fc3a9f19be1a654e034b15e4ae9ce",
      "log_sha256": "b5165d7af35040ed10aca3f76a5158ec7afa3d6f13272ef255f66241c0d213d0"
    },
    {
      "target": "radmin3id",
      "entries": 23,
      "red": 23,
      "unusable": 0,
      "baselines": 4,
      "baseline": [
        2909,
        174485,
        0
      ],
      "restored_md5": "e919adc3b622885c788e470b854ab742",
      "log_sha256": "924892c18f5f099d8fe936ce92efa516de2b88e7c8224d1708eb578aaa384059"
    },
    {
      "target": "radmin3verbs",
      "entries": 28,
      "red": 28,
      "unusable": 0,
      "baselines": 4,
      "baseline": [
        2909,
        174485,
        0
      ],
      "restored_md5": "a2720a19ea9fa8ee0608069dfc2b1780",
      "log_sha256": "eb15b4b4257dbbc033c17328c4e9cd493ac9095804ad45622873712c1d4f88df"
    },
    {
      "target": "radmin5runtime",
      "entries": 16,
      "red": 16,
      "unusable": 0,
      "baselines": 4,
      "baseline": [
        2909,
        174485,
        0
      ],
      "restored_md5": "2fc7c0e9d04c5235dc9e60bf05f2a66f",
      "log_sha256": "81e2681f3c57385fffec1611ad03936fca4b874674c85fb613ca4afd8d2641cd"
    },
    {
      "target": "radmin5rx",
      "entries": 14,
      "red": 14,
      "unusable": 0,
      "baselines": 4,
      "baseline": [
        2909,
        174485,
        0
      ],
      "restored_md5": "286e851176b2a03ee5b5d579d94849c8",
      "log_sha256": "8928ba9874dec015370c0bf0f7c96be77020507517fccb9f44625e7a798288a7"
    },
    {
      "target": "radmin5session",
      "entries": 25,
      "red": 25,
      "unusable": 0,
      "baselines": 4,
      "baseline": [
        2909,
        174485,
        0
      ],
      "restored_md5": "ec5071e06ee86ffe7b90b60e7a03c454",
      "log_sha256": "1a38b2d4f9a86c81816981fe14618c88d6345582ad558ed8f4f7e29025645d2c"
    },
    {
      "target": "radmin72rx",
      "entries": 15,
      "red": 15,
      "unusable": 0,
      "baselines": 4,
      "baseline": [
        2909,
        174485,
        0
      ],
      "restored_md5": "286e851176b2a03ee5b5d579d94849c8",
      "log_sha256": "29043cf8faf9789e1bb9cb0a3b3d22fa6c9cd7745a3da68ffcb9730c1bc40c9a"
    },
    {
      "target": "radmin72session",
      "entries": 36,
      "red": 36,
      "unusable": 0,
      "baselines": 4,
      "baseline": [
        2909,
        174485,
        0
      ],
      "restored_md5": "ec5071e06ee86ffe7b90b60e7a03c454",
      "log_sha256": "ed2dc5f4865da73b34fc7b0a3929e2a8595bcd4a16af8b367b96fcbaee7267fb"
    },
    {
      "target": "radmin7exec",
      "entries": 20,
      "red": 20,
      "unusable": 0,
      "baselines": 4,
      "baseline": [
        2909,
        174485,
        0
      ],
      "restored_md5": "cf230e192cc0102c9a5538e0f0fe99fd",
      "log_sha256": "8dab5ef191a316e960d7f8e51f8083f7257b2a9a9b4c51473fa3dad0d15076bd"
    },
    {
      "target": "radmin7rx",
      "entries": 13,
      "red": 13,
      "unusable": 0,
      "baselines": 4,
      "baseline": [
        2909,
        174485,
        0
      ],
      "restored_md5": "286e851176b2a03ee5b5d579d94849c8",
      "log_sha256": "5aa8cd5c006af0ac943b64f39cef278259561cf875494e859992b978d822bb00"
    },
    {
      "target": "radmin7transcript",
      "entries": 20,
      "red": 20,
      "unusable": 0,
      "baselines": 4,
      "baseline": [
        2909,
        174485,
        0
      ],
      "restored_md5": "ec5071e06ee86ffe7b90b60e7a03c454",
      "log_sha256": "93a6875b683f90456af068cfedb19a0abb0f43c49bcfbd18c5ce1c03c5ebc8ac"
    },
    {
      "target": "sliceAinbox",
      "entries": 1,
      "red": 1,
      "unusable": 0,
      "baselines": 1,
      "baseline": [
        2909,
        174485,
        0
      ],
      "restored_md5": "a8088417e948aef2e5ffbe8cec312b27",
      "log_sha256": "304bc23e8ca493c652ccbb6e3dedfe0cf9bdafa61890a3e39a8a3e4ad6d7dc4b"
    },
    {
      "target": "sliceAjson",
      "entries": 1,
      "red": 1,
      "unusable": 0,
      "baselines": 1,
      "baseline": [
        2909,
        174485,
        0
      ],
      "restored_md5": "45df30d5066440b1dc098b65e23e4fd8",
      "log_sha256": "580239b261386227a25a76be5ce42c1546f60a4b6fcb220eb3d73b485092741e"
    },
    {
      "target": "sliceBmac",
      "entries": 4,
      "red": 3,
      "unusable": 1,
      "baselines": 4,
      "baseline": [
        2909,
        174485,
        0
      ],
      "restored_md5": "677c65439817a380f3fc94d9b651341d",
      "log_sha256": "018bf954c7a47575741dc8cc80b3412257c2f46bba8913bf289c9a8b1706dc46"
    },
    {
      "target": "sliceBnode",
      "entries": 8,
      "red": 8,
      "unusable": 0,
      "baselines": 4,
      "baseline": [
        2909,
        174485,
        0
      ],
      "restored_md5": "74b20a89c6a872f6bcd846b3f4fd1fcf",
      "log_sha256": "18f5d786c7fe17652dda2656118532d0ae869123fdf37caf39326bd052b40a50"
    },
    {
      "target": "sliceBrx",
      "entries": 16,
      "red": 16,
      "unusable": 0,
      "baselines": 4,
      "baseline": [
        2909,
        174485,
        0
      ],
      "restored_md5": "286e851176b2a03ee5b5d579d94849c8",
      "log_sha256": "6c755cb5f396162123c53cdcb6908da4591be4d2b793e1d77173092c8163985d"
    },
    {
      "target": "sliceCinbox",
      "entries": 2,
      "red": 2,
      "unusable": 0,
      "baselines": 2,
      "baseline": [
        2909,
        174485,
        0
      ],
      "restored_md5": "6e60f13c2aec55cbffc5b48d24cc9d8d",
      "log_sha256": "e6a6217ae9d5f0d02c3b13c8d6d8d29b627b45fcd94edcfa0b24c83dcbc87b82"
    },
    {
      "target": "sliceCpull",
      "entries": 2,
      "red": 2,
      "unusable": 0,
      "baselines": 2,
      "baseline": [
        2909,
        174485,
        0
      ],
      "restored_md5": "a8088417e948aef2e5ffbe8cec312b27",
      "log_sha256": "26419040edc2106c71925e992fc320c5016a44e4b5ba073369243d69d363e43d"
    },
    {
      "target": "sliceDack",
      "entries": 1,
      "red": 1,
      "unusable": 0,
      "baselines": 1,
      "baseline": [
        2909,
        174485,
        0
      ],
      "restored_md5": "21b1db7be690a55771a96490f003f769",
      "log_sha256": "2f55df58c8c49e8164abb9f336a17627e0baa111dd95cad08a5aec76b4aa2e0b"
    },
    {
      "target": "sliceDclear",
      "entries": 5,
      "red": 5,
      "unusable": 0,
      "baselines": 4,
      "baseline": [
        2909,
        174485,
        0
      ],
      "restored_md5": "a8088417e948aef2e5ffbe8cec312b27",
      "log_sha256": "191a5863a8f8d6bf05cd436c77fb775275a56c6cbf1586995948efc85e5be2b6"
    },
    {
      "target": "sliceDstore",
      "entries": 3,
      "red": 3,
      "unusable": 0,
      "baselines": 3,
      "baseline": [
        2909,
        174485,
        0
      ],
      "restored_md5": "29884575bbf3b33bf2ca456de63b1d69",
      "log_sha256": "9b69e17d9be554de5c5ca9297928e0691f113609cd4eb0bf745df95888d37aa2"
    },
    {
      "target": "sliceDtoken",
      "entries": 2,
      "red": 2,
      "unusable": 0,
      "baselines": 2,
      "baseline": [
        2909,
        174485,
        0
      ],
      "restored_md5": "668d664775bed49047d60e9bceb1d702",
      "log_sha256": "a684e887091c3770f25f6a58d00226ef79e8fcbea5becd2a7fcc9c0f79bb095c"
    },
    {
      "target": "sliceEnode",
      "entries": 3,
      "red": 3,
      "unusable": 0,
      "baselines": 3,
      "baseline": [
        2909,
        174485,
        0
      ],
      "restored_md5": "74b20a89c6a872f6bcd846b3f4fd1fcf",
      "log_sha256": "be98a73b1738e0cda63c22ff673270ed1e6487c5e095d27f27d6b5e8c9bfebf8"
    },
    {
      "target": "sliceGinbox",
      "entries": 4,
      "red": 4,
      "unusable": 0,
      "baselines": 4,
      "baseline": [
        2909,
        174485,
        0
      ],
      "restored_md5": "a8088417e948aef2e5ffbe8cec312b27",
      "log_sha256": "85692255a74df28b1b1474f53c9a417e1e51b608a34307bb67720ebca567635d"
    },
    {
      "target": "sliceGjson",
      "entries": 16,
      "red": 16,
      "unusable": 0,
      "baselines": 4,
      "baseline": [
        2909,
        174485,
        0
      ],
      "restored_md5": "45df30d5066440b1dc098b65e23e4fd8",
      "log_sha256": "8230ea6581aa8a78035e883fe8b600a144fab320a62bfad76616ce6d12cebca8"
    },
    {
      "target": "sliceGrx",
      "entries": 42,
      "red": 42,
      "unusable": 0,
      "baselines": 4,
      "baseline": [
        2909,
        174485,
        0
      ],
      "restored_md5": "286e851176b2a03ee5b5d579d94849c8",
      "log_sha256": "b92046e889811e92a459f89e80c8a461078a8cc1408491ee04dfdfcc07f7a445"
    },
    {
      "target": "teamgrant",
      "entries": 4,
      "red": 4,
      "unusable": 0,
      "baselines": 4,
      "baseline": [
        2909,
        174485,
        0
      ],
      "restored_md5": "74b20a89c6a872f6bcd846b3f4fd1fcf",
      "log_sha256": "2f25c5a4f0b085acdfe03afe0a80a2048d3300fe6b84bb1c5fa15d0c81dddcff"
    },
    {
      "target": "teamkeyring",
      "entries": 68,
      "red": 68,
      "unusable": 0,
      "baselines": 4,
      "baseline": [
        2909,
        174485,
        0
      ],
      "restored_md5": "d5ec2e56c194d51c8d5c9f679232e380",
      "log_sha256": "b6472566cf3008230d2178c258808ec42dbfbaa91257b27aaae817acbc3b0494"
    }
  ],
  "total_entries": 773,
  "total_red": 772,
  "total_unusable": 1,
  "total_worker_baselines": 164,
  "unusable_lines": [
    "  [w3]   FAIL M04 \u2605\u2605 THE HELPER CALL IN `do_data_tx`'s PACK-FAILED PATH IS DELETED \u2014 the SEVENTH site this sweep found reverts to destroying an admitted carrier in total silence, grant included ([[B268]] blocker-1) \u2014 the suite still PASSES; nothing measures this",
    "  FAIL M04 \u2605\u2605 THE HELPER CALL IN `do_data_tx`'s PACK-FAILED PATH IS DELETED \u2014 the SEVENTH site this sweep found reverts to destroying an admitted carrier in total silence, grant included ([[B268]] blocker-1) \u2014 the suite still PASSES; nothing measures this"
  ],
  "restored_sources_sha256": {
    "lib/console/console_json.cpp": "6eee176e19eb3ff10102a6537fa173653f9a18cda040816bc649c63e8a139109",
    "lib/console/console_json.h": "1dfbd0e8c8536f251b709076a33ef054684efad002d152bc5e83dcc6af8f8f53",
    "lib/console/console_line.h": "640e4886ef9b0708828d2679cbc993853158475b6d100118bcc08bcf0f7c85a9",
    "lib/core/fixed_inbox_store.h": "de7f838adceec69890ee1909c09238faa7cb3a18495e9be1439367fe683e7732",
    "lib/core/frame_codec.cpp": "2c1a6be34634da3e48d387d794b02cbc946f4e268a27075b9d9658b1a0558111",
    "lib/core/frame_codec.h": "d9476c95127cbd58cb9fd3eb98dce94f67b07f0c952081ae5ea5892b42036a66",
    "lib/core/inbox.cpp": "d284fdfb31eff1c8e981e2a2b67d04fe97be39667ffcf0110ba23da53e13e77b",
    "lib/core/inbox.h": "f8ddc798652ffc4fea6f92ddb75e500e791d450d5d19015a78ed1a58096dd19a",
    "lib/core/mac_wait_windows.h": "872cf244672dc6c02969a038f4374e4a44fdf05057c016f86d02ff3b3ffc41be",
    "lib/core/node.cpp": "4d55fe82d4155cbf27adbc6c01cc29a8a5f03d2e80cd509e21b515a7f623342a",
    "lib/core/node_beacon.cpp": "cf169322375bb4f86c14f25cfddd05123962cfe4ca79933558220ed42683c0f8",
    "lib/core/node_cascade.cpp": "45757a06760d641fff6a80f4483a457ded9fe04010b4c1d6c4e74bb92ee79423",
    "lib/core/node_channel.cpp": "22e97f392b71818ad838238eb3c0936b8b796d18f6a8a2c215f3748d8df7972e",
    "lib/core/node_hashlocate.cpp": "ff7e36fbd2dbe7941354cae69fe79000aacf0295fb9e78092612185d30f1168d",
    "lib/core/node_mac.cpp": "4d85ea2e88e3e5a65e9b921d63d5082043061f597a6d591f78d797694ef2dda8",
    "lib/core/node_mac_rx.cpp": "24addc50e6fe1a5a72e92e8e74c73697ae70d0cf4cce8045392dc75fd7108894",
    "lib/core/protocol_constants.h": "46082d205df7728fd80381089d8151bdd4c8e6ebd83784628e6823d6b3305299",
    "lib/core/remote_activation.h": "4510313092503927c29e983a9f7ecaee157993ac3b29e1026bb8a2f661ae361b",
    "lib/core/remote_codec.cpp": "a972c2fceef24ac38cbc442c92d5926b4783648f04567bc7f0d4ba5c031c8820",
    "lib/core/remote_session.cpp": "76f4fa02f32d71b080b5a59cf8c3225695a788802879e17a9303b06e9ef84099",
    "lib/core/segmented_inbox_store.h": "6a2ce6a7821dd6a4bafbb8c154694d2582a67cc7b541e95e8a1d7d60e2473a79",
    "lib/core/team_seen_ring.h": "df992a27820cc45e25e0f42b437972161f5f460291a7047a009bbd89ebe40753",
    "lib/hal/device_hal.cpp": "4f4228f9a8626d7e05f0d6f7983306a59aa571aebbaa9c9e47f2780e9c9cab40",
    "src/device_inbox_fs_esp32.h": "8a7cd3fe169f8ad46d34d303d7f6ca9b937ac5ac8d3a922d88a99f3970a7b637",
    "src/device_inbox_fs_nrf52.h": "51c2a3a3775c0a695e502ffd74db5a9080ad9b9f4352427a748525aba65eaebf",
    "src/device_inbox_seam.h": "e2ba2b44b25fcb4bca273f132800e4088f3dcfbf214f7c22c24aff7dde46080a",
    "src/device_nv.h": "1f383a2decd6391c38303273314e9e6750e3d1e60f2d852e0a22283b3606923d",
    "src/firmware_admin_acl.h": "7fd78fdbd5e588da342ad61182e930bc3c0ed7a4d432dea9a80a3712b2077bfd",
    "src/firmware_admin_client_verbs.h": "d3017806bd301422436dc32cbb440f39eb7a16784d44b6b2a70c678fbc1d36b0",
    "src/firmware_admin_identity.h": "99d176fa7c0bb50b4c72985fb82bc22f6ac5a60e627a8691ffc4f1cc9f81dd32",
    "src/firmware_admin_keyring.h": "af5a85c9da2bb1487ab2af88390f033a5eee69f4bb8ed18336835b91202e489e",
    "src/firmware_admin_runtime.h": "9c2a2044af6586ab5b0519e9ab6d79929ec7328b9dc865106db76149d4c9dfc6",
    "src/firmware_admin_targets.h": "6ed21c300c17be1fba2eeb7ef347095c24384535024b734a7ebec7bdffc61bbc",
    "src/firmware_admin_verbs.h": "79212818546c5f6b91384b9450ffe474b5a9ca04e952d6eeafb3717ea59f0e52",
    "src/firmware_command_authority.h": "fb33dcad48b36d87d8f09a31346d030a867ec708d6f49b0524922a5a6901d3ac",
    "src/firmware_config_parse.h": "6df46b2e5b5eba98f259f621cd8c55b8e09feb73ec285989279acf37f66b886b",
    "src/firmware_config_service.h": "c61448a35e461d016c936103560ca0eedc1da550ed0cbe88f1b1f938c241748d",
    "src/firmware_join_profiles.h": "ce882f7e7e8602aedfb9458a9c9192c658b7a017b2823990fb692b5135095367",
    "src/firmware_provisioning_service.h": "61e33768704c010378766fb8107e82e39d6ba6a222cdaedb96c0bb05305d5311",
    "src/firmware_remote_activation.h": "ca2e597ff0e5e62bb6ef23afc7cb3a8d4ce75881306742372132eef3d9e01514",
    "src/firmware_remote_executor.h": "8bd963b2b343e5e03b61769e328a10c904bf73f1a636cc62c190d455f7b4e3b7",
    "src/firmware_team_keyring.h": "a427c1e36e76239d5a5dfae122cdeffc038722d1f2e23b82275f4e9bb14a43c5",
    "src/firmware_ui_chrome.h": "1fb0d8f0bd320bbf033263d203129ad101e9e2d37b772c55b0ae2d20e04fb037",
    "src/firmware_ui_geo.h": "e50f3ec67e94e7ab3dc3171231e46c9142114e6cf95860d68fccb2677b867487",
    "src/firmware_ui_icons.h": "c8209e179057d15c6373617a66df22f19edb4ad6ef8b8ff9c57371fb2b3083d8",
    "src/firmware_ui_invite.h": "fc1c72570f80fe399d868bd020d7a991594a2fd0f5dd1a49ba3e003379750c9f",
    "src/firmware_ui_join.h": "61d27ebc9798fd27d241f300c16d283e07562474e97dc2e028fe92ac25bd0f0d",
    "src/firmware_ui_model.h": "98b1992aec2a380b9594e769aa81ee7abb24196e723dec19fc6fc9597c08d2b5",
    "src/firmware_ui_nearby.h": "54df947131e1772e043b9def1a2ed95515ae7e200ff6e8c0c3735bbea3dcbbb9",
    "src/firmware_ui_nearby_row.h": "fbb194bb52080becc5d00bbeb153df17b57818cd2d7ddaa8dfd1f8767147aebb",
    "src/firmware_ui_preset_verbs.h": "2c003d4d29ed592cfd19d576a582a7edea68406f0dcd78f863beef2f1ac329dd",
    "src/firmware_ui_presets.h": "7f0c2bbacf4e203229a2f15dfadecdf49f0973698d18fd99fd90bf19907827a3",
    "src/firmware_ui_prov.h": "c1788f10457cc13321a3a5512ff5327550e68c56e852dfb318e510f07d5df953",
    "src/firmware_ui_send.h": "0a12ffc21cef8c7d55abf06add55bcac1bf6da2f436da0fe3652d418eb0ce44d",
    "src/firmware_ui_status.h": "b6e42c8e5d595c41f1f34fdf684176729b69e65f895582b6ef10c3f8648f710b",
    "src/firmware_ui_team.h": "aefa86f4785f30aa6551308f3f666da4d04eee20426e33eddd4591edb165fbc3"
  }
}
