QA SELECTORS 17 47 49 patterns 773
START radmin72session 36
END radmin72session {'rc': 0, 'seconds': 55.62}
  worker 0: 9/9 entries, 9 RED / 0 worthless, wall 53.9s, rc 0, source restored: md5 ec5071e06ee86ffe7b90b60e7a03c454 (MATCHES)   /tmp/mr_mutation_run-jjky8ag4/w0
  worker 1: 9/9 entries, 9 RED / 0 worthless, wall 51.5s, rc 0, source restored: md5 ec5071e06ee86ffe7b90b60e7a03c454 (MATCHES)   /tmp/mr_mutation_run-jjky8ag4/w1
  worker 2: 9/9 entries, 9 RED / 0 worthless, wall 53.9s, rc 0, source restored: md5 ec5071e06ee86ffe7b90b60e7a03c454 (MATCHES)   /tmp/mr_mutation_run-jjky8ag4/w2
  worker 3: 9/9 entries, 9 RED / 0 worthless, wall 53.9s, rc 0, source restored: md5 ec5071e06ee86ffe7b90b60e7a03c454 (MATCHES)   /tmp/mr_mutation_run-jjky8ag4/w3
real tree untouched: all 56 target files byte-identical to launch (md5); no build ran in /tmp/mr-qa-s7b2-gate-0phs0ag4/mutations
timing: copy 0.9s + battery 54.0s = 54.9s total, 36 entries over 4 worker(s)
mutations: 36 RED / 0 unusable
START radmin72rx 15
END radmin72rx {'rc': 0, 'seconds': 27.59}
  worker 0: 4/4 entries, 4 RED / 0 worthless, wall 24.7s, rc 0, source restored: md5 286e851176b2a03ee5b5d579d94849c8 (MATCHES)   /tmp/mr_mutation_run-2w33v9mc/w0
  worker 1: 4/4 entries, 4 RED / 0 worthless, wall 25.2s, rc 0, source restored: md5 286e851176b2a03ee5b5d579d94849c8 (MATCHES)   /tmp/mr_mutation_run-2w33v9mc/w1
  worker 2: 4/4 entries, 4 RED / 0 worthless, wall 25.2s, rc 0, source restored: md5 286e851176b2a03ee5b5d579d94849c8 (MATCHES)   /tmp/mr_mutation_run-2w33v9mc/w2
  worker 3: 3/3 entries, 3 RED / 0 worthless, wall 21.1s, rc 0, source restored: md5 286e851176b2a03ee5b5d579d94849c8 (MATCHES)   /tmp/mr_mutation_run-2w33v9mc/w3
real tree untouched: all 56 target files byte-identical to launch (md5); no build ran in /tmp/mr-qa-s7b2-gate-0phs0ag4/mutations
timing: copy 1.5s + battery 25.4s = 26.9s total, 15 entries over 4 worker(s)
mutations: 15 RED / 0 unusable
START radmin7exec 20
END radmin7exec {'rc': 0, 'seconds': 25.62}
  worker 0: 5/5 entries, 5 RED / 0 worthless, wall 23.8s, rc 0, source restored: md5 cf230e192cc0102c9a5538e0f0fe99fd (MATCHES)   /tmp/mr_mutation_run-qjc3ekpv/w0
  worker 1: 5/5 entries, 5 RED / 0 worthless, wall 23.9s, rc 0, source restored: md5 cf230e192cc0102c9a5538e0f0fe99fd (MATCHES)   /tmp/mr_mutation_run-qjc3ekpv/w1
  worker 2: 5/5 entries, 5 RED / 0 worthless, wall 24.0s, rc 0, source restored: md5 cf230e192cc0102c9a5538e0f0fe99fd (MATCHES)   /tmp/mr_mutation_run-qjc3ekpv/w2
  worker 3: 5/5 entries, 5 RED / 0 worthless, wall 23.3s, rc 0, source restored: md5 cf230e192cc0102c9a5538e0f0fe99fd (MATCHES)   /tmp/mr_mutation_run-qjc3ekpv/w3
real tree untouched: all 56 target files byte-identical to launch (md5); no build ran in /tmp/mr-qa-s7b2-gate-0phs0ag4/mutations
timing: copy 0.9s + battery 24.0s = 25.0s total, 20 entries over 4 worker(s)
mutations: 20 RED / 0 unusable
START radmin2codec 103
END radmin2codec {'rc': 0, 'seconds': 156.13}
  worker 0: 26/26 entries, 26 RED / 0 worthless, wall 133.1s, rc 0, source restored: md5 22e3cfc10c678418ece5ce2daea0607b (MATCHES)   /tmp/mr_mutation_run-gaozz162/w0
  worker 1: 26/26 entries, 26 RED / 0 worthless, wall 154.5s, rc 0, source restored: md5 22e3cfc10c678418ece5ce2daea0607b (MATCHES)   /tmp/mr_mutation_run-gaozz162/w1
  worker 2: 26/26 entries, 26 RED / 0 worthless, wall 122.8s, rc 0, source restored: md5 22e3cfc10c678418ece5ce2daea0607b (MATCHES)   /tmp/mr_mutation_run-gaozz162/w2
  worker 3: 25/25 entries, 25 RED / 0 worthless, wall 120.2s, rc 0, source restored: md5 22e3cfc10c678418ece5ce2daea0607b (MATCHES)   /tmp/mr_mutation_run-gaozz162/w3
real tree untouched: all 56 target files byte-identical to launch (md5); no build ran in /tmp/mr-qa-s7b2-gate-0phs0ag4/mutations
timing: copy 0.8s + battery 154.6s = 155.5s total, 103 entries over 4 worker(s)
mutations: 103 RED / 0 unusable
START a0rx 7
END a0rx {'rc': 0, 'seconds': 14.69}
  worker 0: 2/2 entries, 2 RED / 0 worthless, wall 13.1s, rc 0, source restored: md5 286e851176b2a03ee5b5d579d94849c8 (MATCHES)   /tmp/mr_mutation_run-a81k61ft/w0
  worker 1: 2/2 entries, 2 RED / 0 worthless, wall 12.4s, rc 0, source restored: md5 286e851176b2a03ee5b5d579d94849c8 (MATCHES)   /tmp/mr_mutation_run-a81k61ft/w1
  worker 2: 2/2 entries, 2 RED / 0 worthless, wall 12.2s, rc 0, source restored: md5 286e851176b2a03ee5b5d579d94849c8 (MATCHES)   /tmp/mr_mutation_run-a81k61ft/w2
  worker 3: 1/1 entries, 1 RED / 0 worthless, wall 9.2s, rc 0, source restored: md5 286e851176b2a03ee5b5d579d94849c8 (MATCHES)   /tmp/mr_mutation_run-a81k61ft/w3
real tree untouched: all 56 target files byte-identical to launch (md5); no build ran in /tmp/mr-qa-s7b2-gate-0phs0ag4/mutations
timing: copy 0.9s + battery 13.2s = 14.0s total, 7 entries over 4 worker(s)
mutations: 7 RED / 0 unusable
START b134ack 2
END b134ack {'rc': 0, 'seconds': 9.89}
  ok   A01 ★★★ the ack's result mapping becomes UNCONDITIONAL SUCCESS — the exact shape the verb had before QG round 7: a cursor the store refused to persist is reported to the companion as marked -> RED (2 assertion(s) failed, match count 1)
  ok   A02 ★★ the mapping is INVERTED — a persisted cursor reports io_error, so a working node looks broken and the companion retries for ever -> RED (4 assertion(s) failed, match count 1)
  worker 0: 1/1 entries, 1 RED / 0 worthless, wall 9.0s, rc 0, source restored: md5 21b1db7be690a55771a96490f003f769 (MATCHES)   /tmp/mr_mutation_run-2gbz2v_z/w0
  worker 1: 1/1 entries, 1 RED / 0 worthless, wall 8.8s, rc 0, source restored: md5 21b1db7be690a55771a96490f003f769 (MATCHES)   /tmp/mr_mutation_run-2gbz2v_z/w1
real tree untouched: all 56 target files byte-identical to launch (md5); no build ran in /tmp/mr-qa-s7b2-gate-0phs0ag4/mutations
timing: copy 0.4s + battery 9.1s = 9.5s total, 2 entries over 2 worker(s)
mutations: 2 RED / 0 unusable
START b134inbox 5
END b134inbox {'rc': 0, 'seconds': 14.51}
  worker 0: 2/2 entries, 2 RED / 0 worthless, wall 12.9s, rc 0, source restored: md5 a8088417e948aef2e5ffbe8cec312b27 (MATCHES)   /tmp/mr_mutation_run-g4b9d6l5/w0
  worker 1: 1/1 entries, 1 RED / 0 worthless, wall 11.3s, rc 0, source restored: md5 a8088417e948aef2e5ffbe8cec312b27 (MATCHES)   /tmp/mr_mutation_run-g4b9d6l5/w1
  worker 2: 1/1 entries, 1 RED / 0 worthless, wall 9.0s, rc 0, source restored: md5 a8088417e948aef2e5ffbe8cec312b27 (MATCHES)   /tmp/mr_mutation_run-g4b9d6l5/w2
  worker 3: 1/1 entries, 1 RED / 0 worthless, wall 9.2s, rc 0, source restored: md5 a8088417e948aef2e5ffbe8cec312b27 (MATCHES)   /tmp/mr_mutation_run-g4b9d6l5/w3
real tree untouched: all 56 target files byte-identical to launch (md5); no build ran in /tmp/mr-qa-s7b2-gate-0phs0ag4/mutations
timing: copy 0.8s + battery 13.0s = 13.9s total, 5 entries over 4 worker(s)
mutations: 5 RED / 0 unusable
START b134ram 3
END b134ram {'rc': 0, 'seconds': 10.32}
  ok   R03 ★★ wipe() also re-rolls the storage epoch — it announces a wipe to the companion that the imminent reboot makes moot, forcing a full re-pull for nothing -> RED (2 assertion(s) failed, match count 1)
  worker 0: 1/1 entries, 1 RED / 0 worthless, wall 9.0s, rc 0, source restored: md5 39644fd2d33466f12779c92431a3dc71 (MATCHES)   /tmp/mr_mutation_run-gfbrp3vh/w0
  worker 1: 1/1 entries, 1 RED / 0 worthless, wall 9.0s, rc 0, source restored: md5 39644fd2d33466f12779c92431a3dc71 (MATCHES)   /tmp/mr_mutation_run-gfbrp3vh/w1
  worker 2: 1/1 entries, 1 RED / 0 worthless, wall 9.1s, rc 0, source restored: md5 39644fd2d33466f12779c92431a3dc71 (MATCHES)   /tmp/mr_mutation_run-gfbrp3vh/w2
real tree untouched: all 56 target files byte-identical to launch (md5); no build ran in /tmp/mr-qa-s7b2-gate-0phs0ag4/mutations
timing: copy 0.6s + battery 9.1s = 9.8s total, 3 entries over 3 worker(s)
mutations: 3 RED / 0 unusable
START b134store 39
END b134store {'rc': 0, 'seconds': 44.53}
  worker 0: 10/10 entries, 10 RED / 0 worthless, wall 42.2s, rc 0, source restored: md5 29884575bbf3b33bf2ca456de63b1d69 (MATCHES)   /tmp/mr_mutation_run-41qjqnct/w0
  worker 1: 10/10 entries, 10 RED / 0 worthless, wall 42.9s, rc 0, source restored: md5 29884575bbf3b33bf2ca456de63b1d69 (MATCHES)   /tmp/mr_mutation_run-41qjqnct/w1
  worker 2: 10/10 entries, 10 RED / 0 worthless, wall 42.2s, rc 0, source restored: md5 29884575bbf3b33bf2ca456de63b1d69 (MATCHES)   /tmp/mr_mutation_run-41qjqnct/w2
  worker 3: 9/9 entries, 9 RED / 0 worthless, wall 38.3s, rc 0, source restored: md5 29884575bbf3b33bf2ca456de63b1d69 (MATCHES)   /tmp/mr_mutation_run-41qjqnct/w3
real tree untouched: all 56 target files byte-identical to launch (md5); no build ran in /tmp/mr-qa-s7b2-gate-0phs0ag4/mutations
timing: copy 0.8s + battery 43.0s = 43.9s total, 39 entries over 4 worker(s)
mutations: 39 RED / 0 unusable
START b159mac 2
END b159mac {'rc': 0, 'seconds': 9.8}
  ok   B06 the RTS HAL handoff on the DUTY-deferred path stops testing the deadline (the blocker-1 defect verbatim) -> RED (3 assertion(s) failed, match count 1)
  ok   B07 the RTS HAL handoff on the immediate/LBT-deferred path stops testing the deadline -> RED (4 assertion(s) failed, match count 1)
  worker 0: 1/1 entries, 1 RED / 0 worthless, wall 8.9s, rc 0, source restored: md5 677c65439817a380f3fc94d9b651341d (MATCHES)   /tmp/mr_mutation_run-zxh0ayk6/w0
  worker 1: 1/1 entries, 1 RED / 0 worthless, wall 8.9s, rc 0, source restored: md5 677c65439817a380f3fc94d9b651341d (MATCHES)   /tmp/mr_mutation_run-zxh0ayk6/w1
real tree untouched: all 56 target files byte-identical to launch (md5); no build ran in /tmp/mr-qa-s7b2-gate-0phs0ag4/mutations
timing: copy 0.4s + battery 9.0s = 9.4s total, 2 entries over 2 worker(s)
mutations: 2 RED / 0 unusable
START b159map 2
END b159map {'rc': 0, 'seconds': 9.58}
  ok   B16 the expiry is mapped to a NON-TERMINAL outcome — the flight re-enters retry instead of ending -> RED (2 assertion(s) failed, match count 1)
  ok   B17 the wrong-flight guard is dropped — a SUPERSEDED flight's expiry fails the LIVE flight -> RED (2 assertion(s) failed, match count 1)
  worker 0: 1/1 entries, 1 RED / 0 worthless, wall 8.7s, rc 0, source restored: md5 74b20a89c6a872f6bcd846b3f4fd1fcf (MATCHES)   /tmp/mr_mutation_run-8rfqyfi1/w0
  worker 1: 1/1 entries, 1 RED / 0 worthless, wall 8.7s, rc 0, source restored: md5 74b20a89c6a872f6bcd846b3f4fd1fcf (MATCHES)   /tmp/mr_mutation_run-8rfqyfi1/w1
real tree untouched: all 56 target files byte-identical to launch (md5); no build ran in /tmp/mr-qa-s7b2-gate-0phs0ag4/mutations
timing: copy 0.4s + battery 8.8s = 9.2s total, 2 entries over 2 worker(s)
mutations: 2 RED / 0 unusable
START b159rx 3
END b159rx {'rc': 0, 'seconds': 10.45}
  ok   B11 capacity pressure REFUSES the new key instead of rolling the oldest -> RED (2 assertion(s) failed, match count 1)
  worker 0: 1/1 entries, 1 RED / 0 worthless, wall 8.7s, rc 0, source restored: md5 286e851176b2a03ee5b5d579d94849c8 (MATCHES)   /tmp/mr_mutation_run-bcsot25t/w0
  worker 1: 1/1 entries, 1 RED / 0 worthless, wall 8.9s, rc 0, source restored: md5 286e851176b2a03ee5b5d579d94849c8 (MATCHES)   /tmp/mr_mutation_run-bcsot25t/w1
  worker 2: 1/1 entries, 1 RED / 0 worthless, wall 8.9s, rc 0, source restored: md5 286e851176b2a03ee5b5d579d94849c8 (MATCHES)   /tmp/mr_mutation_run-bcsot25t/w2
real tree untouched: all 56 target files byte-identical to launch (md5); no build ran in /tmp/mr-qa-s7b2-gate-0phs0ag4/mutations
timing: copy 0.6s + battery 8.9s = 9.6s total, 3 entries over 3 worker(s)
mutations: 3 RED / 0 unusable
START b161hash 6
END b161hash {'rc': 0, 'seconds': 14.59}
  worker 0: 2/2 entries, 2 RED / 0 worthless, wall 13.0s, rc 0, source restored: md5 ffb88cb2cb558a1158d741e6bc9eb6e4 (MATCHES)   /tmp/mr_mutation_run-l552aeme/w0
  worker 1: 2/2 entries, 2 RED / 0 worthless, wall 12.7s, rc 0, source restored: md5 ffb88cb2cb558a1158d741e6bc9eb6e4 (MATCHES)   /tmp/mr_mutation_run-l552aeme/w1
  worker 2: 1/1 entries, 1 RED / 0 worthless, wall 9.3s, rc 0, source restored: md5 ffb88cb2cb558a1158d741e6bc9eb6e4 (MATCHES)   /tmp/mr_mutation_run-l552aeme/w2
  worker 3: 1/1 entries, 1 RED / 0 worthless, wall 9.4s, rc 0, source restored: md5 ffb88cb2cb558a1158d741e6bc9eb6e4 (MATCHES)   /tmp/mr_mutation_run-l552aeme/w3
real tree untouched: all 56 target files byte-identical to launch (md5); no build ran in /tmp/mr-qa-s7b2-gate-0phs0ag4/mutations
timing: copy 0.8s + battery 13.1s = 13.9s total, 6 entries over 4 worker(s)
mutations: 6 RED / 0 unusable
START b161mac 1
END b161mac {'rc': 0, 'seconds': 9.13}
-- MERGED REPORT — target b161mac: /tmp/mr-qa-s7b2-gate-0phs0ag4/mutations/lib/core/node_mac.cpp
  ok   clean baseline 2909 / 174485 / 0   (DERIVED per worker tree; 1 tree(s) agree)
  ok   M01 B161 flight_identity trusts PendingTx.origin instead of the origin exposed by the DATA inner -> RED (2 assertion(s) failed, match count 1)
  worker 0: 1/1 entries, 1 RED / 0 worthless, wall 8.6s, rc 0, source restored: md5 677c65439817a380f3fc94d9b651341d (MATCHES)   /tmp/mr_mutation_run-k3r0j82y/w0
real tree untouched: all 56 target files byte-identical to launch (md5); no build ran in /tmp/mr-qa-s7b2-gate-0phs0ag4/mutations
timing: copy 0.2s + battery 8.7s = 8.9s total, 1 entries over 1 worker(s)
mutations: 1 RED / 0 unusable
START b161rx 8
END b161rx {'rc': 0, 'seconds': 14.65}
  worker 0: 2/2 entries, 2 RED / 0 worthless, wall 13.1s, rc 0, source restored: md5 286e851176b2a03ee5b5d579d94849c8 (MATCHES)   /tmp/mr_mutation_run-ck7gvd5u/w0
  worker 1: 2/2 entries, 2 RED / 0 worthless, wall 12.6s, rc 0, source restored: md5 286e851176b2a03ee5b5d579d94849c8 (MATCHES)   /tmp/mr_mutation_run-ck7gvd5u/w1
  worker 2: 2/2 entries, 2 RED / 0 worthless, wall 12.9s, rc 0, source restored: md5 286e851176b2a03ee5b5d579d94849c8 (MATCHES)   /tmp/mr_mutation_run-ck7gvd5u/w2
  worker 3: 2/2 entries, 2 RED / 0 worthless, wall 12.9s, rc 0, source restored: md5 286e851176b2a03ee5b5d579d94849c8 (MATCHES)   /tmp/mr_mutation_run-ck7gvd5u/w3
real tree untouched: all 56 target files byte-identical to launch (md5); no build ran in /tmp/mr-qa-s7b2-gate-0phs0ag4/mutations
timing: copy 0.8s + battery 13.1s = 14.0s total, 8 entries over 4 worker(s)
mutations: 8 RED / 0 unusable
START b20codec 5
END b20codec {'rc': 0, 'seconds': 15.67}
  worker 0: 2/2 entries, 2 RED / 0 worthless, wall 14.1s, rc 0, source restored: md5 70aff75d2bb570b9320bb471b7142e40 (MATCHES)   /tmp/mr_mutation_run-wb1hvv4r/w0
  worker 1: 1/1 entries, 1 RED / 0 worthless, wall 9.5s, rc 0, source restored: md5 70aff75d2bb570b9320bb471b7142e40 (MATCHES)   /tmp/mr_mutation_run-wb1hvv4r/w1
  worker 2: 1/1 entries, 1 RED / 0 worthless, wall 10.0s, rc 0, source restored: md5 70aff75d2bb570b9320bb471b7142e40 (MATCHES)   /tmp/mr_mutation_run-wb1hvv4r/w2
  worker 3: 1/1 entries, 1 RED / 0 worthless, wall 10.1s, rc 0, source restored: md5 70aff75d2bb570b9320bb471b7142e40 (MATCHES)   /tmp/mr_mutation_run-wb1hvv4r/w3
real tree untouched: all 56 target files byte-identical to launch (md5); no build ran in /tmp/mr-qa-s7b2-gate-0phs0ag4/mutations
timing: copy 0.8s + battery 14.1s = 15.0s total, 5 entries over 4 worker(s)
mutations: 5 RED / 0 unusable
START b20mac 11
END b20mac {'rc': 0, 'seconds': 18.4}
  worker 0: 3/3 entries, 3 RED / 0 worthless, wall 16.6s, rc 0, source restored: md5 677c65439817a380f3fc94d9b651341d (MATCHES)   /tmp/mr_mutation_run-3vbd7fs7/w0
  worker 1: 3/3 entries, 3 RED / 0 worthless, wall 16.8s, rc 0, source restored: md5 677c65439817a380f3fc94d9b651341d (MATCHES)   /tmp/mr_mutation_run-3vbd7fs7/w1
  worker 2: 3/3 entries, 3 RED / 0 worthless, wall 16.8s, rc 0, source restored: md5 677c65439817a380f3fc94d9b651341d (MATCHES)   /tmp/mr_mutation_run-3vbd7fs7/w2
  worker 3: 2/2 entries, 2 RED / 0 worthless, wall 13.3s, rc 0, source restored: md5 677c65439817a380f3fc94d9b651341d (MATCHES)   /tmp/mr_mutation_run-3vbd7fs7/w3
real tree untouched: all 56 target files byte-identical to launch (md5); no build ran in /tmp/mr-qa-s7b2-gate-0phs0ag4/mutations
timing: copy 0.8s + battery 16.9s = 17.7s total, 11 entries over 4 worker(s)
mutations: 11 RED / 0 unusable
START b251hash 55
END b251hash {'rc': 0, 'seconds': 62.53}
  worker 0: 14/14 entries, 14 RED / 0 worthless, wall 60.7s, rc 0, source restored: md5 ffb88cb2cb558a1158d741e6bc9eb6e4 (MATCHES)   /tmp/mr_mutation_run-xtke_dg0/w0
  worker 1: 14/14 entries, 14 RED / 0 worthless, wall 59.7s, rc 0, source restored: md5 ffb88cb2cb558a1158d741e6bc9eb6e4 (MATCHES)   /tmp/mr_mutation_run-xtke_dg0/w1
  worker 2: 14/14 entries, 14 RED / 0 worthless, wall 60.9s, rc 0, source restored: md5 ffb88cb2cb558a1158d741e6bc9eb6e4 (MATCHES)   /tmp/mr_mutation_run-xtke_dg0/w2
  worker 3: 13/13 entries, 13 RED / 0 worthless, wall 56.9s, rc 0, source restored: md5 ffb88cb2cb558a1158d741e6bc9eb6e4 (MATCHES)   /tmp/mr_mutation_run-xtke_dg0/w3
real tree untouched: all 56 target files byte-identical to launch (md5); no build ran in /tmp/mr-qa-s7b2-gate-0phs0ag4/mutations
timing: copy 0.9s + battery 61.0s = 61.9s total, 55 entries over 4 worker(s)
mutations: 55 RED / 0 unusable
START b251rx 19
END b251rx {'rc': 0, 'seconds': 26.42}
  worker 0: 5/5 entries, 5 RED / 0 worthless, wall 24.1s, rc 0, source restored: md5 286e851176b2a03ee5b5d579d94849c8 (MATCHES)   /tmp/mr_mutation_run-6pqdgwyv/w0
  worker 1: 5/5 entries, 5 RED / 0 worthless, wall 24.8s, rc 0, source restored: md5 286e851176b2a03ee5b5d579d94849c8 (MATCHES)   /tmp/mr_mutation_run-6pqdgwyv/w1
  worker 2: 5/5 entries, 5 RED / 0 worthless, wall 23.8s, rc 0, source restored: md5 286e851176b2a03ee5b5d579d94849c8 (MATCHES)   /tmp/mr_mutation_run-6pqdgwyv/w2
  worker 3: 4/4 entries, 4 RED / 0 worthless, wall 21.1s, rc 0, source restored: md5 286e851176b2a03ee5b5d579d94849c8 (MATCHES)   /tmp/mr_mutation_run-6pqdgwyv/w3
real tree untouched: all 56 target files byte-identical to launch (md5); no build ran in /tmp/mr-qa-s7b2-gate-0phs0ag4/mutations
timing: copy 0.9s + battery 24.9s = 25.8s total, 19 entries over 4 worker(s)
mutations: 19 RED / 0 unusable
START cmdauthority 16
END cmdauthority {'rc': 0, 'seconds': 21.69}
  worker 0: 4/4 entries, 4 RED / 0 worthless, wall 19.8s, rc 0, source restored: md5 401ed4d149fc410899f51d98fac667c1 (MATCHES)   /tmp/mr_mutation_run-w4pus9n6/w0
  worker 1: 4/4 entries, 4 RED / 0 worthless, wall 20.1s, rc 0, source restored: md5 401ed4d149fc410899f51d98fac667c1 (MATCHES)   /tmp/mr_mutation_run-w4pus9n6/w1
  worker 2: 4/4 entries, 4 RED / 0 worthless, wall 19.9s, rc 0, source restored: md5 401ed4d149fc410899f51d98fac667c1 (MATCHES)   /tmp/mr_mutation_run-w4pus9n6/w2
  worker 3: 4/4 entries, 4 RED / 0 worthless, wall 19.8s, rc 0, source restored: md5 401ed4d149fc410899f51d98fac667c1 (MATCHES)   /tmp/mr_mutation_run-w4pus9n6/w3
real tree untouched: all 56 target files byte-identical to launch (md5); no build ran in /tmp/mr-qa-s7b2-gate-0phs0ag4/mutations
timing: copy 0.8s + battery 20.2s = 21.0s total, 16 entries over 4 worker(s)
mutations: 16 RED / 0 unusable
START consoleline 12
END consoleline {'rc': 0, 'seconds': 19.05}
  worker 0: 3/3 entries, 3 RED / 0 worthless, wall 17.4s, rc 0, source restored: md5 906e1a837b8ca667d191e55ac5bdd848 (MATCHES)   /tmp/mr_mutation_run-2ovlz51k/w0
  worker 1: 3/3 entries, 3 RED / 0 worthless, wall 16.2s, rc 0, source restored: md5 906e1a837b8ca667d191e55ac5bdd848 (MATCHES)   /tmp/mr_mutation_run-2ovlz51k/w1
  worker 2: 3/3 entries, 3 RED / 0 worthless, wall 17.3s, rc 0, source restored: md5 906e1a837b8ca667d191e55ac5bdd848 (MATCHES)   /tmp/mr_mutation_run-2ovlz51k/w2
  worker 3: 3/3 entries, 3 RED / 0 worthless, wall 17.1s, rc 0, source restored: md5 906e1a837b8ca667d191e55ac5bdd848 (MATCHES)   /tmp/mr_mutation_run-2ovlz51k/w3
real tree untouched: all 56 target files byte-identical to launch (md5); no build ran in /tmp/mr-qa-s7b2-gate-0phs0ag4/mutations
timing: copy 0.9s + battery 17.4s = 18.3s total, 12 entries over 4 worker(s)
mutations: 12 RED / 0 unusable
START devicenv 42
END devicenv {'rc': 0, 'seconds': 52.9}
  worker 0: 11/11 entries, 11 RED / 0 worthless, wall 49.3s, rc 0, source restored: md5 eaf395c5d9caea43c256eaf84fbb9e8b (MATCHES)   /tmp/mr_mutation_run-fu0utgtr/w0
  worker 1: 11/11 entries, 11 RED / 0 worthless, wall 51.3s, rc 0, source restored: md5 eaf395c5d9caea43c256eaf84fbb9e8b (MATCHES)   /tmp/mr_mutation_run-fu0utgtr/w1
  worker 2: 10/10 entries, 10 RED / 0 worthless, wall 47.4s, rc 0, source restored: md5 eaf395c5d9caea43c256eaf84fbb9e8b (MATCHES)   /tmp/mr_mutation_run-fu0utgtr/w2
  worker 3: 10/10 entries, 10 RED / 0 worthless, wall 47.3s, rc 0, source restored: md5 eaf395c5d9caea43c256eaf84fbb9e8b (MATCHES)   /tmp/mr_mutation_run-fu0utgtr/w3
real tree untouched: all 56 target files byte-identical to launch (md5); no build ran in /tmp/mr-qa-s7b2-gate-0phs0ag4/mutations
timing: copy 0.9s + battery 51.3s = 52.2s total, 42 entries over 4 worker(s)
mutations: 42 RED / 0 unusable
START grantadmit 1
END grantadmit {'rc': 0, 'seconds': 9.13}
-- MERGED REPORT — target grantadmit: /tmp/mr-qa-s7b2-gate-0phs0ag4/mutations/lib/core/node_mac.cpp
  ok   clean baseline 2909 / 174485 / 0   (DERIVED per worker tree; 1 tree(s) agree)
  ok   A01 ★★★ the enqueue reports ADMITTED whether or not it stored the item — the `if`'s own answer discarded again, one layer below every word that depends on it -> RED (15 assertion(s) failed, match count 1)
  worker 0: 1/1 entries, 1 RED / 0 worthless, wall 8.6s, rc 0, source restored: md5 677c65439817a380f3fc94d9b651341d (MATCHES)   /tmp/mr_mutation_run-lv3e3x7m/w0
real tree untouched: all 56 target files byte-identical to launch (md5); no build ran in /tmp/mr-qa-s7b2-gate-0phs0ag4/mutations
timing: copy 0.2s + battery 8.7s = 8.9s total, 1 entries over 1 worker(s)
mutations: 1 RED / 0 unusable
START grantpark 3
END grantpark {'rc': 0, 'seconds': 10.15}
  ok   K03 ★★★ `park_send_layer` RESTORES ITS CLAMP: the cross-layer twin truncates instead of refusing — the sibling defect, attacked separately so neither park can pass on the other's assertion -> RED (2 assertion(s) failed, match count 1)
  worker 0: 1/1 entries, 1 RED / 0 worthless, wall 8.7s, rc 0, source restored: md5 ffb88cb2cb558a1158d741e6bc9eb6e4 (MATCHES)   /tmp/mr_mutation_run-ffwmj5gr/w0
  worker 1: 1/1 entries, 1 RED / 0 worthless, wall 8.8s, rc 0, source restored: md5 ffb88cb2cb558a1158d741e6bc9eb6e4 (MATCHES)   /tmp/mr_mutation_run-ffwmj5gr/w1
  worker 2: 1/1 entries, 1 RED / 0 worthless, wall 8.9s, rc 0, source restored: md5 ffb88cb2cb558a1158d741e6bc9eb6e4 (MATCHES)   /tmp/mr_mutation_run-ffwmj5gr/w2
real tree untouched: all 56 target files byte-identical to launch (md5); no build ran in /tmp/mr-qa-s7b2-gate-0phs0ag4/mutations
timing: copy 0.6s + battery 9.0s = 9.6s total, 3 entries over 3 worker(s)
mutations: 3 RED / 0 unusable
START radmin3acl 36
END radmin3acl {'rc': 0, 'seconds': 40.1}
  worker 0: 9/9 entries, 9 RED / 0 worthless, wall 38.4s, rc 0, source restored: md5 9e9fc3a9f19be1a654e034b15e4ae9ce (MATCHES)   /tmp/mr_mutation_run-eaofm953/w0
  worker 1: 9/9 entries, 9 RED / 0 worthless, wall 38.5s, rc 0, source restored: md5 9e9fc3a9f19be1a654e034b15e4ae9ce (MATCHES)   /tmp/mr_mutation_run-eaofm953/w1
  worker 2: 9/9 entries, 9 RED / 0 worthless, wall 37.9s, rc 0, source restored: md5 9e9fc3a9f19be1a654e034b15e4ae9ce (MATCHES)   /tmp/mr_mutation_run-eaofm953/w2
  worker 3: 9/9 entries, 9 RED / 0 worthless, wall 38.5s, rc 0, source restored: md5 9e9fc3a9f19be1a654e034b15e4ae9ce (MATCHES)   /tmp/mr_mutation_run-eaofm953/w3
real tree untouched: all 56 target files byte-identical to launch (md5); no build ran in /tmp/mr-qa-s7b2-gate-0phs0ag4/mutations
timing: copy 0.9s + battery 38.6s = 39.4s total, 36 entries over 4 worker(s)
mutations: 36 RED / 0 unusable
START radmin3id 23
END radmin3id {'rc': 0, 'seconds': 29.61}
  worker 0: 6/6 entries, 6 RED / 0 worthless, wall 28.0s, rc 0, source restored: md5 e919adc3b622885c788e470b854ab742 (MATCHES)   /tmp/mr_mutation_run-sa3yc2hk/w0
  worker 1: 6/6 entries, 6 RED / 0 worthless, wall 27.6s, rc 0, source restored: md5 e919adc3b622885c788e470b854ab742 (MATCHES)   /tmp/mr_mutation_run-sa3yc2hk/w1
  worker 2: 6/6 entries, 6 RED / 0 worthless, wall 28.0s, rc 0, source restored: md5 e919adc3b622885c788e470b854ab742 (MATCHES)   /tmp/mr_mutation_run-sa3yc2hk/w2
  worker 3: 5/5 entries, 5 RED / 0 worthless, wall 23.7s, rc 0, source restored: md5 e919adc3b622885c788e470b854ab742 (MATCHES)   /tmp/mr_mutation_run-sa3yc2hk/w3
real tree untouched: all 56 target files byte-identical to launch (md5); no build ran in /tmp/mr-qa-s7b2-gate-0phs0ag4/mutations
timing: copy 0.8s + battery 28.1s = 28.9s total, 23 entries over 4 worker(s)
mutations: 23 RED / 0 unusable
START radmin3verbs 28
END radmin3verbs {'rc': 0, 'seconds': 33.05}
  worker 0: 7/7 entries, 7 RED / 0 worthless, wall 31.4s, rc 0, source restored: md5 a2720a19ea9fa8ee0608069dfc2b1780 (MATCHES)   /tmp/mr_mutation_run-vex49lml/w0
  worker 1: 7/7 entries, 7 RED / 0 worthless, wall 31.4s, rc 0, source restored: md5 a2720a19ea9fa8ee0608069dfc2b1780 (MATCHES)   /tmp/mr_mutation_run-vex49lml/w1
  worker 2: 7/7 entries, 7 RED / 0 worthless, wall 31.4s, rc 0, source restored: md5 a2720a19ea9fa8ee0608069dfc2b1780 (MATCHES)   /tmp/mr_mutation_run-vex49lml/w2
  worker 3: 7/7 entries, 7 RED / 0 worthless, wall 30.8s, rc 0, source restored: md5 a2720a19ea9fa8ee0608069dfc2b1780 (MATCHES)   /tmp/mr_mutation_run-vex49lml/w3
real tree untouched: all 56 target files byte-identical to launch (md5); no build ran in /tmp/mr-qa-s7b2-gate-0phs0ag4/mutations
timing: copy 0.8s + battery 31.5s = 32.4s total, 28 entries over 4 worker(s)
mutations: 28 RED / 0 unusable
START radmin5runtime 16
END radmin5runtime {'rc': 0, 'seconds': 21.82}
  worker 0: 4/4 entries, 4 RED / 0 worthless, wall 19.9s, rc 0, source restored: md5 2fc7c0e9d04c5235dc9e60bf05f2a66f (MATCHES)   /tmp/mr_mutation_run-xhwhg1sw/w0
  worker 1: 4/4 entries, 4 RED / 0 worthless, wall 19.7s, rc 0, source restored: md5 2fc7c0e9d04c5235dc9e60bf05f2a66f (MATCHES)   /tmp/mr_mutation_run-xhwhg1sw/w1
  worker 2: 4/4 entries, 4 RED / 0 worthless, wall 20.2s, rc 0, source restored: md5 2fc7c0e9d04c5235dc9e60bf05f2a66f (MATCHES)   /tmp/mr_mutation_run-xhwhg1sw/w2
  worker 3: 4/4 entries, 4 RED / 0 worthless, wall 19.6s, rc 0, source restored: md5 2fc7c0e9d04c5235dc9e60bf05f2a66f (MATCHES)   /tmp/mr_mutation_run-xhwhg1sw/w3
real tree untouched: all 56 target files byte-identical to launch (md5); no build ran in /tmp/mr-qa-s7b2-gate-0phs0ag4/mutations
timing: copy 0.9s + battery 20.3s = 21.2s total, 16 entries over 4 worker(s)
mutations: 16 RED / 0 unusable
START radmin5rx 14
END radmin5rx {'rc': 0, 'seconds': 46.97}
  worker 0: 4/4 entries, 4 RED / 0 worthless, wall 44.4s, rc 0, source restored: md5 286e851176b2a03ee5b5d579d94849c8 (MATCHES)   /tmp/mr_mutation_run-fk_au83n/w0
  worker 1: 4/4 entries, 4 RED / 0 worthless, wall 20.2s, rc 0, source restored: md5 286e851176b2a03ee5b5d579d94849c8 (MATCHES)   /tmp/mr_mutation_run-fk_au83n/w1
  worker 2: 3/3 entries, 3 RED / 0 worthless, wall 16.4s, rc 0, source restored: md5 286e851176b2a03ee5b5d579d94849c8 (MATCHES)   /tmp/mr_mutation_run-fk_au83n/w2
  worker 3: 3/3 entries, 3 RED / 0 worthless, wall 45.3s, rc 0, source restored: md5 286e851176b2a03ee5b5d579d94849c8 (MATCHES)   /tmp/mr_mutation_run-fk_au83n/w3
real tree untouched: all 56 target files byte-identical to launch (md5); no build ran in /tmp/mr-qa-s7b2-gate-0phs0ag4/mutations
timing: copy 0.9s + battery 45.4s = 46.3s total, 14 entries over 4 worker(s)
mutations: 14 RED / 0 unusable
START radmin5session 25
END radmin5session {'rc': 0, 'seconds': 34.38}
  worker 0: 7/7 entries, 7 RED / 0 worthless, wall 32.6s, rc 0, source restored: md5 ec5071e06ee86ffe7b90b60e7a03c454 (MATCHES)   /tmp/mr_mutation_run-5_gvuoff/w0
  worker 1: 6/6 entries, 6 RED / 0 worthless, wall 27.9s, rc 0, source restored: md5 ec5071e06ee86ffe7b90b60e7a03c454 (MATCHES)   /tmp/mr_mutation_run-5_gvuoff/w1
  worker 2: 6/6 entries, 6 RED / 0 worthless, wall 28.5s, rc 0, source restored: md5 ec5071e06ee86ffe7b90b60e7a03c454 (MATCHES)   /tmp/mr_mutation_run-5_gvuoff/w2
  worker 3: 6/6 entries, 6 RED / 0 worthless, wall 28.5s, rc 0, source restored: md5 ec5071e06ee86ffe7b90b60e7a03c454 (MATCHES)   /tmp/mr_mutation_run-5_gvuoff/w3
real tree untouched: all 56 target files byte-identical to launch (md5); no build ran in /tmp/mr-qa-s7b2-gate-0phs0ag4/mutations
timing: copy 0.8s + battery 32.7s = 33.6s total, 25 entries over 4 worker(s)
mutations: 25 RED / 0 unusable
START radmin7rx 13
END radmin7rx {'rc': 0, 'seconds': 22.1}
  worker 0: 4/4 entries, 4 RED / 0 worthless, wall 20.5s, rc 0, source restored: md5 286e851176b2a03ee5b5d579d94849c8 (MATCHES)   /tmp/mr_mutation_run-9x0oks42/w0
  worker 1: 3/3 entries, 3 RED / 0 worthless, wall 16.7s, rc 0, source restored: md5 286e851176b2a03ee5b5d579d94849c8 (MATCHES)   /tmp/mr_mutation_run-9x0oks42/w1
  worker 2: 3/3 entries, 3 RED / 0 worthless, wall 17.1s, rc 0, source restored: md5 286e851176b2a03ee5b5d579d94849c8 (MATCHES)   /tmp/mr_mutation_run-9x0oks42/w2
  worker 3: 3/3 entries, 3 RED / 0 worthless, wall 17.2s, rc 0, source restored: md5 286e851176b2a03ee5b5d579d94849c8 (MATCHES)   /tmp/mr_mutation_run-9x0oks42/w3
real tree untouched: all 56 target files byte-identical to launch (md5); no build ran in /tmp/mr-qa-s7b2-gate-0phs0ag4/mutations
timing: copy 0.9s + battery 20.6s = 21.4s total, 13 entries over 4 worker(s)
mutations: 13 RED / 0 unusable
START radmin7transcript 20
END radmin7transcript {'rc': 0, 'seconds': 26.43}
  worker 0: 5/5 entries, 5 RED / 0 worthless, wall 24.5s, rc 0, source restored: md5 ec5071e06ee86ffe7b90b60e7a03c454 (MATCHES)   /tmp/mr_mutation_run-lyj2hhem/w0
  worker 1: 5/5 entries, 5 RED / 0 worthless, wall 24.7s, rc 0, source restored: md5 ec5071e06ee86ffe7b90b60e7a03c454 (MATCHES)   /tmp/mr_mutation_run-lyj2hhem/w1
  worker 2: 5/5 entries, 5 RED / 0 worthless, wall 24.4s, rc 0, source restored: md5 ec5071e06ee86ffe7b90b60e7a03c454 (MATCHES)   /tmp/mr_mutation_run-lyj2hhem/w2
  worker 3: 5/5 entries, 5 RED / 0 worthless, wall 24.8s, rc 0, source restored: md5 ec5071e06ee86ffe7b90b60e7a03c454 (MATCHES)   /tmp/mr_mutation_run-lyj2hhem/w3
real tree untouched: all 56 target files byte-identical to launch (md5); no build ran in /tmp/mr-qa-s7b2-gate-0phs0ag4/mutations
timing: copy 0.8s + battery 24.9s = 25.8s total, 20 entries over 4 worker(s)
mutations: 20 RED / 0 unusable
START sliceAinbox 1
END sliceAinbox {'rc': 0, 'seconds': 9.14}
-- MERGED REPORT — target sliceAinbox: /tmp/mr-qa-s7b2-gate-0phs0ag4/mutations/lib/core/inbox.cpp
  ok   clean baseline 2909 / 174485 / 0   (DERIVED per worker tree; 1 tree(s) agree)
  ok   S05 ★★★ record_ack STAMPS THE OLD ORDINAL 3 — a durable receipt is written with the value that now means SEALED_RELAY, so every stored ack becomes an application record -> RED (30 assertion(s) failed, match count 1)
  worker 0: 1/1 entries, 1 RED / 0 worthless, wall 8.6s, rc 0, source restored: md5 a8088417e948aef2e5ffbe8cec312b27 (MATCHES)   /tmp/mr_mutation_run-5qo9wjjz/w0
real tree untouched: all 56 target files byte-identical to launch (md5); no build ran in /tmp/mr-qa-s7b2-gate-0phs0ag4/mutations
timing: copy 0.2s + battery 8.7s = 8.9s total, 1 entries over 1 worker(s)
mutations: 1 RED / 0 unusable
START sliceAjson 1
END sliceAjson {'rc': 0, 'seconds': 9.03}
-- MERGED REPORT — target sliceAjson: /tmp/mr-qa-s7b2-gate-0phs0ag4/mutations/lib/console/console_json.cpp
  ok   clean baseline 2909 / 174485 / 0   (DERIVED per worker tree; 1 tree(s) agree)
  ok   S08 ★★★ THE [[B265]] NUMERIC LITERAL COMES BACK — the companion encoder compares the DM type against 3 again, which after the transition is SEALED_RELAY and not the receipt -> RED (1 assertion(s) failed, match count 1)
  worker 0: 1/1 entries, 1 RED / 0 worthless, wall 8.5s, rc 0, source restored: md5 45df30d5066440b1dc098b65e23e4fd8 (MATCHES)   /tmp/mr_mutation_run-eztamk91/w0
real tree untouched: all 56 target files byte-identical to launch (md5); no build ran in /tmp/mr-qa-s7b2-gate-0phs0ag4/mutations
timing: copy 0.2s + battery 8.6s = 8.8s total, 1 entries over 1 worker(s)
mutations: 1 RED / 0 unusable
START sliceBmac 4
END sliceBmac {'rc': 1, 'seconds': 10.72}
  worker 0: 1/1 entries, 1 RED / 0 worthless, wall 8.9s, rc 0, source restored: md5 677c65439817a380f3fc94d9b651341d (MATCHES)   /tmp/mr_mutation_run-z72j929k/w0
  worker 1: 1/1 entries, 1 RED / 0 worthless, wall 9.0s, rc 0, source restored: md5 677c65439817a380f3fc94d9b651341d (MATCHES)   /tmp/mr_mutation_run-z72j929k/w1
  worker 2: 1/1 entries, 1 RED / 0 worthless, wall 8.9s, rc 0, source restored: md5 677c65439817a380f3fc94d9b651341d (MATCHES)   /tmp/mr_mutation_run-z72j929k/w2
  worker 3: 1/1 entries, 0 RED / 1 worthless, wall 9.1s, rc 1, source restored: md5 677c65439817a380f3fc94d9b651341d (MATCHES)   /tmp/mr_mutation_run-z72j929k/w3
real tree untouched: all 56 target files byte-identical to launch (md5); no build ran in /tmp/mr-qa-s7b2-gate-0phs0ag4/mutations
timing: copy 0.9s + battery 9.2s = 10.1s total, 4 entries over 4 worker(s)
mutations: 3 RED / 1 unusable
START sliceBnode 8
END sliceBnode {'rc': 0, 'seconds': 14.63}
  worker 0: 2/2 entries, 2 RED / 0 worthless, wall 12.6s, rc 0, source restored: md5 74b20a89c6a872f6bcd846b3f4fd1fcf (MATCHES)   /tmp/mr_mutation_run-ywhz_nln/w0
  worker 1: 2/2 entries, 2 RED / 0 worthless, wall 12.8s, rc 0, source restored: md5 74b20a89c6a872f6bcd846b3f4fd1fcf (MATCHES)   /tmp/mr_mutation_run-ywhz_nln/w1
  worker 2: 2/2 entries, 2 RED / 0 worthless, wall 13.0s, rc 0, source restored: md5 74b20a89c6a872f6bcd846b3f4fd1fcf (MATCHES)   /tmp/mr_mutation_run-ywhz_nln/w2
  worker 3: 2/2 entries, 2 RED / 0 worthless, wall 13.0s, rc 0, source restored: md5 74b20a89c6a872f6bcd846b3f4fd1fcf (MATCHES)   /tmp/mr_mutation_run-ywhz_nln/w3
real tree untouched: all 56 target files byte-identical to launch (md5); no build ran in /tmp/mr-qa-s7b2-gate-0phs0ag4/mutations
timing: copy 0.8s + battery 13.1s = 14.0s total, 8 entries over 4 worker(s)
mutations: 8 RED / 0 unusable
START sliceBrx 16
END sliceBrx {'rc': 0, 'seconds': 22.17}
  worker 0: 4/4 entries, 4 RED / 0 worthless, wall 20.6s, rc 0, source restored: md5 286e851176b2a03ee5b5d579d94849c8 (MATCHES)   /tmp/mr_mutation_run-q_90698e/w0
  worker 1: 4/4 entries, 4 RED / 0 worthless, wall 19.8s, rc 0, source restored: md5 286e851176b2a03ee5b5d579d94849c8 (MATCHES)   /tmp/mr_mutation_run-q_90698e/w1
  worker 2: 4/4 entries, 4 RED / 0 worthless, wall 19.8s, rc 0, source restored: md5 286e851176b2a03ee5b5d579d94849c8 (MATCHES)   /tmp/mr_mutation_run-q_90698e/w2
  worker 3: 4/4 entries, 4 RED / 0 worthless, wall 20.4s, rc 0, source restored: md5 286e851176b2a03ee5b5d579d94849c8 (MATCHES)   /tmp/mr_mutation_run-q_90698e/w3
real tree untouched: all 56 target files byte-identical to launch (md5); no build ran in /tmp/mr-qa-s7b2-gate-0phs0ag4/mutations
timing: copy 0.9s + battery 20.6s = 21.5s total, 16 entries over 4 worker(s)
mutations: 16 RED / 0 unusable
START sliceCinbox 2
END sliceCinbox {'rc': 0, 'seconds': 10.08}
  ok   S06 ★★★★ THE CLASSIFICATION PREDICATE IS DROPPED — every internal outcome record becomes an ordinary message again: rows on the panel, a bigger visible total, and a binary body through the byte sanitizer -> RED (95 assertion(s) failed, match count 1)
  ok   S07 ★★★★ THE PREDICATE IS WEAKENED TO `persistent_outcome` — an 0x81-class record (and every reserved, retired or future internal value) becomes VISIBLE as ordinary text, while today's E2E ack still hides -> RED (66 assertion(s) failed, match count 1)
  worker 0: 1/1 entries, 1 RED / 0 worthless, wall 9.2s, rc 0, source restored: md5 6e60f13c2aec55cbffc5b48d24cc9d8d (MATCHES)   /tmp/mr_mutation_run-iyfni3jf/w0
  worker 1: 1/1 entries, 1 RED / 0 worthless, wall 9.1s, rc 0, source restored: md5 6e60f13c2aec55cbffc5b48d24cc9d8d (MATCHES)   /tmp/mr_mutation_run-iyfni3jf/w1
real tree untouched: all 56 target files byte-identical to launch (md5); no build ran in /tmp/mr-qa-s7b2-gate-0phs0ag4/mutations
timing: copy 0.4s + battery 9.3s = 9.7s total, 2 entries over 2 worker(s)
mutations: 2 RED / 0 unusable
START sliceCpull 2
END sliceCpull {'rc': 0, 'seconds': 9.71}
  ok   S08 ★★★★ `Inbox::pull()` FILTERS INTERNAL RECORDS — the diagnostic stream loses every E2E receipt, so an offline-delivered message can never be confirmed and the DM cursor never advances past it -> RED (99 assertion(s) failed, match count 1)
  ok   S09 ★★★ `Inbox::erase` PROTECTS AN INTERNAL RECORD — `del_msg dm <seq>` on a receipt answers not_found, so a record the diagnostic stream still shows can never be deleted -> RED (3 assertion(s) failed, match count 1)
  worker 0: 1/1 entries, 1 RED / 0 worthless, wall 8.8s, rc 0, source restored: md5 a8088417e948aef2e5ffbe8cec312b27 (MATCHES)   /tmp/mr_mutation_run-hl4jix__/w0
  worker 1: 1/1 entries, 1 RED / 0 worthless, wall 8.7s, rc 0, source restored: md5 a8088417e948aef2e5ffbe8cec312b27 (MATCHES)   /tmp/mr_mutation_run-hl4jix__/w1
real tree untouched: all 56 target files byte-identical to launch (md5); no build ran in /tmp/mr-qa-s7b2-gate-0phs0ag4/mutations
timing: copy 0.4s + battery 8.9s = 9.4s total, 2 entries over 2 worker(s)
mutations: 2 RED / 0 unusable
START sliceDack 1
END sliceDack {'rc': 0, 'seconds': 9.17}
-- MERGED REPORT — target sliceDack: /tmp/mr-qa-s7b2-gate-0phs0ag4/mutations/lib/console/console_json.h
  ok   clean baseline 2909 / 174485 / 0   (DERIVED per worker tree; 1 tree(s) agree)
  ok   D12 ★★★★ A FAILED CLEAR STILL PRINTS `cleared` — the operator is told an inbox was destroyed that is still on the medium, which is the one direction a data-retention report must never fail in -> RED (4 assertion(s) failed, match count 1)
  worker 0: 1/1 entries, 1 RED / 0 worthless, wall 8.7s, rc 0, source restored: md5 21b1db7be690a55771a96490f003f769 (MATCHES)   /tmp/mr_mutation_run-y9bu9zx2/w0
real tree untouched: all 56 target files byte-identical to launch (md5); no build ran in /tmp/mr-qa-s7b2-gate-0phs0ag4/mutations
timing: copy 0.2s + battery 8.7s = 9.0s total, 1 entries over 1 worker(s)
mutations: 1 RED / 0 unusable
START sliceDclear 5
END sliceDclear {'rc': 0, 'seconds': 14.52}
  worker 0: 2/2 entries, 2 RED / 0 worthless, wall 12.9s, rc 0, source restored: md5 a8088417e948aef2e5ffbe8cec312b27 (MATCHES)   /tmp/mr_mutation_run-e5vv0qi6/w0
  worker 1: 1/1 entries, 1 RED / 0 worthless, wall 8.9s, rc 0, source restored: md5 a8088417e948aef2e5ffbe8cec312b27 (MATCHES)   /tmp/mr_mutation_run-e5vv0qi6/w1
  worker 2: 1/1 entries, 1 RED / 0 worthless, wall 9.0s, rc 0, source restored: md5 a8088417e948aef2e5ffbe8cec312b27 (MATCHES)   /tmp/mr_mutation_run-e5vv0qi6/w2
  worker 3: 1/1 entries, 1 RED / 0 worthless, wall 8.8s, rc 0, source restored: md5 a8088417e948aef2e5ffbe8cec312b27 (MATCHES)   /tmp/mr_mutation_run-e5vv0qi6/w3
real tree untouched: all 56 target files byte-identical to launch (md5); no build ran in /tmp/mr-qa-s7b2-gate-0phs0ag4/mutations
timing: copy 0.8s + battery 13.0s = 13.9s total, 5 entries over 4 worker(s)
mutations: 5 RED / 0 unusable
START sliceDstore 3
END sliceDstore {'rc': 0, 'seconds': 10.15}
  ok   D08 ★★★★ THE TARGET-EPOCH ARM IS DROPPED — a confirmed clear announces itself with the legacy per-store rule, so an empty store's epoch never moves and the two stores can disagree -> RED (6 assertion(s) failed, match count 1)
  worker 0: 1/1 entries, 1 RED / 0 worthless, wall 8.6s, rc 0, source restored: md5 29884575bbf3b33bf2ca456de63b1d69 (MATCHES)   /tmp/mr_mutation_run-ff57gt09/w0
  worker 1: 1/1 entries, 1 RED / 0 worthless, wall 8.6s, rc 0, source restored: md5 29884575bbf3b33bf2ca456de63b1d69 (MATCHES)   /tmp/mr_mutation_run-ff57gt09/w1
  worker 2: 1/1 entries, 1 RED / 0 worthless, wall 8.9s, rc 0, source restored: md5 29884575bbf3b33bf2ca456de63b1d69 (MATCHES)   /tmp/mr_mutation_run-ff57gt09/w2
real tree untouched: all 56 target files byte-identical to launch (md5); no build ran in /tmp/mr-qa-s7b2-gate-0phs0ag4/mutations
timing: copy 0.6s + battery 9.0s = 9.6s total, 3 entries over 3 worker(s)
mutations: 3 RED / 0 unusable
START sliceDtoken 2
END sliceDtoken {'rc': 0, 'seconds': 9.79}
  ok   D10 ★★★★ THE CONFIRM TOKEN IS MATCHED AS A PREFIX — `clear_inbox confirm extra` and `clear_inbox confirmation` both DESTROY the inbox -> RED (43 assertion(s) failed, match count 1)
  ok   D11 ★★★★ THE CONFIRM GATE IS DROPPED ENTIRELY — a bare `clear_inbox` (or any tail at all) clears the inbox with no confirmation -> RED (94 assertion(s) failed, match count 1)
  worker 0: 1/1 entries, 1 RED / 0 worthless, wall 8.8s, rc 0, source restored: md5 668d664775bed49047d60e9bceb1d702 (MATCHES)   /tmp/mr_mutation_run-qv1h6cw7/w0
  worker 1: 1/1 entries, 1 RED / 0 worthless, wall 8.7s, rc 0, source restored: md5 668d664775bed49047d60e9bceb1d702 (MATCHES)   /tmp/mr_mutation_run-qv1h6cw7/w1
real tree untouched: all 56 target files byte-identical to launch (md5); no build ran in /tmp/mr-qa-s7b2-gate-0phs0ag4/mutations
timing: copy 0.4s + battery 8.8s = 9.3s total, 2 entries over 2 worker(s)
mutations: 2 RED / 0 unusable
START sliceEnode 3
END sliceEnode {'rc': 0, 'seconds': 10.09}
  ok   E03 ★★★ THE TWO OWNERSHIP TERMS ARE OR-ED INSTEAD OF AND-ED — `own_origination` becomes an alternative to the caller's own `generic_owed` answer, so the three deliberately-silent terminals start reporting AND the transit fence is gone -> RED (6 assertion(s) failed, match count 1)
  worker 0: 1/1 entries, 1 RED / 0 worthless, wall 8.9s, rc 0, source restored: md5 74b20a89c6a872f6bcd846b3f4fd1fcf (MATCHES)   /tmp/mr_mutation_run-_vucg_04/w0
  worker 1: 1/1 entries, 1 RED / 0 worthless, wall 8.8s, rc 0, source restored: md5 74b20a89c6a872f6bcd846b3f4fd1fcf (MATCHES)   /tmp/mr_mutation_run-_vucg_04/w1
  worker 2: 1/1 entries, 1 RED / 0 worthless, wall 8.7s, rc 0, source restored: md5 74b20a89c6a872f6bcd846b3f4fd1fcf (MATCHES)   /tmp/mr_mutation_run-_vucg_04/w2
real tree untouched: all 56 target files byte-identical to launch (md5); no build ran in /tmp/mr-qa-s7b2-gate-0phs0ag4/mutations
timing: copy 0.6s + battery 8.9s = 9.6s total, 3 entries over 3 worker(s)
mutations: 3 RED / 0 unusable
START sliceGinbox 4
END sliceGinbox {'rc': 0, 'seconds': 10.82}
  worker 0: 1/1 entries, 1 RED / 0 worthless, wall 9.0s, rc 0, source restored: md5 a8088417e948aef2e5ffbe8cec312b27 (MATCHES)   /tmp/mr_mutation_run-6k66k_32/w0
  worker 1: 1/1 entries, 1 RED / 0 worthless, wall 9.2s, rc 0, source restored: md5 a8088417e948aef2e5ffbe8cec312b27 (MATCHES)   /tmp/mr_mutation_run-6k66k_32/w1
  worker 2: 1/1 entries, 1 RED / 0 worthless, wall 8.9s, rc 0, source restored: md5 a8088417e948aef2e5ffbe8cec312b27 (MATCHES)   /tmp/mr_mutation_run-6k66k_32/w2
  worker 3: 1/1 entries, 1 RED / 0 worthless, wall 8.8s, rc 0, source restored: md5 a8088417e948aef2e5ffbe8cec312b27 (MATCHES)   /tmp/mr_mutation_run-6k66k_32/w3
real tree untouched: all 56 target files byte-identical to launch (md5); no build ran in /tmp/mr-qa-s7b2-gate-0phs0ag4/mutations
timing: copy 0.8s + battery 9.3s = 10.2s total, 4 entries over 4 worker(s)
mutations: 4 RED / 0 unusable
START sliceGjson 16
END sliceGjson {'rc': 0, 'seconds': 21.77}
  worker 0: 4/4 entries, 4 RED / 0 worthless, wall 20.2s, rc 0, source restored: md5 45df30d5066440b1dc098b65e23e4fd8 (MATCHES)   /tmp/mr_mutation_run-pxcmmmox/w0
  worker 1: 4/4 entries, 4 RED / 0 worthless, wall 19.9s, rc 0, source restored: md5 45df30d5066440b1dc098b65e23e4fd8 (MATCHES)   /tmp/mr_mutation_run-pxcmmmox/w1
  worker 2: 4/4 entries, 4 RED / 0 worthless, wall 19.8s, rc 0, source restored: md5 45df30d5066440b1dc098b65e23e4fd8 (MATCHES)   /tmp/mr_mutation_run-pxcmmmox/w2
  worker 3: 4/4 entries, 4 RED / 0 worthless, wall 20.0s, rc 0, source restored: md5 45df30d5066440b1dc098b65e23e4fd8 (MATCHES)   /tmp/mr_mutation_run-pxcmmmox/w3
real tree untouched: all 56 target files byte-identical to launch (md5); no build ran in /tmp/mr-qa-s7b2-gate-0phs0ag4/mutations
timing: copy 0.8s + battery 20.2s = 21.1s total, 16 entries over 4 worker(s)
mutations: 16 RED / 0 unusable
START sliceGrx 42
END sliceGrx {'rc': 0, 'seconds': 49.43}
  worker 0: 11/11 entries, 11 RED / 0 worthless, wall 47.8s, rc 0, source restored: md5 286e851176b2a03ee5b5d579d94849c8 (MATCHES)   /tmp/mr_mutation_run-xzpaixdm/w0
  worker 1: 11/11 entries, 11 RED / 0 worthless, wall 46.3s, rc 0, source restored: md5 286e851176b2a03ee5b5d579d94849c8 (MATCHES)   /tmp/mr_mutation_run-xzpaixdm/w1
  worker 2: 10/10 entries, 10 RED / 0 worthless, wall 43.8s, rc 0, source restored: md5 286e851176b2a03ee5b5d579d94849c8 (MATCHES)   /tmp/mr_mutation_run-xzpaixdm/w2
  worker 3: 10/10 entries, 10 RED / 0 worthless, wall 43.6s, rc 0, source restored: md5 286e851176b2a03ee5b5d579d94849c8 (MATCHES)   /tmp/mr_mutation_run-xzpaixdm/w3
real tree untouched: all 56 target files byte-identical to launch (md5); no build ran in /tmp/mr-qa-s7b2-gate-0phs0ag4/mutations
timing: copy 0.9s + battery 47.9s = 48.8s total, 42 entries over 4 worker(s)
mutations: 42 RED / 0 unusable
START teamgrant 4
END teamgrant {'rc': 0, 'seconds': 10.82}
  worker 0: 1/1 entries, 1 RED / 0 worthless, wall 9.2s, rc 0, source restored: md5 74b20a89c6a872f6bcd846b3f4fd1fcf (MATCHES)   /tmp/mr_mutation_run-oe0qeo61/w0
  worker 1: 1/1 entries, 1 RED / 0 worthless, wall 9.1s, rc 0, source restored: md5 74b20a89c6a872f6bcd846b3f4fd1fcf (MATCHES)   /tmp/mr_mutation_run-oe0qeo61/w1
  worker 2: 1/1 entries, 1 RED / 0 worthless, wall 9.0s, rc 0, source restored: md5 74b20a89c6a872f6bcd846b3f4fd1fcf (MATCHES)   /tmp/mr_mutation_run-oe0qeo61/w2
  worker 3: 1/1 entries, 1 RED / 0 worthless, wall 9.2s, rc 0, source restored: md5 74b20a89c6a872f6bcd846b3f4fd1fcf (MATCHES)   /tmp/mr_mutation_run-oe0qeo61/w3
real tree untouched: all 56 target files byte-identical to launch (md5); no build ran in /tmp/mr-qa-s7b2-gate-0phs0ag4/mutations
timing: copy 0.9s + battery 9.3s = 10.2s total, 4 entries over 4 worker(s)
mutations: 4 RED / 0 unusable
START teamkeyring 68
END teamkeyring {'rc': 0, 'seconds': 76.19}
  worker 0: 17/17 entries, 17 RED / 0 worthless, wall 74.4s, rc 0, source restored: md5 d5ec2e56c194d51c8d5c9f679232e380 (MATCHES)   /tmp/mr_mutation_run-ofwef8km/w0
  worker 1: 17/17 entries, 17 RED / 0 worthless, wall 73.8s, rc 0, source restored: md5 d5ec2e56c194d51c8d5c9f679232e380 (MATCHES)   /tmp/mr_mutation_run-ofwef8km/w1
  worker 2: 17/17 entries, 17 RED / 0 worthless, wall 74.6s, rc 0, source restored: md5 d5ec2e56c194d51c8d5c9f679232e380 (MATCHES)   /tmp/mr_mutation_run-ofwef8km/w2
  worker 3: 17/17 entries, 17 RED / 0 worthless, wall 72.8s, rc 0, source restored: md5 d5ec2e56c194d51c8d5c9f679232e380 (MATCHES)   /tmp/mr_mutation_run-ofwef8km/w3
real tree untouched: all 56 target files byte-identical to launch (md5); no build ran in /tmp/mr-qa-s7b2-gate-0phs0ag4/mutations
timing: copy 0.8s + battery 74.7s = 75.5s total, 68 entries over 4 worker(s)
mutations: 68 RED / 0 unusable
QA UNION COMPLETE; inspect every outcome, including known B342
