START abi
END abi 0 30.2
START b278
END b278 0 14.8
START console_sink
END console_sink 0 63.4
START console_sink-no-neg
END console_sink-no-neg 0 20.2
START inbox_verbs
END inbox_verbs 0 399.2
START inbox_verbs-no-neg
END inbox_verbs-no-neg 0 34.8
START firmware_ui
END firmware_ui 0 331.9
START firmware_ui-no-neg
END firmware_ui-no-neg 0 33.3
START custody_usb
END custody_usb 0 21.2
START custody_usb-no-neg
END custody_usb-no-neg 0 12.2
START ble_line
END ble_line 0 6.0
START ble_line-no-neg
END ble_line-no-neg 0 1.5
START features
END features 0 59.6
START features-no-neg
END features-no-neg 0 2.9
START tools
END tools 0 619.2
START inventory-write
END inventory-write 0 1.9
START inventory-bare
END inventory-bare 0 1.9
START inventory-check
END inventory-check 0 2.0
START authority
END authority 0 0.0
START authority-controls
END authority-controls 0 0.1
START a0
END a0 0 0.0
START literal-check
END literal-check 0 1.5
START census
END census 0 157.2
CHAIN COMPLETE
