START base-native-build
END base-native-build 0 27.6
START base-native
END base-native 0 0.6
START base-native-codec
END base-native-codec 0 0.0
START base-boards
END base-boards 0 51.5
START sim-configure
END sim-configure 0 0.4
START sim-base-build
END sim-base-build 0 37.8
START corpus-base
END corpus-base 0 56.4
START final-native-build
END final-native-build 0 21.9
START final-native
END final-native 0 0.6
START final-native-codec
END final-native-codec 0 0.0
START final-boards
END final-boards 0 46.5
START sim-final-build
END sim-final-build 0 0.0
START corpus-final
END corpus-final 0 52.5
START corpus-validate-base
END corpus-validate-base 0 0.7
START corpus-validate-final
END corpus-validate-final 0 0.7
START corpus-comparator
END corpus-comparator 0 1.3
Traceback (most recent call last):
  File "/tmp/mr-qa-s7b20-gate-qfpdn1ul/qa-measure.py", line 33, in <module>
    run('corpus-comparator',['python3','tools/run_corpus.py','--compare',str(q/'corpus-base'),str(q/'corpus-final')],expected=2)
  File "/tmp/mr-qa-s7b20-gate-qfpdn1ul/qa-measure.py", line 12, in run
    print('END',name,rc,round(item['seconds'],1),flush=True); assert rc==expected,(name,rc,str(log))
                                                                     ^^^^^^^^^^^^
AssertionError: ('corpus-comparator', 0, '/tmp/mr-qa-s7b20-gate-qfpdn1ul/logs/corpus-comparator.log')
