--- base CMakeFiles/meshroute_core_gw.dir/tmp/mr-qa-s7b20-gate-qfpdn1ul/measure/lib/core/remote_session.cpp.o

+++ final CMakeFiles/meshroute_core_gw.dir/tmp/mr-qa-s7b20-gate-qfpdn1ul/measure/lib/core/remote_session.cpp.o

@@ -2871,14 +2871,14 @@

     31e4:	48 8d 14 d3          	lea    (%rbx,%rdx,8),%rdx
     31e8:	0f 29 8c 24 c0 00 00 	movaps %xmm1,0xc0(%rsp)
     31ef:	00 
     31f0:	66 0f ef c0          	pxor   %xmm0,%xmm0
     31f4:	4c 8b 5c 24 28       	mov    0x28(%rsp),%r11
     31f9:	88 8c 24 c2 00 00 00 	mov    %cl,0xc2(%rsp)
-    3200:	45 39 f0             	cmp    %r14d,%r8d
-    3203:	48 8b 8a 10 08 00 00 	mov    0x810(%rdx),%rcx
+    3200:	48 8b 8a 10 08 00 00 	mov    0x810(%rdx),%rcx
+    3207:	45 39 f0             	cmp    %r14d,%r8d
     320a:	0f b6 92 1f 08 00 00 	movzbl 0x81f(%rdx),%edx
     3211:	0f 29 8c 24 d0 00 00 	movaps %xmm1,0xd0(%rsp)
     3218:	00 
     3219:	0f 94 84 24 c1 00 00 	sete   0xc1(%rsp)
     3220:	00 
     3221:	88 94 24 d0 00 00 00 	mov    %dl,0xd0(%rsp)
@@ -2888,77 +2888,77 @@

     3233:	48 89 8c 24 c8 00 00 	mov    %rcx,0xc8(%rsp)
     323a:	00 
     323b:	48 8d 34 d3          	lea    (%rbx,%rdx,8),%rsi
     323f:	c6 84 24 c0 00 00 00 	movb   $0xa1,0xc0(%rsp)
     3246:	a1 
     3247:	0f b6 96 1e 02 00 00 	movzbl 0x21e(%rsi),%edx
-    324e:	48 c7 84 24 f0 00 00 	movq   $0x0,0xf0(%rsp)
-    3255:	00 00 00 00 00 
-    325a:	4c 89 94 24 b0 00 00 	mov    %r10,0xb0(%rsp)
-    3261:	00 
+    324e:	4c 89 94 24 b0 00 00 	mov    %r10,0xb0(%rsp)
+    3255:	00 
+    3256:	48 c7 84 24 b8 00 00 	movq   $0x20,0xb8(%rsp)
+    325d:	00 20 00 00 00 
     3262:	8d 4a ff             	lea    -0x1(%rdx),%ecx
     3265:	0f 29 8c 24 e0 00 00 	movaps %xmm1,0xe0(%rsp)
     326c:	00 
     326d:	80 f9 01             	cmp    $0x1,%cl
-    3270:	0f 29 84 24 a0 00 00 	movaps %xmm0,0xa0(%rsp)
+    3270:	0f 29 8c 24 f0 00 00 	movaps %xmm1,0xf0(%rsp)
     3277:	00 
-    3278:	48 c7 84 24 b8 00 00 	movq   $0x20,0xb8(%rsp)
-    327f:	00 20 00 00 00 
-    3284:	0f 86 9e 00 00 00    	jbe    3328 <meshroute_gw::remote_transcript_encode(meshroute_gw::RemoteSessionState const&, unsigned char, std::span<unsigned char, 18446744073709551615ul>, unsigned long&)+0x438>
-    328a:	31 d2                	xor    %edx,%edx
-    328c:	31 c9                	xor    %ecx,%ecx
-    328e:	31 f6                	xor    %esi,%esi
-    3290:	31 ff                	xor    %edi,%edi
-    3292:	88 44 24 56          	mov    %al,0x56(%rsp)
-    3296:	31 c0                	xor    %eax,%eax
-    3298:	66 89 44 24 57       	mov    %ax,0x57(%rsp)
-    329d:	48 8d 04 ed 00 00 00 	lea    0x0(,%rbp,8),%rax
-    32a4:	00 
-    32a5:	48 29 e8             	sub    %rbp,%rax
-    32a8:	88 54 24 5d          	mov    %dl,0x5d(%rsp)
-    32ac:	ba 01 00 00 00       	mov    $0x1,%edx
-    32b1:	8b 84 c3 fc 01 00 00 	mov    0x1fc(%rbx,%rax,8),%eax
-    32b8:	40 88 7c 24 59       	mov    %dil,0x59(%rsp)
-    32bd:	4c 89 df             	mov    %r11,%rdi
-    32c0:	40 88 74 24 5a       	mov    %sil,0x5a(%rsp)
-    32c5:	4c 89 fe             	mov    %r15,%rsi
-    32c8:	88 4c 24 5b          	mov    %cl,0x5b(%rsp)
-    32cc:	48 8d 8c 24 c0 00 00 	lea    0xc0(%rsp),%rcx
-    32d3:	00 
-    32d4:	48 83 ec 08          	sub    $0x8,%rsp
-    32d8:	66 89 54 24 66       	mov    %dx,0x66(%rsp)
-    32dd:	4c 89 e2             	mov    %r12,%rdx
-    32e0:	4c 89 54 24 20       	mov    %r10,0x20(%rsp)
-    32e5:	c6 44 24 64 00       	movb   $0x0,0x64(%rsp)
-    32ea:	c6 44 24 54 01       	movb   $0x1,0x54(%rsp)
-    32ef:	89 44 24 58          	mov    %eax,0x58(%rsp)
-    32f3:	48 8d 44 24 5e       	lea    0x5e(%rsp),%rax
-    32f8:	50                   	push   %rax
-    32f9:	48 8d 44 24 5c       	lea    0x5c(%rsp),%rax
-    32fe:	50                   	push   %rax
-    32ff:	48 8d 84 24 b8 00 00 	lea    0xb8(%rsp),%rax
-    3306:	00 
-    3307:	50                   	push   %rax
-    3308:	4c 8b 44 24 28       	mov    0x28(%rsp),%r8
-    330d:	4c 8b 4c 24 30       	mov    0x30(%rsp),%r9
-    3312:	e8 00 00 00 00       	call   3317 <meshroute_gw::remote_transcript_encode(meshroute_gw::RemoteSessionState const&, unsigned char, std::span<unsigned char, 18446744073709551615ul>, unsigned long&)+0x427>
-			3313: R_X86_64_PLT32	meshroute_gw::remote_body_encode(std::span<unsigned char, 18446744073709551615ul>, unsigned long&, meshroute_gw::RemoteMessage const&, std::span<unsigned char const, 18446744073709551615ul>, meshroute_gw::RemoteKeys const&, meshroute_gw::RemoteSource const&, meshroute_gw::RemoteCarrier const&)-0x4
-    3317:	48 83 c4 20          	add    $0x20,%rsp
-    331b:	4c 8b 54 24 18       	mov    0x18(%rsp),%r10
-    3320:	e9 3e fe ff ff       	jmp    3163 <meshroute_gw::remote_transcript_encode(meshroute_gw::RemoteSessionState const&, unsigned char, std::span<unsigned char, 18446744073709551615ul>, unsigned long&)+0x273>
-    3325:	0f 1f 00             	nopl   (%rax)
+    3278:	0f 29 84 24 a0 00 00 	movaps %xmm0,0xa0(%rsp)
+    327f:	00 
+    3280:	0f 86 a2 00 00 00    	jbe    3328 <meshroute_gw::remote_transcript_encode(meshroute_gw::RemoteSessionState const&, unsigned char, std::span<unsigned char, 18446744073709551615ul>, unsigned long&)+0x438>
+    3286:	31 d2                	xor    %edx,%edx
+    3288:	31 c9                	xor    %ecx,%ecx
+    328a:	31 f6                	xor    %esi,%esi
+    328c:	31 ff                	xor    %edi,%edi
+    328e:	88 44 24 56          	mov    %al,0x56(%rsp)
+    3292:	31 c0                	xor    %eax,%eax
+    3294:	66 89 44 24 57       	mov    %ax,0x57(%rsp)
+    3299:	48 8d 04 ed 00 00 00 	lea    0x0(,%rbp,8),%rax
+    32a0:	00 
+    32a1:	48 29 e8             	sub    %rbp,%rax
+    32a4:	88 54 24 5d          	mov    %dl,0x5d(%rsp)
+    32a8:	ba 01 00 00 00       	mov    $0x1,%edx
+    32ad:	8b 84 c3 fc 01 00 00 	mov    0x1fc(%rbx,%rax,8),%eax
+    32b4:	40 88 7c 24 59       	mov    %dil,0x59(%rsp)
+    32b9:	4c 89 df             	mov    %r11,%rdi
+    32bc:	40 88 74 24 5a       	mov    %sil,0x5a(%rsp)
+    32c1:	4c 89 fe             	mov    %r15,%rsi
+    32c4:	88 4c 24 5b          	mov    %cl,0x5b(%rsp)
+    32c8:	48 8d 8c 24 c0 00 00 	lea    0xc0(%rsp),%rcx
+    32cf:	00 
+    32d0:	48 83 ec 08          	sub    $0x8,%rsp
+    32d4:	66 89 54 24 66       	mov    %dx,0x66(%rsp)
+    32d9:	4c 89 e2             	mov    %r12,%rdx
+    32dc:	4c 89 54 24 20       	mov    %r10,0x20(%rsp)
+    32e1:	c6 44 24 64 00       	movb   $0x0,0x64(%rsp)
+    32e6:	c6 44 24 54 01       	movb   $0x1,0x54(%rsp)
+    32eb:	89 44 24 58          	mov    %eax,0x58(%rsp)
+    32ef:	48 8d 44 24 5e       	lea    0x5e(%rsp),%rax
+    32f4:	50                   	push   %rax
+    32f5:	48 8d 44 24 5c       	lea    0x5c(%rsp),%rax
+    32fa:	50                   	push   %rax
+    32fb:	48 8d 84 24 b8 00 00 	lea    0xb8(%rsp),%rax
+    3302:	00 
+    3303:	50                   	push   %rax
+    3304:	4c 8b 44 24 28       	mov    0x28(%rsp),%r8
+    3309:	4c 8b 4c 24 30       	mov    0x30(%rsp),%r9
+    330e:	e8 00 00 00 00       	call   3313 <meshroute_gw::remote_transcript_encode(meshroute_gw::RemoteSessionState const&, unsigned char, std::span<unsigned char, 18446744073709551615ul>, unsigned long&)+0x423>
+			330f: R_X86_64_PLT32	meshroute_gw::remote_body_encode(std::span<unsigned char, 18446744073709551615ul>, unsigned long&, meshroute_gw::RemoteMessage const&, std::span<unsigned char const, 18446744073709551615ul>, meshroute_gw::RemoteKeys const&, meshroute_gw::RemoteSource const&, meshroute_gw::RemoteCarrier const&)-0x4
+    3313:	48 83 c4 20          	add    $0x20,%rsp
+    3317:	4c 8b 54 24 18       	mov    0x18(%rsp),%r10
+    331c:	e9 42 fe ff ff       	jmp    3163 <meshroute_gw::remote_transcript_encode(meshroute_gw::RemoteSessionState const&, unsigned char, std::span<unsigned char, 18446744073709551615ul>, unsigned long&)+0x273>
+    3321:	0f 1f 80 00 00 00 00 	nopl   0x0(%rax)
     3328:	31 c9                	xor    %ecx,%ecx
     332a:	80 fa 02             	cmp    $0x2,%dl
     332d:	40 0f 94 c7          	sete   %dil
     3331:	75 0c                	jne    333f <meshroute_gw::remote_transcript_encode(meshroute_gw::RemoteSessionState const&, unsigned char, std::span<unsigned char, 18446744073709551615ul>, unsigned long&)+0x44f>
     3333:	0f b6 86 1c 02 00 00 	movzbl 0x21c(%rsi),%eax
     333a:	b9 01 00 00 00       	mov    $0x1,%ecx
     333f:	89 c6                	mov    %eax,%esi
     3341:	ba 01 00 00 00       	mov    $0x1,%edx
     3346:	b8 a1 ff ff ff       	mov    $0xffffffa1,%eax
-    334b:	e9 42 ff ff ff       	jmp    3292 <meshroute_gw::remote_transcript_encode(meshroute_gw::RemoteSessionState const&, unsigned char, std::span<unsigned char, 18446744073709551615ul>, unsigned long&)+0x3a2>
+    334b:	e9 3e ff ff ff       	jmp    328e <meshroute_gw::remote_transcript_encode(meshroute_gw::RemoteSessionState const&, unsigned char, std::span<unsigned char, 18446744073709551615ul>, unsigned long&)+0x39e>
 
 0000000000003350 <meshroute_gw::remote_transcript_sent(meshroute_gw::RemoteSessionState&, unsigned char)>:
     3350:	40 0f b6 c6          	movzbl %sil,%eax
     3354:	40 80 fe 0f          	cmp    $0xf,%sil
     3358:	77 73                	ja     33cd <meshroute_gw::remote_transcript_sent(meshroute_gw::RemoteSessionState&, unsigned char)+0x7d>
     335a:	48 8d 14 c5 00 00 00 	lea    0x0(,%rax,8),%rdx
@@ -3442,39 +3442,39 @@

     3abd:	00 00 00 
     3ac0:	c6 03 0e             	movb   $0xe,(%rbx)
     3ac3:	eb a7                	jmp    3a6c <meshroute_gw::remote_session_receive(meshroute_gw::RemoteSessionState&, meshroute_gw::RemoteRxInput const&, meshroute_gw::RemoteRxResult&)+0x9c>
     3ac5:	0f 1f 00             	nopl   (%rax)
     3ac8:	48 8b 45 10          	mov    0x10(%rbp),%rax
     3acc:	0f b6 7d 08          	movzbl 0x8(%rbp),%edi
-    3ad0:	48 8d 54 24 42       	lea    0x42(%rsp),%rdx
-    3ad5:	48 c7 44 24 42 00 00 	movq   $0x0,0x42(%rsp)
+    3ad0:	48 8d 54 24 41       	lea    0x41(%rsp),%rdx
+    3ad5:	48 c7 44 24 41 00 00 	movq   $0x0,0x41(%rsp)
     3adc:	00 00 
     3ade:	48 c7 44 24 48 00 00 	movq   $0x0,0x48(%rsp)
     3ae5:	00 00 
     3ae7:	0f b6 30             	movzbl (%rax),%esi
     3aea:	e8 00 00 00 00       	call   3aef <meshroute_gw::remote_session_receive(meshroute_gw::RemoteSessionState&, meshroute_gw::RemoteRxInput const&, meshroute_gw::RemoteRxResult&)+0x11f>
 			3aeb: R_X86_64_PLT32	meshroute_gw::remote_layout(unsigned char, unsigned char, meshroute_gw::RemoteLayout&)-0x4
     3aef:	84 c0                	test   %al,%al
     3af1:	74 0d                	je     3b00 <meshroute_gw::remote_session_receive(meshroute_gw::RemoteSessionState&, meshroute_gw::RemoteRxInput const&, meshroute_gw::RemoteRxResult&)+0x130>
     3af3:	0f 1f 44 00 00       	nopl   0x0(%rax,%rax,1)
     3af8:	c6 03 0f             	movb   $0xf,(%rbx)
     3afb:	e9 6c ff ff ff       	jmp    3a6c <meshroute_gw::remote_session_receive(meshroute_gw::RemoteSessionState&, meshroute_gw::RemoteRxInput const&, meshroute_gw::RemoteRxResult&)+0x9c>
-    3b00:	44 0f b6 74 24 42    	movzbl 0x42(%rsp),%r14d
+    3b00:	44 0f b6 74 24 41    	movzbl 0x41(%rsp),%r14d
     3b06:	41 80 fe 03          	cmp    $0x3,%r14b
     3b0a:	0f 84 6c 02 00 00    	je     3d7c <meshroute_gw::remote_session_receive(meshroute_gw::RemoteSessionState&, meshroute_gw::RemoteRxInput const&, meshroute_gw::RemoteRxResult&)+0x3ac>
     3b10:	0f 87 9a 01 00 00    	ja     3cb0 <meshroute_gw::remote_session_receive(meshroute_gw::RemoteSessionState&, meshroute_gw::RemoteRxInput const&, meshroute_gw::RemoteRxResult&)+0x2e0>
     3b16:	41 80 fe 01          	cmp    $0x1,%r14b
     3b1a:	0f 84 9e 01 00 00    	je     3cbe <meshroute_gw::remote_session_receive(meshroute_gw::RemoteSessionState&, meshroute_gw::RemoteRxInput const&, meshroute_gw::RemoteRxResult&)+0x2ee>
     3b20:	41 80 fe 02          	cmp    $0x2,%r14b
     3b24:	75 d2                	jne    3af8 <meshroute_gw::remote_session_receive(meshroute_gw::RemoteSessionState&, meshroute_gw::RemoteRxInput const&, meshroute_gw::RemoteRxResult&)+0x128>
     3b26:	48 8d bc 24 50 01 00 	lea    0x150(%rsp),%rdi
     3b2d:	00 
     3b2e:	31 c0                	xor    %eax,%eax
     3b30:	31 d2                	xor    %edx,%edx
     3b32:	0f b6 75 08          	movzbl 0x8(%rbp),%esi
-    3b36:	b9 0f 00 00 00       	mov    $0xf,%ecx
+    3b36:	b9 10 00 00 00       	mov    $0x10,%ecx
     3b3b:	4c 8d 4d 20          	lea    0x20(%rbp),%r9
     3b3f:	48 c7 84 24 d0 00 00 	movq   $0x0,0xd0(%rsp)
     3b46:	00 00 00 00 00 
     3b4b:	f3 48 ab             	rep stos %rax,%es:(%rdi)
     3b4e:	48 8b 4d 18          	mov    0x18(%rbp),%rcx
     3b52:	48 c7 84 24 d8 00 00 	movq   $0x0,0xd8(%rsp)
@@ -3561,13 +3561,13 @@

     3ca2:	88 03                	mov    %al,(%rbx)
     3ca4:	e9 c3 fd ff ff       	jmp    3a6c <meshroute_gw::remote_session_receive(meshroute_gw::RemoteSessionState&, meshroute_gw::RemoteRxInput const&, meshroute_gw::RemoteRxResult&)+0x9c>
     3ca9:	0f 1f 80 00 00 00 00 	nopl   0x0(%rax)
     3cb0:	41 83 ee 04          	sub    $0x4,%r14d
     3cb4:	41 80 fe 02          	cmp    $0x2,%r14b
     3cb8:	0f 87 3a fe ff ff    	ja     3af8 <meshroute_gw::remote_session_receive(meshroute_gw::RemoteSessionState&, meshroute_gw::RemoteRxInput const&, meshroute_gw::RemoteRxResult&)+0x128>
-    3cbe:	44 0f b6 74 24 44    	movzbl 0x44(%rsp),%r14d
+    3cbe:	44 0f b6 74 24 43    	movzbl 0x43(%rsp),%r14d
     3cc4:	41 80 fe 09          	cmp    $0x9,%r14b
     3cc8:	0f 87 2a fe ff ff    	ja     3af8 <meshroute_gw::remote_session_receive(meshroute_gw::RemoteSessionState&, meshroute_gw::RemoteRxInput const&, meshroute_gw::RemoteRxResult&)+0x128>
     3cce:	45 0f b6 d6          	movzbl %r14b,%r10d
     3cd2:	4c 89 d0             	mov    %r10,%rax
     3cd5:	48 c1 e0 04          	shl    $0x4,%rax
     3cd9:	4c 01 d0             	add    %r10,%rax
@@ -3736,13 +3736,13 @@

     3f74:	4c 8b 5c 24 08       	mov    0x8(%rsp),%r11
     3f79:	66 0f ef c0          	pxor   %xmm0,%xmm0
     3f7d:	84 c0                	test   %al,%al
     3f7f:	88 04 24             	mov    %al,(%rsp)
     3f82:	0f 85 62 07 00 00    	jne    46ea <meshroute_gw::remote_session_receive(meshroute_gw::RemoteSessionState&, meshroute_gw::RemoteRxInput const&, meshroute_gw::RemoteRxResult&)+0xd1a>
     3f88:	31 c0                	xor    %eax,%eax
-    3f8a:	b9 0f 00 00 00       	mov    $0xf,%ecx
+    3f8a:	b9 10 00 00 00       	mov    $0x10,%ecx
     3f8f:	4c 89 5c 24 20       	mov    %r11,0x20(%rsp)
     3f94:	0f b6 75 08          	movzbl 0x8(%rbp),%esi
     3f98:	48 8d bc 24 d0 00 00 	lea    0xd0(%rsp),%rdi
     3f9f:	00 
     3fa0:	4c 8d 94 24 50 01 00 	lea    0x150(%rsp),%r10
     3fa7:	00 
@@ -3830,13 +3830,13 @@

     40ec:	48 c7 c1 1f 6c fb ff 	mov    $0xfffffffffffb6c1f,%rcx
     40f3:	48 8d bc 24 90 00 00 	lea    0x90(%rsp),%rdi
     40fa:	00 
     40fb:	48 8b 45 00          	mov    0x0(%rbp),%rax
     40ff:	48 39 c8             	cmp    %rcx,%rax
     4102:	48 0f 47 c1          	cmova  %rcx,%rax
-    4106:	b9 0e 00 00 00       	mov    $0xe,%ecx
+    4106:	b9 10 00 00 00       	mov    $0x10,%ecx
     410b:	48 83 c5 32          	add    $0x32,%rbp
     410f:	48 05 e0 93 04 00    	add    $0x493e0,%rax
     4115:	49 89 84 24 f8 07 00 	mov    %rax,0x7f8(%r12)
     411c:	00 
     411d:	8b 45 f2             	mov    -0xe(%rbp),%eax
     4120:	41 89 84 24 00 08 00 	mov    %eax,0x800(%r12)
@@ -4202,13 +4202,13 @@

     473a:	4c 8b 5c 24 18       	mov    0x18(%rsp),%r11
     473f:	66 0f ef c0          	pxor   %xmm0,%xmm0
     4743:	4c 8b 54 24 20       	mov    0x20(%rsp),%r10
     4748:	84 c0                	test   %al,%al
     474a:	0f 85 17 f6 ff ff    	jne    3d67 <meshroute_gw::remote_session_receive(meshroute_gw::RemoteSessionState&, meshroute_gw::RemoteRxInput const&, meshroute_gw::RemoteRxResult&)+0x397>
     4750:	31 c0                	xor    %eax,%eax
-    4752:	b9 0f 00 00 00       	mov    $0xf,%ecx
+    4752:	b9 10 00 00 00       	mov    $0x10,%ecx
     4757:	4c 89 54 24 20       	mov    %r10,0x20(%rsp)
     475c:	0f b6 75 08          	movzbl 0x8(%rbp),%esi
     4760:	4c 89 5c 24 18       	mov    %r11,0x18(%rsp)
     4765:	ba e9 00 00 00       	mov    $0xe9,%edx
     476a:	4c 8d 4d 20          	lea    0x20(%rbp),%r9
     476e:	48 8d bc 24 d0 00 00 	lea    0xd0(%rsp),%rdi
@@ -4274,13 +4274,13 @@

     4856:	0f b6 04 24          	movzbl (%rsp),%eax
     485a:	4c 8b 54 24 20       	mov    0x20(%rsp),%r10
     485f:	84 c0                	test   %al,%al
     4861:	0f 85 1a 03 00 00    	jne    4b81 <meshroute_gw::remote_session_receive(meshroute_gw::RemoteSessionState&, meshroute_gw::RemoteRxInput const&, meshroute_gw::RemoteRxResult&)+0x11b1>
     4867:	48 8b 8c 24 e8 00 00 	mov    0xe8(%rsp),%rcx
     486e:	00 
-    486f:	44 0f b6 6c 24 42    	movzbl 0x42(%rsp),%r13d
+    486f:	44 0f b6 6c 24 41    	movzbl 0x41(%rsp),%r13d
     4875:	44 88 73 01          	mov    %r14b,0x1(%rbx)
     4879:	48 89 0c 24          	mov    %rcx,(%rsp)
     487d:	48 89 4b 08          	mov    %rcx,0x8(%rbx)
     4881:	41 80 fd 04          	cmp    $0x4,%r13b
     4885:	0f 84 3a 04 00 00    	je     4cc5 <meshroute_gw::remote_session_receive(meshroute_gw::RemoteSessionState&, meshroute_gw::RemoteRxInput const&, meshroute_gw::RemoteRxResult&)+0x12f5>
     488b:	4d 6b d2 22          	imul   $0x22,%r10,%r10
@@ -4691,13 +4691,13 @@

     4f19:	48 6b 44 24 18 38    	imul   $0x38,0x18(%rsp),%rax
     4f1f:	4c 6b c2 28          	imul   $0x28,%rdx,%r8
     4f23:	4c 01 e0             	add    %r12,%rax
     4f26:	66 c7 80 12 02 00 00 	movw   $0xff01,0x212(%rax)
     4f2d:	01 ff 
     4f2f:	4d 01 e0             	add    %r12,%r8
-    4f32:	4c 8b 8c 24 28 01 00 	mov    0x128(%rsp),%r9
+    4f32:	4c 8b 8c 24 30 01 00 	mov    0x130(%rsp),%r9
     4f39:	00 
     4f3a:	44 88 b0 10 02 00 00 	mov    %r14b,0x210(%rax)
     4f41:	49 8d b8 68 05 00 00 	lea    0x568(%r8),%rdi
     4f48:	c6 80 11 02 00 00 00 	movb   $0x0,0x211(%rax)
     4f4f:	48 8b 4d 3c          	mov    0x3c(%rbp),%rcx
     4f53:	48 89 88 18 02 00 00 	mov    %rcx,0x218(%rax)
@@ -4731,13 +4731,13 @@

     4fe4:	00 
     4fe5:	b9 3b 00 00 00       	mov    $0x3b,%ecx
     4fea:	f3 ab                	rep stos %eax,%es:(%rdi)
     4fec:	4d 85 c9             	test   %r9,%r9
     4fef:	74 3c                	je     502d <meshroute_gw::remote_session_receive(meshroute_gw::RemoteSessionState&, meshroute_gw::RemoteRxInput const&, meshroute_gw::RemoteRxResult&)+0x165d>
     4ff1:	41 0f b6 cd          	movzbl %r13b,%ecx
-    4ff5:	48 8b bc 24 20 01 00 	mov    0x120(%rsp),%rdi
+    4ff5:	48 8b bc 24 28 01 00 	mov    0x128(%rsp),%rdi
     4ffc:	00 
     4ffd:	31 c0                	xor    %eax,%eax
     4fff:	48 69 c9 ec 00 00 00 	imul   $0xec,%rcx,%rcx
     5006:	4c 01 e1             	add    %r12,%rcx
     5009:	eb 0a                	jmp    5015 <meshroute_gw::remote_session_receive(meshroute_gw::RemoteSessionState&, meshroute_gw::RemoteRxInput const&, meshroute_gw::RemoteRxResult&)+0x1645>
     500b:	0f 1f 44 00 00       	nopl   0x0(%rax,%rax,1)
--- base CMakeFiles/meshroute_core_normal.dir/tmp/mr-qa-s7b20-gate-qfpdn1ul/measure/lib/core/remote_session.cpp.o

+++ final CMakeFiles/meshroute_core_normal.dir/tmp/mr-qa-s7b20-gate-qfpdn1ul/measure/lib/core/remote_session.cpp.o

@@ -2871,14 +2871,14 @@

     31e4:	48 8d 14 d3          	lea    (%rbx,%rdx,8),%rdx
     31e8:	0f 29 8c 24 c0 00 00 	movaps %xmm1,0xc0(%rsp)
     31ef:	00 
     31f0:	66 0f ef c0          	pxor   %xmm0,%xmm0
     31f4:	4c 8b 5c 24 28       	mov    0x28(%rsp),%r11
     31f9:	88 8c 24 c2 00 00 00 	mov    %cl,0xc2(%rsp)
-    3200:	45 39 f0             	cmp    %r14d,%r8d
-    3203:	48 8b 8a 10 08 00 00 	mov    0x810(%rdx),%rcx
+    3200:	48 8b 8a 10 08 00 00 	mov    0x810(%rdx),%rcx
+    3207:	45 39 f0             	cmp    %r14d,%r8d
     320a:	0f b6 92 1f 08 00 00 	movzbl 0x81f(%rdx),%edx
     3211:	0f 29 8c 24 d0 00 00 	movaps %xmm1,0xd0(%rsp)
     3218:	00 
     3219:	0f 94 84 24 c1 00 00 	sete   0xc1(%rsp)
     3220:	00 
     3221:	88 94 24 d0 00 00 00 	mov    %dl,0xd0(%rsp)
@@ -2888,77 +2888,77 @@

     3233:	48 89 8c 24 c8 00 00 	mov    %rcx,0xc8(%rsp)
     323a:	00 
     323b:	48 8d 34 d3          	lea    (%rbx,%rdx,8),%rsi
     323f:	c6 84 24 c0 00 00 00 	movb   $0xa1,0xc0(%rsp)
     3246:	a1 
     3247:	0f b6 96 1e 02 00 00 	movzbl 0x21e(%rsi),%edx
-    324e:	48 c7 84 24 f0 00 00 	movq   $0x0,0xf0(%rsp)
-    3255:	00 00 00 00 00 
-    325a:	4c 89 94 24 b0 00 00 	mov    %r10,0xb0(%rsp)
-    3261:	00 
+    324e:	4c 89 94 24 b0 00 00 	mov    %r10,0xb0(%rsp)
+    3255:	00 
+    3256:	48 c7 84 24 b8 00 00 	movq   $0x20,0xb8(%rsp)
+    325d:	00 20 00 00 00 
     3262:	8d 4a ff             	lea    -0x1(%rdx),%ecx
     3265:	0f 29 8c 24 e0 00 00 	movaps %xmm1,0xe0(%rsp)
     326c:	00 
     326d:	80 f9 01             	cmp    $0x1,%cl
-    3270:	0f 29 84 24 a0 00 00 	movaps %xmm0,0xa0(%rsp)
+    3270:	0f 29 8c 24 f0 00 00 	movaps %xmm1,0xf0(%rsp)
     3277:	00 
-    3278:	48 c7 84 24 b8 00 00 	movq   $0x20,0xb8(%rsp)
-    327f:	00 20 00 00 00 
-    3284:	0f 86 9e 00 00 00    	jbe    3328 <meshroute::remote_transcript_encode(meshroute::RemoteSessionState const&, unsigned char, std::span<unsigned char, 18446744073709551615ul>, unsigned long&)+0x438>
-    328a:	31 d2                	xor    %edx,%edx
-    328c:	31 c9                	xor    %ecx,%ecx
-    328e:	31 f6                	xor    %esi,%esi
-    3290:	31 ff                	xor    %edi,%edi
-    3292:	88 44 24 56          	mov    %al,0x56(%rsp)
-    3296:	31 c0                	xor    %eax,%eax
-    3298:	66 89 44 24 57       	mov    %ax,0x57(%rsp)
-    329d:	48 8d 04 ed 00 00 00 	lea    0x0(,%rbp,8),%rax
-    32a4:	00 
-    32a5:	48 29 e8             	sub    %rbp,%rax
-    32a8:	88 54 24 5d          	mov    %dl,0x5d(%rsp)
-    32ac:	ba 01 00 00 00       	mov    $0x1,%edx
-    32b1:	8b 84 c3 fc 01 00 00 	mov    0x1fc(%rbx,%rax,8),%eax
-    32b8:	40 88 7c 24 59       	mov    %dil,0x59(%rsp)
-    32bd:	4c 89 df             	mov    %r11,%rdi
-    32c0:	40 88 74 24 5a       	mov    %sil,0x5a(%rsp)
-    32c5:	4c 89 fe             	mov    %r15,%rsi
-    32c8:	88 4c 24 5b          	mov    %cl,0x5b(%rsp)
-    32cc:	48 8d 8c 24 c0 00 00 	lea    0xc0(%rsp),%rcx
-    32d3:	00 
-    32d4:	48 83 ec 08          	sub    $0x8,%rsp
-    32d8:	66 89 54 24 66       	mov    %dx,0x66(%rsp)
-    32dd:	4c 89 e2             	mov    %r12,%rdx
-    32e0:	4c 89 54 24 20       	mov    %r10,0x20(%rsp)
-    32e5:	c6 44 24 64 00       	movb   $0x0,0x64(%rsp)
-    32ea:	c6 44 24 54 01       	movb   $0x1,0x54(%rsp)
-    32ef:	89 44 24 58          	mov    %eax,0x58(%rsp)
-    32f3:	48 8d 44 24 5e       	lea    0x5e(%rsp),%rax
-    32f8:	50                   	push   %rax
-    32f9:	48 8d 44 24 5c       	lea    0x5c(%rsp),%rax
-    32fe:	50                   	push   %rax
-    32ff:	48 8d 84 24 b8 00 00 	lea    0xb8(%rsp),%rax
-    3306:	00 
-    3307:	50                   	push   %rax
-    3308:	4c 8b 44 24 28       	mov    0x28(%rsp),%r8
-    330d:	4c 8b 4c 24 30       	mov    0x30(%rsp),%r9
-    3312:	e8 00 00 00 00       	call   3317 <meshroute::remote_transcript_encode(meshroute::RemoteSessionState const&, unsigned char, std::span<unsigned char, 18446744073709551615ul>, unsigned long&)+0x427>
-			3313: R_X86_64_PLT32	meshroute::remote_body_encode(std::span<unsigned char, 18446744073709551615ul>, unsigned long&, meshroute::RemoteMessage const&, std::span<unsigned char const, 18446744073709551615ul>, meshroute::RemoteKeys const&, meshroute::RemoteSource const&, meshroute::RemoteCarrier const&)-0x4
-    3317:	48 83 c4 20          	add    $0x20,%rsp
-    331b:	4c 8b 54 24 18       	mov    0x18(%rsp),%r10
-    3320:	e9 3e fe ff ff       	jmp    3163 <meshroute::remote_transcript_encode(meshroute::RemoteSessionState const&, unsigned char, std::span<unsigned char, 18446744073709551615ul>, unsigned long&)+0x273>
-    3325:	0f 1f 00             	nopl   (%rax)
+    3278:	0f 29 84 24 a0 00 00 	movaps %xmm0,0xa0(%rsp)
+    327f:	00 
+    3280:	0f 86 a2 00 00 00    	jbe    3328 <meshroute::remote_transcript_encode(meshroute::RemoteSessionState const&, unsigned char, std::span<unsigned char, 18446744073709551615ul>, unsigned long&)+0x438>
+    3286:	31 d2                	xor    %edx,%edx
+    3288:	31 c9                	xor    %ecx,%ecx
+    328a:	31 f6                	xor    %esi,%esi
+    328c:	31 ff                	xor    %edi,%edi
+    328e:	88 44 24 56          	mov    %al,0x56(%rsp)
+    3292:	31 c0                	xor    %eax,%eax
+    3294:	66 89 44 24 57       	mov    %ax,0x57(%rsp)
+    3299:	48 8d 04 ed 00 00 00 	lea    0x0(,%rbp,8),%rax
+    32a0:	00 
+    32a1:	48 29 e8             	sub    %rbp,%rax
+    32a4:	88 54 24 5d          	mov    %dl,0x5d(%rsp)
+    32a8:	ba 01 00 00 00       	mov    $0x1,%edx
+    32ad:	8b 84 c3 fc 01 00 00 	mov    0x1fc(%rbx,%rax,8),%eax
+    32b4:	40 88 7c 24 59       	mov    %dil,0x59(%rsp)
+    32b9:	4c 89 df             	mov    %r11,%rdi
+    32bc:	40 88 74 24 5a       	mov    %sil,0x5a(%rsp)
+    32c1:	4c 89 fe             	mov    %r15,%rsi
+    32c4:	88 4c 24 5b          	mov    %cl,0x5b(%rsp)
+    32c8:	48 8d 8c 24 c0 00 00 	lea    0xc0(%rsp),%rcx
+    32cf:	00 
+    32d0:	48 83 ec 08          	sub    $0x8,%rsp
+    32d4:	66 89 54 24 66       	mov    %dx,0x66(%rsp)
+    32d9:	4c 89 e2             	mov    %r12,%rdx
+    32dc:	4c 89 54 24 20       	mov    %r10,0x20(%rsp)
+    32e1:	c6 44 24 64 00       	movb   $0x0,0x64(%rsp)
+    32e6:	c6 44 24 54 01       	movb   $0x1,0x54(%rsp)
+    32eb:	89 44 24 58          	mov    %eax,0x58(%rsp)
+    32ef:	48 8d 44 24 5e       	lea    0x5e(%rsp),%rax
+    32f4:	50                   	push   %rax
+    32f5:	48 8d 44 24 5c       	lea    0x5c(%rsp),%rax
+    32fa:	50                   	push   %rax
+    32fb:	48 8d 84 24 b8 00 00 	lea    0xb8(%rsp),%rax
+    3302:	00 
+    3303:	50                   	push   %rax
+    3304:	4c 8b 44 24 28       	mov    0x28(%rsp),%r8
+    3309:	4c 8b 4c 24 30       	mov    0x30(%rsp),%r9
+    330e:	e8 00 00 00 00       	call   3313 <meshroute::remote_transcript_encode(meshroute::RemoteSessionState const&, unsigned char, std::span<unsigned char, 18446744073709551615ul>, unsigned long&)+0x423>
+			330f: R_X86_64_PLT32	meshroute::remote_body_encode(std::span<unsigned char, 18446744073709551615ul>, unsigned long&, meshroute::RemoteMessage const&, std::span<unsigned char const, 18446744073709551615ul>, meshroute::RemoteKeys const&, meshroute::RemoteSource const&, meshroute::RemoteCarrier const&)-0x4
+    3313:	48 83 c4 20          	add    $0x20,%rsp
+    3317:	4c 8b 54 24 18       	mov    0x18(%rsp),%r10
+    331c:	e9 42 fe ff ff       	jmp    3163 <meshroute::remote_transcript_encode(meshroute::RemoteSessionState const&, unsigned char, std::span<unsigned char, 18446744073709551615ul>, unsigned long&)+0x273>
+    3321:	0f 1f 80 00 00 00 00 	nopl   0x0(%rax)
     3328:	31 c9                	xor    %ecx,%ecx
     332a:	80 fa 02             	cmp    $0x2,%dl
     332d:	40 0f 94 c7          	sete   %dil
     3331:	75 0c                	jne    333f <meshroute::remote_transcript_encode(meshroute::RemoteSessionState const&, unsigned char, std::span<unsigned char, 18446744073709551615ul>, unsigned long&)+0x44f>
     3333:	0f b6 86 1c 02 00 00 	movzbl 0x21c(%rsi),%eax
     333a:	b9 01 00 00 00       	mov    $0x1,%ecx
     333f:	89 c6                	mov    %eax,%esi
     3341:	ba 01 00 00 00       	mov    $0x1,%edx
     3346:	b8 a1 ff ff ff       	mov    $0xffffffa1,%eax
-    334b:	e9 42 ff ff ff       	jmp    3292 <meshroute::remote_transcript_encode(meshroute::RemoteSessionState const&, unsigned char, std::span<unsigned char, 18446744073709551615ul>, unsigned long&)+0x3a2>
+    334b:	e9 3e ff ff ff       	jmp    328e <meshroute::remote_transcript_encode(meshroute::RemoteSessionState const&, unsigned char, std::span<unsigned char, 18446744073709551615ul>, unsigned long&)+0x39e>
 
 0000000000003350 <meshroute::remote_transcript_sent(meshroute::RemoteSessionState&, unsigned char)>:
     3350:	40 0f b6 c6          	movzbl %sil,%eax
     3354:	40 80 fe 0f          	cmp    $0xf,%sil
     3358:	77 73                	ja     33cd <meshroute::remote_transcript_sent(meshroute::RemoteSessionState&, unsigned char)+0x7d>
     335a:	48 8d 14 c5 00 00 00 	lea    0x0(,%rax,8),%rdx
@@ -3442,39 +3442,39 @@

     3abd:	00 00 00 
     3ac0:	c6 03 0e             	movb   $0xe,(%rbx)
     3ac3:	eb a7                	jmp    3a6c <meshroute::remote_session_receive(meshroute::RemoteSessionState&, meshroute::RemoteRxInput const&, meshroute::RemoteRxResult&)+0x9c>
     3ac5:	0f 1f 00             	nopl   (%rax)
     3ac8:	48 8b 45 10          	mov    0x10(%rbp),%rax
     3acc:	0f b6 7d 08          	movzbl 0x8(%rbp),%edi
-    3ad0:	48 8d 54 24 42       	lea    0x42(%rsp),%rdx
-    3ad5:	48 c7 44 24 42 00 00 	movq   $0x0,0x42(%rsp)
+    3ad0:	48 8d 54 24 41       	lea    0x41(%rsp),%rdx
+    3ad5:	48 c7 44 24 41 00 00 	movq   $0x0,0x41(%rsp)
     3adc:	00 00 
     3ade:	48 c7 44 24 48 00 00 	movq   $0x0,0x48(%rsp)
     3ae5:	00 00 
     3ae7:	0f b6 30             	movzbl (%rax),%esi
     3aea:	e8 00 00 00 00       	call   3aef <meshroute::remote_session_receive(meshroute::RemoteSessionState&, meshroute::RemoteRxInput const&, meshroute::RemoteRxResult&)+0x11f>
 			3aeb: R_X86_64_PLT32	meshroute::remote_layout(unsigned char, unsigned char, meshroute::RemoteLayout&)-0x4
     3aef:	84 c0                	test   %al,%al
     3af1:	74 0d                	je     3b00 <meshroute::remote_session_receive(meshroute::RemoteSessionState&, meshroute::RemoteRxInput const&, meshroute::RemoteRxResult&)+0x130>
     3af3:	0f 1f 44 00 00       	nopl   0x0(%rax,%rax,1)
     3af8:	c6 03 0f             	movb   $0xf,(%rbx)
     3afb:	e9 6c ff ff ff       	jmp    3a6c <meshroute::remote_session_receive(meshroute::RemoteSessionState&, meshroute::RemoteRxInput const&, meshroute::RemoteRxResult&)+0x9c>
-    3b00:	44 0f b6 74 24 42    	movzbl 0x42(%rsp),%r14d
+    3b00:	44 0f b6 74 24 41    	movzbl 0x41(%rsp),%r14d
     3b06:	41 80 fe 03          	cmp    $0x3,%r14b
     3b0a:	0f 84 6c 02 00 00    	je     3d7c <meshroute::remote_session_receive(meshroute::RemoteSessionState&, meshroute::RemoteRxInput const&, meshroute::RemoteRxResult&)+0x3ac>
     3b10:	0f 87 9a 01 00 00    	ja     3cb0 <meshroute::remote_session_receive(meshroute::RemoteSessionState&, meshroute::RemoteRxInput const&, meshroute::RemoteRxResult&)+0x2e0>
     3b16:	41 80 fe 01          	cmp    $0x1,%r14b
     3b1a:	0f 84 9e 01 00 00    	je     3cbe <meshroute::remote_session_receive(meshroute::RemoteSessionState&, meshroute::RemoteRxInput const&, meshroute::RemoteRxResult&)+0x2ee>
     3b20:	41 80 fe 02          	cmp    $0x2,%r14b
     3b24:	75 d2                	jne    3af8 <meshroute::remote_session_receive(meshroute::RemoteSessionState&, meshroute::RemoteRxInput const&, meshroute::RemoteRxResult&)+0x128>
     3b26:	48 8d bc 24 50 01 00 	lea    0x150(%rsp),%rdi
     3b2d:	00 
     3b2e:	31 c0                	xor    %eax,%eax
     3b30:	31 d2                	xor    %edx,%edx
     3b32:	0f b6 75 08          	movzbl 0x8(%rbp),%esi
-    3b36:	b9 0f 00 00 00       	mov    $0xf,%ecx
+    3b36:	b9 10 00 00 00       	mov    $0x10,%ecx
     3b3b:	4c 8d 4d 20          	lea    0x20(%rbp),%r9
     3b3f:	48 c7 84 24 d0 00 00 	movq   $0x0,0xd0(%rsp)
     3b46:	00 00 00 00 00 
     3b4b:	f3 48 ab             	rep stos %rax,%es:(%rdi)
     3b4e:	48 8b 4d 18          	mov    0x18(%rbp),%rcx
     3b52:	48 c7 84 24 d8 00 00 	movq   $0x0,0xd8(%rsp)
@@ -3561,13 +3561,13 @@

     3ca2:	88 03                	mov    %al,(%rbx)
     3ca4:	e9 c3 fd ff ff       	jmp    3a6c <meshroute::remote_session_receive(meshroute::RemoteSessionState&, meshroute::RemoteRxInput const&, meshroute::RemoteRxResult&)+0x9c>
     3ca9:	0f 1f 80 00 00 00 00 	nopl   0x0(%rax)
     3cb0:	41 83 ee 04          	sub    $0x4,%r14d
     3cb4:	41 80 fe 02          	cmp    $0x2,%r14b
     3cb8:	0f 87 3a fe ff ff    	ja     3af8 <meshroute::remote_session_receive(meshroute::RemoteSessionState&, meshroute::RemoteRxInput const&, meshroute::RemoteRxResult&)+0x128>
-    3cbe:	44 0f b6 74 24 44    	movzbl 0x44(%rsp),%r14d
+    3cbe:	44 0f b6 74 24 43    	movzbl 0x43(%rsp),%r14d
     3cc4:	41 80 fe 09          	cmp    $0x9,%r14b
     3cc8:	0f 87 2a fe ff ff    	ja     3af8 <meshroute::remote_session_receive(meshroute::RemoteSessionState&, meshroute::RemoteRxInput const&, meshroute::RemoteRxResult&)+0x128>
     3cce:	45 0f b6 d6          	movzbl %r14b,%r10d
     3cd2:	4c 89 d0             	mov    %r10,%rax
     3cd5:	48 c1 e0 04          	shl    $0x4,%rax
     3cd9:	4c 01 d0             	add    %r10,%rax
@@ -3736,13 +3736,13 @@

     3f74:	4c 8b 5c 24 08       	mov    0x8(%rsp),%r11
     3f79:	66 0f ef c0          	pxor   %xmm0,%xmm0
     3f7d:	84 c0                	test   %al,%al
     3f7f:	88 04 24             	mov    %al,(%rsp)
     3f82:	0f 85 62 07 00 00    	jne    46ea <meshroute::remote_session_receive(meshroute::RemoteSessionState&, meshroute::RemoteRxInput const&, meshroute::RemoteRxResult&)+0xd1a>
     3f88:	31 c0                	xor    %eax,%eax
-    3f8a:	b9 0f 00 00 00       	mov    $0xf,%ecx
+    3f8a:	b9 10 00 00 00       	mov    $0x10,%ecx
     3f8f:	4c 89 5c 24 20       	mov    %r11,0x20(%rsp)
     3f94:	0f b6 75 08          	movzbl 0x8(%rbp),%esi
     3f98:	48 8d bc 24 d0 00 00 	lea    0xd0(%rsp),%rdi
     3f9f:	00 
     3fa0:	4c 8d 94 24 50 01 00 	lea    0x150(%rsp),%r10
     3fa7:	00 
@@ -3830,13 +3830,13 @@

     40ec:	48 c7 c1 1f 6c fb ff 	mov    $0xfffffffffffb6c1f,%rcx
     40f3:	48 8d bc 24 90 00 00 	lea    0x90(%rsp),%rdi
     40fa:	00 
     40fb:	48 8b 45 00          	mov    0x0(%rbp),%rax
     40ff:	48 39 c8             	cmp    %rcx,%rax
     4102:	48 0f 47 c1          	cmova  %rcx,%rax
-    4106:	b9 0e 00 00 00       	mov    $0xe,%ecx
+    4106:	b9 10 00 00 00       	mov    $0x10,%ecx
     410b:	48 83 c5 32          	add    $0x32,%rbp
     410f:	48 05 e0 93 04 00    	add    $0x493e0,%rax
     4115:	49 89 84 24 f8 07 00 	mov    %rax,0x7f8(%r12)
     411c:	00 
     411d:	8b 45 f2             	mov    -0xe(%rbp),%eax
     4120:	41 89 84 24 00 08 00 	mov    %eax,0x800(%r12)
@@ -4202,13 +4202,13 @@

     473a:	4c 8b 5c 24 18       	mov    0x18(%rsp),%r11
     473f:	66 0f ef c0          	pxor   %xmm0,%xmm0
     4743:	4c 8b 54 24 20       	mov    0x20(%rsp),%r10
     4748:	84 c0                	test   %al,%al
     474a:	0f 85 17 f6 ff ff    	jne    3d67 <meshroute::remote_session_receive(meshroute::RemoteSessionState&, meshroute::RemoteRxInput const&, meshroute::RemoteRxResult&)+0x397>
     4750:	31 c0                	xor    %eax,%eax
-    4752:	b9 0f 00 00 00       	mov    $0xf,%ecx
+    4752:	b9 10 00 00 00       	mov    $0x10,%ecx
     4757:	4c 89 54 24 20       	mov    %r10,0x20(%rsp)
     475c:	0f b6 75 08          	movzbl 0x8(%rbp),%esi
     4760:	4c 89 5c 24 18       	mov    %r11,0x18(%rsp)
     4765:	ba e9 00 00 00       	mov    $0xe9,%edx
     476a:	4c 8d 4d 20          	lea    0x20(%rbp),%r9
     476e:	48 8d bc 24 d0 00 00 	lea    0xd0(%rsp),%rdi
@@ -4274,13 +4274,13 @@

     4856:	0f b6 04 24          	movzbl (%rsp),%eax
     485a:	4c 8b 54 24 20       	mov    0x20(%rsp),%r10
     485f:	84 c0                	test   %al,%al
     4861:	0f 85 1a 03 00 00    	jne    4b81 <meshroute::remote_session_receive(meshroute::RemoteSessionState&, meshroute::RemoteRxInput const&, meshroute::RemoteRxResult&)+0x11b1>
     4867:	48 8b 8c 24 e8 00 00 	mov    0xe8(%rsp),%rcx
     486e:	00 
-    486f:	44 0f b6 6c 24 42    	movzbl 0x42(%rsp),%r13d
+    486f:	44 0f b6 6c 24 41    	movzbl 0x41(%rsp),%r13d
     4875:	44 88 73 01          	mov    %r14b,0x1(%rbx)
     4879:	48 89 0c 24          	mov    %rcx,(%rsp)
     487d:	48 89 4b 08          	mov    %rcx,0x8(%rbx)
     4881:	41 80 fd 04          	cmp    $0x4,%r13b
     4885:	0f 84 3a 04 00 00    	je     4cc5 <meshroute::remote_session_receive(meshroute::RemoteSessionState&, meshroute::RemoteRxInput const&, meshroute::RemoteRxResult&)+0x12f5>
     488b:	4d 6b d2 22          	imul   $0x22,%r10,%r10
@@ -4691,13 +4691,13 @@

     4f19:	48 6b 44 24 18 38    	imul   $0x38,0x18(%rsp),%rax
     4f1f:	4c 6b c2 28          	imul   $0x28,%rdx,%r8
     4f23:	4c 01 e0             	add    %r12,%rax
     4f26:	66 c7 80 12 02 00 00 	movw   $0xff01,0x212(%rax)
     4f2d:	01 ff 
     4f2f:	4d 01 e0             	add    %r12,%r8
-    4f32:	4c 8b 8c 24 28 01 00 	mov    0x128(%rsp),%r9
+    4f32:	4c 8b 8c 24 30 01 00 	mov    0x130(%rsp),%r9
     4f39:	00 
     4f3a:	44 88 b0 10 02 00 00 	mov    %r14b,0x210(%rax)
     4f41:	49 8d b8 68 05 00 00 	lea    0x568(%r8),%rdi
     4f48:	c6 80 11 02 00 00 00 	movb   $0x0,0x211(%rax)
     4f4f:	48 8b 4d 3c          	mov    0x3c(%rbp),%rcx
     4f53:	48 89 88 18 02 00 00 	mov    %rcx,0x218(%rax)
@@ -4731,13 +4731,13 @@

     4fe4:	00 
     4fe5:	b9 3b 00 00 00       	mov    $0x3b,%ecx
     4fea:	f3 ab                	rep stos %eax,%es:(%rdi)
     4fec:	4d 85 c9             	test   %r9,%r9
     4fef:	74 3c                	je     502d <meshroute::remote_session_receive(meshroute::RemoteSessionState&, meshroute::RemoteRxInput const&, meshroute::RemoteRxResult&)+0x165d>
     4ff1:	41 0f b6 cd          	movzbl %r13b,%ecx
-    4ff5:	48 8b bc 24 20 01 00 	mov    0x120(%rsp),%rdi
+    4ff5:	48 8b bc 24 28 01 00 	mov    0x128(%rsp),%rdi
     4ffc:	00 
     4ffd:	31 c0                	xor    %eax,%eax
     4fff:	48 69 c9 ec 00 00 00 	imul   $0xec,%rcx,%rcx
     5006:	4c 01 e1             	add    %r12,%rcx
     5009:	eb 0a                	jmp    5015 <meshroute::remote_session_receive(meshroute::RemoteSessionState&, meshroute::RemoteRxInput const&, meshroute::RemoteRxResult&)+0x1645>
     500b:	0f 1f 44 00 00       	nopl   0x0(%rax,%rax,1)
