== radmin8client 08:55:22
rc=0
  [w2]   ok   clean baseline 2947 / 193734 / 0   (DERIVED from this tree)
  [w1]   ok   clean baseline 2947 / 193734 / 0   (DERIVED from this tree)
  ok   clean baseline 2947 / 193734 / 0   (DERIVED per worker tree; 3 tree(s) agree)
mutations: 29 RED / 0 unusable
== radmin8verbs 08:56:53
rc=0
  [w0]   ok   clean baseline 2947 / 193734 / 0   (DERIVED from this tree)
  [w2]   ok   clean baseline 2947 / 193734 / 0   (DERIVED from this tree)
  ok   clean baseline 2947 / 193734 / 0   (DERIVED per worker tree; 3 tree(s) agree)
mutations: 8 RED / 0 unusable
== radmin8rng 08:57:18
rc=0
  [w0] -- baseline gate: THIS WORKER'S OWN clean tree must run 0 FAILED; its own counts become this shard's baseline
  [w0]   ok   clean baseline 2947 / 193734 / 0   (DERIVED from this tree)
  ok   clean baseline 2947 / 193734 / 0   (DERIVED per worker tree; 1 tree(s) agree)
mutations: 1 RED / 0 unusable
== radmin73action 08:57:30
rc=0
  [w2]   ok   clean baseline 2947 / 193734 / 0   (DERIVED from this tree)
  [w1]   ok   clean baseline 2947 / 193734 / 0   (DERIVED from this tree)
  ok   clean baseline 2947 / 193734 / 0   (DERIVED per worker tree; 3 tree(s) agree)
mutations: 35 RED / 0 unusable
== radmin73node 08:58:34
rc=0
  [w0]   ok   clean baseline 2947 / 193734 / 0   (DERIVED from this tree)
  [w2]   ok   clean baseline 2947 / 193734 / 0   (DERIVED from this tree)
  ok   clean baseline 2947 / 193734 / 0   (DERIVED per worker tree; 3 tree(s) agree)
mutations: 5 RED / 0 unusable
== radmin73convert 08:58:53
rc=0
  [w2]   ok   clean baseline 2947 / 193734 / 0   (DERIVED from this tree)
  [w0]   ok   clean baseline 2947 / 193734 / 0   (DERIVED from this tree)
  ok   clean baseline 2947 / 193734 / 0   (DERIVED per worker tree; 3 tree(s) agree)
mutations: 10 RED / 0 unusable
== radmin7rx 08:59:20
rc=0
  [w2]   ok   clean baseline 2947 / 193734 / 0   (DERIVED from this tree)
  [w0]   ok   clean baseline 2947 / 193734 / 0   (DERIVED from this tree)
  ok   clean baseline 2947 / 193734 / 0   (DERIVED per worker tree; 3 tree(s) agree)
mutations: 16 RED / 0 unusable
== radmin7exec 09:00:04
rc=0
  [w1]   ok   clean baseline 2947 / 193734 / 0   (DERIVED from this tree)
  [w0]   ok   clean baseline 2947 / 193734 / 0   (DERIVED from this tree)
  ok   clean baseline 2947 / 193734 / 0   (DERIVED per worker tree; 3 tree(s) agree)
mutations: 20 RED / 0 unusable
== radmin7transcript 09:01:11
rc=0
  [w2]   ok   clean baseline 2947 / 193734 / 0   (DERIVED from this tree)
  [w1]   ok   clean baseline 2947 / 193734 / 0   (DERIVED from this tree)
  ok   clean baseline 2947 / 193734 / 0   (DERIVED per worker tree; 3 tree(s) agree)
mutations: 20 RED / 0 unusable
== actionadmit 09:01:52
rc=0
  [w2]   ok   clean baseline 2947 / 193734 / 0   (DERIVED from this tree)
  [w0]   ok   clean baseline 2947 / 193734 / 0   (DERIVED from this tree)
  ok   clean baseline 2947 / 193734 / 0   (DERIVED per worker tree; 3 tree(s) agree)
mutations: 10 RED / 0 unusable
== radmin5rx 09:02:19
rc=0
  [w1]   ok   clean baseline 2947 / 193734 / 0   (DERIVED from this tree)
  [w0]   ok   clean baseline 2947 / 193734 / 0   (DERIVED from this tree)
  ok   clean baseline 2947 / 193734 / 0   (DERIVED per worker tree; 3 tree(s) agree)
mutations: 14 RED / 0 unusable
== sliceDtoken 09:03:29
rc=0
  [w1]   ok   clean baseline 2947 / 193734 / 0   (DERIVED from this tree)
  [w0]   ok   clean baseline 2947 / 193734 / 0   (DERIVED from this tree)
  ok   clean baseline 2947 / 193734 / 0   (DERIVED per worker tree; 2 tree(s) agree)
mutations: 2 RED / 0 unusable
== radmin2codec 09:03:54
rc=0
  [w0]   ok   clean baseline 2947 / 193734 / 0   (DERIVED from this tree)
  [w2]   ok   clean baseline 2947 / 193734 / 0   (DERIVED from this tree)
  ok   clean baseline 2947 / 193734 / 0   (DERIVED per worker tree; 3 tree(s) agree)
mutations: 105 RED / 0 unusable
== a0rx 09:07:07
rc=0
  [w0]   ok   clean baseline 2947 / 193734 / 0   (DERIVED from this tree)
  [w1]   ok   clean baseline 2947 / 193734 / 0   (DERIVED from this tree)
  ok   clean baseline 2947 / 193734 / 0   (DERIVED per worker tree; 3 tree(s) agree)
mutations: 7 RED / 0 unusable
== b134ack 09:07:33
rc=0
  [w1]   ok   clean baseline 2947 / 193734 / 0   (DERIVED from this tree)
  [w0]   ok   clean baseline 2947 / 193734 / 0   (DERIVED from this tree)
  ok   clean baseline 2947 / 193734 / 0   (DERIVED per worker tree; 2 tree(s) agree)
mutations: 2 RED / 0 unusable
== b134inbox 09:07:50
rc=0
  [w2]   ok   clean baseline 2947 / 193734 / 0   (DERIVED from this tree)
  [w1]   ok   clean baseline 2947 / 193734 / 0   (DERIVED from this tree)
  ok   clean baseline 2947 / 193734 / 0   (DERIVED per worker tree; 3 tree(s) agree)
mutations: 5 RED / 0 unusable
== b134ram 09:08:07
rc=0
  [w2]   ok   clean baseline 2947 / 193734 / 0   (DERIVED from this tree)
  [w0]   ok   clean baseline 2947 / 193734 / 0   (DERIVED from this tree)
  ok   clean baseline 2947 / 193734 / 0   (DERIVED per worker tree; 3 tree(s) agree)
mutations: 3 RED / 0 unusable
== b134store 09:08:23
rc=0
  [w0]   ok   G08 ★★★ begin()'s FRESH-baseline save goes back to persisting nothing — the store runs with no topology, epoch or high-water on the medium, and a reboot inside the first seq batch REUSES sequences over a live log -> RED (7 assertion(s) failed, match count 1)
  ok   clean baseline 2947 / 193734 / 0   (DERIVED per worker tree; 3 tree(s) agree)
  ok   G08 ★★★ begin()'s FRESH-baseline save goes back to persisting nothing — the store runs with no topology, epoch or high-water on the medium, and a reboot inside the first seq batch REUSES sequences over a live log -> RED (7 assertion(s) failed, match count 1)
mutations: 39 RED / 0 unusable
== b159mac 09:09:58
rc=0
  [w1]   ok   clean baseline 2947 / 193734 / 0   (DERIVED from this tree)
  [w0]   ok   clean baseline 2947 / 193734 / 0   (DERIVED from this tree)
  ok   clean baseline 2947 / 193734 / 0   (DERIVED per worker tree; 2 tree(s) agree)
mutations: 2 RED / 0 unusable
== b159map 09:10:11
rc=0
  [w0]   ok   clean baseline 2947 / 193734 / 0   (DERIVED from this tree)
  [w1]   ok   clean baseline 2947 / 193734 / 0   (DERIVED from this tree)
  ok   clean baseline 2947 / 193734 / 0   (DERIVED per worker tree; 2 tree(s) agree)
mutations: 2 RED / 0 unusable
== b159rx 09:10:24
rc=0
  [w2]   ok   clean baseline 2947 / 193734 / 0   (DERIVED from this tree)
  [w0]   ok   clean baseline 2947 / 193734 / 0   (DERIVED from this tree)
  ok   clean baseline 2947 / 193734 / 0   (DERIVED per worker tree; 3 tree(s) agree)
mutations: 3 RED / 0 unusable
== b161hash 09:10:39
rc=0
  [w2]   ok   clean baseline 2947 / 193734 / 0   (DERIVED from this tree)
  [w1]   ok   clean baseline 2947 / 193734 / 0   (DERIVED from this tree)
  ok   clean baseline 2947 / 193734 / 0   (DERIVED per worker tree; 3 tree(s) agree)
mutations: 6 RED / 0 unusable
== b161mac 09:10:59
rc=0
  [w0] -- baseline gate: THIS WORKER'S OWN clean tree must run 0 FAILED; its own counts become this shard's baseline
  [w0]   ok   clean baseline 2947 / 193734 / 0   (DERIVED from this tree)
  ok   clean baseline 2947 / 193734 / 0   (DERIVED per worker tree; 1 tree(s) agree)
mutations: 1 RED / 0 unusable
== b161rx 09:11:10
rc=0
  [w0]   ok   clean baseline 2947 / 193734 / 0   (DERIVED from this tree)
  [w2]   ok   clean baseline 2947 / 193734 / 0   (DERIVED from this tree)
  ok   clean baseline 2947 / 193734 / 0   (DERIVED per worker tree; 3 tree(s) agree)
mutations: 8 RED / 0 unusable
== b20codec 09:11:36
rc=0
  [w1]   ok   clean baseline 2947 / 193734 / 0   (DERIVED from this tree)
  [w2]   ok   clean baseline 2947 / 193734 / 0   (DERIVED from this tree)
  ok   clean baseline 2947 / 193734 / 0   (DERIVED per worker tree; 3 tree(s) agree)
mutations: 5 RED / 0 unusable
== b20mac 09:12:50
rc=0
  [w0]   ok   clean baseline 2947 / 193734 / 0   (DERIVED from this tree)
  [w1]   ok   clean baseline 2947 / 193734 / 0   (DERIVED from this tree)
  ok   clean baseline 2947 / 193734 / 0   (DERIVED per worker tree; 3 tree(s) agree)
mutations: 11 RED / 0 unusable
== b251hash 09:13:21
rc=0
  [w2]   ok   clean baseline 2947 / 193734 / 0   (DERIVED from this tree)
  [w0]   ok   clean baseline 2947 / 193734 / 0   (DERIVED from this tree)
  ok   clean baseline 2947 / 193734 / 0   (DERIVED per worker tree; 3 tree(s) agree)
mutations: 55 RED / 0 unusable
== b251rx 09:15:15
rc=0
  [w2]   ok   clean baseline 2947 / 193734 / 0   (DERIVED from this tree)
  [w1]   ok   clean baseline 2947 / 193734 / 0   (DERIVED from this tree)
  ok   clean baseline 2947 / 193734 / 0   (DERIVED per worker tree; 3 tree(s) agree)
mutations: 19 RED / 0 unusable
== cmdauthority 09:16:03
rc=0
  [w1]   ok   clean baseline 2947 / 193734 / 0   (DERIVED from this tree)
  [w2]   ok   clean baseline 2947 / 193734 / 0   (DERIVED from this tree)
  ok   clean baseline 2947 / 193734 / 0   (DERIVED per worker tree; 3 tree(s) agree)
mutations: 16 RED / 0 unusable
== consoleline 09:17:03
rc=0
  [w0]   ok   clean baseline 2947 / 193734 / 0   (DERIVED from this tree)
  [w2]   ok   clean baseline 2947 / 193734 / 0   (DERIVED from this tree)
  ok   clean baseline 2947 / 193734 / 0   (DERIVED per worker tree; 3 tree(s) agree)
mutations: 12 RED / 0 unusable
== devicenv 09:17:47
rc=0
  [w2]   ok   clean baseline 2947 / 193734 / 0   (DERIVED from this tree)
  [w0]   ok   clean baseline 2947 / 193734 / 0   (DERIVED from this tree)
  ok   clean baseline 2947 / 193734 / 0   (DERIVED per worker tree; 3 tree(s) agree)
mutations: 42 RED / 0 unusable
== fwactivation 09:21:59
rc=0
  [w2]   ok   clean baseline 2947 / 193734 / 0   (DERIVED from this tree)
  [w1]   ok   clean baseline 2947 / 193734 / 0   (DERIVED from this tree)
  ok   clean baseline 2947 / 193734 / 0   (DERIVED per worker tree; 3 tree(s) agree)
mutations: 10 RED / 0 unusable
== grantadmit 09:22:26
rc=0
  [w0] -- baseline gate: THIS WORKER'S OWN clean tree must run 0 FAILED; its own counts become this shard's baseline
  [w0]   ok   clean baseline 2947 / 193734 / 0   (DERIVED from this tree)
  ok   clean baseline 2947 / 193734 / 0   (DERIVED per worker tree; 1 tree(s) agree)
mutations: 1 RED / 0 unusable
== grantpark 09:22:37
rc=0
  [w1]   ok   clean baseline 2947 / 193734 / 0   (DERIVED from this tree)
  [w0]   ok   clean baseline 2947 / 193734 / 0   (DERIVED from this tree)
  ok   clean baseline 2947 / 193734 / 0   (DERIVED per worker tree; 3 tree(s) agree)
mutations: 3 RED / 0 unusable
== macwait 09:22:52
rc=0
  [w2]   ok   clean baseline 2947 / 193734 / 0   (DERIVED from this tree)
  [w1]   ok   clean baseline 2947 / 193734 / 0   (DERIVED from this tree)
  ok   clean baseline 2947 / 193734 / 0   (DERIVED per worker tree; 3 tree(s) agree)
mutations: 10 RED / 0 unusable
== radmin3acl 09:23:21
rc=0
  [w1]   ok   clean baseline 2947 / 193734 / 0   (DERIVED from this tree)
  [w2]   ok   clean baseline 2947 / 193734 / 0   (DERIVED from this tree)
  ok   clean baseline 2947 / 193734 / 0   (DERIVED per worker tree; 3 tree(s) agree)
mutations: 36 RED / 0 unusable
== radmin3id 09:24:37
rc=0
  [w2]   ok   clean baseline 2947 / 193734 / 0   (DERIVED from this tree)
  [w0]   ok   clean baseline 2947 / 193734 / 0   (DERIVED from this tree)
  ok   clean baseline 2947 / 193734 / 0   (DERIVED per worker tree; 3 tree(s) agree)
mutations: 23 RED / 0 unusable
== radmin3verbs 09:25:31
rc=0
  [w0]   ok   clean baseline 2947 / 193734 / 0   (DERIVED from this tree)
  [w2]   ok   clean baseline 2947 / 193734 / 0   (DERIVED from this tree)
  ok   clean baseline 2947 / 193734 / 0   (DERIVED per worker tree; 3 tree(s) agree)
mutations: 28 RED / 0 unusable
== radmin5runtime 09:26:35
rc=0
  [w2]   ok   clean baseline 2947 / 193734 / 0   (DERIVED from this tree)
  [w0]   ok   clean baseline 2947 / 193734 / 0   (DERIVED from this tree)
  ok   clean baseline 2947 / 193734 / 0   (DERIVED per worker tree; 3 tree(s) agree)
mutations: 16 RED / 0 unusable
== radmin5session 09:27:08
rc=0
  [w1]   ok   clean baseline 2947 / 193734 / 0   (DERIVED from this tree)
  [w2]   ok   clean baseline 2947 / 193734 / 0   (DERIVED from this tree)
  ok   clean baseline 2947 / 193734 / 0   (DERIVED per worker tree; 3 tree(s) agree)
mutations: 25 RED / 0 unusable
== radmin72rx 09:27:57
rc=0
  [w1]   ok   clean baseline 2947 / 193734 / 0   (DERIVED from this tree)
  [w0]   ok   clean baseline 2947 / 193734 / 0   (DERIVED from this tree)
  ok   clean baseline 2947 / 193734 / 0   (DERIVED per worker tree; 3 tree(s) agree)
mutations: 15 RED / 0 unusable
== radmin72session 09:28:36
rc=0
  [w2]   ok   clean baseline 2947 / 193734 / 0   (DERIVED from this tree)
  [w0]   ok   clean baseline 2947 / 193734 / 0   (DERIVED from this tree)
  ok   clean baseline 2947 / 193734 / 0   (DERIVED per worker tree; 3 tree(s) agree)
mutations: 36 RED / 0 unusable
== remoteactivation 09:29:37
rc=0
  [w2]   ok   clean baseline 2947 / 193734 / 0   (DERIVED from this tree)
  [w0]   ok   clean baseline 2947 / 193734 / 0   (DERIVED from this tree)
  ok   clean baseline 2947 / 193734 / 0   (DERIVED per worker tree; 3 tree(s) agree)
mutations: 22 RED / 0 unusable
== sliceAinbox 09:30:23
rc=0
  [w0] -- baseline gate: THIS WORKER'S OWN clean tree must run 0 FAILED; its own counts become this shard's baseline
  [w0]   ok   clean baseline 2947 / 193734 / 0   (DERIVED from this tree)
  ok   clean baseline 2947 / 193734 / 0   (DERIVED per worker tree; 1 tree(s) agree)
mutations: 1 RED / 0 unusable
== sliceAjson 09:30:33
rc=0
  [w0] -- baseline gate: THIS WORKER'S OWN clean tree must run 0 FAILED; its own counts become this shard's baseline
  [w0]   ok   clean baseline 2947 / 193734 / 0   (DERIVED from this tree)
  ok   clean baseline 2947 / 193734 / 0   (DERIVED per worker tree; 1 tree(s) agree)
mutations: 1 RED / 0 unusable
== sliceBmac 09:30:44
rc=1
  [w0]   FAIL M04 ★★ THE HELPER CALL IN `do_data_tx`'s PACK-FAILED PATH IS DELETED — the SEVENTH site this sweep found reverts to destroying an admitted carrier in total silence, grant included ([[B268]] blocker-1) — the suite still PASSES; nothing measures this
  ok   clean baseline 2947 / 193734 / 0   (DERIVED per worker tree; 3 tree(s) agree)
  FAIL M04 ★★ THE HELPER CALL IN `do_data_tx`'s PACK-FAILED PATH IS DELETED — the SEVENTH site this sweep found reverts to destroying an admitted carrier in total silence, grant included ([[B268]] blocker-1) — the suite still PASSES; nothing measures this
mutations: 3 RED / 1 unusable
== sliceBnode 09:31:04
rc=0
  [w2]   ok   clean baseline 2947 / 193734 / 0   (DERIVED from this tree)
  [w0]   ok   clean baseline 2947 / 193734 / 0   (DERIVED from this tree)
  ok   clean baseline 2947 / 193734 / 0   (DERIVED per worker tree; 3 tree(s) agree)
mutations: 8 RED / 0 unusable
== sliceBrx 09:31:28
rc=0
  [w0]   ok   clean baseline 2947 / 193734 / 0   (DERIVED from this tree)
  [w1]   ok   clean baseline 2947 / 193734 / 0   (DERIVED from this tree)
  ok   clean baseline 2947 / 193734 / 0   (DERIVED per worker tree; 3 tree(s) agree)
mutations: 16 RED / 0 unusable
== sliceCinbox 09:32:12
rc=0
  [w0]   ok   clean baseline 2947 / 193734 / 0   (DERIVED from this tree)
  [w1]   ok   clean baseline 2947 / 193734 / 0   (DERIVED from this tree)
  ok   clean baseline 2947 / 193734 / 0   (DERIVED per worker tree; 2 tree(s) agree)
mutations: 2 RED / 0 unusable
== sliceCpull 09:32:46
rc=0
  [w0]   ok   clean baseline 2947 / 193734 / 0   (DERIVED from this tree)
  [w1]   ok   clean baseline 2947 / 193734 / 0   (DERIVED from this tree)
  ok   clean baseline 2947 / 193734 / 0   (DERIVED per worker tree; 2 tree(s) agree)
mutations: 2 RED / 0 unusable
== sliceDack 09:32:57
rc=0
  [w0] -- baseline gate: THIS WORKER'S OWN clean tree must run 0 FAILED; its own counts become this shard's baseline
  [w0]   ok   clean baseline 2947 / 193734 / 0   (DERIVED from this tree)
  ok   clean baseline 2947 / 193734 / 0   (DERIVED per worker tree; 1 tree(s) agree)
mutations: 1 RED / 0 unusable
== sliceDclear 09:33:13
rc=0
  [w1]   ok   clean baseline 2947 / 193734 / 0   (DERIVED from this tree)
  [w0]   ok   clean baseline 2947 / 193734 / 0   (DERIVED from this tree)
  ok   clean baseline 2947 / 193734 / 0   (DERIVED per worker tree; 3 tree(s) agree)
mutations: 5 RED / 0 unusable
== sliceDstore 09:33:30
rc=0
  [w2]   ok   clean baseline 2947 / 193734 / 0   (DERIVED from this tree)
  [w0]   ok   clean baseline 2947 / 193734 / 0   (DERIVED from this tree)
  ok   clean baseline 2947 / 193734 / 0   (DERIVED per worker tree; 3 tree(s) agree)
mutations: 3 RED / 0 unusable
== sliceEnode 09:33:45
rc=0
  [w0]   ok   clean baseline 2947 / 193734 / 0   (DERIVED from this tree)
  [w1]   ok   clean baseline 2947 / 193734 / 0   (DERIVED from this tree)
  ok   clean baseline 2947 / 193734 / 0   (DERIVED per worker tree; 3 tree(s) agree)
mutations: 3 RED / 0 unusable
== sliceGinbox 09:33:59
rc=0
  [w1]   ok   clean baseline 2947 / 193734 / 0   (DERIVED from this tree)
  [w0]   ok   clean baseline 2947 / 193734 / 0   (DERIVED from this tree)
  ok   clean baseline 2947 / 193734 / 0   (DERIVED per worker tree; 3 tree(s) agree)
mutations: 4 RED / 0 unusable
== sliceGjson 09:34:16
rc=0
  [w2]   ok   clean baseline 2947 / 193734 / 0   (DERIVED from this tree)
  [w1]   ok   clean baseline 2947 / 193734 / 0   (DERIVED from this tree)
  ok   clean baseline 2947 / 193734 / 0   (DERIVED per worker tree; 3 tree(s) agree)
mutations: 16 RED / 0 unusable
== sliceGrx 09:34:54
rc=0
  ok   G11 ★★★ §13.2 AN UNPARSEABLE INNER BECOMES A SILENT CONSUME — the frame is still dropped, but the ruled bounded `custody_failure_reject` never fires, so a malformed-input population becomes invisible to the operator, the corpus instrument and the bug register at once -> RED (1 assertion(s) failed, match count 1)
  ok   G25 ★★★ THE LIVE PUSH IS SUPPRESSED WHEN STORAGE IS DISABLED — §7.3 rules the opposite: the receipt still emits ONE push carrying `seq = 0`. A node with no inbox backend (every simulator node, and any board built without one) would go silent on the whole diagnostic. ⓘ The anchor carries the line ABOVE it: a bare `enqueue_push(pu);` matches several sites in this file and the entry went VACUOUS at match count 3 -> RED (11 assertion(s) failed, match count 1)
  ok   S77 ★★★ §B278 S4 THE FACTUAL TELEMETRY REPORTS THE CARRIER'S ORIGIN — `custody_failure_rx` names the translating home as the reporter, so the corpus instrument and the operator see a different identity from the one the store and the Push carry. ⛔ One selected identity, three surfaces -> RED (1 assertion(s) failed, match count 1)
mutations: 42 RED / 0 unusable
== teamgrant 09:36:25
rc=0
  [w2]   ok   clean baseline 2947 / 193734 / 0   (DERIVED from this tree)
  [w1]   ok   clean baseline 2947 / 193734 / 0   (DERIVED from this tree)
  ok   clean baseline 2947 / 193734 / 0   (DERIVED per worker tree; 3 tree(s) agree)
mutations: 4 RED / 0 unusable
== teamkeyring 09:36:44
rc=0
  [w0]   ok   T59 ★★★ THE COMPACTION BECOMES A SWAP-WITH-THE-LAST — the survivors are re-ordered under the operator's cursor between one removal and the next, and the tail wipe then clears a slot the swap already overwrote -> RED (4 assertion(s) failed, match count 1)
  ok   clean baseline 2947 / 193734 / 0   (DERIVED per worker tree; 3 tree(s) agree)
  ok   T59 ★★★ THE COMPACTION BECOMES A SWAP-WITH-THE-LAST — the survivors are re-ordered under the operator's cursor between one removal and the next, and the tail wipe then clears a slot the swap already overwrote -> RED (4 assertion(s) failed, match count 1)
mutations: 68 RED / 0 unusable
