== §B105 feature-layer probe (src/firmware_ui.cpp, host-compiled) ==
-- building the l2 support archive (lib/core + lib/hal + lib/console + monocypher) ...
-- building the v3 support archive (lib/core + lib/hal + lib/console + monocypher) ...
== §B105 probe — src/firmware_ui.cpp, host-compiled ==
  INFO strip right edge x=127, bottom y=7; BODY right edge x=119
  INFO §7.3 audit: widest ordinary body line = 19 columns, right edge x = 125 (bound 19 / 127)
  INFO §UI-17 STATUS body: [TEAM 3D9348A5] [ME T220] [6 KNOWN] [0 NEW / HOME --] [52.123,21.456]
  INFO §UI-17 TEAM rows: [ Wolfga  3m        ] [ 0x00c0  2m        ] [ id 83   1m        ] [-]
...
  (no control reddens) P6 a channel post is recorded
  (no control reddens) P6 a DM is recorded
  (no control reddens) P6b2 ...and the store came through it untouched
  (no control reddens) P6c ...including the one that was open
  (no control reddens) P6d ...and so did the other channel posts
  (no control reddens) P6e ★ the channel posts are untouched
  (no control reddens) P6f ...and deletes nothing else
  (no control reddens) P6i an E2E-ack RECEIPT is recorded through the real record_ack
  (no control reddens) P6i ⛔ hidden is NOT deleted — the diagnostic stream still carries both
  (no control reddens) P6i ★ the RAW pull DOES see BOTH — the fixture is real, not a no-op
  (no control reddens) P6 six live records to browse, seq 1..3 in BOTH stores
  (no control reddens) P6 the probe's real inbox is wired
  (no control reddens) P7a ...and no live apply
  (no control reddens) P7a ...in the RAM DRAFT ONLY — no durable write
  (no control reddens) P7 ...and applied NOTHING live
  (no control reddens) P7a ...the persisted record is untouched
  (no control reddens) P7b ...and it is NOT the word `dirty` in any form
  (no control reddens) P7c ...and no RESTART is claimed for a live field
  (no control reddens) P7c ...and the NON-covered fields carried through
  (no control reddens) P7d ...and changed nothing
  (no control reddens) P7 ...opening it wrote NOTHING
  (no control reddens) P8b DISCARD clears it
  (no control reddens) P8b ...with zero writes
  (no control reddens) P8c a NON-covered external write raises no conflict
  (no control reddens) P8d repeated notifications with no change claim nothing
  (no control reddens) P8f DISCARD clears it, onto the record leave left
  (no control reddens) P8f ...with zero writes
  (no control reddens) P8g a JOIN-shaped write moves no covered field, raises nothing
controls: 223 verified / 0 unusable
PASS
=== --no-neg tail ===

sources unchanged: md5 f87779aa254f64992ba36d19611e48a0
controls: 0 verified / 0 unusable
PASS
