== §CUSTODY-D inbox-verb wiring probe (real dispatch() + real handle_clear_inbox, host-linked) ==
executor symbol ownership: client PASS
== §CUSTODY-D inbox-verb wiring probe (REAL dispatch() + REAL handle_clear_inbox, host-linked) ==
  ok   W1  dispatch() OWNS `clear_inbox` (the router reaches the verb at all)
  ok   W1b ...and routed it to NO other verb's handler (saw '')
  ok   W2  bare `clear_inbox` answers EXACTLY the needs_confirm line [{"ack":"clear_inbox","result":"needs_confirm"}
]
  ok   W2b ...and NEITHER store was wiped (dm=0 ch=0)
...
  ok   C8-C7 scheduled delay is omitted -> RED (1 check(s) failed: C8-20 )
    source match count 1
  ok   C8-C8 UTF8 carry is discarded -> RED (1 check(s) failed: C8-22 )
    source match count 1
  ok   C8-C9 real router loses supplied transport -> RED (3 check(s) failed: C8-4 C8-13 C8-14 )
    source match count 1
  ok   C8-C10 actual regen binding ignores live rows -> RED (4 check(s) failed: C8-16 C8-16 C8-16 C8-16 )
    source match count 1
  ok   C8-C11 main-loop binding does not service controller -> RED (1 check(s) failed: C8-L2 )
    source match count 1
  ok   C8-C12 real key use binding ignores captured rows -> RED (1 check(s) failed: C8-K5 )
    source match count 1
  ok   C8-C13 real target use binding ignores captured rows -> RED (1 check(s) failed: C8-K6 )
    source match count 1
  ok   C8-C14 status request_table_pressure value lost -> RED (1 check(s) failed: C8-S1 )
    source match count 1
  ok   C8-C15 status assembly_failure value lost -> RED (1 check(s) failed: C8-S1 )
    source match count 1
  ok   C8-C16 status unmatched_response value lost -> RED (1 check(s) failed: C8-S1 )
    source match count 1
  ok   C8-C17 status auth_failure value lost -> RED (1 check(s) failed: C8-S1 )
    source match count 1
  ok   C8-C18 status local_result_pressure value lost -> RED (1 check(s) failed: C8-S1 )
    source match count 1
  ok   C8-C19 status radio_enqueue_failure value lost -> RED (1 check(s) failed: C8-S1 )

tree unchanged: the real sources' md5 is identical before and after (4a081a5c44768f2fa50ca8ebfec2c6b9)
probe: 439 checks against the REAL dispatch()+handle_clear_inbox, 0 failed (pin 439)
controls: 64 verified / 0 unusable (pin 64)
PASS
=== --no-neg tail ===
