== §remote-admin v2 slice 1 — the mr_features.h configuration matrix (the REAL lib/core header) ==
   header under test : /home/staszek/MeshRoute/lib/core/mr_features.h
   md5(header)       : 04cd8bcc4c7425563267ee5477f57a06
   compiler          : g++ (g++ (Debian 12.2.0-14+deb12u1) 12.2.0)

== control classification (declared up-front; nothing below may be reclassified after the fact) ==
  class A — PRODUCTION COMPILE-TIME REFUSAL (A1..A4)
      measured RED = the declared INVALID configuration fails to compile AT the intended mr_features.h diagnostic
...
  ctl-ok   W-S3-WIDEN-BOOT -> REJECTED by O4j, O5 — §RADMIN slice 3: the boot-call gate is legacy-widened with `|| MR_FEAT_REMOTE_MGMT` (forbidden by R-RA-27 — the capability must not be aliased to the legacy switch)
  ctl-ok   W-S3-INVERT-HELP -> REJECTED by O4g — §RADMIN slice 3: the help index's two names are compiled under the CLIENT capability — the R-RA-8 inversion, which would advertise a target surface on a MOBILE build
  ctl-ok   W-S3-DUP-DECL -> REJECTED by O4f — §RADMIN slice 3: a DUPLICATE capability guard appears in the boot wrapper's header — a second, unreviewed gating site inside an allowed file
  ctl-ok   W-S3-GATE-PURE -> REJECTED by O1 — §RADMIN slice 3: a PURE SERVICE HEADER acquires a capability macro — the [[B255]] idiom's own violation, which would stop the native suite exercising the service arms at all
  ctl-ok   W-S4-DROP-DISPATCH -> REJECTED by O4e — §RADMIN slice 4: the CLIENT gate around the controller ROUTER FORWARDING arm is deleted, so an ACCEPT board would route `admin-key`/`admin-target` into controller stores it was ruled not to have
  ctl-ok   W-S4-DROP-BLE -> REJECTED by O4j — §RADMIN slice 4: the CLIENT gate around the R-RA-30 BLE SPLIT is deleted, so an ACCEPT board acquires a controller-family guard it was ruled not to carry
  ctl-ok   W-S4-WIDEN-BOOT -> REJECTED by O4j, O5 — §RADMIN slice 4: the controller boot-call gate is legacy-widened with `|| MR_FEAT_REMOTE_MGMT` (forbidden by R-RA-27)
  ctl-ok   W-S4-INVERT-HELP -> REJECTED by O4g — §RADMIN slice 4: the help index's two CONTROLLER names are compiled under the ACCEPT capability — the R-RA-8 inversion, which would advertise a controller surface on a GATEWAY build
  ctl-ok   W-S4-INVERT-REGEN -> REJECTED by O4e — ★★ §RADMIN slice 4: `do_regen`'s CLIENT ADMISSION is compiled under the ACCEPT capability — the controller check would run on the managed half and never on the controller, which is the exact inversion R-RA-8 exists to forbid
  ctl-ok   W-S4-DUP-DECL -> REJECTED by O4f — §RADMIN slice 4: a DUPLICATE capability guard appears in the controller boot wrapper's header — a second, unreviewed gating site inside an allowed file
  ctl-ok   W-S5-DROP-SESSION -> REJECTED by O4c — ★ §RADMIN slice 5: the ACCEPT gate around the 2 064-byte session STATE BLOCK is deleted, so a CLIENT board would carry the whole target-side session state it was ruled not to have — invisible to a {1,1} host binary
  ctl-ok   W-S5-INVERT-SLOT -> REJECTED by O4c — 8ac controller block compiled under ACCEPT
  ctl-ok   W-S5-WIDEN-TIMER -> REJECTED by O4b, O5 — §RADMIN slice 5: the ACCEPT gate on the shared EXPIRY TIMER case is legacy-widened with `|| MR_FEAT_REMOTE_MGMT` (forbidden by R-RA-27)
  ctl-ok   W-S5-INVERT-TAKE -> REJECTED by O4d, O6b, O6c — 8ac pure-state receive consumer compiled under ACCEPT
  ctl-ok   W-S5-DROP-DRAIN -> REJECTED by O4j — 8ac main-loop delivery loses CLIENT guard
  ctl-ok   W-S5-GATE-PURE-SESSION -> REJECTED by O1 — ★ §RADMIN slice 5: the PURE SESSION IMPLEMENTATION acquires a capability macro — the [[B255]] idiom's own violation, which would stop the native suite driving the classifier, the crypto and the expiry at all
  ctl-ok   W-S5-GATE-PURE-RUNTIME -> REJECTED by O1 — §RADMIN slice 5: the PURE prepare/commit/discard SEAM acquires a capability macro — the same violation on the file that owns the durable/live ORDERING
  ctl-ok   W-S4-GATE-PURE -> REJECTED by O1 — §RADMIN slice 4: a PURE CONTROLLER SERVICE HEADER acquires a capability macro — the [[B255]] idiom's own violation, which would stop the native suite exercising the keyring's arms at all
  ctl-ok   W-S4-GATE-PURE-VERBS -> REJECTED by O1 — §RADMIN slice 4: the CONTROLLER VERB header acquires a capability macro — the same violation on the file that owns R-RA-30's split predicate, which the BLE guard's extractor compiles UNGATED
  ctl-ok   Y1 a benign comment edit is ACCEPTED — the checks reject violations, not changes
  ctl-ok   Y2 a multi-match find is refused as an INSTRUMENT ERROR, never scored as a control
  ctl-ok   Y3 a vacuous find is refused as an INSTRUMENT ERROR, never scored as a control
  ctl-ok   Y4 an unreadable/malformed source raises a GATE ERROR, never a silent pass
  ctl-ok   Y5 the shared checkout is byte-identical before and after (ff0eca33d4ffbb80…)
ownership controls: 43 verified / 0 unusable

tree unchanged: the real sources' md5 is identical before and after (ce932cceef0ca20ac181ea6cde0544a8)
matrix: 9 configuration cells (pin 9), 121 checks against the REAL mr_features.h, 0 failed (pin 121)
controls: 62 verified / 0 unusable (pin 62)
PASS
=== --no-neg tail ===

tree unchanged: the real sources' md5 is identical before and after (ce932cceef0ca20ac181ea6cde0544a8)
matrix: 9 configuration cells (pin 9), 121 checks against the REAL mr_features.h, 0 failed (pin 121)
PROBE-ONLY — NOT A GATE (controls skipped; run without --no-neg to gate)
