== radmin73action 21:04:57
rc=0
  [w0]   ok   clean baseline 2931 / 189998 / 0   (DERIVED from this tree)
  [w2]   ok   clean baseline 2931 / 189998 / 0   (DERIVED from this tree)
  ok   clean baseline 2931 / 189998 / 0   (DERIVED per worker tree; 3 tree(s) agree)
mutations: 35 RED / 0 unusable
== radmin73node 21:06:37
rc=0
  [w1]   ok   clean baseline 2931 / 189998 / 0   (DERIVED from this tree)
  [w0]   ok   clean baseline 2931 / 189998 / 0   (DERIVED from this tree)
  ok   clean baseline 2931 / 189998 / 0   (DERIVED per worker tree; 3 tree(s) agree)
mutations: 5 RED / 0 unusable
== radmin73convert 21:06:55
rc=0
  [w0]   ok   clean baseline 2931 / 189998 / 0   (DERIVED from this tree)
  [w1]   ok   clean baseline 2931 / 189998 / 0   (DERIVED from this tree)
  ok   clean baseline 2931 / 189998 / 0   (DERIVED per worker tree; 3 tree(s) agree)
mutations: 10 RED / 0 unusable
== radmin7rx 21:07:19
rc=0
  [w1]   ok   clean baseline 2931 / 189998 / 0   (DERIVED from this tree)
  [w2]   ok   clean baseline 2931 / 189998 / 0   (DERIVED from this tree)
  ok   clean baseline 2931 / 189998 / 0   (DERIVED per worker tree; 3 tree(s) agree)
mutations: 16 RED / 0 unusable
== radmin7exec 21:08:04
rc=0
  [w0]   ok   clean baseline 2931 / 189998 / 0   (DERIVED from this tree)
  [w1]   ok   clean baseline 2931 / 189998 / 0   (DERIVED from this tree)
  ok   clean baseline 2931 / 189998 / 0   (DERIVED per worker tree; 3 tree(s) agree)
mutations: 20 RED / 0 unusable
== radmin7transcript 21:09:06
rc=0
  [w0]   ok   clean baseline 2931 / 189998 / 0   (DERIVED from this tree)
  [w1]   ok   clean baseline 2931 / 189998 / 0   (DERIVED from this tree)
  ok   clean baseline 2931 / 189998 / 0   (DERIVED per worker tree; 3 tree(s) agree)
mutations: 20 RED / 0 unusable
== actionadmit 21:09:49
rc=0
  [w2]   ok   clean baseline 2931 / 189998 / 0   (DERIVED from this tree)
  [w1]   ok   clean baseline 2931 / 189998 / 0   (DERIVED from this tree)
  ok   clean baseline 2931 / 189998 / 0   (DERIVED per worker tree; 3 tree(s) agree)
mutations: 10 RED / 0 unusable
== radmin5rx 21:10:14
rc=0
  [w1]   ok   clean baseline 2931 / 189998 / 0   (DERIVED from this tree)
  [w0]   ok   clean baseline 2931 / 189998 / 0   (DERIVED from this tree)
  ok   clean baseline 2931 / 189998 / 0   (DERIVED per worker tree; 3 tree(s) agree)
mutations: 14 RED / 0 unusable
== sliceDtoken 21:11:22
rc=0
  [w0]   ok   clean baseline 2931 / 189998 / 0   (DERIVED from this tree)
  [w1]   ok   clean baseline 2931 / 189998 / 0   (DERIVED from this tree)
  ok   clean baseline 2931 / 189998 / 0   (DERIVED per worker tree; 2 tree(s) agree)
mutations: 2 RED / 0 unusable
== radmin2codec 21:11:45
rc=0
  [w0]   ok   clean baseline 2931 / 189998 / 0   (DERIVED from this tree)
  [w2]   ok   clean baseline 2931 / 189998 / 0   (DERIVED from this tree)
  ok   clean baseline 2931 / 189998 / 0   (DERIVED per worker tree; 3 tree(s) agree)
mutations: 105 RED / 0 unusable
== a0rx 21:14:57
rc=0
  [w1]   ok   clean baseline 2931 / 189998 / 0   (DERIVED from this tree)
  [w2]   ok   clean baseline 2931 / 189998 / 0   (DERIVED from this tree)
  ok   clean baseline 2931 / 189998 / 0   (DERIVED per worker tree; 3 tree(s) agree)
mutations: 7 RED / 0 unusable
== b134ack 21:15:21
rc=0
  [w0]   ok   clean baseline 2931 / 189998 / 0   (DERIVED from this tree)
  [w1]   ok   clean baseline 2931 / 189998 / 0   (DERIVED from this tree)
  ok   clean baseline 2931 / 189998 / 0   (DERIVED per worker tree; 2 tree(s) agree)
mutations: 2 RED / 0 unusable
== b134inbox 21:15:37
rc=0
  [w0]   ok   clean baseline 2931 / 189998 / 0   (DERIVED from this tree)
  [w2]   ok   clean baseline 2931 / 189998 / 0   (DERIVED from this tree)
  ok   clean baseline 2931 / 189998 / 0   (DERIVED per worker tree; 3 tree(s) agree)
mutations: 5 RED / 0 unusable
== b134ram 21:15:53
rc=0
  [w2]   ok   clean baseline 2931 / 189998 / 0   (DERIVED from this tree)
  [w1]   ok   clean baseline 2931 / 189998 / 0   (DERIVED from this tree)
  ok   clean baseline 2931 / 189998 / 0   (DERIVED per worker tree; 3 tree(s) agree)
mutations: 3 RED / 0 unusable
== b134store 21:16:07
rc=0
  [w0]   ok   G08 ★★★ begin()'s FRESH-baseline save goes back to persisting nothing — the store runs with no topology, epoch or high-water on the medium, and a reboot inside the first seq batch REUSES sequences over a live log -> RED (7 assertion(s) failed, match count 1)
  ok   clean baseline 2931 / 189998 / 0   (DERIVED per worker tree; 3 tree(s) agree)
  ok   G08 ★★★ begin()'s FRESH-baseline save goes back to persisting nothing — the store runs with no topology, epoch or high-water on the medium, and a reboot inside the first seq batch REUSES sequences over a live log -> RED (7 assertion(s) failed, match count 1)
mutations: 39 RED / 0 unusable
== b159mac 21:17:36
rc=0
  [w0]   ok   clean baseline 2931 / 189998 / 0   (DERIVED from this tree)
  [w1]   ok   clean baseline 2931 / 189998 / 0   (DERIVED from this tree)
  ok   clean baseline 2931 / 189998 / 0   (DERIVED per worker tree; 2 tree(s) agree)
mutations: 2 RED / 0 unusable
== b159map 21:17:48
rc=0
  [w0]   ok   clean baseline 2931 / 189998 / 0   (DERIVED from this tree)
  [w1]   ok   clean baseline 2931 / 189998 / 0   (DERIVED from this tree)
  ok   clean baseline 2931 / 189998 / 0   (DERIVED per worker tree; 2 tree(s) agree)
mutations: 2 RED / 0 unusable
== b159rx 21:17:59
rc=0
  [w2]   ok   clean baseline 2931 / 189998 / 0   (DERIVED from this tree)
  [w1]   ok   clean baseline 2931 / 189998 / 0   (DERIVED from this tree)
  ok   clean baseline 2931 / 189998 / 0   (DERIVED per worker tree; 3 tree(s) agree)
mutations: 3 RED / 0 unusable
== b161hash 21:18:12
rc=0
  [w1]   ok   clean baseline 2931 / 189998 / 0   (DERIVED from this tree)
  [w2]   ok   clean baseline 2931 / 189998 / 0   (DERIVED from this tree)
  ok   clean baseline 2931 / 189998 / 0   (DERIVED per worker tree; 3 tree(s) agree)
mutations: 6 RED / 0 unusable
== b161mac 21:18:31
rc=0
  [w0] -- baseline gate: THIS WORKER'S OWN clean tree must run 0 FAILED; its own counts become this shard's baseline
  [w0]   ok   clean baseline 2931 / 189998 / 0   (DERIVED from this tree)
  ok   clean baseline 2931 / 189998 / 0   (DERIVED per worker tree; 1 tree(s) agree)
mutations: 1 RED / 0 unusable
== b161rx 21:18:42
rc=0
  [w0]   ok   clean baseline 2931 / 189998 / 0   (DERIVED from this tree)
  [w1]   ok   clean baseline 2931 / 189998 / 0   (DERIVED from this tree)
  ok   clean baseline 2931 / 189998 / 0   (DERIVED per worker tree; 3 tree(s) agree)
mutations: 8 RED / 0 unusable
== b20codec 21:19:06
rc=0
  [w0]   ok   clean baseline 2931 / 189998 / 0   (DERIVED from this tree)
  [w1]   ok   clean baseline 2931 / 189998 / 0   (DERIVED from this tree)
  ok   clean baseline 2931 / 189998 / 0   (DERIVED per worker tree; 3 tree(s) agree)
mutations: 5 RED / 0 unusable
== b20mac 21:20:15
rc=0
  [w0]   ok   clean baseline 2931 / 189998 / 0   (DERIVED from this tree)
  [w2]   ok   clean baseline 2931 / 189998 / 0   (DERIVED from this tree)
  ok   clean baseline 2931 / 189998 / 0   (DERIVED per worker tree; 3 tree(s) agree)
mutations: 11 RED / 0 unusable
== b251hash 21:20:42
rc=0
  [w0]   ok   clean baseline 2931 / 189998 / 0   (DERIVED from this tree)
  [w1]   ok   clean baseline 2931 / 189998 / 0   (DERIVED from this tree)
  ok   clean baseline 2931 / 189998 / 0   (DERIVED per worker tree; 3 tree(s) agree)
mutations: 55 RED / 0 unusable
== b251rx 21:22:31
rc=0
  [w1]   ok   clean baseline 2931 / 189998 / 0   (DERIVED from this tree)
  [w2]   ok   clean baseline 2931 / 189998 / 0   (DERIVED from this tree)
  ok   clean baseline 2931 / 189998 / 0   (DERIVED per worker tree; 3 tree(s) agree)
mutations: 19 RED / 0 unusable
== cmdauthority 21:23:18
rc=0
  [w0]   ok   clean baseline 2931 / 189998 / 0   (DERIVED from this tree)
  [w2]   ok   clean baseline 2931 / 189998 / 0   (DERIVED from this tree)
  ok   clean baseline 2931 / 189998 / 0   (DERIVED per worker tree; 3 tree(s) agree)
mutations: 16 RED / 0 unusable
== consoleline 21:24:12
rc=0
  [w0]   ok   clean baseline 2931 / 189998 / 0   (DERIVED from this tree)
  [w1]   ok   clean baseline 2931 / 189998 / 0   (DERIVED from this tree)
  ok   clean baseline 2931 / 189998 / 0   (DERIVED per worker tree; 3 tree(s) agree)
mutations: 12 RED / 0 unusable
== devicenv 21:24:54
rc=0
  [w2]   ok   clean baseline 2931 / 189998 / 0   (DERIVED from this tree)
  [w1]   ok   clean baseline 2931 / 189998 / 0   (DERIVED from this tree)
  ok   clean baseline 2931 / 189998 / 0   (DERIVED per worker tree; 3 tree(s) agree)
mutations: 42 RED / 0 unusable
== fwactivation 21:28:55
rc=0
  [w0]   ok   clean baseline 2931 / 189998 / 0   (DERIVED from this tree)
  [w2]   ok   clean baseline 2931 / 189998 / 0   (DERIVED from this tree)
  ok   clean baseline 2931 / 189998 / 0   (DERIVED per worker tree; 3 tree(s) agree)
mutations: 10 RED / 0 unusable
== grantadmit 21:29:20
rc=0
  [w0] -- baseline gate: THIS WORKER'S OWN clean tree must run 0 FAILED; its own counts become this shard's baseline
  [w0]   ok   clean baseline 2931 / 189998 / 0   (DERIVED from this tree)
  ok   clean baseline 2931 / 189998 / 0   (DERIVED per worker tree; 1 tree(s) agree)
mutations: 1 RED / 0 unusable
== grantpark 21:29:31
rc=0
  [w1]   ok   clean baseline 2931 / 189998 / 0   (DERIVED from this tree)
  [w0]   ok   clean baseline 2931 / 189998 / 0   (DERIVED from this tree)
  ok   clean baseline 2931 / 189998 / 0   (DERIVED per worker tree; 3 tree(s) agree)
mutations: 3 RED / 0 unusable
== macwait 21:29:44
rc=0
  [w0]   ok   clean baseline 2931 / 189998 / 0   (DERIVED from this tree)
  [w2]   ok   clean baseline 2931 / 189998 / 0   (DERIVED from this tree)
  ok   clean baseline 2931 / 189998 / 0   (DERIVED per worker tree; 3 tree(s) agree)
mutations: 10 RED / 0 unusable
== radmin3acl 21:30:14
rc=0
  [w1]   ok   clean baseline 2931 / 189998 / 0   (DERIVED from this tree)
  [w2]   ok   clean baseline 2931 / 189998 / 0   (DERIVED from this tree)
  ok   clean baseline 2931 / 189998 / 0   (DERIVED per worker tree; 3 tree(s) agree)
mutations: 36 RED / 0 unusable
== radmin3id 21:31:17
rc=0
  [w2]   ok   clean baseline 2931 / 189998 / 0   (DERIVED from this tree)
  [w1]   ok   clean baseline 2931 / 189998 / 0   (DERIVED from this tree)
  ok   clean baseline 2931 / 189998 / 0   (DERIVED per worker tree; 3 tree(s) agree)
mutations: 23 RED / 0 unusable
== radmin3verbs 21:32:02
rc=0
  [w2]   ok   clean baseline 2931 / 189998 / 0   (DERIVED from this tree)
  [w0]   ok   clean baseline 2931 / 189998 / 0   (DERIVED from this tree)
  ok   clean baseline 2931 / 189998 / 0   (DERIVED per worker tree; 3 tree(s) agree)
mutations: 28 RED / 0 unusable
== radmin5runtime 21:32:48
rc=0
  [w2]   ok   clean baseline 2931 / 189998 / 0   (DERIVED from this tree)
  [w1]   ok   clean baseline 2931 / 189998 / 0   (DERIVED from this tree)
  ok   clean baseline 2931 / 189998 / 0   (DERIVED per worker tree; 3 tree(s) agree)
mutations: 16 RED / 0 unusable
== radmin5session 21:33:26
rc=0
  [w2]   ok   clean baseline 2931 / 189998 / 0   (DERIVED from this tree)
  [w0]   ok   clean baseline 2931 / 189998 / 0   (DERIVED from this tree)
  ok   clean baseline 2931 / 189998 / 0   (DERIVED per worker tree; 3 tree(s) agree)
mutations: 25 RED / 0 unusable
== radmin72rx 21:34:15
rc=0
  [w1]   ok   clean baseline 2931 / 189998 / 0   (DERIVED from this tree)
  [w0]   ok   clean baseline 2931 / 189998 / 0   (DERIVED from this tree)
  ok   clean baseline 2931 / 189998 / 0   (DERIVED per worker tree; 3 tree(s) agree)
mutations: 15 RED / 0 unusable
== radmin72session 21:34:51
rc=0
  [w2]   ok   clean baseline 2931 / 189998 / 0   (DERIVED from this tree)
  [w1]   ok   clean baseline 2931 / 189998 / 0   (DERIVED from this tree)
  ok   clean baseline 2931 / 189998 / 0   (DERIVED per worker tree; 3 tree(s) agree)
mutations: 36 RED / 0 unusable
== remoteactivation 21:35:58
rc=0
  [w0]   ok   clean baseline 2931 / 189998 / 0   (DERIVED from this tree)
  [w1]   ok   clean baseline 2931 / 189998 / 0   (DERIVED from this tree)
  ok   clean baseline 2931 / 189998 / 0   (DERIVED per worker tree; 3 tree(s) agree)
mutations: 22 RED / 0 unusable
== sliceAinbox 21:36:50
rc=0
  [w0] -- baseline gate: THIS WORKER'S OWN clean tree must run 0 FAILED; its own counts become this shard's baseline
  [w0]   ok   clean baseline 2931 / 189998 / 0   (DERIVED from this tree)
  ok   clean baseline 2931 / 189998 / 0   (DERIVED per worker tree; 1 tree(s) agree)
mutations: 1 RED / 0 unusable
== sliceAjson 21:37:00
rc=0
  [w0] -- baseline gate: THIS WORKER'S OWN clean tree must run 0 FAILED; its own counts become this shard's baseline
  [w0]   ok   clean baseline 2931 / 189998 / 0   (DERIVED from this tree)
  ok   clean baseline 2931 / 189998 / 0   (DERIVED per worker tree; 1 tree(s) agree)
mutations: 1 RED / 0 unusable
== sliceBmac 21:37:11
rc=1
  [w0]   FAIL M04 ★★ THE HELPER CALL IN `do_data_tx`'s PACK-FAILED PATH IS DELETED — the SEVENTH site this sweep found reverts to destroying an admitted carrier in total silence, grant included ([[B268]] blocker-1) — the suite still PASSES; nothing measures this
  ok   clean baseline 2931 / 189998 / 0   (DERIVED per worker tree; 3 tree(s) agree)
  FAIL M04 ★★ THE HELPER CALL IN `do_data_tx`'s PACK-FAILED PATH IS DELETED — the SEVENTH site this sweep found reverts to destroying an admitted carrier in total silence, grant included ([[B268]] blocker-1) — the suite still PASSES; nothing measures this
mutations: 3 RED / 1 unusable
== sliceBnode 21:37:28
rc=0
  [w2]   ok   clean baseline 2931 / 189998 / 0   (DERIVED from this tree)
  [w0]   ok   clean baseline 2931 / 189998 / 0   (DERIVED from this tree)
  ok   clean baseline 2931 / 189998 / 0   (DERIVED per worker tree; 3 tree(s) agree)
mutations: 8 RED / 0 unusable
== sliceBrx 21:37:51
rc=0
  [w0]   ok   clean baseline 2931 / 189998 / 0   (DERIVED from this tree)
  [w2]   ok   clean baseline 2931 / 189998 / 0   (DERIVED from this tree)
  ok   clean baseline 2931 / 189998 / 0   (DERIVED per worker tree; 3 tree(s) agree)
mutations: 16 RED / 0 unusable
== sliceCinbox 21:38:30
rc=0
  [w1]   ok   clean baseline 2931 / 189998 / 0   (DERIVED from this tree)
  [w0]   ok   clean baseline 2931 / 189998 / 0   (DERIVED from this tree)
  ok   clean baseline 2931 / 189998 / 0   (DERIVED per worker tree; 2 tree(s) agree)
mutations: 2 RED / 0 unusable
== sliceCpull 21:39:04
rc=0
  [w1]   ok   clean baseline 2931 / 189998 / 0   (DERIVED from this tree)
  [w0]   ok   clean baseline 2931 / 189998 / 0   (DERIVED from this tree)
  ok   clean baseline 2931 / 189998 / 0   (DERIVED per worker tree; 2 tree(s) agree)
mutations: 2 RED / 0 unusable
== sliceDack 21:39:14
rc=0
  [w0] -- baseline gate: THIS WORKER'S OWN clean tree must run 0 FAILED; its own counts become this shard's baseline
  [w0]   ok   clean baseline 2931 / 189998 / 0   (DERIVED from this tree)
  ok   clean baseline 2931 / 189998 / 0   (DERIVED per worker tree; 1 tree(s) agree)
mutations: 1 RED / 0 unusable
== sliceDclear 21:39:29
rc=0
  [w1]   ok   clean baseline 2931 / 189998 / 0   (DERIVED from this tree)
  [w0]   ok   clean baseline 2931 / 189998 / 0   (DERIVED from this tree)
  ok   clean baseline 2931 / 189998 / 0   (DERIVED per worker tree; 3 tree(s) agree)
mutations: 5 RED / 0 unusable
== sliceDstore 21:39:45
rc=0
  [w1]   ok   clean baseline 2931 / 189998 / 0   (DERIVED from this tree)
  [w2]   ok   clean baseline 2931 / 189998 / 0   (DERIVED from this tree)
  ok   clean baseline 2931 / 189998 / 0   (DERIVED per worker tree; 3 tree(s) agree)
mutations: 3 RED / 0 unusable
== sliceEnode 21:39:59
rc=0
  [w0]   ok   clean baseline 2931 / 189998 / 0   (DERIVED from this tree)
  [w2]   ok   clean baseline 2931 / 189998 / 0   (DERIVED from this tree)
  ok   clean baseline 2931 / 189998 / 0   (DERIVED per worker tree; 3 tree(s) agree)
mutations: 3 RED / 0 unusable
== sliceGinbox 21:40:12
rc=0
  [w2]   ok   clean baseline 2931 / 189998 / 0   (DERIVED from this tree)
  [w0]   ok   clean baseline 2931 / 189998 / 0   (DERIVED from this tree)
  ok   clean baseline 2931 / 189998 / 0   (DERIVED per worker tree; 3 tree(s) agree)
mutations: 4 RED / 0 unusable
== sliceGjson 21:40:27
rc=0
  [w0]   ok   clean baseline 2931 / 189998 / 0   (DERIVED from this tree)
  [w1]   ok   clean baseline 2931 / 189998 / 0   (DERIVED from this tree)
  ok   clean baseline 2931 / 189998 / 0   (DERIVED per worker tree; 3 tree(s) agree)
mutations: 16 RED / 0 unusable
== sliceGrx 21:41:03
rc=0
  ok   G11 ★★★ §13.2 AN UNPARSEABLE INNER BECOMES A SILENT CONSUME — the frame is still dropped, but the ruled bounded `custody_failure_reject` never fires, so a malformed-input population becomes invisible to the operator, the corpus instrument and the bug register at once -> RED (1 assertion(s) failed, match count 1)
  ok   G25 ★★★ THE LIVE PUSH IS SUPPRESSED WHEN STORAGE IS DISABLED — §7.3 rules the opposite: the receipt still emits ONE push carrying `seq = 0`. A node with no inbox backend (every simulator node, and any board built without one) would go silent on the whole diagnostic. ⓘ The anchor carries the line ABOVE it: a bare `enqueue_push(pu);` matches several sites in this file and the entry went VACUOUS at match count 3 -> RED (11 assertion(s) failed, match count 1)
  ok   S77 ★★★ §B278 S4 THE FACTUAL TELEMETRY REPORTS THE CARRIER'S ORIGIN — `custody_failure_rx` names the translating home as the reporter, so the corpus instrument and the operator see a different identity from the one the store and the Push carry. ⛔ One selected identity, three surfaces -> RED (1 assertion(s) failed, match count 1)
mutations: 42 RED / 0 unusable
== teamgrant 21:42:28
rc=0
  [w2]   ok   clean baseline 2931 / 189998 / 0   (DERIVED from this tree)
  [w1]   ok   clean baseline 2931 / 189998 / 0   (DERIVED from this tree)
  ok   clean baseline 2931 / 189998 / 0   (DERIVED per worker tree; 3 tree(s) agree)
mutations: 4 RED / 0 unusable
== teamkeyring 21:42:46
rc=0
  [w0]   ok   T59 ★★★ THE COMPACTION BECOMES A SWAP-WITH-THE-LAST — the survivors are re-ordered under the operator's cursor between one removal and the next, and the tail wipe then clears a slot the swap already overwrote -> RED (4 assertion(s) failed, match count 1)
  ok   clean baseline 2931 / 189998 / 0   (DERIVED per worker tree; 3 tree(s) agree)
  ok   T59 ★★★ THE COMPACTION BECOMES A SWAP-WITH-THE-LAST — the survivors are re-ordered under the operator's cursor between one removal and the next, and the tail wipe then clears a slot the swap already overwrote -> RED (4 assertion(s) failed, match count 1)
mutations: 68 RED / 0 unusable
