== shared Heltec board-canvas probe: V3 traits ==
Heltec V3 board_ui probe: 124 passed / 0 failed / 124 total
V3 probe exit=0

== shared Heltec board-canvas probe: V4 traits ==
Heltec V4 board_ui probe: 110 passed / 0 failed / 110 total
V4 probe exit=0

== board-trait negative controls (each must compile and turn its arm RED) ==
traits:      14 passed / 0 failed / 14 controls verified RED

== missing-trait compile controls (each must fail through its named #error) ==
missing:     12 passed / 0 failed / 12 controls failed loud

== §UI-6 structural checks (source/symbol level — weaker than the probe, deliberately) ==

== §UI-6 wiring checks + their negative controls (each must PASS live and FAIL reverted) ==
  W44 counts: 148 production files walked, 1 naming the identifier -> 1 call expression(s) (required 1), 0 ESP_PD_OPTION_OFF (required 0)
  W49 counts: 1 arm line(s) in firmware_commands.cpp (required 1), 0 guarded arm(s) inside dispatch() (required 1)
  FAIL W49 the ONE dispatch() reaches handle_ui with the line+2/len-2 slice, INSIDE the B255 gate (not wired in firmware_commands.cpp)
  W50 counts: 1 boot-restore call(s) in fw_main.cpp (required 1), 1 inside setup() (required 1)
  W51 counts: 0 shared fallback(s) in ble_dispatch_line (required 1), 0 ui-shaped handler token(s) (required 0)
  FAIL W51 ble_dispatch_line has NO ui arm of its own and keeps the shared dispatch fallback (not wired in fw_main.cpp)
  W54 counts: 78 line(s) of firmware_commands.cpp inside a MR_FEAT_OLED region (required > 0), 1 live catalog instance(s) (required 1)
  FAIL W54 every /mrui site (include, the ONE instance, boot restore, handle_ui, status, help) is MR_FEAT_OLED-gated (not wired in firmware_commands.cpp)
structural: 23 passed / 0 failed / 23 total
wiring:     57 passed / 3 failed / 60 total; 176 negative control(s) verified RED
